=========== 参考: 単一split (test 17/29/30) ===========
mean F1: 0.750
RR-interval MAE (mean over 44 trials): 8.43 ms
--- radarODE の指標定義に揃えた値 (振幅条件は未実装、我々に有利な側) ---
MDR (規則1+2, 許容0.15s): 17.09 %
R波タイミング誤差 (許容0.15sで対応づいた拍): 平均|誤差| 30.57 ms / 中央値|誤差| 29.93 ms / 符号つき平均(bias) +10.57 ms
R波タイミング誤差 (許容±0.05sで対応づいた拍のみ): 26.96 ms
F1 (許容0.15s): 0.880
HRV usable: 44/44, RMSSD MAE: 10.35 ms, SDNN MAE: 2.80 ms

=========== fold 0: test subject 1 ===========
mean F1: 0.414
RR-interval MAE (mean over 1 trials): 9.99 ms
--- radarODE の指標定義に揃えた値 (振幅条件は未実装、我々に有利な側) ---
MDR (規則1+2, 許容0.15s): 5.98 %
R波タイミング誤差 (許容0.15sで対応づいた拍): 平均|誤差| 60.04 ms / 中央値|誤差| 59.36 ms / 符号つき平均(bias) +59.72 ms
R波タイミング誤差 (許容±0.05sで対応づいた拍のみ): 41.20 ms
F1 (許容0.15s): 0.964
HRV usable: 2/2, RMSSD MAE: 9.27 ms, SDNN MAE: 4.51 ms

=========== fold 1: test subject 2 ===========
mean F1: 0.653
RR-interval MAE (mean over 2 trials): 8.25 ms
--- radarODE の指標定義に揃えた値 (振幅条件は未実装、我々に有利な側) ---
MDR (規則1+2, 許容0.15s): 11.34 %
R波タイミング誤差 (許容0.15sで対応づいた拍): 平均|誤差| 42.47 ms / 中央値|誤差| 40.64 ms / 符号つき平均(bias) +42.47 ms
R波タイミング誤差 (許容±0.05sで対応づいた拍のみ): 35.98 ms
F1 (許容0.15s): 0.903
HRV usable: 2/2, RMSSD MAE: 12.45 ms, SDNN MAE: 5.29 ms

=========== fold 2: test subject 5 ===========
mean F1: 0.244
RR-interval MAE (mean over 7 trials): 8.60 ms
--- radarODE の指標定義に揃えた値 (振幅条件は未実装、我々に有利な側) ---
MDR (規則1+2, 許容0.15s): 57.33 %
R波タイミング誤差 (許容0.15sで対応づいた拍): 平均|誤差| 67.32 ms / 中央値|誤差| 65.65 ms / 符号つき平均(bias) -60.96 ms
R波タイミング誤差 (許容±0.05sで対応づいた拍のみ): 36.56 ms
F1 (許容0.15s): 0.514
HRV usable: 9/12, RMSSD MAE: 14.64 ms, SDNN MAE: 4.33 ms

=========== fold 3: test subject 9 ===========
mean F1: 0.113
RR-interval MAE (mean over 6 trials): 14.29 ms
--- radarODE の指標定義に揃えた値 (振幅条件は未実装、我々に有利な側) ---
MDR (規則1+2, 許容0.15s): 92.64 %
R波タイミング誤差 (許容0.15sで対応づいた拍): 平均|誤差| 19.81 ms / 中央値|誤差| 15.25 ms / 符号つき平均(bias) -5.61 ms
R波タイミング誤差 (許容±0.05sで対応づいた拍のみ): 15.02 ms
F1 (許容0.15s): 0.132
HRV usable: 3/6, RMSSD MAE: 59.57 ms, SDNN MAE: 37.51 ms

=========== fold 4: test subject 10 ===========
mean F1: 0.743
RR-interval MAE (mean over 3 trials): 13.36 ms
--- radarODE の指標定義に揃えた値 (振幅条件は未実装、我々に有利な側) ---
MDR (規則1+2, 許容0.15s): 35.35 %
R波タイミング誤差 (許容0.15sで対応づいた拍): 平均|誤差| 17.47 ms / 中央値|誤差| 17.00 ms / 符号つき平均(bias) -9.60 ms
R波タイミング誤差 (許容±0.05sで対応づいた拍のみ): 16.78 ms
F1 (許容0.15s): 0.755
HRV usable: 3/3, RMSSD MAE: 6.49 ms, SDNN MAE: 4.71 ms

=========== fold 5: test subject 13 ===========
mean F1: 0.793
RR-interval MAE (mean over 6 trials): 11.89 ms
--- radarODE の指標定義に揃えた値 (振幅条件は未実装、我々に有利な側) ---
MDR (規則1+2, 許容0.15s): 24.63 %
R波タイミング誤差 (許容0.15sで対応づいた拍): 平均|誤差| 18.45 ms / 中央値|誤差| 16.90 ms / 符号つき平均(bias) +7.42 ms
R波タイミング誤差 (許容±0.05sで対応づいた拍のみ): 16.91 ms
F1 (許容0.15s): 0.825
HRV usable: 6/6, RMSSD MAE: 12.69 ms, SDNN MAE: 8.99 ms

=========== fold 6: test subject 14 ===========
mean F1: 0.548
RR-interval MAE (mean over 7 trials): 11.26 ms
--- radarODE の指標定義に揃えた値 (振幅条件は未実装、我々に有利な側) ---
MDR (規則1+2, 許容0.15s): 44.81 %
R波タイミング誤差 (許容0.15sで対応づいた拍): 平均|誤差| 34.25 ms / 中央値|誤差| 33.47 ms / 符号つき平均(bias) -24.78 ms
R波タイミング誤差 (許容±0.05sで対応づいた拍のみ): 11.73 ms
F1 (許容0.15s): 0.662
HRV usable: 9/9, RMSSD MAE: 15.39 ms, SDNN MAE: 6.96 ms

=========== fold 7: test subject 16 ===========
mean F1: 0.443
RR-interval MAE (mean over 5 trials): 8.58 ms
--- radarODE の指標定義に揃えた値 (振幅条件は未実装、我々に有利な側) ---
MDR (規則1+2, 許容0.15s): 50.91 %
R波タイミング誤差 (許容0.15sで対応づいた拍): 平均|誤差| 50.55 ms / 中央値|誤差| 51.64 ms / 符号つき平均(bias) -25.42 ms
R波タイミング誤差 (許容±0.05sで対応づいた拍のみ): 22.63 ms
F1 (許容0.15s): 0.585
HRV usable: 6/7, RMSSD MAE: 20.29 ms, SDNN MAE: 8.00 ms

=========== fold 8: test subject 17 ===========
mean F1: 0.906
RR-interval MAE (mean over 9 trials): 9.31 ms
--- radarODE の指標定義に揃えた値 (振幅条件は未実装、我々に有利な側) ---
MDR (規則1+2, 許容0.15s): 8.09 %
R波タイミング誤差 (許容0.15sで対応づいた拍): 平均|誤差| 27.68 ms / 中央値|誤差| 27.38 ms / 符号つき平均(bias) +8.36 ms
R波タイミング誤差 (許容±0.05sで対応づいた拍のみ): 26.69 ms
F1 (許容0.15s): 0.950
HRV usable: 9/9, RMSSD MAE: 8.10 ms, SDNN MAE: 2.35 ms

=========== fold 9: test subject 29 ===========
mean F1: 0.590
RR-interval MAE (mean over 22 trials): 8.72 ms
--- radarODE の指標定義に揃えた値 (振幅条件は未実装、我々に有利な側) ---
MDR (規則1+2, 許容0.15s): 31.09 %
R波タイミング誤差 (許容0.15sで対応づいた拍): 平均|誤差| 35.08 ms / 中央値|誤差| 34.54 ms / 符号つき平均(bias) +18.82 ms
R波タイミング誤差 (許容±0.05sで対応づいた拍のみ): 29.70 ms
F1 (許容0.15s): 0.763
HRV usable: 23/23, RMSSD MAE: 13.30 ms, SDNN MAE: 4.36 ms

=========== fold 10: test subject 30 ===========
mean F1: 0.787
RR-interval MAE (mean over 12 trials): 11.22 ms
--- radarODE の指標定義に揃えた値 (振幅条件は未実装、我々に有利な側) ---
MDR (規則1+2, 許容0.15s): 5.23 %
R波タイミング誤差 (許容0.15sで対応づいた拍): 平均|誤差| 30.50 ms / 中央値|誤差| 30.24 ms / 符号つき平均(bias) -2.29 ms
R波タイミング誤差 (許容±0.05sで対応づいた拍のみ): 26.73 ms
F1 (許容0.15s): 0.963
HRV usable: 12/12, RMSSD MAE: 14.19 ms, SDNN MAE: 2.58 ms

