=== focal probe, height=0.10 vs neurokit GT ===
trial 48: precision=0.376 recall=0.792 f1=0.510 rr_mae_ms=8.973509933774835
trial 49: precision=0.343 recall=0.685 f1=0.457 rr_mae_ms=8.529411764705882
trial 50: precision=0.358 recall=0.794 f1=0.493 rr_mae_ms=11.812080536912752
trial 51: precision=0.361 recall=0.933 f1=0.521 rr_mae_ms=20.331325301204824
trial 52: precision=0.398 recall=0.989 f1=0.567 rr_mae_ms=13.764367816091951
trial 53: precision=0.406 recall=0.959 f1=0.571 rr_mae_ms=8.658536585365852
trial 54: precision=0.379 recall=0.926 f1=0.537 rr_mae_ms=10.683229813664594
trial 55: precision=0.393 recall=1.000 f1=0.564 rr_mae_ms=11.794117647058822
trial 56: precision=0.338 recall=0.592 f1=0.431 rr_mae_ms=15.352564102564102
trial 57: precision=0.033 recall=0.066 f1=0.044 rr_mae_ms=10.0
trial 58: precision=0.322 recall=0.622 f1=0.424 rr_mae_ms=13.273381294964029
trial 59: precision=0.439 recall=0.878 f1=0.586 rr_mae_ms=7.462686567164179
trial 60: precision=0.471 recall=0.953 f1=0.630 rr_mae_ms=23.18407960199005
trial 61: precision=0.007 recall=0.014 f1=0.009 rr_mae_ms=5.0
trial 62: precision=0.497 recall=1.000 f1=0.664 rr_mae_ms=26.372093023255815
trial 63: precision=0.140 recall=0.280 f1=0.187 rr_mae_ms=9.5
trial 64: precision=0.497 recall=0.996 f1=0.663 rr_mae_ms=12.317596566523605
trial 65: precision=0.327 recall=0.851 f1=0.473 rr_mae_ms=14.339622641509434
trial 66: precision=0.476 recall=0.953 f1=0.635 rr_mae_ms=9.363636363636363
trial 67: precision=0.269 recall=0.539 f1=0.359 rr_mae_ms=10.732758620689655
trial 68: precision=0.472 recall=0.927 f1=0.626 rr_mae_ms=16.98237885462555
trial 69: precision=0.485 recall=0.971 f1=0.647 rr_mae_ms=12.0
trial 70: precision=0.392 recall=0.784 f1=0.523 rr_mae_ms=7.717391304347826
trial 71: precision=0.478 recall=0.961 f1=0.639 rr_mae_ms=21.666666666666668
trial 72: precision=0.370 recall=0.735 f1=0.492 rr_mae_ms=15.0
trial 73: precision=0.446 recall=0.897 f1=0.596 rr_mae_ms=17.10144927536232
trial 74: precision=0.482 recall=0.969 f1=0.644 rr_mae_ms=20.77625570776256
trial 75: precision=0.250 recall=0.500 f1=0.333 rr_mae_ms=5.526315789473684
trial 76: precision=0.410 recall=0.831 f1=0.549 rr_mae_ms=13.14516129032258
trial 77: precision=0.485 recall=0.965 f1=0.645 rr_mae_ms=13.188073394495413
trial 78: precision=0.485 recall=0.978 f1=0.648 rr_mae_ms=11.757990867579908
trial 79: precision=0.376 recall=0.647 f1=0.476 rr_mae_ms=7.857142857142856
trial 80: precision=0.413 recall=0.995 f1=0.584 rr_mae_ms=9.55026455026455
trial 81: precision=0.446 recall=0.974 f1=0.612 rr_mae_ms=9.189189189189186
trial 82: precision=0.456 recall=0.980 f1=0.623 rr_mae_ms=7.772020725388601
trial 83: precision=0.226 recall=0.453 f1=0.301 rr_mae_ms=9.05940594059406
trial 84: precision=0.440 recall=0.886 f1=0.588 rr_mae_ms=5.54054054054054
trial 85: precision=0.456 recall=0.995 f1=0.626 rr_mae_ms=11.528497409326425
trial 86: precision=0.397 recall=0.935 f1=0.558 rr_mae_ms=6.127167630057801
trial 87: precision=0.000 recall=0.000 f1=0.000 rr_mae_ms=None
trial 88: precision=0.484 recall=0.973 f1=0.647 rr_mae_ms=26.948356807511736
trial 89: precision=0.051 recall=0.078 f1=0.062 rr_mae_ms=23.863636363636378
trial 90: precision=0.535 recall=0.901 f1=0.671 rr_mae_ms=31.979591836734695
trial 91: precision=0.608 recall=0.890 f1=0.723 rr_mae_ms=12.218045112781954
======================================================================
mean F1: 0.503
RR-interval MAE (mean over 43 trials): 13.21 ms
HRV usable: 44/44, RMSSD MAE: 39.10 ms, SDNN MAE: 18.87 ms
=== focal probe, height=0.02 vs neurokit GT ===
trial 48: precision=0.376 recall=0.792 f1=0.510 rr_mae_ms=8.973509933774835
trial 49: precision=0.343 recall=0.685 f1=0.457 rr_mae_ms=8.529411764705882
trial 50: precision=0.358 recall=0.794 f1=0.493 rr_mae_ms=11.812080536912752
trial 51: precision=0.361 recall=0.933 f1=0.521 rr_mae_ms=20.331325301204824
trial 52: precision=0.398 recall=0.989 f1=0.567 rr_mae_ms=13.764367816091951
trial 53: precision=0.406 recall=0.959 f1=0.571 rr_mae_ms=8.658536585365852
trial 54: precision=0.379 recall=0.926 f1=0.537 rr_mae_ms=10.683229813664594
trial 55: precision=0.393 recall=1.000 f1=0.564 rr_mae_ms=11.794117647058822
trial 56: precision=0.338 recall=0.592 f1=0.431 rr_mae_ms=15.352564102564102
trial 57: precision=0.033 recall=0.066 f1=0.044 rr_mae_ms=10.0
trial 58: precision=0.322 recall=0.622 f1=0.424 rr_mae_ms=13.273381294964029
trial 59: precision=0.439 recall=0.878 f1=0.586 rr_mae_ms=7.462686567164179
trial 60: precision=0.471 recall=0.953 f1=0.630 rr_mae_ms=23.18407960199005
trial 61: precision=0.007 recall=0.014 f1=0.009 rr_mae_ms=5.0
trial 62: precision=0.497 recall=1.000 f1=0.664 rr_mae_ms=26.372093023255815
trial 63: precision=0.140 recall=0.280 f1=0.187 rr_mae_ms=9.5
trial 64: precision=0.497 recall=0.996 f1=0.663 rr_mae_ms=12.317596566523605
trial 65: precision=0.327 recall=0.851 f1=0.473 rr_mae_ms=14.339622641509434
trial 66: precision=0.476 recall=0.953 f1=0.635 rr_mae_ms=9.363636363636363
trial 67: precision=0.269 recall=0.539 f1=0.359 rr_mae_ms=10.732758620689655
trial 68: precision=0.472 recall=0.927 f1=0.626 rr_mae_ms=16.98237885462555
trial 69: precision=0.485 recall=0.971 f1=0.647 rr_mae_ms=12.0
trial 70: precision=0.392 recall=0.784 f1=0.523 rr_mae_ms=7.717391304347826
trial 71: precision=0.478 recall=0.961 f1=0.639 rr_mae_ms=21.666666666666668
trial 72: precision=0.370 recall=0.735 f1=0.492 rr_mae_ms=15.0
trial 73: precision=0.446 recall=0.897 f1=0.596 rr_mae_ms=17.10144927536232
trial 74: precision=0.482 recall=0.969 f1=0.644 rr_mae_ms=20.77625570776256
trial 75: precision=0.250 recall=0.500 f1=0.333 rr_mae_ms=5.526315789473684
trial 76: precision=0.410 recall=0.831 f1=0.549 rr_mae_ms=13.14516129032258
trial 77: precision=0.483 recall=0.965 f1=0.644 rr_mae_ms=13.188073394495413
trial 78: precision=0.485 recall=0.978 f1=0.648 rr_mae_ms=11.757990867579908
trial 79: precision=0.376 recall=0.647 f1=0.476 rr_mae_ms=7.857142857142856
trial 80: precision=0.413 recall=0.995 f1=0.584 rr_mae_ms=9.55026455026455
trial 81: precision=0.446 recall=0.974 f1=0.612 rr_mae_ms=9.189189189189186
trial 82: precision=0.456 recall=0.980 f1=0.623 rr_mae_ms=7.772020725388601
trial 83: precision=0.226 recall=0.453 f1=0.301 rr_mae_ms=9.05940594059406
trial 84: precision=0.440 recall=0.886 f1=0.588 rr_mae_ms=5.54054054054054
trial 85: precision=0.456 recall=0.995 f1=0.626 rr_mae_ms=11.528497409326425
trial 86: precision=0.397 recall=0.935 f1=0.558 rr_mae_ms=6.127167630057801
trial 87: precision=0.000 recall=0.000 f1=0.000 rr_mae_ms=None
trial 88: precision=0.484 recall=0.973 f1=0.647 rr_mae_ms=26.948356807511736
trial 89: precision=0.051 recall=0.078 f1=0.062 rr_mae_ms=23.863636363636378
trial 90: precision=0.535 recall=0.901 f1=0.671 rr_mae_ms=31.979591836734695
trial 91: precision=0.608 recall=0.890 f1=0.723 rr_mae_ms=12.218045112781954
======================================================================
mean F1: 0.503
RR-interval MAE (mean over 43 trials): 13.21 ms
HRV usable: 44/44, RMSSD MAE: 39.09 ms, SDNN MAE: 18.88 ms
DONE
