キャッシュ 284: 91 トライアル / 被験者 11 名
許容 150 ms、HRV はマスク方式

====================================================================================
=== 出力正規化: none ===
         h      F1     RR間隔    RMSSD
      0.05   0.819    18.46    21.70
       0.1   0.832    17.80    17.60
      0.15   0.819    17.32    14.92
       0.2   0.799    16.65    12.39
       0.3   0.728    14.54    15.62
       0.4   0.598    13.56    12.12
       0.5   0.370    11.63    16.45
       0.6   0.116    11.90    12.70
  (参考) 入力を見ずに一定 RR を出すだけ: RMSSD 誤差 41.34 ms

  被験者ごとの最良しきい値: 1:0.15, 2:0.2, 5:0.05, 9:0.05, 10:0.1, 13:0.15, 14:0.1, 16:0.05, 17:0.2, 29:0.15, 30:0.2
  **散らばり（格子上の位置）: 標準偏差 1.16 / 全8点中**  範囲 0.05〜0.2
  他の10名で選んだ h をその被験者に当てたときの F1: 0.818 ± 0.119  (全員共通の最良 0.832 @ h=0.1)

====================================================================================
=== 出力正規化: mad ===
         h      F1     RR間隔    RMSSD
         2   0.796    20.54    25.07
         5   0.843    19.18    21.29
        10   0.857    17.64    17.54
        20   0.826    16.75    12.37
        40   0.681    15.47    12.14
        70   0.355    11.95    17.55
       100   0.198    11.76    24.54
       150   0.048     8.62     2.66
/home/shunya/research/radarODE-MTL/scripts/search_heatmap_normalization.py:163: RuntimeWarning: Mean of empty slice
  rr = float(np.nanmean([per[s][h]['rr'] for s in subs]))
/home/shunya/research/radarODE-MTL/scripts/search_heatmap_normalization.py:164: RuntimeWarning: Mean of empty slice
  rm = float(np.nanmean([per[s][h]['rmssd'] for s in subs]))
       250   0.000      nan      nan
  (参考) 入力を見ずに一定 RR を出すだけ: RMSSD 誤差 41.34 ms

  被験者ごとの最良しきい値: 1:40, 2:40, 5:5, 9:5, 10:10, 13:20, 14:10, 16:5, 17:20, 29:10, 30:10
  **散らばり（格子上の位置）: 標準偏差 1.05 / 全9点中**  範囲 5.0〜40.0
  他の10名で選んだ h をその被験者に当てたときの F1: 0.857 ± 0.072  (全員共通の最良 0.857 @ h=10)

====================================================================================
=== 出力正規化: mad_local ===
         h      F1     RR間隔    RMSSD
         2   0.796    20.56    26.74
         5   0.845    19.12    23.29
        10   0.857    17.28    17.58
        20   0.824    16.42    11.75
        40   0.685    13.63    12.37
        70   0.380    11.55    14.95
       100   0.219    12.11     9.39
       150   0.077     7.87    12.61
       250   0.001     8.53      nan
  (参考) 入力を見ずに一定 RR を出すだけ: RMSSD 誤差 41.34 ms

  被験者ごとの最良しきい値: 1:40, 2:40, 5:5, 9:5, 10:10, 13:20, 14:10, 16:5, 17:20, 29:10, 30:10
  **散らばり（格子上の位置）: 標準偏差 1.05 / 全9点中**  範囲 5.0〜40.0
  他の10名で選んだ h をその被験者に当てたときの F1: 0.857 ± 0.068  (全員共通の最良 0.857 @ h=10)

====================================================================================
=== 出力正規化: p99 ===
         h      F1     RR間隔    RMSSD
      0.05   0.738    20.72    29.07
       0.1   0.824    19.75    21.40
       0.2   0.873    18.26    17.29
       0.3   0.875    17.78    13.68
       0.5   0.840    16.39    13.42
       0.7   0.768    15.12    11.52
       0.9   0.617    14.72    13.30
       1.1   0.308    13.29    21.15
  (参考) 入力を見ずに一定 RR を出すだけ: RMSSD 誤差 41.34 ms

  被験者ごとの最良しきい値: 1:0.3, 2:0.5, 5:0.2, 9:0.2, 10:0.3, 13:0.3, 14:0.2, 16:0.1, 17:0.5, 29:0.3, 30:0.5
  **散らばり（格子上の位置）: 標準偏差 0.94 / 全8点中**  範囲 0.1〜0.5
  他の10名で選んだ h をその被験者に当てたときの F1: 0.867 ± 0.072  (全員共通の最良 0.875 @ h=0.3)

====================================================================================
=== 出力正規化: rank ===
         h      F1     RR間隔    RMSSD
       0.9   0.888    18.11    14.26
      0.95   0.843    16.88    12.70
      0.98   0.660    14.75    12.41
      0.99   0.482    14.16    19.88
     0.995   0.328    13.43    22.22
     0.998   0.178    13.06    23.97
     0.999   0.107    12.52    39.04
  (参考) 入力を見ずに一定 RR を出すだけ: RMSSD 誤差 41.34 ms

  被験者ごとの最良しきい値: 1:0.9, 2:0.95, 5:0.9, 9:0.9, 10:0.9, 13:0.9, 14:0.9, 16:0.9, 17:0.95, 29:0.9, 30:0.9
  **散らばり（格子上の位置）: 標準偏差 0.39 / 全7点中**  範囲 0.9〜0.95
  他の10名で選んだ h をその被験者に当てたときの F1: 0.888 ± 0.057  (全員共通の最良 0.888 @ h=0.9)

保存: /home/shunya/research/dog-radar-vitals/reports/heatmap_norm_search_284.json
