subject   1: h=0.05 F1=0.407  h=0.10 F1=0.411  h=0.15 F1=0.411  h=0.20 F1=0.411  h=0.30 F1=0.414  h=0.40 F1=0.391   → 最良 h=0.30 (F1 0.414, P 0.415, R 0.413, RR 9.99 ms)
subject   2: h=0.05 F1=0.611  h=0.10 F1=0.637  h=0.15 F1=0.652  h=0.20 F1=0.661  h=0.30 F1=0.653  h=0.40 F1=0.536   → 最良 h=0.20 (F1 0.661, P 0.625, R 0.702, RR 8.09 ms)
subject   5: h=0.05 F1=0.261  h=0.10 F1=0.262  h=0.15 F1=0.261  h=0.20 F1=0.258  h=0.30 F1=0.244  h=0.40 F1=0.205   → 最良 h=0.10 (F1 0.262, P 0.268, R 0.259, RR 14.47 ms)
subject   9: h=0.05 F1=0.608  h=0.10 F1=0.472  h=0.15 F1=0.354  h=0.20 F1=0.255  h=0.30 F1=0.113  h=0.40 F1=0.028   → 最良 h=0.05 (F1 0.608, P 0.716, R 0.556, RR 18.34 ms)
subject  10: h=0.05 F1=0.821  h=0.10 F1=0.848  h=0.15 F1=0.840  h=0.20 F1=0.832  h=0.30 F1=0.743  h=0.40 F1=0.513   → 最良 h=0.10 (F1 0.848, P 0.804, R 0.900, RR 16.06 ms)
subject  13: h=0.05 F1=0.770  h=0.10 F1=0.830  h=0.15 F1=0.838  h=0.20 F1=0.834  h=0.30 F1=0.793  h=0.40 F1=0.618   → 最良 h=0.15 (F1 0.838, P 0.810, R 0.871, RR 12.53 ms)
subject  14: h=0.05 F1=0.689  h=0.10 F1=0.700  h=0.15 F1=0.682  h=0.20 F1=0.655  h=0.30 F1=0.548  h=0.40 F1=0.392   → 最良 h=0.10 (F1 0.700, P 0.696, R 0.707, RR 11.37 ms)
subject  16: h=0.05 F1=0.515  h=0.10 F1=0.518  h=0.15 F1=0.510  h=0.20 F1=0.489  h=0.30 F1=0.443  h=0.40 F1=0.376   → 最良 h=0.10 (F1 0.518, P 0.532, R 0.511, RR 11.09 ms)
subject  17: h=0.05 F1=0.692  h=0.10 F1=0.837  h=0.15 F1=0.897  h=0.20 F1=0.914  h=0.30 F1=0.906  h=0.40 F1=0.831   → 最良 h=0.20 (F1 0.914, P 0.904, R 0.925, RR 9.38 ms)
subject  29: h=0.05 F1=0.625  h=0.10 F1=0.658  h=0.15 F1=0.660  h=0.20 F1=0.646  h=0.30 F1=0.590  h=0.40 F1=0.491   → 最良 h=0.15 (F1 0.660, P 0.641, R 0.689, RR 10.51 ms)
subject  30: h=0.05 F1=0.705  h=0.10 F1=0.779  h=0.15 F1=0.796  h=0.20 F1=0.799  h=0.30 F1=0.787  h=0.40 F1=0.736   → 最良 h=0.20 (F1 0.799, P 0.792, R 0.806, RR 11.28 ms)

=== 全被験者平均 (しきい値を全員共通にした場合) ===
  h=0.05: F1 0.610  precision 0.559  recall 0.693  RR間隔MAE 12.18 ms
  h=0.10: F1 0.632  precision 0.629  recall 0.663  RR間隔MAE 12.20 ms
  h=0.15: F1 0.627  precision 0.660  recall 0.630  RR間隔MAE 12.08 ms
  h=0.20: F1 0.614  precision 0.682  recall 0.597  RR間隔MAE 11.83 ms
  h=0.30: F1 0.567  precision 0.712  recall 0.519  RR間隔MAE 10.50 ms
  h=0.40: F1 0.465  precision 0.705  recall 0.390  RR間隔MAE 10.45 ms

=== 被験者ごとに最良しきい値を選んだ場合 (上限の目安、テストを見て選ぶので楽観的) ===
  F1 0.657   選ばれたしきい値: subj1:0.30, subj2:0.20, subj5:0.10, subj9:0.05, subj10:0.10, subj13:0.15, subj14:0.10, subj16:0.10, subj17:0.20, subj29:0.15, subj30:0.20

保存: /home/shunya/research/dog-radar-vitals/reports/height_sweep_loso.json
