   被験者    試行     呼吸帯%     心拍帯%      高域%      呼吸/心拍    RCGピーク   ECG HR       差
     1     1     0.02     0.87    99.09       0.02      68.6     67.4    +1.2
     1     2     0.02     0.84    99.12       0.03     129.1     64.2   +64.9
     2     3     0.02     0.90    99.06       0.02     162.9     81.1   +81.8
     2     4     0.02     0.96    98.99       0.02     160.9     80.5   +80.3
     5     5     0.06     3.24    96.63       0.02      79.1     79.5    -0.4
     5     6     0.04     1.35    98.44       0.03      72.7     72.7    -0.1
     5     7     0.11     1.37    98.47       0.08      82.8     83.9    -1.1
     9    17     0.01     2.78    96.99       0.00      52.0     66.3   -14.2
     9    18     0.04     1.42    98.47       0.03     135.9     68.2   +67.7
     9    19     0.06     1.04    98.87       0.06      65.2     66.1    -0.9
    10    23     0.00     3.26    96.39       0.00      52.4     73.6   -21.2
    10    24     0.01     0.96    99.00       0.01     178.1     67.0  +111.1
    10    25     0.05     1.15    98.77       0.04     172.4     81.6   +90.7
    13    26     0.05     2.06    97.70       0.02     176.8     60.3  +116.5
    13    27     0.03     3.85    96.03       0.01     112.5     65.6   +47.0
    13    28     0.10     2.00    97.82       0.05     175.4     58.8  +116.6
    14    32     0.10     1.67    98.16       0.06     171.7     57.7  +114.0
    14    33     0.17     1.70    98.03       0.10     153.8     74.5   +79.2
    14    34     0.15     1.20    98.60       0.13     173.4     60.6  +112.8
    16    41     0.20     2.65    97.01       0.08      79.8     78.4    +1.3
    16    42     0.06     2.77    96.66       0.02      49.3     70.0   -20.6
    16    43     0.07     2.06    97.73       0.03      67.3     70.6    -3.3
    17    48     0.06     0.72    99.19       0.08     128.4     64.9   +63.6
    17    49     0.07     0.72    99.15       0.09      90.2     67.4   +22.8
    17    50     0.13     1.04    98.74       0.12      83.8     63.8   +20.0
    29    57     0.07     0.82    99.07       0.08     146.7     71.9   +74.8
    29    58     0.15     2.56    96.66       0.06     139.9     75.0   +64.9
    29    59     0.08     2.33    97.36       0.03     154.1     77.9   +76.2
    30    80     0.03     1.19    98.68       0.03     132.2     64.5   +67.6
    30    81     0.07     2.17    97.55       0.03      62.2     64.7    -2.5
    30    82     0.07     1.36    98.48       0.05     178.5     67.0  +111.4

=== 平均 ===
  呼吸帯 [0.1,0.5) Hz : 0.07 %
  心拍帯 [0.8,3.0) Hz : 1.71 %
  高域   [3.0,25 ) Hz : 98.09 %
  呼吸/心拍 パワー比   : 0.05
  RCG ピーク心拍数と ECG 心拍数の差の絶対値: 53.3 bpm

読み方: 呼吸/心拍 が 1 を大きく超えるなら、入力は呼吸に支配されており、
        呼吸成分の分離 (Wang ら Sensors 2025 の疎分離、VMD、SSA 等) に価値がある。
        1 を下回るなら、Chen ら の前処理で既に呼吸は落ちており、そこは伸びしろではない。
