
=== fold 0: test_subject=1 val_subject=2 ===
train_subjects=[5, 9, 10, 13, 14, 16, 17, 29, 30]
[epoch 0] lr=5.00e-04 train_loss=0.8674 train_corr=0.336 val_loss=1.2086 val_corr=0.071
[epoch 1] lr=5.00e-04 train_loss=0.7178 train_corr=0.519 val_loss=1.2780 val_corr=-0.104
[epoch 2] lr=5.00e-04 train_loss=0.6298 train_corr=0.597 val_loss=1.4224 val_corr=-0.084
[epoch 3] lr=5.00e-04 train_loss=0.5682 train_corr=0.648 val_loss=1.6300 val_corr=-0.131
[epoch 4] lr=5.00e-04 train_loss=0.5207 train_corr=0.685 val_loss=1.7088 val_corr=-0.184
[epoch 5] lr=5.00e-04 train_loss=0.4835 train_corr=0.713 val_loss=1.6887 val_corr=-0.151
[epoch 6] lr=5.00e-04 train_loss=0.4520 train_corr=0.736 val_loss=1.6380 val_corr=-0.177
[epoch 7] lr=5.00e-04 train_loss=0.4260 train_corr=0.754 val_loss=1.8289 val_corr=-0.161
[epoch 8] lr=5.00e-04 train_loss=0.4068 train_corr=0.768 val_loss=1.9356 val_corr=-0.199
[epoch 9] lr=5.00e-04 train_loss=0.3860 train_corr=0.782 val_loss=1.9250 val_corr=-0.166
[epoch 10] lr=5.00e-04 train_loss=0.3685 train_corr=0.793 val_loss=1.9185 val_corr=-0.195
[epoch 11] lr=5.00e-04 train_loss=0.3546 train_corr=0.802 val_loss=1.7788 val_corr=-0.191
[epoch 12] lr=5.00e-04 train_loss=0.3409 train_corr=0.811 val_loss=1.9248 val_corr=-0.198
[epoch 13] lr=5.00e-04 train_loss=0.3315 train_corr=0.817 val_loss=1.9738 val_corr=-0.185
[epoch 14] lr=5.00e-04 train_loss=0.3212 train_corr=0.824 val_loss=2.2496 val_corr=-0.220
[epoch 15] lr=5.00e-04 train_loss=0.3118 train_corr=0.830 val_loss=2.3516 val_corr=-0.213
[epoch 16] lr=5.00e-04 train_loss=0.3078 train_corr=0.832 val_loss=2.1037 val_corr=-0.225
[epoch 17] lr=5.00e-04 train_loss=0.2965 train_corr=0.839 val_loss=1.9869 val_corr=-0.191
[epoch 18] lr=5.00e-04 train_loss=0.2886 train_corr=0.844 val_loss=2.3397 val_corr=-0.216
[epoch 19] lr=5.00e-04 train_loss=0.2840 train_corr=0.847 val_loss=2.1782 val_corr=-0.237
[epoch 20] lr=5.00e-04 train_loss=0.2752 train_corr=0.853 val_loss=1.9422 val_corr=-0.214
[epoch 21] lr=5.00e-04 train_loss=0.2722 train_corr=0.854 val_loss=2.2241 val_corr=-0.242
[epoch 22] lr=5.00e-04 train_loss=0.2663 train_corr=0.858 val_loss=1.9310 val_corr=-0.189
[epoch 23] lr=5.00e-04 train_loss=0.2622 train_corr=0.860 val_loss=2.0369 val_corr=-0.212
[epoch 24] lr=5.00e-04 train_loss=0.2563 train_corr=0.864 val_loss=2.0715 val_corr=-0.228
[epoch 25] lr=5.00e-04 train_loss=0.2524 train_corr=0.866 val_loss=2.2131 val_corr=-0.227
[epoch 26] lr=5.00e-04 train_loss=0.2480 train_corr=0.869 val_loss=2.2613 val_corr=-0.247
[epoch 27] lr=5.00e-04 train_loss=0.2440 train_corr=0.871 val_loss=2.2137 val_corr=-0.230
[epoch 28] lr=5.00e-04 train_loss=0.2427 train_corr=0.872 val_loss=2.1354 val_corr=-0.235
[epoch 29] lr=5.00e-04 train_loss=0.2372 train_corr=0.875 val_loss=1.9223 val_corr=-0.208
[epoch 30] lr=5.00e-04 train_loss=0.2336 train_corr=0.877 val_loss=2.2539 val_corr=-0.251
[epoch 31] lr=5.00e-04 train_loss=0.2294 train_corr=0.880 val_loss=2.3218 val_corr=-0.246
[epoch 32] lr=5.00e-04 train_loss=0.2278 train_corr=0.881 val_loss=2.1343 val_corr=-0.250
[epoch 33] lr=5.00e-04 train_loss=0.2247 train_corr=0.883 val_loss=1.9681 val_corr=-0.234
[epoch 34] lr=5.00e-04 train_loss=0.2214 train_corr=0.885 val_loss=2.1392 val_corr=-0.245
[epoch 35] lr=5.00e-04 train_loss=0.2214 train_corr=0.885 val_loss=2.0814 val_corr=-0.231
[epoch 36] lr=5.00e-04 train_loss=0.2169 train_corr=0.887 val_loss=2.0574 val_corr=-0.230
[epoch 37] lr=5.00e-04 train_loss=0.2136 train_corr=0.889 val_loss=1.9846 val_corr=-0.214
[epoch 38] lr=5.00e-04 train_loss=0.2116 train_corr=0.890 val_loss=1.8930 val_corr=-0.207
[epoch 39] lr=5.00e-04 train_loss=0.2095 train_corr=0.892 val_loss=1.9254 val_corr=-0.208
[epoch 40] lr=5.00e-04 train_loss=0.2075 train_corr=0.893 val_loss=1.9228 val_corr=-0.196
[epoch 41] lr=5.00e-04 train_loss=0.2057 train_corr=0.894 val_loss=2.1965 val_corr=-0.239
[epoch 42] lr=5.00e-04 train_loss=0.2035 train_corr=0.895 val_loss=2.0596 val_corr=-0.233
[epoch 43] lr=5.00e-04 train_loss=0.2008 train_corr=0.897 val_loss=2.0703 val_corr=-0.267
[epoch 44] lr=5.00e-04 train_loss=0.1983 train_corr=0.898 val_loss=2.0884 val_corr=-0.234
[epoch 45] lr=5.00e-04 train_loss=0.1969 train_corr=0.899 val_loss=1.8045 val_corr=-0.200
[epoch 46] lr=5.00e-04 train_loss=0.1965 train_corr=0.899 val_loss=1.8484 val_corr=-0.204
[epoch 47] lr=5.00e-04 train_loss=0.1953 train_corr=0.900 val_loss=1.9029 val_corr=-0.210
[epoch 48] lr=5.00e-04 train_loss=0.1933 train_corr=0.901 val_loss=1.9734 val_corr=-0.230
[epoch 49] lr=5.00e-04 train_loss=0.1905 train_corr=0.902 val_loss=1.8292 val_corr=-0.212
fold 0 done. checkpoint exists: True -> /home/shunya/research/dog-radar-vitals/runs/20260826-182318_ecg_ecg_spatial_gnn_lodo311_waveform_fold0_test1/epoch_004.pt

=== fold 1: test_subject=2 val_subject=5 ===
train_subjects=[1, 9, 10, 13, 14, 16, 17, 29, 30]
[epoch 0] lr=5.00e-04 train_loss=0.8426 train_corr=0.372 val_loss=1.1995 val_corr=-0.061
[epoch 1] lr=5.00e-04 train_loss=0.6987 train_corr=0.537 val_loss=1.3195 val_corr=-0.073
[epoch 2] lr=5.00e-04 train_loss=0.6180 train_corr=0.603 val_loss=1.2790 val_corr=-0.053
[epoch 3] lr=5.00e-04 train_loss=0.5600 train_corr=0.647 val_loss=1.2052 val_corr=-0.035
[epoch 4] lr=5.00e-04 train_loss=0.5170 train_corr=0.679 val_loss=1.2411 val_corr=-0.020
[epoch 5] lr=5.00e-04 train_loss=0.4850 train_corr=0.702 val_loss=1.2971 val_corr=-0.053
[epoch 6] lr=5.00e-04 train_loss=0.4589 train_corr=0.722 val_loss=1.2562 val_corr=-0.029
[epoch 7] lr=5.00e-04 train_loss=0.4356 train_corr=0.739 val_loss=1.3000 val_corr=-0.007
[epoch 8] lr=5.00e-04 train_loss=0.4148 train_corr=0.754 val_loss=1.3208 val_corr=0.004
[epoch 9] lr=5.00e-04 train_loss=0.4006 train_corr=0.764 val_loss=1.3299 val_corr=-0.049
[epoch 10] lr=5.00e-04 train_loss=0.3850 train_corr=0.776 val_loss=1.2292 val_corr=-0.014
[epoch 11] lr=5.00e-04 train_loss=0.3700 train_corr=0.787 val_loss=1.2706 val_corr=-0.033
[epoch 12] lr=5.00e-04 train_loss=0.3600 train_corr=0.794 val_loss=1.2314 val_corr=-0.014
[epoch 13] lr=5.00e-04 train_loss=0.3483 train_corr=0.803 val_loss=1.2610 val_corr=-0.005
[epoch 14] lr=5.00e-04 train_loss=0.3361 train_corr=0.811 val_loss=1.2050 val_corr=0.038
[epoch 15] lr=5.00e-04 train_loss=0.3263 train_corr=0.817 val_loss=1.3396 val_corr=-0.026
[epoch 16] lr=5.00e-04 train_loss=0.3196 train_corr=0.822 val_loss=1.2548 val_corr=-0.009
[epoch 17] lr=5.00e-04 train_loss=0.3098 train_corr=0.828 val_loss=1.2398 val_corr=-0.002
[epoch 18] lr=5.00e-04 train_loss=0.3026 train_corr=0.833 val_loss=1.3130 val_corr=-0.040
[epoch 19] lr=5.00e-04 train_loss=0.2967 train_corr=0.837 val_loss=1.2443 val_corr=-0.005
[epoch 20] lr=5.00e-04 train_loss=0.2895 train_corr=0.842 val_loss=1.2502 val_corr=-0.024
[epoch 21] lr=5.00e-04 train_loss=0.2832 train_corr=0.846 val_loss=1.1952 val_corr=0.019
[epoch 22] lr=5.00e-04 train_loss=0.2783 train_corr=0.849 val_loss=1.2363 val_corr=0.016
[epoch 23] lr=5.00e-04 train_loss=0.2740 train_corr=0.852 val_loss=1.2155 val_corr=0.007
[epoch 24] lr=5.00e-04 train_loss=0.2676 train_corr=0.856 val_loss=1.2523 val_corr=-0.005
[epoch 25] lr=5.00e-04 train_loss=0.2634 train_corr=0.859 val_loss=1.2573 val_corr=-0.018
[epoch 26] lr=5.00e-04 train_loss=0.2574 train_corr=0.862 val_loss=1.2381 val_corr=0.010
[epoch 27] lr=5.00e-04 train_loss=0.2516 train_corr=0.866 val_loss=1.2520 val_corr=0.000
[epoch 28] lr=5.00e-04 train_loss=0.2486 train_corr=0.868 val_loss=1.2427 val_corr=0.016
[epoch 29] lr=5.00e-04 train_loss=0.2449 train_corr=0.870 val_loss=1.2672 val_corr=-0.000
[epoch 30] lr=5.00e-04 train_loss=0.2384 train_corr=0.874 val_loss=1.2753 val_corr=-0.003
[epoch 31] lr=5.00e-04 train_loss=0.2346 train_corr=0.876 val_loss=1.2885 val_corr=-0.016
[epoch 32] lr=5.00e-04 train_loss=0.2334 train_corr=0.877 val_loss=1.2286 val_corr=0.025
[epoch 33] lr=5.00e-04 train_loss=0.2310 train_corr=0.879 val_loss=1.2793 val_corr=0.002
[epoch 34] lr=5.00e-04 train_loss=0.2250 train_corr=0.882 val_loss=1.2682 val_corr=0.011
[epoch 35] lr=5.00e-04 train_loss=0.2228 train_corr=0.883 val_loss=1.2625 val_corr=0.003
[epoch 36] lr=5.00e-04 train_loss=0.2182 train_corr=0.886 val_loss=1.2169 val_corr=0.010
[epoch 37] lr=5.00e-04 train_loss=0.2172 train_corr=0.887 val_loss=1.2831 val_corr=0.018
[epoch 38] lr=5.00e-04 train_loss=0.2147 train_corr=0.888 val_loss=1.2828 val_corr=-0.002
[epoch 39] lr=5.00e-04 train_loss=0.2120 train_corr=0.890 val_loss=1.2671 val_corr=-0.002
[epoch 40] lr=5.00e-04 train_loss=0.2081 train_corr=0.892 val_loss=1.2756 val_corr=-0.001
[epoch 41] lr=5.00e-04 train_loss=0.2072 train_corr=0.892 val_loss=1.2545 val_corr=-0.003
[epoch 42] lr=5.00e-04 train_loss=0.2038 train_corr=0.894 val_loss=1.2581 val_corr=0.006
[epoch 43] lr=5.00e-04 train_loss=0.2039 train_corr=0.894 val_loss=1.2083 val_corr=0.007
[epoch 44] lr=5.00e-04 train_loss=0.2019 train_corr=0.895 val_loss=1.2788 val_corr=-0.006
[epoch 45] lr=5.00e-04 train_loss=0.1987 train_corr=0.897 val_loss=1.2543 val_corr=0.017
[epoch 46] lr=5.00e-04 train_loss=0.1981 train_corr=0.898 val_loss=1.3190 val_corr=-0.022
[epoch 47] lr=5.00e-04 train_loss=0.1962 train_corr=0.899 val_loss=1.2571 val_corr=-0.002
[epoch 48] lr=5.00e-04 train_loss=0.1933 train_corr=0.900 val_loss=1.2659 val_corr=0.006
[epoch 49] lr=5.00e-04 train_loss=0.1930 train_corr=0.900 val_loss=1.2758 val_corr=0.011
fold 1 done. checkpoint exists: True -> /home/shunya/research/dog-radar-vitals/runs/20260826-184434_ecg_ecg_spatial_gnn_lodo311_waveform_fold1_test2/epoch_004.pt

=== fold 2: test_subject=5 val_subject=9 ===
train_subjects=[1, 2, 10, 13, 14, 16, 17, 29, 30]
[epoch 0] lr=5.00e-04 train_loss=0.8425 train_corr=0.370 val_loss=1.0284 val_corr=0.219
[epoch 1] lr=5.00e-04 train_loss=0.6985 train_corr=0.536 val_loss=0.9587 val_corr=0.269
[epoch 2] lr=5.00e-04 train_loss=0.6308 train_corr=0.593 val_loss=0.9870 val_corr=0.286
[epoch 3] lr=5.00e-04 train_loss=0.5710 train_corr=0.639 val_loss=0.9938 val_corr=0.289
[epoch 4] lr=5.00e-04 train_loss=0.5276 train_corr=0.672 val_loss=1.0355 val_corr=0.279
[epoch 5] lr=5.00e-04 train_loss=0.4919 train_corr=0.699 val_loss=1.0211 val_corr=0.285
[epoch 6] lr=5.00e-04 train_loss=0.4642 train_corr=0.719 val_loss=0.9534 val_corr=0.338
[epoch 7] lr=5.00e-04 train_loss=0.4413 train_corr=0.736 val_loss=1.0144 val_corr=0.307
[epoch 8] lr=5.00e-04 train_loss=0.4160 train_corr=0.754 val_loss=1.0443 val_corr=0.279
[epoch 9] lr=5.00e-04 train_loss=0.3986 train_corr=0.767 val_loss=1.0554 val_corr=0.262
[epoch 10] lr=5.00e-04 train_loss=0.3850 train_corr=0.778 val_loss=1.0087 val_corr=0.271
[epoch 11] lr=5.00e-04 train_loss=0.3676 train_corr=0.789 val_loss=1.0306 val_corr=0.270
[epoch 12] lr=5.00e-04 train_loss=0.3558 train_corr=0.798 val_loss=1.0426 val_corr=0.259
[epoch 13] lr=5.00e-04 train_loss=0.3399 train_corr=0.809 val_loss=1.0813 val_corr=0.252
[epoch 14] lr=5.00e-04 train_loss=0.3299 train_corr=0.816 val_loss=1.0686 val_corr=0.262
[epoch 15] lr=5.00e-04 train_loss=0.3190 train_corr=0.823 val_loss=1.0861 val_corr=0.216
[epoch 16] lr=5.00e-04 train_loss=0.3098 train_corr=0.829 val_loss=1.0457 val_corr=0.250
[epoch 17] lr=5.00e-04 train_loss=0.2993 train_corr=0.836 val_loss=1.0550 val_corr=0.232
[epoch 18] lr=5.00e-04 train_loss=0.2951 train_corr=0.839 val_loss=1.0533 val_corr=0.236
[epoch 19] lr=5.00e-04 train_loss=0.2849 train_corr=0.845 val_loss=1.1012 val_corr=0.221
[epoch 20] lr=5.00e-04 train_loss=0.2786 train_corr=0.849 val_loss=1.0761 val_corr=0.242
[epoch 21] lr=5.00e-04 train_loss=0.2743 train_corr=0.852 val_loss=1.0754 val_corr=0.260
[epoch 22] lr=5.00e-04 train_loss=0.2679 train_corr=0.856 val_loss=1.1335 val_corr=0.178
[epoch 23] lr=5.00e-04 train_loss=0.2628 train_corr=0.859 val_loss=1.0565 val_corr=0.246
[epoch 24] lr=5.00e-04 train_loss=0.2558 train_corr=0.864 val_loss=1.0788 val_corr=0.235
[epoch 25] lr=5.00e-04 train_loss=0.2516 train_corr=0.866 val_loss=1.0600 val_corr=0.248
[epoch 26] lr=5.00e-04 train_loss=0.2463 train_corr=0.869 val_loss=1.0620 val_corr=0.249
[epoch 27] lr=5.00e-04 train_loss=0.2418 train_corr=0.872 val_loss=1.0750 val_corr=0.254
[epoch 28] lr=5.00e-04 train_loss=0.2372 train_corr=0.875 val_loss=1.0320 val_corr=0.271
[epoch 29] lr=5.00e-04 train_loss=0.2351 train_corr=0.876 val_loss=1.1073 val_corr=0.205
[epoch 30] lr=5.00e-04 train_loss=0.2292 train_corr=0.880 val_loss=1.0468 val_corr=0.239
[epoch 31] lr=5.00e-04 train_loss=0.2274 train_corr=0.881 val_loss=1.0601 val_corr=0.250
[epoch 32] lr=5.00e-04 train_loss=0.2252 train_corr=0.882 val_loss=1.0965 val_corr=0.214
[epoch 33] lr=5.00e-04 train_loss=0.2224 train_corr=0.884 val_loss=1.0807 val_corr=0.227
[epoch 34] lr=5.00e-04 train_loss=0.2178 train_corr=0.886 val_loss=1.0309 val_corr=0.269
[epoch 35] lr=5.00e-04 train_loss=0.2156 train_corr=0.888 val_loss=1.0637 val_corr=0.259
[epoch 36] lr=5.00e-04 train_loss=0.2111 train_corr=0.890 val_loss=1.0657 val_corr=0.262
[epoch 37] lr=5.00e-04 train_loss=0.2091 train_corr=0.891 val_loss=1.0822 val_corr=0.231
[epoch 38] lr=5.00e-04 train_loss=0.2061 train_corr=0.893 val_loss=1.0615 val_corr=0.282
[epoch 39] lr=5.00e-04 train_loss=0.2035 train_corr=0.895 val_loss=1.0789 val_corr=0.225
[epoch 40] lr=5.00e-04 train_loss=0.2000 train_corr=0.897 val_loss=1.0667 val_corr=0.248
[epoch 41] lr=5.00e-04 train_loss=0.1991 train_corr=0.897 val_loss=1.1242 val_corr=0.210
[epoch 42] lr=5.00e-04 train_loss=0.1962 train_corr=0.899 val_loss=1.0725 val_corr=0.266
[epoch 43] lr=5.00e-04 train_loss=0.1955 train_corr=0.899 val_loss=1.0963 val_corr=0.223
[epoch 44] lr=5.00e-04 train_loss=0.1921 train_corr=0.901 val_loss=1.0480 val_corr=0.291
[epoch 45] lr=5.00e-04 train_loss=0.1914 train_corr=0.902 val_loss=1.0617 val_corr=0.277
[epoch 46] lr=5.00e-04 train_loss=0.1882 train_corr=0.903 val_loss=1.0573 val_corr=0.279
[epoch 47] lr=5.00e-04 train_loss=0.1863 train_corr=0.905 val_loss=1.0716 val_corr=0.250
[epoch 48] lr=5.00e-04 train_loss=0.1870 train_corr=0.904 val_loss=1.0490 val_corr=0.273
[epoch 49] lr=5.00e-04 train_loss=0.1827 train_corr=0.906 val_loss=1.0528 val_corr=0.280
fold 2 done. checkpoint exists: True -> /home/shunya/research/dog-radar-vitals/runs/20260826-190458_ecg_ecg_spatial_gnn_lodo311_waveform_fold2_test5/epoch_004.pt

=== fold 3: test_subject=9 val_subject=10 ===
train_subjects=[1, 2, 5, 13, 14, 16, 17, 29, 30]
[epoch 0] lr=5.00e-04 train_loss=0.8793 train_corr=0.320 val_loss=0.8277 val_corr=0.399
[epoch 1] lr=5.00e-04 train_loss=0.7194 train_corr=0.514 val_loss=0.8755 val_corr=0.417
[epoch 2] lr=5.00e-04 train_loss=0.6346 train_corr=0.587 val_loss=0.7826 val_corr=0.458
[epoch 3] lr=5.00e-04 train_loss=0.5738 train_corr=0.637 val_loss=0.8307 val_corr=0.449
[epoch 4] lr=5.00e-04 train_loss=0.5301 train_corr=0.673 val_loss=0.8117 val_corr=0.460
[epoch 5] lr=5.00e-04 train_loss=0.4966 train_corr=0.701 val_loss=0.8114 val_corr=0.464
[epoch 6] lr=5.00e-04 train_loss=0.4649 train_corr=0.724 val_loss=0.8911 val_corr=0.469
[epoch 7] lr=5.00e-04 train_loss=0.4409 train_corr=0.742 val_loss=0.8084 val_corr=0.475
[epoch 8] lr=5.00e-04 train_loss=0.4183 train_corr=0.758 val_loss=0.8300 val_corr=0.476
[epoch 9] lr=5.00e-04 train_loss=0.4013 train_corr=0.770 val_loss=0.8327 val_corr=0.487
[epoch 10] lr=5.00e-04 train_loss=0.3804 train_corr=0.784 val_loss=0.9024 val_corr=0.444
[epoch 11] lr=5.00e-04 train_loss=0.3678 train_corr=0.793 val_loss=0.8231 val_corr=0.446
[epoch 12] lr=5.00e-04 train_loss=0.3539 train_corr=0.802 val_loss=0.8769 val_corr=0.419
[epoch 13] lr=5.00e-04 train_loss=0.3439 train_corr=0.808 val_loss=0.8610 val_corr=0.430
[epoch 14] lr=5.00e-04 train_loss=0.3303 train_corr=0.817 val_loss=0.8951 val_corr=0.426
[epoch 15] lr=5.00e-04 train_loss=0.3223 train_corr=0.822 val_loss=0.8169 val_corr=0.464
[epoch 16] lr=5.00e-04 train_loss=0.3127 train_corr=0.829 val_loss=0.8829 val_corr=0.430
[epoch 17] lr=5.00e-04 train_loss=0.3061 train_corr=0.833 val_loss=0.8340 val_corr=0.441
[epoch 18] lr=5.00e-04 train_loss=0.2974 train_corr=0.838 val_loss=0.8641 val_corr=0.406
[epoch 19] lr=5.00e-04 train_loss=0.2915 train_corr=0.842 val_loss=0.9212 val_corr=0.370
[epoch 20] lr=5.00e-04 train_loss=0.2827 train_corr=0.847 val_loss=0.8678 val_corr=0.433
[epoch 21] lr=5.00e-04 train_loss=0.2785 train_corr=0.850 val_loss=0.8360 val_corr=0.436
[epoch 22] lr=5.00e-04 train_loss=0.2730 train_corr=0.853 val_loss=0.8891 val_corr=0.418
[epoch 23] lr=5.00e-04 train_loss=0.2650 train_corr=0.858 val_loss=0.8860 val_corr=0.418
[epoch 24] lr=5.00e-04 train_loss=0.2618 train_corr=0.860 val_loss=0.8772 val_corr=0.423
[epoch 25] lr=5.00e-04 train_loss=0.2575 train_corr=0.863 val_loss=0.8789 val_corr=0.415
[epoch 26] lr=5.00e-04 train_loss=0.2512 train_corr=0.866 val_loss=0.8472 val_corr=0.422
[epoch 27] lr=5.00e-04 train_loss=0.2481 train_corr=0.868 val_loss=0.8648 val_corr=0.419
[epoch 28] lr=5.00e-04 train_loss=0.2466 train_corr=0.869 val_loss=0.8941 val_corr=0.402
[epoch 29] lr=5.00e-04 train_loss=0.2429 train_corr=0.872 val_loss=0.8358 val_corr=0.458
[epoch 30] lr=5.00e-04 train_loss=0.2392 train_corr=0.874 val_loss=0.8332 val_corr=0.428
[epoch 31] lr=5.00e-04 train_loss=0.2358 train_corr=0.876 val_loss=0.8404 val_corr=0.427
[epoch 32] lr=5.00e-04 train_loss=0.2319 train_corr=0.878 val_loss=0.8640 val_corr=0.425
[epoch 33] lr=5.00e-04 train_loss=0.2267 train_corr=0.881 val_loss=0.8573 val_corr=0.422
[epoch 34] lr=5.00e-04 train_loss=0.2258 train_corr=0.882 val_loss=0.8531 val_corr=0.417
[epoch 35] lr=5.00e-04 train_loss=0.2221 train_corr=0.884 val_loss=0.8275 val_corr=0.442
[epoch 36] lr=5.00e-04 train_loss=0.2211 train_corr=0.885 val_loss=0.8411 val_corr=0.434
[epoch 37] lr=5.00e-04 train_loss=0.2159 train_corr=0.887 val_loss=0.8662 val_corr=0.409
[epoch 38] lr=5.00e-04 train_loss=0.2135 train_corr=0.889 val_loss=0.8828 val_corr=0.393
[epoch 39] lr=5.00e-04 train_loss=0.2123 train_corr=0.890 val_loss=0.8416 val_corr=0.419
[epoch 40] lr=5.00e-04 train_loss=0.2109 train_corr=0.890 val_loss=0.8488 val_corr=0.426
[epoch 41] lr=5.00e-04 train_loss=0.2073 train_corr=0.892 val_loss=0.8754 val_corr=0.407
[epoch 42] lr=5.00e-04 train_loss=0.2042 train_corr=0.894 val_loss=0.8556 val_corr=0.417
[epoch 43] lr=5.00e-04 train_loss=0.2050 train_corr=0.894 val_loss=0.8964 val_corr=0.391
[epoch 44] lr=5.00e-04 train_loss=0.2037 train_corr=0.895 val_loss=0.8898 val_corr=0.394
[epoch 45] lr=5.00e-04 train_loss=0.1995 train_corr=0.897 val_loss=0.8950 val_corr=0.396
[epoch 46] lr=5.00e-04 train_loss=0.2003 train_corr=0.897 val_loss=0.8687 val_corr=0.407
[epoch 47] lr=5.00e-04 train_loss=0.1961 train_corr=0.899 val_loss=0.8502 val_corr=0.427
[epoch 48] lr=5.00e-04 train_loss=0.1947 train_corr=0.900 val_loss=0.8838 val_corr=0.387
[epoch 49] lr=5.00e-04 train_loss=0.1953 train_corr=0.899 val_loss=0.8686 val_corr=0.413
fold 3 done. checkpoint exists: True -> /home/shunya/research/dog-radar-vitals/runs/20260826-192325_ecg_ecg_spatial_gnn_lodo311_waveform_fold3_test9/epoch_004.pt

=== fold 4: test_subject=10 val_subject=13 ===
train_subjects=[1, 2, 5, 9, 14, 16, 17, 29, 30]
[epoch 0] lr=5.00e-04 train_loss=0.8867 train_corr=0.312 val_loss=0.9187 val_corr=0.286
[epoch 1] lr=5.00e-04 train_loss=0.7290 train_corr=0.506 val_loss=0.8901 val_corr=0.340
[epoch 2] lr=5.00e-04 train_loss=0.6415 train_corr=0.582 val_loss=0.8293 val_corr=0.418
[epoch 3] lr=5.00e-04 train_loss=0.5796 train_corr=0.633 val_loss=0.8353 val_corr=0.428
[epoch 4] lr=5.00e-04 train_loss=0.5352 train_corr=0.669 val_loss=0.8278 val_corr=0.437
[epoch 5] lr=5.00e-04 train_loss=0.4985 train_corr=0.699 val_loss=0.8145 val_corr=0.450
[epoch 6] lr=5.00e-04 train_loss=0.4694 train_corr=0.721 val_loss=0.8224 val_corr=0.442
[epoch 7] lr=5.00e-04 train_loss=0.4422 train_corr=0.741 val_loss=0.9156 val_corr=0.395
[epoch 8] lr=5.00e-04 train_loss=0.4188 train_corr=0.757 val_loss=0.8631 val_corr=0.424
[epoch 9] lr=5.00e-04 train_loss=0.4035 train_corr=0.768 val_loss=0.8435 val_corr=0.433
[epoch 10] lr=5.00e-04 train_loss=0.3829 train_corr=0.782 val_loss=0.8759 val_corr=0.413
[epoch 11] lr=5.00e-04 train_loss=0.3670 train_corr=0.793 val_loss=0.8687 val_corr=0.395
[epoch 12] lr=5.00e-04 train_loss=0.3571 train_corr=0.799 val_loss=0.9145 val_corr=0.388
[epoch 13] lr=5.00e-04 train_loss=0.3432 train_corr=0.809 val_loss=0.9211 val_corr=0.377
[epoch 14] lr=5.00e-04 train_loss=0.3301 train_corr=0.817 val_loss=0.9262 val_corr=0.392
[epoch 15] lr=5.00e-04 train_loss=0.3210 train_corr=0.823 val_loss=0.8712 val_corr=0.411
[epoch 16] lr=5.00e-04 train_loss=0.3150 train_corr=0.827 val_loss=0.9250 val_corr=0.395
[epoch 17] lr=5.00e-04 train_loss=0.3083 train_corr=0.831 val_loss=0.8733 val_corr=0.419
[epoch 18] lr=5.00e-04 train_loss=0.2985 train_corr=0.838 val_loss=0.8941 val_corr=0.382
[epoch 19] lr=5.00e-04 train_loss=0.2905 train_corr=0.842 val_loss=0.8754 val_corr=0.418
[epoch 20] lr=5.00e-04 train_loss=0.2852 train_corr=0.846 val_loss=0.8908 val_corr=0.396
[epoch 21] lr=5.00e-04 train_loss=0.2801 train_corr=0.849 val_loss=0.9087 val_corr=0.380
[epoch 22] lr=5.00e-04 train_loss=0.2746 train_corr=0.852 val_loss=0.8977 val_corr=0.391
[epoch 23] lr=5.00e-04 train_loss=0.2655 train_corr=0.858 val_loss=0.8641 val_corr=0.408
[epoch 24] lr=5.00e-04 train_loss=0.2645 train_corr=0.859 val_loss=0.8428 val_corr=0.424
[epoch 25] lr=5.00e-04 train_loss=0.2586 train_corr=0.862 val_loss=0.8584 val_corr=0.415
[epoch 26] lr=5.00e-04 train_loss=0.2525 train_corr=0.866 val_loss=0.8859 val_corr=0.397
[epoch 27] lr=5.00e-04 train_loss=0.2508 train_corr=0.867 val_loss=0.8807 val_corr=0.403
[epoch 28] lr=5.00e-04 train_loss=0.2459 train_corr=0.870 val_loss=0.8830 val_corr=0.414
[epoch 29] lr=5.00e-04 train_loss=0.2421 train_corr=0.872 val_loss=0.9060 val_corr=0.401
[epoch 30] lr=5.00e-04 train_loss=0.2385 train_corr=0.874 val_loss=0.8862 val_corr=0.405
[epoch 31] lr=5.00e-04 train_loss=0.2348 train_corr=0.876 val_loss=0.8930 val_corr=0.401
[epoch 32] lr=5.00e-04 train_loss=0.2311 train_corr=0.878 val_loss=0.9208 val_corr=0.377
[epoch 33] lr=5.00e-04 train_loss=0.2275 train_corr=0.881 val_loss=0.9060 val_corr=0.401
[epoch 34] lr=5.00e-04 train_loss=0.2252 train_corr=0.882 val_loss=0.9045 val_corr=0.397
[epoch 35] lr=5.00e-04 train_loss=0.2232 train_corr=0.883 val_loss=0.9022 val_corr=0.396
[epoch 36] lr=5.00e-04 train_loss=0.2210 train_corr=0.885 val_loss=0.9033 val_corr=0.397
[epoch 37] lr=5.00e-04 train_loss=0.2154 train_corr=0.888 val_loss=0.9110 val_corr=0.402
[epoch 38] lr=5.00e-04 train_loss=0.2142 train_corr=0.888 val_loss=0.9126 val_corr=0.394
[epoch 39] lr=5.00e-04 train_loss=0.2118 train_corr=0.890 val_loss=0.9360 val_corr=0.377
[epoch 40] lr=5.00e-04 train_loss=0.2093 train_corr=0.891 val_loss=0.8869 val_corr=0.417
[epoch 41] lr=5.00e-04 train_loss=0.2075 train_corr=0.892 val_loss=0.8819 val_corr=0.411
[epoch 42] lr=5.00e-04 train_loss=0.2044 train_corr=0.894 val_loss=0.9090 val_corr=0.406
[epoch 43] lr=5.00e-04 train_loss=0.2043 train_corr=0.894 val_loss=0.8759 val_corr=0.422
[epoch 44] lr=5.00e-04 train_loss=0.2021 train_corr=0.895 val_loss=0.9512 val_corr=0.378
[epoch 45] lr=5.00e-04 train_loss=0.1990 train_corr=0.897 val_loss=0.9293 val_corr=0.379
[epoch 46] lr=5.00e-04 train_loss=0.1997 train_corr=0.897 val_loss=0.9286 val_corr=0.366
[epoch 47] lr=5.00e-04 train_loss=0.1955 train_corr=0.899 val_loss=0.8988 val_corr=0.422
[epoch 48] lr=5.00e-04 train_loss=0.1955 train_corr=0.899 val_loss=0.9919 val_corr=0.351
[epoch 49] lr=5.00e-04 train_loss=0.1928 train_corr=0.901 val_loss=0.9130 val_corr=0.376
fold 4 done. checkpoint exists: True -> /home/shunya/research/dog-radar-vitals/runs/20260826-194334_ecg_ecg_spatial_gnn_lodo311_waveform_fold4_test10/epoch_004.pt

=== fold 5: test_subject=13 val_subject=14 ===
train_subjects=[1, 2, 5, 9, 10, 16, 17, 29, 30]
[epoch 0] lr=5.00e-04 train_loss=0.8892 train_corr=0.303 val_loss=0.9336 val_corr=0.273
[epoch 1] lr=5.00e-04 train_loss=0.7264 train_corr=0.509 val_loss=0.9172 val_corr=0.314
[epoch 2] lr=5.00e-04 train_loss=0.6270 train_corr=0.599 val_loss=0.9603 val_corr=0.332
[epoch 3] lr=5.00e-04 train_loss=0.5620 train_corr=0.652 val_loss=0.9067 val_corr=0.392
[epoch 4] lr=5.00e-04 train_loss=0.5141 train_corr=0.690 val_loss=0.8964 val_corr=0.399
[epoch 5] lr=5.00e-04 train_loss=0.4747 train_corr=0.720 val_loss=0.9250 val_corr=0.364
[epoch 6] lr=5.00e-04 train_loss=0.4492 train_corr=0.739 val_loss=0.9110 val_corr=0.385
[epoch 7] lr=5.00e-04 train_loss=0.4218 train_corr=0.758 val_loss=0.8872 val_corr=0.407
[epoch 8] lr=5.00e-04 train_loss=0.3994 train_corr=0.773 val_loss=0.9134 val_corr=0.384
[epoch 9] lr=5.00e-04 train_loss=0.3803 train_corr=0.785 val_loss=0.9272 val_corr=0.393
[epoch 10] lr=5.00e-04 train_loss=0.3646 train_corr=0.796 val_loss=0.8878 val_corr=0.399
[epoch 11] lr=5.00e-04 train_loss=0.3476 train_corr=0.807 val_loss=0.8894 val_corr=0.404
[epoch 12] lr=5.00e-04 train_loss=0.3341 train_corr=0.815 val_loss=0.9101 val_corr=0.393
[epoch 13] lr=5.00e-04 train_loss=0.3252 train_corr=0.821 val_loss=0.9252 val_corr=0.360
[epoch 14] lr=5.00e-04 train_loss=0.3128 train_corr=0.829 val_loss=0.8865 val_corr=0.384
[epoch 15] lr=5.00e-04 train_loss=0.3038 train_corr=0.834 val_loss=0.9039 val_corr=0.382
[epoch 16] lr=5.00e-04 train_loss=0.2955 train_corr=0.840 val_loss=0.9293 val_corr=0.362
[epoch 17] lr=5.00e-04 train_loss=0.2866 train_corr=0.845 val_loss=0.9213 val_corr=0.372
[epoch 18] lr=5.00e-04 train_loss=0.2789 train_corr=0.850 val_loss=0.8819 val_corr=0.406
[epoch 19] lr=5.00e-04 train_loss=0.2733 train_corr=0.853 val_loss=0.8803 val_corr=0.406
[epoch 20] lr=5.00e-04 train_loss=0.2672 train_corr=0.857 val_loss=0.9119 val_corr=0.389
[epoch 21] lr=5.00e-04 train_loss=0.2614 train_corr=0.860 val_loss=0.9337 val_corr=0.352
[epoch 22] lr=5.00e-04 train_loss=0.2552 train_corr=0.864 val_loss=0.9581 val_corr=0.378
[epoch 23] lr=5.00e-04 train_loss=0.2511 train_corr=0.866 val_loss=0.9054 val_corr=0.365
[epoch 24] lr=5.00e-04 train_loss=0.2449 train_corr=0.870 val_loss=0.9091 val_corr=0.371
[epoch 25] lr=5.00e-04 train_loss=0.2406 train_corr=0.872 val_loss=0.9442 val_corr=0.352
[epoch 26] lr=5.00e-04 train_loss=0.2372 train_corr=0.875 val_loss=0.9357 val_corr=0.368
[epoch 27] lr=5.00e-04 train_loss=0.2295 train_corr=0.879 val_loss=0.9260 val_corr=0.345
[epoch 28] lr=5.00e-04 train_loss=0.2279 train_corr=0.880 val_loss=0.9537 val_corr=0.348
[epoch 29] lr=5.00e-04 train_loss=0.2265 train_corr=0.881 val_loss=0.9093 val_corr=0.389
[epoch 30] lr=5.00e-04 train_loss=0.2232 train_corr=0.883 val_loss=0.9763 val_corr=0.313
[epoch 31] lr=5.00e-04 train_loss=0.2173 train_corr=0.886 val_loss=0.9676 val_corr=0.319
[epoch 32] lr=5.00e-04 train_loss=0.2164 train_corr=0.887 val_loss=0.9379 val_corr=0.359
[epoch 33] lr=5.00e-04 train_loss=0.2130 train_corr=0.889 val_loss=0.9145 val_corr=0.363
[epoch 34] lr=5.00e-04 train_loss=0.2104 train_corr=0.890 val_loss=0.9567 val_corr=0.351
[epoch 35] lr=5.00e-04 train_loss=0.2059 train_corr=0.893 val_loss=0.9277 val_corr=0.364
[epoch 36] lr=5.00e-04 train_loss=0.2051 train_corr=0.893 val_loss=0.9550 val_corr=0.302
[epoch 37] lr=5.00e-04 train_loss=0.1999 train_corr=0.896 val_loss=0.9630 val_corr=0.335
[epoch 38] lr=5.00e-04 train_loss=0.1997 train_corr=0.896 val_loss=0.9952 val_corr=0.318
[epoch 39] lr=5.00e-04 train_loss=0.1958 train_corr=0.898 val_loss=0.9520 val_corr=0.323
[epoch 40] lr=5.00e-04 train_loss=0.1956 train_corr=0.899 val_loss=0.9936 val_corr=0.291
[epoch 41] lr=5.00e-04 train_loss=0.1931 train_corr=0.900 val_loss=0.9870 val_corr=0.303
[epoch 42] lr=5.00e-04 train_loss=0.1937 train_corr=0.900 val_loss=0.9578 val_corr=0.344
[epoch 43] lr=5.00e-04 train_loss=0.1887 train_corr=0.903 val_loss=0.9693 val_corr=0.312
[epoch 44] lr=5.00e-04 train_loss=0.1867 train_corr=0.904 val_loss=0.9506 val_corr=0.337
[epoch 45] lr=5.00e-04 train_loss=0.1857 train_corr=0.904 val_loss=0.9677 val_corr=0.337
[epoch 46] lr=5.00e-04 train_loss=0.1837 train_corr=0.905 val_loss=0.9541 val_corr=0.337
[epoch 47] lr=5.00e-04 train_loss=0.1823 train_corr=0.906 val_loss=0.9642 val_corr=0.314
[epoch 48] lr=5.00e-04 train_loss=0.1801 train_corr=0.907 val_loss=0.9794 val_corr=0.316
[epoch 49] lr=5.00e-04 train_loss=0.1784 train_corr=0.908 val_loss=0.9758 val_corr=0.308
fold 5 done. checkpoint exists: True -> /home/shunya/research/dog-radar-vitals/runs/20260826-200416_ecg_ecg_spatial_gnn_lodo311_waveform_fold5_test13/epoch_004.pt

=== fold 6: test_subject=14 val_subject=16 ===
train_subjects=[1, 2, 5, 9, 10, 13, 17, 29, 30]
[epoch 0] lr=5.00e-04 train_loss=0.8718 train_corr=0.328 val_loss=1.0905 val_corr=0.268
[epoch 1] lr=5.00e-04 train_loss=0.7092 train_corr=0.525 val_loss=0.9967 val_corr=0.272
[epoch 2] lr=5.00e-04 train_loss=0.6228 train_corr=0.600 val_loss=1.0336 val_corr=0.230
[epoch 3] lr=5.00e-04 train_loss=0.5602 train_corr=0.652 val_loss=1.0411 val_corr=0.254
[epoch 4] lr=5.00e-04 train_loss=0.5213 train_corr=0.683 val_loss=1.0236 val_corr=0.266
[epoch 5] lr=5.00e-04 train_loss=0.4791 train_corr=0.715 val_loss=1.0942 val_corr=0.214
[epoch 6] lr=5.00e-04 train_loss=0.4501 train_corr=0.736 val_loss=1.1103 val_corr=0.219
[epoch 7] lr=5.00e-04 train_loss=0.4209 train_corr=0.756 val_loss=1.1270 val_corr=0.229
[epoch 8] lr=5.00e-04 train_loss=0.3992 train_corr=0.771 val_loss=1.1271 val_corr=0.214
[epoch 9] lr=5.00e-04 train_loss=0.3803 train_corr=0.784 val_loss=1.0955 val_corr=0.219
[epoch 10] lr=5.00e-04 train_loss=0.3632 train_corr=0.796 val_loss=1.1616 val_corr=0.228
[epoch 11] lr=5.00e-04 train_loss=0.3468 train_corr=0.806 val_loss=1.1532 val_corr=0.225
[epoch 12] lr=5.00e-04 train_loss=0.3371 train_corr=0.813 val_loss=1.0854 val_corr=0.224
[epoch 13] lr=5.00e-04 train_loss=0.3265 train_corr=0.820 val_loss=1.1804 val_corr=0.215
[epoch 14] lr=5.00e-04 train_loss=0.3152 train_corr=0.827 val_loss=1.1940 val_corr=0.230
[epoch 15] lr=5.00e-04 train_loss=0.3080 train_corr=0.831 val_loss=1.1981 val_corr=0.187
[epoch 16] lr=5.00e-04 train_loss=0.3007 train_corr=0.836 val_loss=1.1949 val_corr=0.186
[epoch 17] lr=5.00e-04 train_loss=0.2919 train_corr=0.842 val_loss=1.1495 val_corr=0.203
[epoch 18] lr=5.00e-04 train_loss=0.2875 train_corr=0.844 val_loss=1.1253 val_corr=0.225
[epoch 19] lr=5.00e-04 train_loss=0.2772 train_corr=0.850 val_loss=1.1762 val_corr=0.194
[epoch 20] lr=5.00e-04 train_loss=0.2724 train_corr=0.853 val_loss=1.1114 val_corr=0.205
[epoch 21] lr=5.00e-04 train_loss=0.2674 train_corr=0.856 val_loss=1.1766 val_corr=0.186
[epoch 22] lr=5.00e-04 train_loss=0.2638 train_corr=0.859 val_loss=1.2316 val_corr=0.175
[epoch 23] lr=5.00e-04 train_loss=0.2629 train_corr=0.859 val_loss=1.0972 val_corr=0.221
[epoch 24] lr=5.00e-04 train_loss=0.2499 train_corr=0.866 val_loss=1.2092 val_corr=0.174
[epoch 25] lr=5.00e-04 train_loss=0.2482 train_corr=0.868 val_loss=1.1495 val_corr=0.204
[epoch 26] lr=5.00e-04 train_loss=0.2452 train_corr=0.870 val_loss=1.2066 val_corr=0.179
[epoch 27] lr=5.00e-04 train_loss=0.2397 train_corr=0.873 val_loss=1.2238 val_corr=0.175
[epoch 28] lr=5.00e-04 train_loss=0.2361 train_corr=0.875 val_loss=1.1833 val_corr=0.184
[epoch 29] lr=5.00e-04 train_loss=0.2341 train_corr=0.876 val_loss=1.1951 val_corr=0.183
[epoch 30] lr=5.00e-04 train_loss=0.2299 train_corr=0.879 val_loss=1.2640 val_corr=0.161
[epoch 31] lr=5.00e-04 train_loss=0.2253 train_corr=0.881 val_loss=1.2112 val_corr=0.190
[epoch 32] lr=5.00e-04 train_loss=0.2220 train_corr=0.883 val_loss=1.2337 val_corr=0.167
[epoch 33] lr=5.00e-04 train_loss=0.2208 train_corr=0.884 val_loss=1.3027 val_corr=0.147
[epoch 34] lr=5.00e-04 train_loss=0.2155 train_corr=0.887 val_loss=1.1886 val_corr=0.148
[epoch 35] lr=5.00e-04 train_loss=0.2141 train_corr=0.888 val_loss=1.2538 val_corr=0.165
[epoch 36] lr=5.00e-04 train_loss=0.2101 train_corr=0.890 val_loss=1.2341 val_corr=0.170
[epoch 37] lr=5.00e-04 train_loss=0.2106 train_corr=0.890 val_loss=1.2159 val_corr=0.160
[epoch 38] lr=5.00e-04 train_loss=0.2071 train_corr=0.892 val_loss=1.4401 val_corr=0.114
[epoch 39] lr=5.00e-04 train_loss=0.2025 train_corr=0.894 val_loss=1.1865 val_corr=0.168
[epoch 40] lr=5.00e-04 train_loss=0.2030 train_corr=0.894 val_loss=1.2480 val_corr=0.177
[epoch 41] lr=5.00e-04 train_loss=0.2004 train_corr=0.896 val_loss=1.2775 val_corr=0.168
[epoch 42] lr=5.00e-04 train_loss=0.1964 train_corr=0.898 val_loss=1.2203 val_corr=0.175
[epoch 43] lr=5.00e-04 train_loss=0.1944 train_corr=0.899 val_loss=1.1979 val_corr=0.171
[epoch 44] lr=5.00e-04 train_loss=0.1922 train_corr=0.900 val_loss=1.3220 val_corr=0.165
[epoch 45] lr=5.00e-04 train_loss=0.1910 train_corr=0.901 val_loss=1.3167 val_corr=0.154
[epoch 46] lr=5.00e-04 train_loss=0.1886 train_corr=0.902 val_loss=1.2958 val_corr=0.125
[epoch 47] lr=5.00e-04 train_loss=0.1877 train_corr=0.903 val_loss=1.1884 val_corr=0.188
[epoch 48] lr=5.00e-04 train_loss=0.1869 train_corr=0.903 val_loss=1.2410 val_corr=0.186
[epoch 49] lr=5.00e-04 train_loss=0.1833 train_corr=0.905 val_loss=1.2298 val_corr=0.161
fold 6 done. checkpoint exists: True -> /home/shunya/research/dog-radar-vitals/runs/20260826-202404_ecg_ecg_spatial_gnn_lodo311_waveform_fold6_test14/epoch_004.pt

=== fold 7: test_subject=16 val_subject=17 ===
train_subjects=[1, 2, 5, 9, 10, 13, 14, 29, 30]
[epoch 0] lr=5.00e-04 train_loss=0.8825 train_corr=0.312 val_loss=0.9547 val_corr=0.266
[epoch 1] lr=5.00e-04 train_loss=0.7243 train_corr=0.510 val_loss=0.9401 val_corr=0.293
[epoch 2] lr=5.00e-04 train_loss=0.6302 train_corr=0.595 val_loss=0.9624 val_corr=0.275
[epoch 3] lr=5.00e-04 train_loss=0.5649 train_corr=0.649 val_loss=0.9072 val_corr=0.363
[epoch 4] lr=5.00e-04 train_loss=0.5221 train_corr=0.683 val_loss=0.9058 val_corr=0.359
[epoch 5] lr=5.00e-04 train_loss=0.4751 train_corr=0.718 val_loss=0.8935 val_corr=0.369
[epoch 6] lr=5.00e-04 train_loss=0.4440 train_corr=0.741 val_loss=0.9102 val_corr=0.361
[epoch 7] lr=5.00e-04 train_loss=0.4190 train_corr=0.758 val_loss=0.9245 val_corr=0.330
[epoch 8] lr=5.00e-04 train_loss=0.3989 train_corr=0.772 val_loss=0.8974 val_corr=0.386
[epoch 9] lr=5.00e-04 train_loss=0.3788 train_corr=0.785 val_loss=0.9049 val_corr=0.383
[epoch 10] lr=5.00e-04 train_loss=0.3629 train_corr=0.796 val_loss=0.9381 val_corr=0.338
[epoch 11] lr=5.00e-04 train_loss=0.3484 train_corr=0.805 val_loss=0.9381 val_corr=0.344
[epoch 12] lr=5.00e-04 train_loss=0.3367 train_corr=0.813 val_loss=0.8998 val_corr=0.373
[epoch 13] lr=5.00e-04 train_loss=0.3252 train_corr=0.820 val_loss=1.0030 val_corr=0.341
[epoch 14] lr=5.00e-04 train_loss=0.3129 train_corr=0.828 val_loss=0.9443 val_corr=0.335
[epoch 15] lr=5.00e-04 train_loss=0.3051 train_corr=0.833 val_loss=0.9654 val_corr=0.355
[epoch 16] lr=5.00e-04 train_loss=0.2965 train_corr=0.838 val_loss=0.9577 val_corr=0.344
[epoch 17] lr=5.00e-04 train_loss=0.2881 train_corr=0.844 val_loss=0.9305 val_corr=0.337
[epoch 18] lr=5.00e-04 train_loss=0.2813 train_corr=0.848 val_loss=1.0863 val_corr=0.290
[epoch 19] lr=5.00e-04 train_loss=0.2751 train_corr=0.851 val_loss=0.9077 val_corr=0.354
[epoch 20] lr=5.00e-04 train_loss=0.2689 train_corr=0.855 val_loss=0.9788 val_corr=0.337
[epoch 21] lr=5.00e-04 train_loss=0.2637 train_corr=0.859 val_loss=0.9440 val_corr=0.349
[epoch 22] lr=5.00e-04 train_loss=0.2607 train_corr=0.861 val_loss=0.9583 val_corr=0.346
[epoch 23] lr=5.00e-04 train_loss=0.2544 train_corr=0.865 val_loss=0.9084 val_corr=0.353
[epoch 24] lr=5.00e-04 train_loss=0.2456 train_corr=0.869 val_loss=1.0001 val_corr=0.310
[epoch 25] lr=5.00e-04 train_loss=0.2449 train_corr=0.870 val_loss=0.9671 val_corr=0.350
[epoch 26] lr=5.00e-04 train_loss=0.2396 train_corr=0.873 val_loss=1.0217 val_corr=0.324
[epoch 27] lr=5.00e-04 train_loss=0.2354 train_corr=0.876 val_loss=0.9784 val_corr=0.318
[epoch 28] lr=5.00e-04 train_loss=0.2320 train_corr=0.878 val_loss=0.9740 val_corr=0.304
[epoch 29] lr=5.00e-04 train_loss=0.2296 train_corr=0.879 val_loss=1.0228 val_corr=0.309
[epoch 30] lr=5.00e-04 train_loss=0.2252 train_corr=0.882 val_loss=0.9932 val_corr=0.288
[epoch 31] lr=5.00e-04 train_loss=0.2238 train_corr=0.883 val_loss=0.9555 val_corr=0.338
[epoch 32] lr=5.00e-04 train_loss=0.2178 train_corr=0.886 val_loss=1.0210 val_corr=0.317
[epoch 33] lr=5.00e-04 train_loss=0.2163 train_corr=0.887 val_loss=1.0744 val_corr=0.254
[epoch 34] lr=5.00e-04 train_loss=0.2120 train_corr=0.889 val_loss=1.0023 val_corr=0.302
[epoch 35] lr=5.00e-04 train_loss=0.2111 train_corr=0.890 val_loss=0.9632 val_corr=0.307
[epoch 36] lr=5.00e-04 train_loss=0.2085 train_corr=0.891 val_loss=0.9870 val_corr=0.313
[epoch 37] lr=5.00e-04 train_loss=0.2091 train_corr=0.891 val_loss=0.9871 val_corr=0.324
[epoch 38] lr=5.00e-04 train_loss=0.2051 train_corr=0.893 val_loss=1.0711 val_corr=0.243
[epoch 39] lr=5.00e-04 train_loss=0.2016 train_corr=0.895 val_loss=1.0124 val_corr=0.302
[epoch 40] lr=5.00e-04 train_loss=0.1994 train_corr=0.897 val_loss=0.9867 val_corr=0.317
[epoch 41] lr=5.00e-04 train_loss=0.1995 train_corr=0.897 val_loss=1.0408 val_corr=0.284
[epoch 42] lr=5.00e-04 train_loss=0.1946 train_corr=0.899 val_loss=1.0200 val_corr=0.279
[epoch 43] lr=5.00e-04 train_loss=0.1952 train_corr=0.899 val_loss=1.0166 val_corr=0.272
[epoch 44] lr=5.00e-04 train_loss=0.1936 train_corr=0.900 val_loss=0.9529 val_corr=0.327
[epoch 45] lr=5.00e-04 train_loss=0.1914 train_corr=0.901 val_loss=1.0480 val_corr=0.285
[epoch 46] lr=5.00e-04 train_loss=0.1881 train_corr=0.903 val_loss=1.1012 val_corr=0.237
[epoch 47] lr=5.00e-04 train_loss=0.1883 train_corr=0.903 val_loss=1.0471 val_corr=0.269
[epoch 48] lr=5.00e-04 train_loss=0.1902 train_corr=0.902 val_loss=1.0366 val_corr=0.234
[epoch 49] lr=5.00e-04 train_loss=0.1844 train_corr=0.905 val_loss=1.0156 val_corr=0.278
fold 7 done. checkpoint exists: True -> /home/shunya/research/dog-radar-vitals/runs/20260826-204312_ecg_ecg_spatial_gnn_lodo311_waveform_fold7_test16/epoch_004.pt

=== fold 8: test_subject=17 val_subject=29 ===
train_subjects=[1, 2, 5, 9, 10, 13, 14, 16, 30]
[epoch 0] lr=5.00e-04 train_loss=0.8979 train_corr=0.291 val_loss=1.0080 val_corr=0.263
[epoch 1] lr=5.00e-04 train_loss=0.7340 train_corr=0.502 val_loss=0.9551 val_corr=0.267
[epoch 2] lr=5.00e-04 train_loss=0.6327 train_corr=0.593 val_loss=1.0095 val_corr=0.231
[epoch 3] lr=5.00e-04 train_loss=0.5665 train_corr=0.648 val_loss=1.0215 val_corr=0.218
[epoch 4] lr=5.00e-04 train_loss=0.5171 train_corr=0.687 val_loss=1.0217 val_corr=0.225
[epoch 5] lr=5.00e-04 train_loss=0.4792 train_corr=0.717 val_loss=1.1123 val_corr=0.151
[epoch 6] lr=5.00e-04 train_loss=0.4467 train_corr=0.741 val_loss=1.1231 val_corr=0.243
[epoch 7] lr=5.00e-04 train_loss=0.4254 train_corr=0.757 val_loss=1.0677 val_corr=0.210
[epoch 8] lr=5.00e-04 train_loss=0.4009 train_corr=0.773 val_loss=1.0717 val_corr=0.211
[epoch 9] lr=5.00e-04 train_loss=0.3851 train_corr=0.783 val_loss=1.0853 val_corr=0.202
[epoch 10] lr=5.00e-04 train_loss=0.3709 train_corr=0.793 val_loss=1.0746 val_corr=0.182
[epoch 11] lr=5.00e-04 train_loss=0.3546 train_corr=0.803 val_loss=1.1257 val_corr=0.190
[epoch 12] lr=5.00e-04 train_loss=0.3454 train_corr=0.809 val_loss=1.0922 val_corr=0.193
[epoch 13] lr=5.00e-04 train_loss=0.3354 train_corr=0.816 val_loss=1.0839 val_corr=0.207
[epoch 14] lr=5.00e-04 train_loss=0.3237 train_corr=0.823 val_loss=1.1197 val_corr=0.211
[epoch 15] lr=5.00e-04 train_loss=0.3159 train_corr=0.828 val_loss=1.1616 val_corr=0.198
[epoch 16] lr=5.00e-04 train_loss=0.3086 train_corr=0.833 val_loss=1.0828 val_corr=0.210
[epoch 17] lr=5.00e-04 train_loss=0.2998 train_corr=0.838 val_loss=1.1091 val_corr=0.182
[epoch 18] lr=5.00e-04 train_loss=0.2924 train_corr=0.842 val_loss=1.0878 val_corr=0.215
[epoch 19] lr=5.00e-04 train_loss=0.2856 train_corr=0.847 val_loss=1.1042 val_corr=0.172
[epoch 20] lr=5.00e-04 train_loss=0.2778 train_corr=0.851 val_loss=1.1120 val_corr=0.158
[epoch 21] lr=5.00e-04 train_loss=0.2738 train_corr=0.854 val_loss=1.1172 val_corr=0.183
[epoch 22] lr=5.00e-04 train_loss=0.2669 train_corr=0.858 val_loss=1.0971 val_corr=0.199
[epoch 23] lr=5.00e-04 train_loss=0.2673 train_corr=0.858 val_loss=1.0984 val_corr=0.205
[epoch 24] lr=5.00e-04 train_loss=0.2577 train_corr=0.863 val_loss=1.1136 val_corr=0.185
[epoch 25] lr=5.00e-04 train_loss=0.2528 train_corr=0.866 val_loss=1.1307 val_corr=0.161
[epoch 26] lr=5.00e-04 train_loss=0.2466 train_corr=0.870 val_loss=1.1144 val_corr=0.161
[epoch 27] lr=5.00e-04 train_loss=0.2458 train_corr=0.871 val_loss=1.0939 val_corr=0.170
[epoch 28] lr=5.00e-04 train_loss=0.2392 train_corr=0.874 val_loss=1.0991 val_corr=0.170
[epoch 29] lr=5.00e-04 train_loss=0.2377 train_corr=0.876 val_loss=1.1261 val_corr=0.176
[epoch 30] lr=5.00e-04 train_loss=0.2316 train_corr=0.879 val_loss=1.1114 val_corr=0.181
[epoch 31] lr=5.00e-04 train_loss=0.2302 train_corr=0.880 val_loss=1.1373 val_corr=0.144
[epoch 32] lr=5.00e-04 train_loss=0.2251 train_corr=0.883 val_loss=1.1515 val_corr=0.159
[epoch 33] lr=5.00e-04 train_loss=0.2211 train_corr=0.885 val_loss=1.1138 val_corr=0.156
[epoch 34] lr=5.00e-04 train_loss=0.2208 train_corr=0.885 val_loss=1.1829 val_corr=0.183
[epoch 35] lr=5.00e-04 train_loss=0.2151 train_corr=0.889 val_loss=1.1140 val_corr=0.164
[epoch 36] lr=5.00e-04 train_loss=0.2131 train_corr=0.890 val_loss=1.1377 val_corr=0.142
[epoch 37] lr=5.00e-04 train_loss=0.2097 train_corr=0.892 val_loss=1.1443 val_corr=0.155
[epoch 38] lr=5.00e-04 train_loss=0.2065 train_corr=0.894 val_loss=1.1278 val_corr=0.183
[epoch 39] lr=5.00e-04 train_loss=0.2012 train_corr=0.896 val_loss=1.2156 val_corr=0.123
[epoch 40] lr=5.00e-04 train_loss=0.2026 train_corr=0.896 val_loss=1.1214 val_corr=0.172
[epoch 41] lr=5.00e-04 train_loss=0.1982 train_corr=0.898 val_loss=1.1389 val_corr=0.119
[epoch 42] lr=5.00e-04 train_loss=0.1986 train_corr=0.898 val_loss=1.1303 val_corr=0.150
[epoch 43] lr=5.00e-04 train_loss=0.1954 train_corr=0.900 val_loss=1.1332 val_corr=0.154
[epoch 44] lr=5.00e-04 train_loss=0.1924 train_corr=0.902 val_loss=1.1489 val_corr=0.152
[epoch 45] lr=5.00e-04 train_loss=0.1889 train_corr=0.903 val_loss=1.1368 val_corr=0.140
[epoch 46] lr=5.00e-04 train_loss=0.1897 train_corr=0.903 val_loss=1.0967 val_corr=0.168
[epoch 47] lr=5.00e-04 train_loss=0.1858 train_corr=0.905 val_loss=1.1596 val_corr=0.118
[epoch 48] lr=5.00e-04 train_loss=0.1851 train_corr=0.906 val_loss=1.1158 val_corr=0.163
[epoch 49] lr=5.00e-04 train_loss=0.1840 train_corr=0.906 val_loss=1.1187 val_corr=0.160
fold 8 done. checkpoint exists: True -> /home/shunya/research/dog-radar-vitals/runs/20260826-210246_ecg_ecg_spatial_gnn_lodo311_waveform_fold8_test17/epoch_004.pt

=== fold 9: test_subject=29 val_subject=30 ===
train_subjects=[1, 2, 5, 9, 10, 13, 14, 16, 17]
[epoch 0] lr=5.00e-04 train_loss=0.9041 train_corr=0.281 val_loss=1.0359 val_corr=0.203
[epoch 1] lr=5.00e-04 train_loss=0.7099 train_corr=0.524 val_loss=1.0119 val_corr=0.222
[epoch 2] lr=5.00e-04 train_loss=0.6149 train_corr=0.608 val_loss=1.0462 val_corr=0.227
[epoch 3] lr=5.00e-04 train_loss=0.5523 train_corr=0.659 val_loss=1.1114 val_corr=0.223
[epoch 4] lr=5.00e-04 train_loss=0.5075 train_corr=0.694 val_loss=1.1460 val_corr=0.159
[epoch 5] lr=5.00e-04 train_loss=0.4751 train_corr=0.718 val_loss=1.0393 val_corr=0.278
[epoch 6] lr=5.00e-04 train_loss=0.4463 train_corr=0.740 val_loss=1.0544 val_corr=0.209
[epoch 7] lr=5.00e-04 train_loss=0.4203 train_corr=0.757 val_loss=1.0522 val_corr=0.223
[epoch 8] lr=5.00e-04 train_loss=0.4008 train_corr=0.771 val_loss=1.0717 val_corr=0.192
[epoch 9] lr=5.00e-04 train_loss=0.3853 train_corr=0.781 val_loss=1.0879 val_corr=0.202
[epoch 10] lr=5.00e-04 train_loss=0.3712 train_corr=0.790 val_loss=1.0651 val_corr=0.247
[epoch 11] lr=5.00e-04 train_loss=0.3589 train_corr=0.798 val_loss=1.0962 val_corr=0.209
[epoch 12] lr=5.00e-04 train_loss=0.3476 train_corr=0.806 val_loss=1.0898 val_corr=0.226
[epoch 13] lr=5.00e-04 train_loss=0.3372 train_corr=0.813 val_loss=1.0777 val_corr=0.246
[epoch 14] lr=5.00e-04 train_loss=0.3240 train_corr=0.821 val_loss=1.0867 val_corr=0.217
[epoch 15] lr=5.00e-04 train_loss=0.3182 train_corr=0.825 val_loss=1.0840 val_corr=0.265
[epoch 16] lr=5.00e-04 train_loss=0.3107 train_corr=0.830 val_loss=1.0962 val_corr=0.225
[epoch 17] lr=5.00e-04 train_loss=0.3074 train_corr=0.832 val_loss=1.0974 val_corr=0.235
[epoch 18] lr=5.00e-04 train_loss=0.2988 train_corr=0.837 val_loss=1.1036 val_corr=0.225
[epoch 19] lr=5.00e-04 train_loss=0.2912 train_corr=0.842 val_loss=1.0654 val_corr=0.259
[epoch 20] lr=5.00e-04 train_loss=0.2830 train_corr=0.847 val_loss=1.0778 val_corr=0.225
[epoch 21] lr=5.00e-04 train_loss=0.2779 train_corr=0.850 val_loss=1.1199 val_corr=0.232
[epoch 22] lr=5.00e-04 train_loss=0.2716 train_corr=0.854 val_loss=1.0834 val_corr=0.262
[epoch 23] lr=5.00e-04 train_loss=0.2678 train_corr=0.856 val_loss=1.1073 val_corr=0.254
[epoch 24] lr=5.00e-04 train_loss=0.2605 train_corr=0.861 val_loss=1.0690 val_corr=0.260
[epoch 25] lr=5.00e-04 train_loss=0.2560 train_corr=0.863 val_loss=1.0819 val_corr=0.241
[epoch 26] lr=5.00e-04 train_loss=0.2515 train_corr=0.866 val_loss=1.0727 val_corr=0.246
[epoch 27] lr=5.00e-04 train_loss=0.2494 train_corr=0.868 val_loss=1.0886 val_corr=0.215
[epoch 28] lr=5.00e-04 train_loss=0.2447 train_corr=0.871 val_loss=1.1670 val_corr=0.222
[epoch 29] lr=5.00e-04 train_loss=0.2409 train_corr=0.873 val_loss=1.0984 val_corr=0.256
[epoch 30] lr=5.00e-04 train_loss=0.2367 train_corr=0.876 val_loss=1.1434 val_corr=0.227
[epoch 31] lr=5.00e-04 train_loss=0.2346 train_corr=0.877 val_loss=1.0647 val_corr=0.252
[epoch 32] lr=5.00e-04 train_loss=0.2310 train_corr=0.879 val_loss=1.0656 val_corr=0.250
[epoch 33] lr=5.00e-04 train_loss=0.2253 train_corr=0.882 val_loss=1.0720 val_corr=0.239
[epoch 34] lr=5.00e-04 train_loss=0.2255 train_corr=0.882 val_loss=1.1010 val_corr=0.256
[epoch 35] lr=5.00e-04 train_loss=0.2213 train_corr=0.884 val_loss=1.0855 val_corr=0.262
[epoch 36] lr=5.00e-04 train_loss=0.2187 train_corr=0.886 val_loss=1.0786 val_corr=0.251
[epoch 37] lr=5.00e-04 train_loss=0.2158 train_corr=0.888 val_loss=1.0503 val_corr=0.267
[epoch 38] lr=5.00e-04 train_loss=0.2115 train_corr=0.890 val_loss=1.0798 val_corr=0.246
[epoch 39] lr=5.00e-04 train_loss=0.2059 train_corr=0.893 val_loss=1.0707 val_corr=0.233
[epoch 40] lr=5.00e-04 train_loss=0.2062 train_corr=0.893 val_loss=1.0829 val_corr=0.258
[epoch 41] lr=5.00e-04 train_loss=0.2037 train_corr=0.894 val_loss=1.0643 val_corr=0.252
[epoch 42] lr=5.00e-04 train_loss=0.2027 train_corr=0.895 val_loss=1.0580 val_corr=0.258
[epoch 43] lr=5.00e-04 train_loss=0.1998 train_corr=0.897 val_loss=1.0644 val_corr=0.223
[epoch 44] lr=5.00e-04 train_loss=0.2007 train_corr=0.896 val_loss=1.0580 val_corr=0.229
[epoch 45] lr=5.00e-04 train_loss=0.1979 train_corr=0.898 val_loss=1.0516 val_corr=0.261
[epoch 46] lr=5.00e-04 train_loss=0.1954 train_corr=0.900 val_loss=1.0542 val_corr=0.255
[epoch 47] lr=5.00e-04 train_loss=0.1933 train_corr=0.901 val_loss=1.0638 val_corr=0.248
[epoch 48] lr=5.00e-04 train_loss=0.1879 train_corr=0.903 val_loss=1.0787 val_corr=0.246
[epoch 49] lr=5.00e-04 train_loss=0.1885 train_corr=0.903 val_loss=1.0706 val_corr=0.245
fold 9 done. checkpoint exists: True -> /home/shunya/research/dog-radar-vitals/runs/20260826-212033_ecg_ecg_spatial_gnn_lodo311_waveform_fold9_test29/epoch_004.pt

=== fold 10: test_subject=30 val_subject=1 ===
train_subjects=[2, 5, 9, 10, 13, 14, 16, 17, 29]
[epoch 0] lr=5.00e-04 train_loss=0.8719 train_corr=0.325 val_loss=1.0774 val_corr=0.096
[epoch 1] lr=5.00e-04 train_loss=0.7043 train_corr=0.528 val_loss=1.1896 val_corr=0.038
[epoch 2] lr=5.00e-04 train_loss=0.6160 train_corr=0.605 val_loss=1.2501 val_corr=0.018
[epoch 3] lr=5.00e-04 train_loss=0.5615 train_corr=0.647 val_loss=1.3968 val_corr=-0.033
[epoch 4] lr=5.00e-04 train_loss=0.5165 train_corr=0.682 val_loss=1.2056 val_corr=0.021
[epoch 5] lr=5.00e-04 train_loss=0.4797 train_corr=0.710 val_loss=1.4308 val_corr=-0.058
[epoch 6] lr=5.00e-04 train_loss=0.4565 train_corr=0.728 val_loss=1.3366 val_corr=-0.083
[epoch 7] lr=5.00e-04 train_loss=0.4337 train_corr=0.745 val_loss=1.4219 val_corr=-0.052
[epoch 8] lr=5.00e-04 train_loss=0.4129 train_corr=0.760 val_loss=1.4347 val_corr=-0.106
[epoch 9] lr=5.00e-04 train_loss=0.3917 train_corr=0.775 val_loss=1.3472 val_corr=-0.036
[epoch 10] lr=5.00e-04 train_loss=0.3753 train_corr=0.787 val_loss=1.3356 val_corr=-0.028
[epoch 11] lr=5.00e-04 train_loss=0.3594 train_corr=0.798 val_loss=1.3119 val_corr=-0.045
[epoch 12] lr=5.00e-04 train_loss=0.3458 train_corr=0.808 val_loss=1.4183 val_corr=-0.048
[epoch 13] lr=5.00e-04 train_loss=0.3329 train_corr=0.816 val_loss=1.3308 val_corr=-0.050
[epoch 14] lr=5.00e-04 train_loss=0.3223 train_corr=0.823 val_loss=1.3624 val_corr=-0.039
[epoch 15] lr=5.00e-04 train_loss=0.3127 train_corr=0.829 val_loss=1.4370 val_corr=-0.043
[epoch 16] lr=5.00e-04 train_loss=0.3030 train_corr=0.835 val_loss=1.3625 val_corr=-0.064
[epoch 17] lr=5.00e-04 train_loss=0.2952 train_corr=0.840 val_loss=1.3479 val_corr=-0.024
[epoch 18] lr=5.00e-04 train_loss=0.2865 train_corr=0.845 val_loss=1.3682 val_corr=-0.041
[epoch 19] lr=5.00e-04 train_loss=0.2818 train_corr=0.848 val_loss=1.3421 val_corr=-0.052
[epoch 20] lr=5.00e-04 train_loss=0.2778 train_corr=0.851 val_loss=1.4245 val_corr=-0.072
[epoch 21] lr=5.00e-04 train_loss=0.2673 train_corr=0.857 val_loss=1.3334 val_corr=-0.045
[epoch 22] lr=5.00e-04 train_loss=0.2640 train_corr=0.859 val_loss=1.4395 val_corr=-0.072
[epoch 23] lr=5.00e-04 train_loss=0.2587 train_corr=0.863 val_loss=1.3671 val_corr=-0.036
[epoch 24] lr=5.00e-04 train_loss=0.2506 train_corr=0.867 val_loss=1.4229 val_corr=-0.072
[epoch 25] lr=5.00e-04 train_loss=0.2488 train_corr=0.869 val_loss=1.4218 val_corr=-0.100
[epoch 26] lr=5.00e-04 train_loss=0.2466 train_corr=0.870 val_loss=1.4263 val_corr=-0.117
[epoch 27] lr=5.00e-04 train_loss=0.2414 train_corr=0.873 val_loss=1.4339 val_corr=-0.087
[epoch 28] lr=5.00e-04 train_loss=0.2339 train_corr=0.877 val_loss=1.3289 val_corr=-0.072
[epoch 29] lr=5.00e-04 train_loss=0.2316 train_corr=0.879 val_loss=1.4689 val_corr=-0.113
[epoch 30] lr=5.00e-04 train_loss=0.2278 train_corr=0.881 val_loss=1.5205 val_corr=-0.153
[epoch 31] lr=5.00e-04 train_loss=0.2255 train_corr=0.882 val_loss=1.3228 val_corr=-0.067
[epoch 32] lr=5.00e-04 train_loss=0.2217 train_corr=0.884 val_loss=1.4093 val_corr=-0.087
[epoch 33] lr=5.00e-04 train_loss=0.2187 train_corr=0.886 val_loss=1.3717 val_corr=-0.084
[epoch 34] lr=5.00e-04 train_loss=0.2145 train_corr=0.889 val_loss=1.4507 val_corr=-0.094
[epoch 35] lr=5.00e-04 train_loss=0.2120 train_corr=0.890 val_loss=1.3830 val_corr=-0.109
[epoch 36] lr=5.00e-04 train_loss=0.2090 train_corr=0.892 val_loss=1.4181 val_corr=-0.093
[epoch 37] lr=5.00e-04 train_loss=0.2072 train_corr=0.893 val_loss=1.3600 val_corr=-0.100
[epoch 38] lr=5.00e-04 train_loss=0.2052 train_corr=0.894 val_loss=1.3504 val_corr=-0.069
[epoch 39] lr=5.00e-04 train_loss=0.2033 train_corr=0.895 val_loss=1.4682 val_corr=-0.118
[epoch 40] lr=5.00e-04 train_loss=0.2007 train_corr=0.897 val_loss=1.4237 val_corr=-0.109
[epoch 41] lr=5.00e-04 train_loss=0.2012 train_corr=0.896 val_loss=1.3567 val_corr=-0.074
[epoch 42] lr=5.00e-04 train_loss=0.1962 train_corr=0.899 val_loss=1.4719 val_corr=-0.109
[epoch 43] lr=5.00e-04 train_loss=0.1963 train_corr=0.899 val_loss=1.3806 val_corr=-0.066
[epoch 44] lr=5.00e-04 train_loss=0.1943 train_corr=0.901 val_loss=1.3885 val_corr=-0.107
[epoch 45] lr=5.00e-04 train_loss=0.1926 train_corr=0.901 val_loss=1.4629 val_corr=-0.138
[epoch 46] lr=5.00e-04 train_loss=0.1915 train_corr=0.902 val_loss=1.4339 val_corr=-0.117
[epoch 47] lr=5.00e-04 train_loss=0.1866 train_corr=0.905 val_loss=1.4038 val_corr=-0.112
[epoch 48] lr=5.00e-04 train_loss=0.1878 train_corr=0.904 val_loss=1.4105 val_corr=-0.134
[epoch 49] lr=5.00e-04 train_loss=0.1846 train_corr=0.906 val_loss=1.3716 val_corr=-0.093
fold 10 done. checkpoint exists: True -> /home/shunya/research/dog-radar-vitals/runs/20260826-213557_ecg_ecg_spatial_gnn_lodo311_waveform_fold10_test30/epoch_004.pt

=== LOSO 学習完了: 11 fold ===
run 一覧: /home/shunya/research/dog-radar-vitals/reports/lodo311_waveform_cv_runs.json
次は evaluate_spatial_gnn_hrv.py を fold ごとに --test_subjects つきで回す(キュー014)
