
=== fold 0: test_subject=1 val_subject=2 ===
train_subjects=[5, 9, 10, 13, 14, 16, 17, 29, 30]
[epoch 0] lr=5.00e-04 train_loss=0.3541 train_corr=0.375 val_loss=0.2389 val_corr=0.247
[epoch 1] lr=5.00e-04 train_loss=0.1725 train_corr=0.516 val_loss=0.2051 val_corr=0.160
[epoch 2] lr=5.00e-04 train_loss=0.1338 train_corr=0.563 val_loss=0.1836 val_corr=0.233
[epoch 3] lr=5.00e-04 train_loss=0.1192 train_corr=0.607 val_loss=0.1998 val_corr=0.175
[epoch 4] lr=5.00e-04 train_loss=0.1109 train_corr=0.642 val_loss=0.1983 val_corr=0.151
[epoch 5] lr=5.00e-04 train_loss=0.1044 train_corr=0.674 val_loss=0.2118 val_corr=0.204
[epoch 6] lr=5.00e-04 train_loss=0.0996 train_corr=0.699 val_loss=0.2301 val_corr=0.078
[epoch 7] lr=5.00e-04 train_loss=0.0957 train_corr=0.719 val_loss=0.2265 val_corr=0.124
[epoch 8] lr=5.00e-04 train_loss=0.0926 train_corr=0.737 val_loss=0.2379 val_corr=0.133
[epoch 9] lr=5.00e-04 train_loss=0.0888 train_corr=0.758 val_loss=0.2089 val_corr=0.149
[epoch 10] lr=5.00e-04 train_loss=0.0861 train_corr=0.774 val_loss=0.2487 val_corr=0.055
[epoch 11] lr=5.00e-04 train_loss=0.0830 train_corr=0.791 val_loss=0.2235 val_corr=0.117
[epoch 12] lr=5.00e-04 train_loss=0.0811 train_corr=0.802 val_loss=0.2338 val_corr=0.127
[epoch 13] lr=5.00e-04 train_loss=0.0790 train_corr=0.813 val_loss=0.2441 val_corr=0.107
[epoch 14] lr=5.00e-04 train_loss=0.0774 train_corr=0.823 val_loss=0.2572 val_corr=0.058
[epoch 15] lr=5.00e-04 train_loss=0.0761 train_corr=0.830 val_loss=0.2701 val_corr=0.070
[epoch 16] lr=5.00e-04 train_loss=0.0746 train_corr=0.839 val_loss=0.2787 val_corr=0.023
[epoch 17] lr=5.00e-04 train_loss=0.0732 train_corr=0.846 val_loss=0.2498 val_corr=0.088
[epoch 18] lr=5.00e-04 train_loss=0.0720 train_corr=0.853 val_loss=0.2691 val_corr=0.044
[epoch 19] lr=5.00e-04 train_loss=0.0713 train_corr=0.858 val_loss=0.2718 val_corr=0.023
[epoch 20] lr=5.00e-04 train_loss=0.0699 train_corr=0.865 val_loss=0.2702 val_corr=0.018
[epoch 21] lr=5.00e-04 train_loss=0.0694 train_corr=0.868 val_loss=0.2833 val_corr=-0.001
[epoch 22] lr=5.00e-04 train_loss=0.0684 train_corr=0.873 val_loss=0.2540 val_corr=0.068
[epoch 23] lr=5.00e-04 train_loss=0.0687 train_corr=0.873 val_loss=0.2664 val_corr=0.041
[epoch 24] lr=5.00e-04 train_loss=0.0676 train_corr=0.878 val_loss=0.2753 val_corr=0.030
[epoch 25] lr=5.00e-04 train_loss=0.0670 train_corr=0.881 val_loss=0.3079 val_corr=-0.015
[epoch 26] lr=5.00e-04 train_loss=0.0665 train_corr=0.885 val_loss=0.2536 val_corr=0.067
[epoch 27] lr=5.00e-04 train_loss=0.0657 train_corr=0.889 val_loss=0.3039 val_corr=-0.011
[epoch 28] lr=5.00e-04 train_loss=0.0659 train_corr=0.888 val_loss=0.2972 val_corr=-0.003
[epoch 29] lr=5.00e-04 train_loss=0.0651 train_corr=0.892 val_loss=0.2875 val_corr=0.007
[epoch 30] lr=5.00e-04 train_loss=0.0647 train_corr=0.895 val_loss=0.2925 val_corr=-0.003
[epoch 31] lr=5.00e-04 train_loss=0.0644 train_corr=0.896 val_loss=0.2930 val_corr=0.004
[epoch 32] lr=5.00e-04 train_loss=0.0640 train_corr=0.899 val_loss=0.3030 val_corr=-0.010
[epoch 33] lr=5.00e-04 train_loss=0.0635 train_corr=0.901 val_loss=0.2695 val_corr=0.041
[epoch 34] lr=5.00e-04 train_loss=0.0635 train_corr=0.901 val_loss=0.2972 val_corr=0.006
[epoch 35] lr=5.00e-04 train_loss=0.0634 train_corr=0.902 val_loss=0.2978 val_corr=-0.006
[epoch 36] lr=5.00e-04 train_loss=0.0630 train_corr=0.903 val_loss=0.2866 val_corr=0.008
[epoch 37] lr=5.00e-04 train_loss=0.0624 train_corr=0.907 val_loss=0.3178 val_corr=-0.005
[epoch 38] lr=5.00e-04 train_loss=0.0623 train_corr=0.907 val_loss=0.2902 val_corr=0.017
[epoch 39] lr=5.00e-04 train_loss=0.0620 train_corr=0.909 val_loss=0.2894 val_corr=0.012
[epoch 40] lr=5.00e-04 train_loss=0.0622 train_corr=0.909 val_loss=0.3056 val_corr=-0.005
[epoch 41] lr=5.00e-04 train_loss=0.0615 train_corr=0.912 val_loss=0.3246 val_corr=-0.005
[epoch 42] lr=5.00e-04 train_loss=0.0613 train_corr=0.912 val_loss=0.3063 val_corr=-0.004
[epoch 43] lr=5.00e-04 train_loss=0.0610 train_corr=0.914 val_loss=0.2889 val_corr=0.025
[epoch 44] lr=5.00e-04 train_loss=0.0611 train_corr=0.914 val_loss=0.3292 val_corr=-0.021
[epoch 45] lr=5.00e-04 train_loss=0.0609 train_corr=0.915 val_loss=0.2938 val_corr=0.016
[epoch 46] lr=5.00e-04 train_loss=0.0608 train_corr=0.915 val_loss=0.2682 val_corr=0.082
[epoch 47] lr=5.00e-04 train_loss=0.0607 train_corr=0.916 val_loss=0.3044 val_corr=0.006
[epoch 48] lr=5.00e-04 train_loss=0.0606 train_corr=0.916 val_loss=0.3195 val_corr=0.005
[epoch 49] lr=5.00e-04 train_loss=0.0602 train_corr=0.918 val_loss=0.3226 val_corr=-0.012
fold 0 done. checkpoint exists: True -> /home/shunya/research/dog-radar-vitals/runs/20260824-185940_ecg_rpeak_spatial_gnn_lodo290_none_fold0_test1/epoch_004.pt

=== fold 1: test_subject=2 val_subject=5 ===
train_subjects=[1, 9, 10, 13, 14, 16, 17, 29, 30]
[epoch 0] lr=5.00e-04 train_loss=0.3680 train_corr=0.411 val_loss=0.2564 val_corr=0.117
[epoch 1] lr=5.00e-04 train_loss=0.1808 train_corr=0.541 val_loss=0.2100 val_corr=0.043
[epoch 2] lr=5.00e-04 train_loss=0.1333 train_corr=0.586 val_loss=0.1996 val_corr=0.114
[epoch 3] lr=5.00e-04 train_loss=0.1155 train_corr=0.631 val_loss=0.2037 val_corr=0.123
[epoch 4] lr=5.00e-04 train_loss=0.1063 train_corr=0.664 val_loss=0.2102 val_corr=0.117
[epoch 5] lr=5.00e-04 train_loss=0.1001 train_corr=0.690 val_loss=0.2248 val_corr=0.063
[epoch 6] lr=5.00e-04 train_loss=0.0963 train_corr=0.707 val_loss=0.2240 val_corr=0.104
[epoch 7] lr=5.00e-04 train_loss=0.0926 train_corr=0.725 val_loss=0.2240 val_corr=0.121
[epoch 8] lr=5.00e-04 train_loss=0.0894 train_corr=0.744 val_loss=0.2208 val_corr=0.126
[epoch 9] lr=5.00e-04 train_loss=0.0868 train_corr=0.758 val_loss=0.2346 val_corr=0.117
[epoch 10] lr=5.00e-04 train_loss=0.0847 train_corr=0.770 val_loss=0.2487 val_corr=0.108
[epoch 11] lr=5.00e-04 train_loss=0.0816 train_corr=0.788 val_loss=0.2563 val_corr=0.102
[epoch 12] lr=5.00e-04 train_loss=0.0798 train_corr=0.800 val_loss=0.2521 val_corr=0.121
[epoch 13] lr=5.00e-04 train_loss=0.0775 train_corr=0.813 val_loss=0.2490 val_corr=0.120
[epoch 14] lr=5.00e-04 train_loss=0.0758 train_corr=0.824 val_loss=0.2356 val_corr=0.171
[epoch 15] lr=5.00e-04 train_loss=0.0747 train_corr=0.831 val_loss=0.2470 val_corr=0.132
[epoch 16] lr=5.00e-04 train_loss=0.0731 train_corr=0.840 val_loss=0.2616 val_corr=0.126
[epoch 17] lr=5.00e-04 train_loss=0.0716 train_corr=0.848 val_loss=0.2319 val_corr=0.182
[epoch 18] lr=5.00e-04 train_loss=0.0705 train_corr=0.855 val_loss=0.2898 val_corr=0.116
[epoch 19] lr=5.00e-04 train_loss=0.0697 train_corr=0.859 val_loss=0.2519 val_corr=0.164
[epoch 20] lr=5.00e-04 train_loss=0.0688 train_corr=0.865 val_loss=0.2815 val_corr=0.124
[epoch 21] lr=5.00e-04 train_loss=0.0677 train_corr=0.871 val_loss=0.2678 val_corr=0.140
[epoch 22] lr=5.00e-04 train_loss=0.0670 train_corr=0.875 val_loss=0.2778 val_corr=0.108
[epoch 23] lr=5.00e-04 train_loss=0.0665 train_corr=0.878 val_loss=0.2798 val_corr=0.158
[epoch 24] lr=5.00e-04 train_loss=0.0655 train_corr=0.883 val_loss=0.2755 val_corr=0.128
[epoch 25] lr=5.00e-04 train_loss=0.0652 train_corr=0.885 val_loss=0.2828 val_corr=0.140
[epoch 26] lr=5.00e-04 train_loss=0.0645 train_corr=0.889 val_loss=0.2628 val_corr=0.135
[epoch 27] lr=5.00e-04 train_loss=0.0639 train_corr=0.892 val_loss=0.3016 val_corr=0.123
[epoch 28] lr=5.00e-04 train_loss=0.0636 train_corr=0.894 val_loss=0.2991 val_corr=0.124
[epoch 29] lr=5.00e-04 train_loss=0.0631 train_corr=0.896 val_loss=0.3012 val_corr=0.119
[epoch 30] lr=5.00e-04 train_loss=0.0624 train_corr=0.900 val_loss=0.2975 val_corr=0.108
[epoch 31] lr=5.00e-04 train_loss=0.0624 train_corr=0.900 val_loss=0.2889 val_corr=0.101
[epoch 32] lr=5.00e-04 train_loss=0.0617 train_corr=0.904 val_loss=0.2858 val_corr=0.114
[epoch 33] lr=5.00e-04 train_loss=0.0619 train_corr=0.903 val_loss=0.2872 val_corr=0.114
[epoch 34] lr=5.00e-04 train_loss=0.0613 train_corr=0.905 val_loss=0.2946 val_corr=0.121
[epoch 35] lr=5.00e-04 train_loss=0.0606 train_corr=0.909 val_loss=0.2819 val_corr=0.135
[epoch 36] lr=5.00e-04 train_loss=0.0608 train_corr=0.909 val_loss=0.2897 val_corr=0.136
[epoch 37] lr=5.00e-04 train_loss=0.0604 train_corr=0.911 val_loss=0.2865 val_corr=0.133
[epoch 38] lr=5.00e-04 train_loss=0.0601 train_corr=0.913 val_loss=0.3050 val_corr=0.109
[epoch 39] lr=5.00e-04 train_loss=0.0600 train_corr=0.913 val_loss=0.3165 val_corr=0.096
[epoch 40] lr=5.00e-04 train_loss=0.0595 train_corr=0.916 val_loss=0.2957 val_corr=0.132
[epoch 41] lr=5.00e-04 train_loss=0.0596 train_corr=0.915 val_loss=0.2982 val_corr=0.090
[epoch 42] lr=5.00e-04 train_loss=0.0594 train_corr=0.917 val_loss=0.2970 val_corr=0.111
[epoch 43] lr=5.00e-04 train_loss=0.0591 train_corr=0.918 val_loss=0.3478 val_corr=0.075
[epoch 44] lr=5.00e-04 train_loss=0.0589 train_corr=0.919 val_loss=0.3008 val_corr=0.124
[epoch 45] lr=5.00e-04 train_loss=0.0587 train_corr=0.920 val_loss=0.3064 val_corr=0.108
[epoch 46] lr=5.00e-04 train_loss=0.0588 train_corr=0.919 val_loss=0.3050 val_corr=0.116
[epoch 47] lr=5.00e-04 train_loss=0.0586 train_corr=0.921 val_loss=0.3143 val_corr=0.096
[epoch 48] lr=5.00e-04 train_loss=0.0583 train_corr=0.922 val_loss=0.3246 val_corr=0.082
[epoch 49] lr=5.00e-04 train_loss=0.0583 train_corr=0.923 val_loss=0.3108 val_corr=0.105
fold 1 done. checkpoint exists: True -> /home/shunya/research/dog-radar-vitals/runs/20260824-190407_ecg_rpeak_spatial_gnn_lodo290_none_fold1_test2/epoch_004.pt

=== fold 2: test_subject=5 val_subject=9 ===
train_subjects=[1, 2, 10, 13, 14, 16, 17, 29, 30]
[epoch 0] lr=5.00e-04 train_loss=0.3779 train_corr=0.395 val_loss=0.2452 val_corr=0.365
[epoch 1] lr=5.00e-04 train_loss=0.1863 train_corr=0.541 val_loss=0.1637 val_corr=0.387
[epoch 2] lr=5.00e-04 train_loss=0.1366 train_corr=0.584 val_loss=0.1465 val_corr=0.371
[epoch 3] lr=5.00e-04 train_loss=0.1181 train_corr=0.623 val_loss=0.1456 val_corr=0.346
[epoch 4] lr=5.00e-04 train_loss=0.1083 train_corr=0.659 val_loss=0.1418 val_corr=0.359
[epoch 5] lr=5.00e-04 train_loss=0.1015 train_corr=0.689 val_loss=0.1443 val_corr=0.323
[epoch 6] lr=5.00e-04 train_loss=0.0970 train_corr=0.709 val_loss=0.1518 val_corr=0.311
[epoch 7] lr=5.00e-04 train_loss=0.0928 train_corr=0.731 val_loss=0.1362 val_corr=0.396
[epoch 8] lr=5.00e-04 train_loss=0.0887 train_corr=0.754 val_loss=0.1722 val_corr=0.237
[epoch 9] lr=5.00e-04 train_loss=0.0863 train_corr=0.768 val_loss=0.1518 val_corr=0.315
[epoch 10] lr=5.00e-04 train_loss=0.0832 train_corr=0.785 val_loss=0.1616 val_corr=0.268
[epoch 11] lr=5.00e-04 train_loss=0.0812 train_corr=0.797 val_loss=0.1649 val_corr=0.272
[epoch 12] lr=5.00e-04 train_loss=0.0793 train_corr=0.808 val_loss=0.1595 val_corr=0.340
[epoch 13] lr=5.00e-04 train_loss=0.0773 train_corr=0.820 val_loss=0.1609 val_corr=0.319
[epoch 14] lr=5.00e-04 train_loss=0.0756 train_corr=0.829 val_loss=0.1445 val_corr=0.357
[epoch 15] lr=5.00e-04 train_loss=0.0740 train_corr=0.838 val_loss=0.1805 val_corr=0.284
[epoch 16] lr=5.00e-04 train_loss=0.0729 train_corr=0.844 val_loss=0.1581 val_corr=0.340
[epoch 17] lr=5.00e-04 train_loss=0.0715 train_corr=0.852 val_loss=0.1629 val_corr=0.336
[epoch 18] lr=5.00e-04 train_loss=0.0704 train_corr=0.858 val_loss=0.1688 val_corr=0.297
[epoch 19] lr=5.00e-04 train_loss=0.0696 train_corr=0.863 val_loss=0.1619 val_corr=0.338
[epoch 20] lr=5.00e-04 train_loss=0.0687 train_corr=0.868 val_loss=0.1616 val_corr=0.319
[epoch 21] lr=5.00e-04 train_loss=0.0676 train_corr=0.874 val_loss=0.1564 val_corr=0.338
[epoch 22] lr=5.00e-04 train_loss=0.0672 train_corr=0.876 val_loss=0.1847 val_corr=0.258
[epoch 23] lr=5.00e-04 train_loss=0.0660 train_corr=0.882 val_loss=0.1728 val_corr=0.271
[epoch 24] lr=5.00e-04 train_loss=0.0655 train_corr=0.886 val_loss=0.1707 val_corr=0.289
[epoch 25] lr=5.00e-04 train_loss=0.0650 train_corr=0.888 val_loss=0.1879 val_corr=0.254
[epoch 26] lr=5.00e-04 train_loss=0.0641 train_corr=0.894 val_loss=0.1659 val_corr=0.335
[epoch 27] lr=5.00e-04 train_loss=0.0637 train_corr=0.896 val_loss=0.1784 val_corr=0.293
[epoch 28] lr=5.00e-04 train_loss=0.0632 train_corr=0.898 val_loss=0.1724 val_corr=0.324
[epoch 29] lr=5.00e-04 train_loss=0.0629 train_corr=0.899 val_loss=0.1769 val_corr=0.285
[epoch 30] lr=5.00e-04 train_loss=0.0623 train_corr=0.903 val_loss=0.1711 val_corr=0.331
[epoch 31] lr=5.00e-04 train_loss=0.0619 train_corr=0.905 val_loss=0.1823 val_corr=0.302
[epoch 32] lr=5.00e-04 train_loss=0.0617 train_corr=0.906 val_loss=0.1933 val_corr=0.264
[epoch 33] lr=5.00e-04 train_loss=0.0614 train_corr=0.908 val_loss=0.1672 val_corr=0.331
[epoch 34] lr=5.00e-04 train_loss=0.0610 train_corr=0.910 val_loss=0.1609 val_corr=0.358
[epoch 35] lr=5.00e-04 train_loss=0.0606 train_corr=0.912 val_loss=0.1704 val_corr=0.324
[epoch 36] lr=5.00e-04 train_loss=0.0602 train_corr=0.914 val_loss=0.1547 val_corr=0.387
[epoch 37] lr=5.00e-04 train_loss=0.0602 train_corr=0.914 val_loss=0.2033 val_corr=0.217
[epoch 38] lr=5.00e-04 train_loss=0.0601 train_corr=0.915 val_loss=0.1834 val_corr=0.347
[epoch 39] lr=5.00e-04 train_loss=0.0594 train_corr=0.918 val_loss=0.1761 val_corr=0.327
[epoch 40] lr=5.00e-04 train_loss=0.0593 train_corr=0.919 val_loss=0.1696 val_corr=0.345
[epoch 41] lr=5.00e-04 train_loss=0.0592 train_corr=0.919 val_loss=0.1945 val_corr=0.292
[epoch 42] lr=5.00e-04 train_loss=0.0589 train_corr=0.921 val_loss=0.1833 val_corr=0.303
[epoch 43] lr=5.00e-04 train_loss=0.0588 train_corr=0.922 val_loss=0.1794 val_corr=0.324
[epoch 44] lr=5.00e-04 train_loss=0.0588 train_corr=0.921 val_loss=0.1809 val_corr=0.346
[epoch 45] lr=5.00e-04 train_loss=0.0584 train_corr=0.923 val_loss=0.1818 val_corr=0.328
[epoch 46] lr=5.00e-04 train_loss=0.0584 train_corr=0.924 val_loss=0.1954 val_corr=0.277
[epoch 47] lr=5.00e-04 train_loss=0.0580 train_corr=0.925 val_loss=0.1778 val_corr=0.313
[epoch 48] lr=5.00e-04 train_loss=0.0581 train_corr=0.926 val_loss=0.1734 val_corr=0.365
[epoch 49] lr=5.00e-04 train_loss=0.0579 train_corr=0.926 val_loss=0.1784 val_corr=0.307
fold 2 done. checkpoint exists: True -> /home/shunya/research/dog-radar-vitals/runs/20260824-190818_ecg_rpeak_spatial_gnn_lodo290_none_fold2_test5/epoch_004.pt

=== fold 3: test_subject=9 val_subject=10 ===
train_subjects=[1, 2, 5, 13, 14, 16, 17, 29, 30]
[epoch 0] lr=5.00e-04 train_loss=0.3642 train_corr=0.358 val_loss=0.2262 val_corr=0.570
[epoch 1] lr=5.00e-04 train_loss=0.1804 train_corr=0.500 val_loss=0.1470 val_corr=0.607
[epoch 2] lr=5.00e-04 train_loss=0.1373 train_corr=0.557 val_loss=0.1263 val_corr=0.587
[epoch 3] lr=5.00e-04 train_loss=0.1214 train_corr=0.603 val_loss=0.1182 val_corr=0.587
[epoch 4] lr=5.00e-04 train_loss=0.1120 train_corr=0.643 val_loss=0.1212 val_corr=0.564
[epoch 5] lr=5.00e-04 train_loss=0.1051 train_corr=0.677 val_loss=0.1128 val_corr=0.608
[epoch 6] lr=5.00e-04 train_loss=0.0998 train_corr=0.703 val_loss=0.1071 val_corr=0.625
[epoch 7] lr=5.00e-04 train_loss=0.0958 train_corr=0.724 val_loss=0.1141 val_corr=0.573
[epoch 8] lr=5.00e-04 train_loss=0.0922 train_corr=0.744 val_loss=0.1016 val_corr=0.664
[epoch 9] lr=5.00e-04 train_loss=0.0892 train_corr=0.760 val_loss=0.1049 val_corr=0.646
[epoch 10] lr=5.00e-04 train_loss=0.0865 train_corr=0.775 val_loss=0.1050 val_corr=0.652
[epoch 11] lr=5.00e-04 train_loss=0.0839 train_corr=0.788 val_loss=0.1063 val_corr=0.631
[epoch 12] lr=5.00e-04 train_loss=0.0819 train_corr=0.800 val_loss=0.1072 val_corr=0.636
[epoch 13] lr=5.00e-04 train_loss=0.0799 train_corr=0.811 val_loss=0.0993 val_corr=0.677
[epoch 14] lr=5.00e-04 train_loss=0.0788 train_corr=0.818 val_loss=0.1080 val_corr=0.626
[epoch 15] lr=5.00e-04 train_loss=0.0771 train_corr=0.827 val_loss=0.1046 val_corr=0.642
[epoch 16] lr=5.00e-04 train_loss=0.0757 train_corr=0.835 val_loss=0.0997 val_corr=0.668
[epoch 17] lr=5.00e-04 train_loss=0.0746 train_corr=0.842 val_loss=0.1072 val_corr=0.633
[epoch 18] lr=5.00e-04 train_loss=0.0733 train_corr=0.849 val_loss=0.1012 val_corr=0.661
[epoch 19] lr=5.00e-04 train_loss=0.0723 train_corr=0.855 val_loss=0.1028 val_corr=0.647
[epoch 20] lr=5.00e-04 train_loss=0.0715 train_corr=0.859 val_loss=0.1089 val_corr=0.616
[epoch 21] lr=5.00e-04 train_loss=0.0706 train_corr=0.864 val_loss=0.1049 val_corr=0.628
[epoch 22] lr=5.00e-04 train_loss=0.0699 train_corr=0.869 val_loss=0.1125 val_corr=0.594
[epoch 23] lr=5.00e-04 train_loss=0.0693 train_corr=0.872 val_loss=0.1098 val_corr=0.604
[epoch 24] lr=5.00e-04 train_loss=0.0685 train_corr=0.876 val_loss=0.1106 val_corr=0.610
[epoch 25] lr=5.00e-04 train_loss=0.0676 train_corr=0.881 val_loss=0.1074 val_corr=0.624
[epoch 26] lr=5.00e-04 train_loss=0.0669 train_corr=0.885 val_loss=0.1099 val_corr=0.613
[epoch 27] lr=5.00e-04 train_loss=0.0668 train_corr=0.886 val_loss=0.1119 val_corr=0.595
[epoch 28] lr=5.00e-04 train_loss=0.0666 train_corr=0.887 val_loss=0.1085 val_corr=0.615
[epoch 29] lr=5.00e-04 train_loss=0.0661 train_corr=0.890 val_loss=0.1121 val_corr=0.611
[epoch 30] lr=5.00e-04 train_loss=0.0653 train_corr=0.894 val_loss=0.1092 val_corr=0.611
[epoch 31] lr=5.00e-04 train_loss=0.0650 train_corr=0.895 val_loss=0.1146 val_corr=0.602
[epoch 32] lr=5.00e-04 train_loss=0.0646 train_corr=0.897 val_loss=0.1095 val_corr=0.610
[epoch 33] lr=5.00e-04 train_loss=0.0643 train_corr=0.899 val_loss=0.1155 val_corr=0.579
[epoch 34] lr=5.00e-04 train_loss=0.0637 train_corr=0.902 val_loss=0.1169 val_corr=0.575
[epoch 35] lr=5.00e-04 train_loss=0.0636 train_corr=0.902 val_loss=0.1189 val_corr=0.557
[epoch 36] lr=5.00e-04 train_loss=0.0634 train_corr=0.904 val_loss=0.1071 val_corr=0.639
[epoch 37] lr=5.00e-04 train_loss=0.0628 train_corr=0.907 val_loss=0.1064 val_corr=0.626
[epoch 38] lr=5.00e-04 train_loss=0.0624 train_corr=0.909 val_loss=0.1152 val_corr=0.587
[epoch 39] lr=5.00e-04 train_loss=0.0624 train_corr=0.909 val_loss=0.1148 val_corr=0.584
[epoch 40] lr=5.00e-04 train_loss=0.0624 train_corr=0.909 val_loss=0.1069 val_corr=0.614
[epoch 41] lr=5.00e-04 train_loss=0.0622 train_corr=0.910 val_loss=0.1113 val_corr=0.614
[epoch 42] lr=5.00e-04 train_loss=0.0616 train_corr=0.913 val_loss=0.1102 val_corr=0.619
[epoch 43] lr=5.00e-04 train_loss=0.0614 train_corr=0.914 val_loss=0.1111 val_corr=0.609
[epoch 44] lr=5.00e-04 train_loss=0.0616 train_corr=0.913 val_loss=0.1200 val_corr=0.571
[epoch 45] lr=5.00e-04 train_loss=0.0610 train_corr=0.916 val_loss=0.1102 val_corr=0.613
[epoch 46] lr=5.00e-04 train_loss=0.0614 train_corr=0.914 val_loss=0.1139 val_corr=0.609
[epoch 47] lr=5.00e-04 train_loss=0.0610 train_corr=0.916 val_loss=0.1195 val_corr=0.569
[epoch 48] lr=5.00e-04 train_loss=0.0609 train_corr=0.916 val_loss=0.1136 val_corr=0.605
[epoch 49] lr=5.00e-04 train_loss=0.0607 train_corr=0.918 val_loss=0.1118 val_corr=0.609
fold 3 done. checkpoint exists: True -> /home/shunya/research/dog-radar-vitals/runs/20260824-191211_ecg_rpeak_spatial_gnn_lodo290_none_fold3_test9/epoch_004.pt

=== fold 4: test_subject=10 val_subject=13 ===
train_subjects=[1, 2, 5, 9, 14, 16, 17, 29, 30]
[epoch 0] lr=5.00e-04 train_loss=0.3646 train_corr=0.349 val_loss=0.2156 val_corr=0.564
[epoch 1] lr=5.00e-04 train_loss=0.1815 train_corr=0.496 val_loss=0.1374 val_corr=0.582
[epoch 2] lr=5.00e-04 train_loss=0.1382 train_corr=0.555 val_loss=0.1171 val_corr=0.542
[epoch 3] lr=5.00e-04 train_loss=0.1227 train_corr=0.600 val_loss=0.1052 val_corr=0.578
[epoch 4] lr=5.00e-04 train_loss=0.1137 train_corr=0.637 val_loss=0.1131 val_corr=0.527
[epoch 5] lr=5.00e-04 train_loss=0.1075 train_corr=0.667 val_loss=0.1023 val_corr=0.562
[epoch 6] lr=5.00e-04 train_loss=0.1028 train_corr=0.689 val_loss=0.1014 val_corr=0.573
[epoch 7] lr=5.00e-04 train_loss=0.0985 train_corr=0.711 val_loss=0.1031 val_corr=0.542
[epoch 8] lr=5.00e-04 train_loss=0.0945 train_corr=0.734 val_loss=0.0995 val_corr=0.576
[epoch 9] lr=5.00e-04 train_loss=0.0912 train_corr=0.753 val_loss=0.1001 val_corr=0.575
[epoch 10] lr=5.00e-04 train_loss=0.0876 train_corr=0.773 val_loss=0.1026 val_corr=0.560
[epoch 11] lr=5.00e-04 train_loss=0.0851 train_corr=0.785 val_loss=0.1057 val_corr=0.512
[epoch 12] lr=5.00e-04 train_loss=0.0828 train_corr=0.799 val_loss=0.1133 val_corr=0.464
[epoch 13] lr=5.00e-04 train_loss=0.0808 train_corr=0.811 val_loss=0.1073 val_corr=0.508
[epoch 14] lr=5.00e-04 train_loss=0.0793 train_corr=0.818 val_loss=0.1066 val_corr=0.521
[epoch 15] lr=5.00e-04 train_loss=0.0776 train_corr=0.828 val_loss=0.1100 val_corr=0.501
[epoch 16] lr=5.00e-04 train_loss=0.0764 train_corr=0.835 val_loss=0.1088 val_corr=0.513
[epoch 17] lr=5.00e-04 train_loss=0.0750 train_corr=0.843 val_loss=0.1079 val_corr=0.505
[epoch 18] lr=5.00e-04 train_loss=0.0737 train_corr=0.850 val_loss=0.1148 val_corr=0.489
[epoch 19] lr=5.00e-04 train_loss=0.0727 train_corr=0.856 val_loss=0.1132 val_corr=0.487
[epoch 20] lr=5.00e-04 train_loss=0.0719 train_corr=0.860 val_loss=0.1119 val_corr=0.500
[epoch 21] lr=5.00e-04 train_loss=0.0711 train_corr=0.865 val_loss=0.1079 val_corr=0.524
[epoch 22] lr=5.00e-04 train_loss=0.0700 train_corr=0.871 val_loss=0.1124 val_corr=0.500
[epoch 23] lr=5.00e-04 train_loss=0.0696 train_corr=0.873 val_loss=0.1141 val_corr=0.488
[epoch 24] lr=5.00e-04 train_loss=0.0689 train_corr=0.877 val_loss=0.1153 val_corr=0.494
[epoch 25] lr=5.00e-04 train_loss=0.0681 train_corr=0.881 val_loss=0.1119 val_corr=0.511
[epoch 26] lr=5.00e-04 train_loss=0.0673 train_corr=0.886 val_loss=0.1152 val_corr=0.488
[epoch 27] lr=5.00e-04 train_loss=0.0670 train_corr=0.887 val_loss=0.1187 val_corr=0.468
[epoch 28] lr=5.00e-04 train_loss=0.0668 train_corr=0.888 val_loss=0.1146 val_corr=0.492
[epoch 29] lr=5.00e-04 train_loss=0.0668 train_corr=0.889 val_loss=0.1160 val_corr=0.477
[epoch 30] lr=5.00e-04 train_loss=0.0656 train_corr=0.894 val_loss=0.1131 val_corr=0.504
[epoch 31] lr=5.00e-04 train_loss=0.0656 train_corr=0.895 val_loss=0.1133 val_corr=0.509
[epoch 32] lr=5.00e-04 train_loss=0.0649 train_corr=0.898 val_loss=0.1155 val_corr=0.491
[epoch 33] lr=5.00e-04 train_loss=0.0649 train_corr=0.899 val_loss=0.1129 val_corr=0.507
[epoch 34] lr=5.00e-04 train_loss=0.0643 train_corr=0.901 val_loss=0.1131 val_corr=0.523
[epoch 35] lr=5.00e-04 train_loss=0.0642 train_corr=0.902 val_loss=0.1242 val_corr=0.440
[epoch 36] lr=5.00e-04 train_loss=0.0637 train_corr=0.905 val_loss=0.1183 val_corr=0.511
[epoch 37] lr=5.00e-04 train_loss=0.0634 train_corr=0.906 val_loss=0.1179 val_corr=0.492
[epoch 38] lr=5.00e-04 train_loss=0.0629 train_corr=0.908 val_loss=0.1223 val_corr=0.461
[epoch 39] lr=5.00e-04 train_loss=0.0632 train_corr=0.908 val_loss=0.1177 val_corr=0.479
[epoch 40] lr=5.00e-04 train_loss=0.0627 train_corr=0.910 val_loss=0.1227 val_corr=0.468
[epoch 41] lr=5.00e-04 train_loss=0.0625 train_corr=0.911 val_loss=0.1110 val_corr=0.535
[epoch 42] lr=5.00e-04 train_loss=0.0622 train_corr=0.913 val_loss=0.1208 val_corr=0.465
[epoch 43] lr=5.00e-04 train_loss=0.0620 train_corr=0.913 val_loss=0.1237 val_corr=0.463
[epoch 44] lr=5.00e-04 train_loss=0.0620 train_corr=0.914 val_loss=0.1200 val_corr=0.475
[epoch 45] lr=5.00e-04 train_loss=0.0617 train_corr=0.915 val_loss=0.1146 val_corr=0.505
[epoch 46] lr=5.00e-04 train_loss=0.0618 train_corr=0.915 val_loss=0.1216 val_corr=0.472
[epoch 47] lr=5.00e-04 train_loss=0.0614 train_corr=0.917 val_loss=0.1197 val_corr=0.482
[epoch 48] lr=5.00e-04 train_loss=0.0617 train_corr=0.916 val_loss=0.1216 val_corr=0.472
[epoch 49] lr=5.00e-04 train_loss=0.0610 train_corr=0.919 val_loss=0.1227 val_corr=0.461
fold 4 done. checkpoint exists: True -> /home/shunya/research/dog-radar-vitals/runs/20260824-191625_ecg_rpeak_spatial_gnn_lodo290_none_fold4_test10/epoch_004.pt

=== fold 5: test_subject=13 val_subject=14 ===
train_subjects=[1, 2, 5, 9, 10, 16, 17, 29, 30]
[epoch 0] lr=5.00e-04 train_loss=0.3738 train_corr=0.364 val_loss=0.2371 val_corr=0.377
[epoch 1] lr=5.00e-04 train_loss=0.1899 train_corr=0.497 val_loss=0.1621 val_corr=0.404
[epoch 2] lr=5.00e-04 train_loss=0.1422 train_corr=0.557 val_loss=0.1508 val_corr=0.413
[epoch 3] lr=5.00e-04 train_loss=0.1222 train_corr=0.617 val_loss=0.1398 val_corr=0.446
[epoch 4] lr=5.00e-04 train_loss=0.1117 train_corr=0.655 val_loss=0.1366 val_corr=0.469
[epoch 5] lr=5.00e-04 train_loss=0.1048 train_corr=0.686 val_loss=0.1453 val_corr=0.413
[epoch 6] lr=5.00e-04 train_loss=0.0999 train_corr=0.711 val_loss=0.1479 val_corr=0.445
[epoch 7] lr=5.00e-04 train_loss=0.0959 train_corr=0.731 val_loss=0.1500 val_corr=0.437
[epoch 8] lr=5.00e-04 train_loss=0.0925 train_corr=0.750 val_loss=0.1484 val_corr=0.459
[epoch 9] lr=5.00e-04 train_loss=0.0893 train_corr=0.767 val_loss=0.1501 val_corr=0.434
[epoch 10] lr=5.00e-04 train_loss=0.0865 train_corr=0.783 val_loss=0.1514 val_corr=0.450
[epoch 11] lr=5.00e-04 train_loss=0.0837 train_corr=0.799 val_loss=0.1586 val_corr=0.430
[epoch 12] lr=5.00e-04 train_loss=0.0815 train_corr=0.809 val_loss=0.1598 val_corr=0.439
[epoch 13] lr=5.00e-04 train_loss=0.0802 train_corr=0.817 val_loss=0.1591 val_corr=0.439
[epoch 14] lr=5.00e-04 train_loss=0.0786 train_corr=0.825 val_loss=0.1627 val_corr=0.436
[epoch 15] lr=5.00e-04 train_loss=0.0769 train_corr=0.835 val_loss=0.1642 val_corr=0.433
[epoch 16] lr=5.00e-04 train_loss=0.0756 train_corr=0.842 val_loss=0.1690 val_corr=0.451
[epoch 17] lr=5.00e-04 train_loss=0.0744 train_corr=0.849 val_loss=0.1715 val_corr=0.461
[epoch 18] lr=5.00e-04 train_loss=0.0735 train_corr=0.854 val_loss=0.1644 val_corr=0.472
[epoch 19] lr=5.00e-04 train_loss=0.0723 train_corr=0.860 val_loss=0.1741 val_corr=0.459
[epoch 20] lr=5.00e-04 train_loss=0.0718 train_corr=0.863 val_loss=0.1704 val_corr=0.428
[epoch 21] lr=5.00e-04 train_loss=0.0709 train_corr=0.868 val_loss=0.1733 val_corr=0.452
[epoch 22] lr=5.00e-04 train_loss=0.0699 train_corr=0.874 val_loss=0.1735 val_corr=0.426
[epoch 23] lr=5.00e-04 train_loss=0.0692 train_corr=0.878 val_loss=0.1838 val_corr=0.411
[epoch 24] lr=5.00e-04 train_loss=0.0691 train_corr=0.879 val_loss=0.1709 val_corr=0.454
[epoch 25] lr=5.00e-04 train_loss=0.0679 train_corr=0.885 val_loss=0.1796 val_corr=0.438
[epoch 26] lr=5.00e-04 train_loss=0.0674 train_corr=0.887 val_loss=0.1732 val_corr=0.445
[epoch 27] lr=5.00e-04 train_loss=0.0666 train_corr=0.891 val_loss=0.1784 val_corr=0.429
[epoch 28] lr=5.00e-04 train_loss=0.0663 train_corr=0.893 val_loss=0.1693 val_corr=0.445
[epoch 29] lr=5.00e-04 train_loss=0.0662 train_corr=0.894 val_loss=0.1852 val_corr=0.455
[epoch 30] lr=5.00e-04 train_loss=0.0659 train_corr=0.895 val_loss=0.1824 val_corr=0.425
[epoch 31] lr=5.00e-04 train_loss=0.0652 train_corr=0.899 val_loss=0.1799 val_corr=0.442
[epoch 32] lr=5.00e-04 train_loss=0.0648 train_corr=0.901 val_loss=0.1754 val_corr=0.466
[epoch 33] lr=5.00e-04 train_loss=0.0644 train_corr=0.903 val_loss=0.1745 val_corr=0.422
[epoch 34] lr=5.00e-04 train_loss=0.0643 train_corr=0.904 val_loss=0.1758 val_corr=0.431
[epoch 35] lr=5.00e-04 train_loss=0.0638 train_corr=0.906 val_loss=0.1861 val_corr=0.461
[epoch 36] lr=5.00e-04 train_loss=0.0635 train_corr=0.908 val_loss=0.1740 val_corr=0.460
[epoch 37] lr=5.00e-04 train_loss=0.0633 train_corr=0.908 val_loss=0.1818 val_corr=0.405
[epoch 38] lr=5.00e-04 train_loss=0.0630 train_corr=0.910 val_loss=0.1848 val_corr=0.430
[epoch 39] lr=5.00e-04 train_loss=0.0625 train_corr=0.913 val_loss=0.1868 val_corr=0.428
[epoch 40] lr=5.00e-04 train_loss=0.0626 train_corr=0.913 val_loss=0.1952 val_corr=0.404
[epoch 41] lr=5.00e-04 train_loss=0.0620 train_corr=0.915 val_loss=0.1854 val_corr=0.422
[epoch 42] lr=5.00e-04 train_loss=0.0622 train_corr=0.915 val_loss=0.1837 val_corr=0.398
[epoch 43] lr=5.00e-04 train_loss=0.0618 train_corr=0.917 val_loss=0.1866 val_corr=0.435
[epoch 44] lr=5.00e-04 train_loss=0.0613 train_corr=0.919 val_loss=0.1852 val_corr=0.414
[epoch 45] lr=5.00e-04 train_loss=0.0612 train_corr=0.920 val_loss=0.1935 val_corr=0.416
[epoch 46] lr=5.00e-04 train_loss=0.0614 train_corr=0.919 val_loss=0.1898 val_corr=0.474
[epoch 47] lr=5.00e-04 train_loss=0.0611 train_corr=0.920 val_loss=0.1892 val_corr=0.423
[epoch 48] lr=5.00e-04 train_loss=0.0611 train_corr=0.920 val_loss=0.1855 val_corr=0.417
[epoch 49] lr=5.00e-04 train_loss=0.0604 train_corr=0.924 val_loss=0.1902 val_corr=0.423
fold 5 done. checkpoint exists: True -> /home/shunya/research/dog-radar-vitals/runs/20260824-192042_ecg_rpeak_spatial_gnn_lodo290_none_fold5_test13/epoch_004.pt

=== fold 6: test_subject=14 val_subject=16 ===
train_subjects=[1, 2, 5, 9, 10, 13, 17, 29, 30]
[epoch 0] lr=5.00e-04 train_loss=0.3754 train_corr=0.362 val_loss=0.2486 val_corr=0.284
[epoch 1] lr=5.00e-04 train_loss=0.1872 train_corr=0.519 val_loss=0.1809 val_corr=0.298
[epoch 2] lr=5.00e-04 train_loss=0.1382 train_corr=0.576 val_loss=0.1762 val_corr=0.213
[epoch 3] lr=5.00e-04 train_loss=0.1193 train_corr=0.622 val_loss=0.1753 val_corr=0.236
[epoch 4] lr=5.00e-04 train_loss=0.1104 train_corr=0.651 val_loss=0.1820 val_corr=0.221
[epoch 5] lr=5.00e-04 train_loss=0.1033 train_corr=0.683 val_loss=0.1919 val_corr=0.210
[epoch 6] lr=5.00e-04 train_loss=0.0978 train_corr=0.711 val_loss=0.1905 val_corr=0.231
[epoch 7] lr=5.00e-04 train_loss=0.0934 train_corr=0.736 val_loss=0.1950 val_corr=0.241
[epoch 8] lr=5.00e-04 train_loss=0.0898 train_corr=0.757 val_loss=0.1925 val_corr=0.272
[epoch 9] lr=5.00e-04 train_loss=0.0873 train_corr=0.770 val_loss=0.1941 val_corr=0.258
[epoch 10] lr=5.00e-04 train_loss=0.0840 train_corr=0.788 val_loss=0.1863 val_corr=0.313
[epoch 11] lr=5.00e-04 train_loss=0.0821 train_corr=0.798 val_loss=0.2072 val_corr=0.257
[epoch 12] lr=5.00e-04 train_loss=0.0802 train_corr=0.809 val_loss=0.2007 val_corr=0.257
[epoch 13] lr=5.00e-04 train_loss=0.0786 train_corr=0.818 val_loss=0.2279 val_corr=0.211
[epoch 14] lr=5.00e-04 train_loss=0.0768 train_corr=0.828 val_loss=0.2132 val_corr=0.239
[epoch 15] lr=5.00e-04 train_loss=0.0753 train_corr=0.836 val_loss=0.2337 val_corr=0.212
[epoch 16] lr=5.00e-04 train_loss=0.0740 train_corr=0.843 val_loss=0.2139 val_corr=0.252
[epoch 17] lr=5.00e-04 train_loss=0.0730 train_corr=0.849 val_loss=0.2267 val_corr=0.214
[epoch 18] lr=5.00e-04 train_loss=0.0718 train_corr=0.856 val_loss=0.2146 val_corr=0.248
[epoch 19] lr=5.00e-04 train_loss=0.0709 train_corr=0.861 val_loss=0.2163 val_corr=0.229
[epoch 20] lr=5.00e-04 train_loss=0.0701 train_corr=0.866 val_loss=0.2246 val_corr=0.273
[epoch 21] lr=5.00e-04 train_loss=0.0690 train_corr=0.872 val_loss=0.2078 val_corr=0.277
[epoch 22] lr=5.00e-04 train_loss=0.0684 train_corr=0.876 val_loss=0.2235 val_corr=0.232
[epoch 23] lr=5.00e-04 train_loss=0.0679 train_corr=0.879 val_loss=0.2452 val_corr=0.194
[epoch 24] lr=5.00e-04 train_loss=0.0668 train_corr=0.885 val_loss=0.2264 val_corr=0.240
[epoch 25] lr=5.00e-04 train_loss=0.0665 train_corr=0.886 val_loss=0.2315 val_corr=0.245
[epoch 26] lr=5.00e-04 train_loss=0.0657 train_corr=0.891 val_loss=0.2175 val_corr=0.272
[epoch 27] lr=5.00e-04 train_loss=0.0650 train_corr=0.894 val_loss=0.2614 val_corr=0.213
[epoch 28] lr=5.00e-04 train_loss=0.0648 train_corr=0.895 val_loss=0.2368 val_corr=0.239
[epoch 29] lr=5.00e-04 train_loss=0.0645 train_corr=0.897 val_loss=0.2476 val_corr=0.200
[epoch 30] lr=5.00e-04 train_loss=0.0643 train_corr=0.898 val_loss=0.2405 val_corr=0.227
[epoch 31] lr=5.00e-04 train_loss=0.0636 train_corr=0.902 val_loss=0.2232 val_corr=0.260
[epoch 32] lr=5.00e-04 train_loss=0.0629 train_corr=0.905 val_loss=0.2170 val_corr=0.297
[epoch 33] lr=5.00e-04 train_loss=0.0628 train_corr=0.906 val_loss=0.2202 val_corr=0.269
[epoch 34] lr=5.00e-04 train_loss=0.0624 train_corr=0.908 val_loss=0.2296 val_corr=0.239
[epoch 35] lr=5.00e-04 train_loss=0.0622 train_corr=0.909 val_loss=0.2292 val_corr=0.287
[epoch 36] lr=5.00e-04 train_loss=0.0618 train_corr=0.911 val_loss=0.2264 val_corr=0.270
[epoch 37] lr=5.00e-04 train_loss=0.0617 train_corr=0.912 val_loss=0.2150 val_corr=0.303
[epoch 38] lr=5.00e-04 train_loss=0.0616 train_corr=0.912 val_loss=0.2344 val_corr=0.250
[epoch 39] lr=5.00e-04 train_loss=0.0615 train_corr=0.913 val_loss=0.2242 val_corr=0.277
[epoch 40] lr=5.00e-04 train_loss=0.0609 train_corr=0.916 val_loss=0.2372 val_corr=0.271
[epoch 41] lr=5.00e-04 train_loss=0.0607 train_corr=0.917 val_loss=0.2428 val_corr=0.245
[epoch 42] lr=5.00e-04 train_loss=0.0604 train_corr=0.919 val_loss=0.2228 val_corr=0.263
[epoch 43] lr=5.00e-04 train_loss=0.0602 train_corr=0.920 val_loss=0.2428 val_corr=0.287
[epoch 44] lr=5.00e-04 train_loss=0.0601 train_corr=0.920 val_loss=0.2272 val_corr=0.276
[epoch 45] lr=5.00e-04 train_loss=0.0602 train_corr=0.920 val_loss=0.2524 val_corr=0.222
[epoch 46] lr=5.00e-04 train_loss=0.0598 train_corr=0.922 val_loss=0.2393 val_corr=0.256
[epoch 47] lr=5.00e-04 train_loss=0.0594 train_corr=0.924 val_loss=0.2411 val_corr=0.255
[epoch 48] lr=5.00e-04 train_loss=0.0596 train_corr=0.922 val_loss=0.2313 val_corr=0.285
[epoch 49] lr=5.00e-04 train_loss=0.0591 train_corr=0.925 val_loss=0.2389 val_corr=0.292
fold 6 done. checkpoint exists: True -> /home/shunya/research/dog-radar-vitals/runs/20260824-192445_ecg_rpeak_spatial_gnn_lodo290_none_fold6_test14/epoch_004.pt

=== fold 7: test_subject=16 val_subject=17 ===
train_subjects=[1, 2, 5, 9, 10, 13, 14, 29, 30]
[epoch 0] lr=5.00e-04 train_loss=0.3767 train_corr=0.346 val_loss=0.2388 val_corr=0.538
[epoch 1] lr=5.00e-04 train_loss=0.1898 train_corr=0.505 val_loss=0.1447 val_corr=0.555
[epoch 2] lr=5.00e-04 train_loss=0.1414 train_corr=0.564 val_loss=0.1202 val_corr=0.568
[epoch 3] lr=5.00e-04 train_loss=0.1233 train_corr=0.607 val_loss=0.1138 val_corr=0.552
[epoch 4] lr=5.00e-04 train_loss=0.1142 train_corr=0.637 val_loss=0.1126 val_corr=0.541
[epoch 5] lr=5.00e-04 train_loss=0.1068 train_corr=0.673 val_loss=0.1133 val_corr=0.497
[epoch 6] lr=5.00e-04 train_loss=0.1009 train_corr=0.702 val_loss=0.1167 val_corr=0.469
[epoch 7] lr=5.00e-04 train_loss=0.0962 train_corr=0.728 val_loss=0.1156 val_corr=0.471
[epoch 8] lr=5.00e-04 train_loss=0.0922 train_corr=0.748 val_loss=0.1192 val_corr=0.477
[epoch 9] lr=5.00e-04 train_loss=0.0892 train_corr=0.765 val_loss=0.1122 val_corr=0.493
[epoch 10] lr=5.00e-04 train_loss=0.0859 train_corr=0.784 val_loss=0.1203 val_corr=0.443
[epoch 11] lr=5.00e-04 train_loss=0.0834 train_corr=0.797 val_loss=0.1235 val_corr=0.455
[epoch 12] lr=5.00e-04 train_loss=0.0816 train_corr=0.808 val_loss=0.1148 val_corr=0.467
[epoch 13] lr=5.00e-04 train_loss=0.0800 train_corr=0.817 val_loss=0.1219 val_corr=0.431
[epoch 14] lr=5.00e-04 train_loss=0.0782 train_corr=0.827 val_loss=0.1165 val_corr=0.484
[epoch 15] lr=5.00e-04 train_loss=0.0764 train_corr=0.837 val_loss=0.1187 val_corr=0.463
[epoch 16] lr=5.00e-04 train_loss=0.0750 train_corr=0.844 val_loss=0.1182 val_corr=0.452
[epoch 17] lr=5.00e-04 train_loss=0.0739 train_corr=0.851 val_loss=0.1273 val_corr=0.399
[epoch 18] lr=5.00e-04 train_loss=0.0729 train_corr=0.857 val_loss=0.1139 val_corr=0.475
[epoch 19] lr=5.00e-04 train_loss=0.0722 train_corr=0.860 val_loss=0.1274 val_corr=0.409
[epoch 20] lr=5.00e-04 train_loss=0.0711 train_corr=0.867 val_loss=0.1308 val_corr=0.411
[epoch 21] lr=5.00e-04 train_loss=0.0703 train_corr=0.871 val_loss=0.1193 val_corr=0.439
[epoch 22] lr=5.00e-04 train_loss=0.0696 train_corr=0.875 val_loss=0.1227 val_corr=0.430
[epoch 23] lr=5.00e-04 train_loss=0.0687 train_corr=0.879 val_loss=0.1395 val_corr=0.397
[epoch 24] lr=5.00e-04 train_loss=0.0679 train_corr=0.883 val_loss=0.1192 val_corr=0.453
[epoch 25] lr=5.00e-04 train_loss=0.0674 train_corr=0.886 val_loss=0.1351 val_corr=0.406
[epoch 26] lr=5.00e-04 train_loss=0.0672 train_corr=0.888 val_loss=0.1212 val_corr=0.446
[epoch 27] lr=5.00e-04 train_loss=0.0665 train_corr=0.891 val_loss=0.1278 val_corr=0.422
[epoch 28] lr=5.00e-04 train_loss=0.0658 train_corr=0.894 val_loss=0.1243 val_corr=0.432
[epoch 29] lr=5.00e-04 train_loss=0.0658 train_corr=0.895 val_loss=0.1221 val_corr=0.439
[epoch 30] lr=5.00e-04 train_loss=0.0651 train_corr=0.898 val_loss=0.1281 val_corr=0.419
[epoch 31] lr=5.00e-04 train_loss=0.0646 train_corr=0.901 val_loss=0.1294 val_corr=0.421
[epoch 32] lr=5.00e-04 train_loss=0.0642 train_corr=0.903 val_loss=0.1204 val_corr=0.441
[epoch 33] lr=5.00e-04 train_loss=0.0638 train_corr=0.905 val_loss=0.1239 val_corr=0.426
[epoch 34] lr=5.00e-04 train_loss=0.0635 train_corr=0.907 val_loss=0.1287 val_corr=0.417
[epoch 35] lr=5.00e-04 train_loss=0.0633 train_corr=0.908 val_loss=0.1279 val_corr=0.432
[epoch 36] lr=5.00e-04 train_loss=0.0629 train_corr=0.909 val_loss=0.1287 val_corr=0.413
[epoch 37] lr=5.00e-04 train_loss=0.0632 train_corr=0.908 val_loss=0.1207 val_corr=0.457
[epoch 38] lr=5.00e-04 train_loss=0.0624 train_corr=0.912 val_loss=0.1401 val_corr=0.364
[epoch 39] lr=5.00e-04 train_loss=0.0622 train_corr=0.913 val_loss=0.1273 val_corr=0.431
[epoch 40] lr=5.00e-04 train_loss=0.0619 train_corr=0.914 val_loss=0.1340 val_corr=0.397
[epoch 41] lr=5.00e-04 train_loss=0.0618 train_corr=0.915 val_loss=0.1311 val_corr=0.410
[epoch 42] lr=5.00e-04 train_loss=0.0614 train_corr=0.917 val_loss=0.1304 val_corr=0.415
[epoch 43] lr=5.00e-04 train_loss=0.0614 train_corr=0.917 val_loss=0.1348 val_corr=0.411
[epoch 44] lr=5.00e-04 train_loss=0.0609 train_corr=0.920 val_loss=0.1270 val_corr=0.425
[epoch 45] lr=5.00e-04 train_loss=0.0606 train_corr=0.921 val_loss=0.1278 val_corr=0.438
[epoch 46] lr=5.00e-04 train_loss=0.0605 train_corr=0.922 val_loss=0.1345 val_corr=0.412
[epoch 47] lr=5.00e-04 train_loss=0.0606 train_corr=0.921 val_loss=0.1329 val_corr=0.436
[epoch 48] lr=5.00e-04 train_loss=0.0606 train_corr=0.921 val_loss=0.1259 val_corr=0.451
[epoch 49] lr=5.00e-04 train_loss=0.0601 train_corr=0.924 val_loss=0.1461 val_corr=0.362
fold 7 done. checkpoint exists: True -> /home/shunya/research/dog-radar-vitals/runs/20260824-192842_ecg_rpeak_spatial_gnn_lodo290_none_fold7_test16/epoch_004.pt

=== fold 8: test_subject=17 val_subject=29 ===
train_subjects=[1, 2, 5, 9, 10, 13, 14, 16, 30]
[epoch 0] lr=5.00e-04 train_loss=0.4071 train_corr=0.298 val_loss=0.2962 val_corr=0.389
[epoch 1] lr=5.00e-04 train_loss=0.2199 train_corr=0.475 val_loss=0.1895 val_corr=0.433
[epoch 2] lr=5.00e-04 train_loss=0.1585 train_corr=0.538 val_loss=0.1658 val_corr=0.409
[epoch 3] lr=5.00e-04 train_loss=0.1337 train_corr=0.584 val_loss=0.1574 val_corr=0.400
[epoch 4] lr=5.00e-04 train_loss=0.1204 train_corr=0.625 val_loss=0.1595 val_corr=0.433
[epoch 5] lr=5.00e-04 train_loss=0.1125 train_corr=0.656 val_loss=0.1594 val_corr=0.394
[epoch 6] lr=5.00e-04 train_loss=0.1064 train_corr=0.683 val_loss=0.1576 val_corr=0.418
[epoch 7] lr=5.00e-04 train_loss=0.1014 train_corr=0.706 val_loss=0.1609 val_corr=0.394
[epoch 8] lr=5.00e-04 train_loss=0.0965 train_corr=0.732 val_loss=0.1541 val_corr=0.428
[epoch 9] lr=5.00e-04 train_loss=0.0924 train_corr=0.754 val_loss=0.1513 val_corr=0.426
[epoch 10] lr=5.00e-04 train_loss=0.0890 train_corr=0.772 val_loss=0.1614 val_corr=0.391
[epoch 11] lr=5.00e-04 train_loss=0.0856 train_corr=0.791 val_loss=0.1608 val_corr=0.403
[epoch 12] lr=5.00e-04 train_loss=0.0836 train_corr=0.801 val_loss=0.1525 val_corr=0.417
[epoch 13] lr=5.00e-04 train_loss=0.0808 train_corr=0.816 val_loss=0.1562 val_corr=0.417
[epoch 14] lr=5.00e-04 train_loss=0.0783 train_corr=0.829 val_loss=0.1633 val_corr=0.393
[epoch 15] lr=5.00e-04 train_loss=0.0773 train_corr=0.836 val_loss=0.1585 val_corr=0.412
[epoch 16] lr=5.00e-04 train_loss=0.0749 train_corr=0.847 val_loss=0.1585 val_corr=0.405
[epoch 17] lr=5.00e-04 train_loss=0.0734 train_corr=0.856 val_loss=0.1682 val_corr=0.369
[epoch 18] lr=5.00e-04 train_loss=0.0718 train_corr=0.863 val_loss=0.1692 val_corr=0.375
[epoch 19] lr=5.00e-04 train_loss=0.0712 train_corr=0.865 val_loss=0.1816 val_corr=0.343
[epoch 20] lr=5.00e-04 train_loss=0.0703 train_corr=0.870 val_loss=0.1609 val_corr=0.402
[epoch 21] lr=5.00e-04 train_loss=0.0688 train_corr=0.879 val_loss=0.1647 val_corr=0.392
[epoch 22] lr=5.00e-04 train_loss=0.0677 train_corr=0.884 val_loss=0.1701 val_corr=0.393
[epoch 23] lr=5.00e-04 train_loss=0.0671 train_corr=0.887 val_loss=0.1683 val_corr=0.384
[epoch 24] lr=5.00e-04 train_loss=0.0662 train_corr=0.891 val_loss=0.1745 val_corr=0.385
[epoch 25] lr=5.00e-04 train_loss=0.0655 train_corr=0.895 val_loss=0.1758 val_corr=0.371
[epoch 26] lr=5.00e-04 train_loss=0.0649 train_corr=0.898 val_loss=0.1790 val_corr=0.356
[epoch 27] lr=5.00e-04 train_loss=0.0646 train_corr=0.899 val_loss=0.1861 val_corr=0.347
[epoch 28] lr=5.00e-04 train_loss=0.0638 train_corr=0.903 val_loss=0.1754 val_corr=0.381
[epoch 29] lr=5.00e-04 train_loss=0.0639 train_corr=0.902 val_loss=0.1841 val_corr=0.351
[epoch 30] lr=5.00e-04 train_loss=0.0628 train_corr=0.908 val_loss=0.1819 val_corr=0.357
[epoch 31] lr=5.00e-04 train_loss=0.0629 train_corr=0.908 val_loss=0.1750 val_corr=0.380
[epoch 32] lr=5.00e-04 train_loss=0.0624 train_corr=0.910 val_loss=0.1738 val_corr=0.399
[epoch 33] lr=5.00e-04 train_loss=0.0620 train_corr=0.912 val_loss=0.1911 val_corr=0.333
[epoch 34] lr=5.00e-04 train_loss=0.0618 train_corr=0.913 val_loss=0.1829 val_corr=0.350
[epoch 35] lr=5.00e-04 train_loss=0.0610 train_corr=0.917 val_loss=0.1968 val_corr=0.330
[epoch 36] lr=5.00e-04 train_loss=0.0611 train_corr=0.916 val_loss=0.1867 val_corr=0.358
[epoch 37] lr=5.00e-04 train_loss=0.0607 train_corr=0.918 val_loss=0.1874 val_corr=0.356
[epoch 38] lr=5.00e-04 train_loss=0.0603 train_corr=0.920 val_loss=0.1890 val_corr=0.357
[epoch 39] lr=5.00e-04 train_loss=0.0600 train_corr=0.922 val_loss=0.1830 val_corr=0.360
[epoch 40] lr=5.00e-04 train_loss=0.0598 train_corr=0.923 val_loss=0.1901 val_corr=0.347
[epoch 41] lr=5.00e-04 train_loss=0.0598 train_corr=0.923 val_loss=0.1858 val_corr=0.339
[epoch 42] lr=5.00e-04 train_loss=0.0594 train_corr=0.925 val_loss=0.1741 val_corr=0.390
[epoch 43] lr=5.00e-04 train_loss=0.0588 train_corr=0.928 val_loss=0.1838 val_corr=0.368
[epoch 44] lr=5.00e-04 train_loss=0.0591 train_corr=0.927 val_loss=0.1741 val_corr=0.379
[epoch 45] lr=5.00e-04 train_loss=0.0591 train_corr=0.926 val_loss=0.1889 val_corr=0.369
[epoch 46] lr=5.00e-04 train_loss=0.0585 train_corr=0.929 val_loss=0.1866 val_corr=0.363
[epoch 47] lr=5.00e-04 train_loss=0.0585 train_corr=0.929 val_loss=0.1848 val_corr=0.363
[epoch 48] lr=5.00e-04 train_loss=0.0581 train_corr=0.931 val_loss=0.1879 val_corr=0.370
[epoch 49] lr=5.00e-04 train_loss=0.0582 train_corr=0.931 val_loss=0.1874 val_corr=0.366
fold 8 done. checkpoint exists: True -> /home/shunya/research/dog-radar-vitals/runs/20260824-193242_ecg_rpeak_spatial_gnn_lodo290_none_fold8_test17/epoch_004.pt

=== fold 9: test_subject=29 val_subject=30 ===
train_subjects=[1, 2, 5, 9, 10, 13, 14, 16, 17]
[epoch 0] lr=5.00e-04 train_loss=0.4131 train_corr=0.290 val_loss=0.3004 val_corr=0.471
[epoch 1] lr=5.00e-04 train_loss=0.2261 train_corr=0.461 val_loss=0.2029 val_corr=0.490
[epoch 2] lr=5.00e-04 train_loss=0.1614 train_corr=0.529 val_loss=0.1577 val_corr=0.523
[epoch 3] lr=5.00e-04 train_loss=0.1331 train_corr=0.590 val_loss=0.1463 val_corr=0.484
[epoch 4] lr=5.00e-04 train_loss=0.1171 train_corr=0.645 val_loss=0.1470 val_corr=0.451
[epoch 5] lr=5.00e-04 train_loss=0.1076 train_corr=0.680 val_loss=0.1451 val_corr=0.451
[epoch 6] lr=5.00e-04 train_loss=0.1010 train_corr=0.708 val_loss=0.1595 val_corr=0.367
[epoch 7] lr=5.00e-04 train_loss=0.0950 train_corr=0.738 val_loss=0.1530 val_corr=0.373
[epoch 8] lr=5.00e-04 train_loss=0.0912 train_corr=0.757 val_loss=0.1558 val_corr=0.354
[epoch 9] lr=5.00e-04 train_loss=0.0870 train_corr=0.778 val_loss=0.1672 val_corr=0.338
[epoch 10] lr=5.00e-04 train_loss=0.0847 train_corr=0.788 val_loss=0.1657 val_corr=0.334
[epoch 11] lr=5.00e-04 train_loss=0.0818 train_corr=0.804 val_loss=0.1666 val_corr=0.337
[epoch 12] lr=5.00e-04 train_loss=0.0802 train_corr=0.811 val_loss=0.1687 val_corr=0.319
[epoch 13] lr=5.00e-04 train_loss=0.0777 train_corr=0.824 val_loss=0.1754 val_corr=0.318
[epoch 14] lr=5.00e-04 train_loss=0.0758 train_corr=0.834 val_loss=0.1705 val_corr=0.328
[epoch 15] lr=5.00e-04 train_loss=0.0745 train_corr=0.841 val_loss=0.1715 val_corr=0.335
[epoch 16] lr=5.00e-04 train_loss=0.0737 train_corr=0.845 val_loss=0.1745 val_corr=0.316
[epoch 17] lr=5.00e-04 train_loss=0.0724 train_corr=0.851 val_loss=0.1828 val_corr=0.262
[epoch 18] lr=5.00e-04 train_loss=0.0707 train_corr=0.860 val_loss=0.1699 val_corr=0.335
[epoch 19] lr=5.00e-04 train_loss=0.0696 train_corr=0.866 val_loss=0.1763 val_corr=0.327
[epoch 20] lr=5.00e-04 train_loss=0.0683 train_corr=0.872 val_loss=0.1904 val_corr=0.297
[epoch 21] lr=5.00e-04 train_loss=0.0677 train_corr=0.875 val_loss=0.1798 val_corr=0.309
[epoch 22] lr=5.00e-04 train_loss=0.0672 train_corr=0.878 val_loss=0.1701 val_corr=0.350
[epoch 23] lr=5.00e-04 train_loss=0.0664 train_corr=0.882 val_loss=0.1679 val_corr=0.357
[epoch 24] lr=5.00e-04 train_loss=0.0652 train_corr=0.888 val_loss=0.1704 val_corr=0.351
[epoch 25] lr=5.00e-04 train_loss=0.0645 train_corr=0.892 val_loss=0.1720 val_corr=0.352
[epoch 26] lr=5.00e-04 train_loss=0.0641 train_corr=0.894 val_loss=0.1754 val_corr=0.343
[epoch 27] lr=5.00e-04 train_loss=0.0640 train_corr=0.894 val_loss=0.1987 val_corr=0.256
[epoch 28] lr=5.00e-04 train_loss=0.0631 train_corr=0.899 val_loss=0.1826 val_corr=0.325
[epoch 29] lr=5.00e-04 train_loss=0.0622 train_corr=0.903 val_loss=0.1774 val_corr=0.347
[epoch 30] lr=5.00e-04 train_loss=0.0618 train_corr=0.905 val_loss=0.1886 val_corr=0.296
[epoch 31] lr=5.00e-04 train_loss=0.0621 train_corr=0.904 val_loss=0.1873 val_corr=0.300
[epoch 32] lr=5.00e-04 train_loss=0.0615 train_corr=0.907 val_loss=0.1882 val_corr=0.318
[epoch 33] lr=5.00e-04 train_loss=0.0606 train_corr=0.911 val_loss=0.1828 val_corr=0.343
[epoch 34] lr=5.00e-04 train_loss=0.0606 train_corr=0.911 val_loss=0.1675 val_corr=0.401
[epoch 35] lr=5.00e-04 train_loss=0.0602 train_corr=0.913 val_loss=0.1883 val_corr=0.304
[epoch 36] lr=5.00e-04 train_loss=0.0597 train_corr=0.915 val_loss=0.1827 val_corr=0.335
[epoch 37] lr=5.00e-04 train_loss=0.0597 train_corr=0.916 val_loss=0.1851 val_corr=0.341
[epoch 38] lr=5.00e-04 train_loss=0.0595 train_corr=0.917 val_loss=0.1833 val_corr=0.328
[epoch 39] lr=5.00e-04 train_loss=0.0588 train_corr=0.920 val_loss=0.1844 val_corr=0.331
[epoch 40] lr=5.00e-04 train_loss=0.0587 train_corr=0.920 val_loss=0.1872 val_corr=0.340
[epoch 41] lr=5.00e-04 train_loss=0.0585 train_corr=0.922 val_loss=0.1898 val_corr=0.306
[epoch 42] lr=5.00e-04 train_loss=0.0582 train_corr=0.924 val_loss=0.1815 val_corr=0.344
[epoch 43] lr=5.00e-04 train_loss=0.0578 train_corr=0.925 val_loss=0.1892 val_corr=0.313
[epoch 44] lr=5.00e-04 train_loss=0.0583 train_corr=0.922 val_loss=0.1788 val_corr=0.371
[epoch 45] lr=5.00e-04 train_loss=0.0580 train_corr=0.924 val_loss=0.1813 val_corr=0.361
[epoch 46] lr=5.00e-04 train_loss=0.0578 train_corr=0.926 val_loss=0.1746 val_corr=0.385
[epoch 47] lr=5.00e-04 train_loss=0.0576 train_corr=0.927 val_loss=0.1932 val_corr=0.300
[epoch 48] lr=5.00e-04 train_loss=0.0569 train_corr=0.930 val_loss=0.1816 val_corr=0.351
[epoch 49] lr=5.00e-04 train_loss=0.0569 train_corr=0.929 val_loss=0.1784 val_corr=0.370
fold 9 done. checkpoint exists: True -> /home/shunya/research/dog-radar-vitals/runs/20260824-193615_ecg_rpeak_spatial_gnn_lodo290_none_fold9_test29/epoch_004.pt

=== fold 10: test_subject=30 val_subject=1 ===
train_subjects=[2, 5, 9, 10, 13, 14, 16, 17, 29]
[epoch 0] lr=5.00e-04 train_loss=0.3725 train_corr=0.342 val_loss=0.2341 val_corr=0.495
[epoch 1] lr=5.00e-04 train_loss=0.1871 train_corr=0.495 val_loss=0.1683 val_corr=0.326
[epoch 2] lr=5.00e-04 train_loss=0.1407 train_corr=0.552 val_loss=0.1543 val_corr=0.256
[epoch 3] lr=5.00e-04 train_loss=0.1229 train_corr=0.603 val_loss=0.1631 val_corr=0.200
[epoch 4] lr=5.00e-04 train_loss=0.1127 train_corr=0.644 val_loss=0.1516 val_corr=0.268
[epoch 5] lr=5.00e-04 train_loss=0.1061 train_corr=0.673 val_loss=0.1770 val_corr=0.146
[epoch 6] lr=5.00e-04 train_loss=0.1004 train_corr=0.702 val_loss=0.1610 val_corr=0.252
[epoch 7] lr=5.00e-04 train_loss=0.0961 train_corr=0.724 val_loss=0.1877 val_corr=0.155
[epoch 8] lr=5.00e-04 train_loss=0.0928 train_corr=0.741 val_loss=0.1867 val_corr=0.193
[epoch 9] lr=5.00e-04 train_loss=0.0890 train_corr=0.761 val_loss=0.1765 val_corr=0.177
[epoch 10] lr=5.00e-04 train_loss=0.0864 train_corr=0.774 val_loss=0.1697 val_corr=0.208
[epoch 11] lr=5.00e-04 train_loss=0.0839 train_corr=0.788 val_loss=0.1776 val_corr=0.169
[epoch 12] lr=5.00e-04 train_loss=0.0817 train_corr=0.801 val_loss=0.1730 val_corr=0.175
[epoch 13] lr=5.00e-04 train_loss=0.0794 train_corr=0.812 val_loss=0.1877 val_corr=0.127
[epoch 14] lr=5.00e-04 train_loss=0.0775 train_corr=0.823 val_loss=0.1749 val_corr=0.172
[epoch 15] lr=5.00e-04 train_loss=0.0762 train_corr=0.830 val_loss=0.1737 val_corr=0.174
[epoch 16] lr=5.00e-04 train_loss=0.0746 train_corr=0.840 val_loss=0.1845 val_corr=0.149
[epoch 17] lr=5.00e-04 train_loss=0.0734 train_corr=0.846 val_loss=0.1744 val_corr=0.195
[epoch 18] lr=5.00e-04 train_loss=0.0727 train_corr=0.851 val_loss=0.1901 val_corr=0.124
[epoch 19] lr=5.00e-04 train_loss=0.0716 train_corr=0.856 val_loss=0.1728 val_corr=0.175
[epoch 20] lr=5.00e-04 train_loss=0.0704 train_corr=0.862 val_loss=0.1949 val_corr=0.123
[epoch 21] lr=5.00e-04 train_loss=0.0695 train_corr=0.868 val_loss=0.1919 val_corr=0.141
[epoch 22] lr=5.00e-04 train_loss=0.0691 train_corr=0.870 val_loss=0.1884 val_corr=0.143
[epoch 23] lr=5.00e-04 train_loss=0.0686 train_corr=0.873 val_loss=0.1814 val_corr=0.164
[epoch 24] lr=5.00e-04 train_loss=0.0678 train_corr=0.877 val_loss=0.1979 val_corr=0.117
[epoch 25] lr=5.00e-04 train_loss=0.0672 train_corr=0.881 val_loss=0.1928 val_corr=0.118
[epoch 26] lr=5.00e-04 train_loss=0.0666 train_corr=0.883 val_loss=0.1868 val_corr=0.145
[epoch 27] lr=5.00e-04 train_loss=0.0661 train_corr=0.887 val_loss=0.1922 val_corr=0.143
[epoch 28] lr=5.00e-04 train_loss=0.0656 train_corr=0.889 val_loss=0.1888 val_corr=0.146
[epoch 29] lr=5.00e-04 train_loss=0.0653 train_corr=0.891 val_loss=0.1907 val_corr=0.142
[epoch 30] lr=5.00e-04 train_loss=0.0646 train_corr=0.894 val_loss=0.2146 val_corr=0.095
[epoch 31] lr=5.00e-04 train_loss=0.0649 train_corr=0.894 val_loss=0.1968 val_corr=0.137
[epoch 32] lr=5.00e-04 train_loss=0.0641 train_corr=0.898 val_loss=0.2008 val_corr=0.113
[epoch 33] lr=5.00e-04 train_loss=0.0636 train_corr=0.900 val_loss=0.1919 val_corr=0.129
[epoch 34] lr=5.00e-04 train_loss=0.0635 train_corr=0.901 val_loss=0.1940 val_corr=0.163
[epoch 35] lr=5.00e-04 train_loss=0.0631 train_corr=0.903 val_loss=0.1945 val_corr=0.132
[epoch 36] lr=5.00e-04 train_loss=0.0624 train_corr=0.906 val_loss=0.1770 val_corr=0.181
[epoch 37] lr=5.00e-04 train_loss=0.0626 train_corr=0.905 val_loss=0.1882 val_corr=0.146
[epoch 38] lr=5.00e-04 train_loss=0.0627 train_corr=0.905 val_loss=0.1933 val_corr=0.141
[epoch 39] lr=5.00e-04 train_loss=0.0617 train_corr=0.910 val_loss=0.1986 val_corr=0.120
[epoch 40] lr=5.00e-04 train_loss=0.0616 train_corr=0.911 val_loss=0.2062 val_corr=0.127
[epoch 41] lr=5.00e-04 train_loss=0.0618 train_corr=0.909 val_loss=0.1931 val_corr=0.150
[epoch 42] lr=5.00e-04 train_loss=0.0611 train_corr=0.913 val_loss=0.1978 val_corr=0.156
[epoch 43] lr=5.00e-04 train_loss=0.0614 train_corr=0.912 val_loss=0.1980 val_corr=0.143
[epoch 44] lr=5.00e-04 train_loss=0.0612 train_corr=0.913 val_loss=0.2004 val_corr=0.135
[epoch 45] lr=5.00e-04 train_loss=0.0608 train_corr=0.915 val_loss=0.1915 val_corr=0.148
[epoch 46] lr=5.00e-04 train_loss=0.0605 train_corr=0.916 val_loss=0.2035 val_corr=0.127
[epoch 47] lr=5.00e-04 train_loss=0.0607 train_corr=0.916 val_loss=0.1986 val_corr=0.133
[epoch 48] lr=5.00e-04 train_loss=0.0603 train_corr=0.917 val_loss=0.1870 val_corr=0.170
[epoch 49] lr=5.00e-04 train_loss=0.0603 train_corr=0.918 val_loss=0.1940 val_corr=0.154
fold 10 done. checkpoint exists: True -> /home/shunya/research/dog-radar-vitals/runs/20260824-193926_ecg_rpeak_spatial_gnn_lodo290_none_fold10_test30/epoch_004.pt

=== LOSO 学習完了: 11 fold ===
run 一覧: /home/shunya/research/dog-radar-vitals/reports/lodo290_none_cv_runs.json
次は evaluate_spatial_gnn_hrv.py を fold ごとに --test_subjects つきで回す(キュー014)
