
=== fold 0: test_subject=1 val_subject=2 ===
train_subjects=[5, 9, 10, 13, 14, 16, 17, 29, 30]
[epoch 0] lr=5.00e-04 train_loss=0.6331 train_corr=0.488 val_loss=0.9918 val_corr=0.110
[epoch 1] lr=5.00e-04 train_loss=0.4180 train_corr=0.593 val_loss=1.1632 val_corr=0.109
[epoch 2] lr=5.00e-04 train_loss=0.3508 train_corr=0.636 val_loss=1.3108 val_corr=0.110
[epoch 3] lr=5.00e-04 train_loss=0.3178 train_corr=0.666 val_loss=1.5359 val_corr=0.072
[epoch 4] lr=5.00e-04 train_loss=0.2980 train_corr=0.684 val_loss=1.4879 val_corr=0.087
[epoch 5] lr=5.00e-04 train_loss=0.2807 train_corr=0.704 val_loss=1.3727 val_corr=0.134
[epoch 6] lr=5.00e-04 train_loss=0.2709 train_corr=0.714 val_loss=1.4526 val_corr=0.135
[epoch 7] lr=5.00e-04 train_loss=0.2603 train_corr=0.727 val_loss=1.7086 val_corr=0.077
[epoch 8] lr=5.00e-04 train_loss=0.2514 train_corr=0.737 val_loss=1.6622 val_corr=0.069
[epoch 9] lr=5.00e-04 train_loss=0.2432 train_corr=0.748 val_loss=1.7267 val_corr=0.089
[epoch 10] lr=5.00e-04 train_loss=0.2364 train_corr=0.757 val_loss=2.2162 val_corr=0.025
[epoch 11] lr=5.00e-04 train_loss=0.2295 train_corr=0.766 val_loss=2.0192 val_corr=0.060
[epoch 12] lr=5.00e-04 train_loss=0.2243 train_corr=0.773 val_loss=1.9207 val_corr=0.073
[epoch 13] lr=5.00e-04 train_loss=0.2187 train_corr=0.781 val_loss=1.6567 val_corr=0.155
[epoch 14] lr=5.00e-04 train_loss=0.2158 train_corr=0.785 val_loss=1.7889 val_corr=0.109
[epoch 15] lr=5.00e-04 train_loss=0.2115 train_corr=0.790 val_loss=1.8580 val_corr=0.083
[epoch 16] lr=5.00e-04 train_loss=0.2076 train_corr=0.796 val_loss=2.1850 val_corr=0.043
[epoch 17] lr=5.00e-04 train_loss=0.2029 train_corr=0.803 val_loss=1.9303 val_corr=0.097
[epoch 18] lr=5.00e-04 train_loss=0.2007 train_corr=0.806 val_loss=1.8837 val_corr=0.088
[epoch 19] lr=5.00e-04 train_loss=0.1982 train_corr=0.809 val_loss=2.0501 val_corr=0.057
[epoch 20] lr=5.00e-04 train_loss=0.1947 train_corr=0.815 val_loss=1.9406 val_corr=0.103
[epoch 21] lr=5.00e-04 train_loss=0.1922 train_corr=0.818 val_loss=2.0870 val_corr=0.055
[epoch 22] lr=5.00e-04 train_loss=0.1891 train_corr=0.823 val_loss=2.0138 val_corr=0.087
[epoch 23] lr=5.00e-04 train_loss=0.1889 train_corr=0.823 val_loss=1.7562 val_corr=0.144
[epoch 24] lr=5.00e-04 train_loss=0.1864 train_corr=0.827 val_loss=1.9319 val_corr=0.111
[epoch 25] lr=5.00e-04 train_loss=0.1844 train_corr=0.830 val_loss=2.0944 val_corr=0.064
[epoch 26] lr=5.00e-04 train_loss=0.1830 train_corr=0.831 val_loss=1.8206 val_corr=0.136
[epoch 27] lr=5.00e-04 train_loss=0.1817 train_corr=0.833 val_loss=2.3069 val_corr=0.041
[epoch 28] lr=5.00e-04 train_loss=0.1802 train_corr=0.836 val_loss=1.9957 val_corr=0.067
[epoch 29] lr=5.00e-04 train_loss=0.1797 train_corr=0.837 val_loss=1.8377 val_corr=0.143
[epoch 30] lr=5.00e-04 train_loss=0.1783 train_corr=0.839 val_loss=2.0611 val_corr=0.090
[epoch 31] lr=5.00e-04 train_loss=0.1769 train_corr=0.841 val_loss=1.9162 val_corr=0.104
[epoch 32] lr=5.00e-04 train_loss=0.1744 train_corr=0.844 val_loss=2.0322 val_corr=0.090
[epoch 33] lr=5.00e-04 train_loss=0.1735 train_corr=0.845 val_loss=1.8634 val_corr=0.123
[epoch 34] lr=5.00e-04 train_loss=0.1733 train_corr=0.846 val_loss=1.9435 val_corr=0.119
[epoch 35] lr=5.00e-04 train_loss=0.1724 train_corr=0.847 val_loss=1.9416 val_corr=0.112
[epoch 36] lr=5.00e-04 train_loss=0.1715 train_corr=0.849 val_loss=1.9793 val_corr=0.099
[epoch 37] lr=5.00e-04 train_loss=0.1688 train_corr=0.852 val_loss=1.9771 val_corr=0.100
[epoch 38] lr=5.00e-04 train_loss=0.1689 train_corr=0.853 val_loss=1.8729 val_corr=0.118
[epoch 39] lr=5.00e-04 train_loss=0.1676 train_corr=0.854 val_loss=1.9000 val_corr=0.111
[epoch 40] lr=5.00e-04 train_loss=0.1669 train_corr=0.855 val_loss=1.8799 val_corr=0.119
[epoch 41] lr=5.00e-04 train_loss=0.1677 train_corr=0.854 val_loss=1.7698 val_corr=0.139
[epoch 42] lr=5.00e-04 train_loss=0.1662 train_corr=0.856 val_loss=1.9398 val_corr=0.107
[epoch 43] lr=5.00e-04 train_loss=0.1645 train_corr=0.859 val_loss=1.7389 val_corr=0.130
[epoch 44] lr=5.00e-04 train_loss=0.1644 train_corr=0.860 val_loss=1.8825 val_corr=0.106
[epoch 45] lr=5.00e-04 train_loss=0.1643 train_corr=0.859 val_loss=1.6340 val_corr=0.178
[epoch 46] lr=5.00e-04 train_loss=0.1644 train_corr=0.860 val_loss=1.8743 val_corr=0.138
[epoch 47] lr=5.00e-04 train_loss=0.1627 train_corr=0.862 val_loss=1.9026 val_corr=0.129
[epoch 48] lr=5.00e-04 train_loss=0.1617 train_corr=0.863 val_loss=2.0509 val_corr=0.093
[epoch 49] lr=5.00e-04 train_loss=0.1617 train_corr=0.863 val_loss=1.8471 val_corr=0.133
fold 0 done. checkpoint exists: True -> /home/shunya/research/dog-radar-vitals/runs/20260825-110136_ecg_rpeak_spatial_gnn_lodo302_combined_fold0_test1/epoch_004.pt

=== fold 1: test_subject=2 val_subject=5 ===
train_subjects=[1, 9, 10, 13, 14, 16, 17, 29, 30]
[epoch 0] lr=5.00e-04 train_loss=0.6297 train_corr=0.511 val_loss=0.9812 val_corr=0.108
[epoch 1] lr=5.00e-04 train_loss=0.4140 train_corr=0.605 val_loss=1.1471 val_corr=0.127
[epoch 2] lr=5.00e-04 train_loss=0.3374 train_corr=0.650 val_loss=1.3832 val_corr=0.133
[epoch 3] lr=5.00e-04 train_loss=0.3025 train_corr=0.678 val_loss=1.5144 val_corr=0.118
[epoch 4] lr=5.00e-04 train_loss=0.2826 train_corr=0.697 val_loss=1.6156 val_corr=0.116
[epoch 5] lr=5.00e-04 train_loss=0.2660 train_corr=0.715 val_loss=1.8032 val_corr=0.096
[epoch 6] lr=5.00e-04 train_loss=0.2544 train_corr=0.729 val_loss=1.6640 val_corr=0.119
[epoch 7] lr=5.00e-04 train_loss=0.2443 train_corr=0.740 val_loss=1.5219 val_corr=0.185
[epoch 8] lr=5.00e-04 train_loss=0.2351 train_corr=0.752 val_loss=1.7029 val_corr=0.172
[epoch 9] lr=5.00e-04 train_loss=0.2288 train_corr=0.761 val_loss=1.7894 val_corr=0.161
[epoch 10] lr=5.00e-04 train_loss=0.2229 train_corr=0.769 val_loss=2.0611 val_corr=0.136
[epoch 11] lr=5.00e-04 train_loss=0.2152 train_corr=0.779 val_loss=2.2259 val_corr=0.096
[epoch 12] lr=5.00e-04 train_loss=0.2104 train_corr=0.786 val_loss=2.0917 val_corr=0.142
[epoch 13] lr=5.00e-04 train_loss=0.2060 train_corr=0.792 val_loss=1.9934 val_corr=0.137
[epoch 14] lr=5.00e-04 train_loss=0.2002 train_corr=0.801 val_loss=2.1137 val_corr=0.141
[epoch 15] lr=5.00e-04 train_loss=0.1976 train_corr=0.806 val_loss=2.0107 val_corr=0.165
[epoch 16] lr=5.00e-04 train_loss=0.1938 train_corr=0.810 val_loss=2.0910 val_corr=0.135
[epoch 17] lr=5.00e-04 train_loss=0.1891 train_corr=0.818 val_loss=2.0502 val_corr=0.154
[epoch 18] lr=5.00e-04 train_loss=0.1866 train_corr=0.822 val_loss=2.2019 val_corr=0.162
[epoch 19] lr=5.00e-04 train_loss=0.1847 train_corr=0.825 val_loss=2.2008 val_corr=0.148
[epoch 20] lr=5.00e-04 train_loss=0.1830 train_corr=0.827 val_loss=2.0316 val_corr=0.172
[epoch 21] lr=5.00e-04 train_loss=0.1792 train_corr=0.833 val_loss=2.4612 val_corr=0.140
[epoch 22] lr=5.00e-04 train_loss=0.1780 train_corr=0.835 val_loss=2.3634 val_corr=0.136
[epoch 23] lr=5.00e-04 train_loss=0.1767 train_corr=0.836 val_loss=2.3079 val_corr=0.144
[epoch 24] lr=5.00e-04 train_loss=0.1749 train_corr=0.839 val_loss=2.2366 val_corr=0.161
[epoch 25] lr=5.00e-04 train_loss=0.1728 train_corr=0.842 val_loss=2.4242 val_corr=0.147
[epoch 26] lr=5.00e-04 train_loss=0.1710 train_corr=0.845 val_loss=2.2804 val_corr=0.189
[epoch 27] lr=5.00e-04 train_loss=0.1697 train_corr=0.848 val_loss=2.4331 val_corr=0.133
[epoch 28] lr=5.00e-04 train_loss=0.1687 train_corr=0.849 val_loss=2.5538 val_corr=0.145
[epoch 29] lr=5.00e-04 train_loss=0.1670 train_corr=0.851 val_loss=2.4962 val_corr=0.152
[epoch 30] lr=5.00e-04 train_loss=0.1652 train_corr=0.854 val_loss=2.2048 val_corr=0.180
[epoch 31] lr=5.00e-04 train_loss=0.1658 train_corr=0.853 val_loss=2.2440 val_corr=0.162
[epoch 32] lr=5.00e-04 train_loss=0.1644 train_corr=0.855 val_loss=2.5410 val_corr=0.137
[epoch 33] lr=5.00e-04 train_loss=0.1638 train_corr=0.856 val_loss=2.4277 val_corr=0.140
[epoch 34] lr=5.00e-04 train_loss=0.1621 train_corr=0.859 val_loss=2.6306 val_corr=0.142
[epoch 35] lr=5.00e-04 train_loss=0.1621 train_corr=0.859 val_loss=2.3138 val_corr=0.188
[epoch 36] lr=5.00e-04 train_loss=0.1611 train_corr=0.860 val_loss=2.4439 val_corr=0.138
[epoch 37] lr=5.00e-04 train_loss=0.1598 train_corr=0.862 val_loss=2.5326 val_corr=0.180
[epoch 38] lr=5.00e-04 train_loss=0.1600 train_corr=0.862 val_loss=2.9111 val_corr=0.128
[epoch 39] lr=5.00e-04 train_loss=0.1592 train_corr=0.863 val_loss=2.6221 val_corr=0.107
[epoch 40] lr=5.00e-04 train_loss=0.1581 train_corr=0.865 val_loss=2.5130 val_corr=0.147
[epoch 41] lr=5.00e-04 train_loss=0.1578 train_corr=0.865 val_loss=2.7881 val_corr=0.114
[epoch 42] lr=5.00e-04 train_loss=0.1567 train_corr=0.866 val_loss=2.5975 val_corr=0.148
[epoch 43] lr=5.00e-04 train_loss=0.1568 train_corr=0.867 val_loss=2.7451 val_corr=0.111
[epoch 44] lr=5.00e-04 train_loss=0.1551 train_corr=0.869 val_loss=2.5098 val_corr=0.157
[epoch 45] lr=5.00e-04 train_loss=0.1551 train_corr=0.869 val_loss=2.9619 val_corr=0.086
[epoch 46] lr=5.00e-04 train_loss=0.1547 train_corr=0.870 val_loss=2.7342 val_corr=0.121
[epoch 47] lr=5.00e-04 train_loss=0.1572 train_corr=0.866 val_loss=2.7735 val_corr=0.158
[epoch 48] lr=5.00e-04 train_loss=0.1543 train_corr=0.870 val_loss=2.8216 val_corr=0.099
[epoch 49] lr=5.00e-04 train_loss=0.1526 train_corr=0.873 val_loss=2.7830 val_corr=0.138
fold 1 done. checkpoint exists: True -> /home/shunya/research/dog-radar-vitals/runs/20260825-112527_ecg_rpeak_spatial_gnn_lodo302_combined_fold1_test2/epoch_004.pt

=== fold 2: test_subject=5 val_subject=9 ===
train_subjects=[1, 2, 10, 13, 14, 16, 17, 29, 30]
[epoch 0] lr=5.00e-04 train_loss=0.6344 train_corr=0.515 val_loss=0.5414 val_corr=0.505
[epoch 1] lr=5.00e-04 train_loss=0.4187 train_corr=0.609 val_loss=0.5625 val_corr=0.464
[epoch 2] lr=5.00e-04 train_loss=0.3411 train_corr=0.651 val_loss=0.6332 val_corr=0.490
[epoch 3] lr=5.00e-04 train_loss=0.3076 train_corr=0.675 val_loss=0.5916 val_corr=0.481
[epoch 4] lr=5.00e-04 train_loss=0.2864 train_corr=0.695 val_loss=0.6929 val_corr=0.471
[epoch 5] lr=5.00e-04 train_loss=0.2697 train_corr=0.714 val_loss=0.6027 val_corr=0.477
[epoch 6] lr=5.00e-04 train_loss=0.2579 train_corr=0.727 val_loss=0.5168 val_corr=0.510
[epoch 7] lr=5.00e-04 train_loss=0.2483 train_corr=0.736 val_loss=0.4351 val_corr=0.555
[epoch 8] lr=5.00e-04 train_loss=0.2390 train_corr=0.750 val_loss=0.9591 val_corr=0.396
[epoch 9] lr=5.00e-04 train_loss=0.2309 train_corr=0.759 val_loss=0.6174 val_corr=0.484
[epoch 10] lr=5.00e-04 train_loss=0.2258 train_corr=0.767 val_loss=0.7313 val_corr=0.467
[epoch 11] lr=5.00e-04 train_loss=0.2203 train_corr=0.773 val_loss=0.8586 val_corr=0.449
[epoch 12] lr=5.00e-04 train_loss=0.2150 train_corr=0.781 val_loss=0.5826 val_corr=0.507
[epoch 13] lr=5.00e-04 train_loss=0.2091 train_corr=0.789 val_loss=0.5699 val_corr=0.523
[epoch 14] lr=5.00e-04 train_loss=0.2058 train_corr=0.794 val_loss=0.6390 val_corr=0.488
[epoch 15] lr=5.00e-04 train_loss=0.2019 train_corr=0.799 val_loss=0.7837 val_corr=0.474
[epoch 16] lr=5.00e-04 train_loss=0.1971 train_corr=0.806 val_loss=0.7558 val_corr=0.471
[epoch 17] lr=5.00e-04 train_loss=0.1947 train_corr=0.810 val_loss=0.6961 val_corr=0.463
[epoch 18] lr=5.00e-04 train_loss=0.1911 train_corr=0.815 val_loss=0.6203 val_corr=0.486
[epoch 19] lr=5.00e-04 train_loss=0.1885 train_corr=0.819 val_loss=0.6643 val_corr=0.510
[epoch 20] lr=5.00e-04 train_loss=0.1873 train_corr=0.821 val_loss=0.8230 val_corr=0.463
[epoch 21] lr=5.00e-04 train_loss=0.1847 train_corr=0.825 val_loss=0.7113 val_corr=0.508
[epoch 22] lr=5.00e-04 train_loss=0.1836 train_corr=0.826 val_loss=0.7835 val_corr=0.475
[epoch 23] lr=5.00e-04 train_loss=0.1801 train_corr=0.832 val_loss=0.7125 val_corr=0.492
[epoch 24] lr=5.00e-04 train_loss=0.1778 train_corr=0.835 val_loss=0.7843 val_corr=0.495
[epoch 25] lr=5.00e-04 train_loss=0.1780 train_corr=0.835 val_loss=0.7562 val_corr=0.503
[epoch 26] lr=5.00e-04 train_loss=0.1752 train_corr=0.839 val_loss=0.8552 val_corr=0.470
[epoch 27] lr=5.00e-04 train_loss=0.1735 train_corr=0.841 val_loss=0.7018 val_corr=0.510
[epoch 28] lr=5.00e-04 train_loss=0.1724 train_corr=0.843 val_loss=0.9389 val_corr=0.453
[epoch 29] lr=5.00e-04 train_loss=0.1716 train_corr=0.845 val_loss=0.7887 val_corr=0.472
[epoch 30] lr=5.00e-04 train_loss=0.1697 train_corr=0.847 val_loss=0.8713 val_corr=0.493
[epoch 31] lr=5.00e-04 train_loss=0.1703 train_corr=0.847 val_loss=0.7576 val_corr=0.496
[epoch 32] lr=5.00e-04 train_loss=0.1687 train_corr=0.849 val_loss=0.7619 val_corr=0.513
[epoch 33] lr=5.00e-04 train_loss=0.1666 train_corr=0.853 val_loss=0.7940 val_corr=0.480
[epoch 34] lr=5.00e-04 train_loss=0.1662 train_corr=0.853 val_loss=0.7259 val_corr=0.515
[epoch 35] lr=5.00e-04 train_loss=0.1651 train_corr=0.854 val_loss=0.8647 val_corr=0.501
[epoch 36] lr=5.00e-04 train_loss=0.1636 train_corr=0.857 val_loss=0.7607 val_corr=0.512
[epoch 37] lr=5.00e-04 train_loss=0.1634 train_corr=0.857 val_loss=1.0361 val_corr=0.448
[epoch 38] lr=5.00e-04 train_loss=0.1629 train_corr=0.858 val_loss=0.9334 val_corr=0.503
[epoch 39] lr=5.00e-04 train_loss=0.1614 train_corr=0.860 val_loss=0.8679 val_corr=0.500
[epoch 40] lr=5.00e-04 train_loss=0.1609 train_corr=0.861 val_loss=0.9343 val_corr=0.482
[epoch 41] lr=5.00e-04 train_loss=0.1607 train_corr=0.862 val_loss=0.9409 val_corr=0.488
[epoch 42] lr=5.00e-04 train_loss=0.1598 train_corr=0.863 val_loss=0.9696 val_corr=0.486
[epoch 43] lr=5.00e-04 train_loss=0.1591 train_corr=0.864 val_loss=0.9483 val_corr=0.494
[epoch 44] lr=5.00e-04 train_loss=0.1583 train_corr=0.865 val_loss=1.1152 val_corr=0.484
[epoch 45] lr=5.00e-04 train_loss=0.1577 train_corr=0.866 val_loss=0.7981 val_corr=0.501
[epoch 46] lr=5.00e-04 train_loss=0.1582 train_corr=0.865 val_loss=1.2014 val_corr=0.446
[epoch 47] lr=5.00e-04 train_loss=0.1562 train_corr=0.868 val_loss=1.2741 val_corr=0.440
[epoch 48] lr=5.00e-04 train_loss=0.1569 train_corr=0.867 val_loss=0.9688 val_corr=0.495
[epoch 49] lr=5.00e-04 train_loss=0.1559 train_corr=0.869 val_loss=0.9123 val_corr=0.508
fold 2 done. checkpoint exists: True -> /home/shunya/research/dog-radar-vitals/runs/20260825-114843_ecg_rpeak_spatial_gnn_lodo302_combined_fold2_test5/epoch_004.pt

=== fold 3: test_subject=9 val_subject=10 ===
train_subjects=[1, 2, 5, 13, 14, 16, 17, 29, 30]
[epoch 0] lr=5.00e-04 train_loss=0.6486 train_corr=0.477 val_loss=0.5178 val_corr=0.539
[epoch 1] lr=5.00e-04 train_loss=0.4323 train_corr=0.582 val_loss=0.3906 val_corr=0.605
[epoch 2] lr=5.00e-04 train_loss=0.3552 train_corr=0.634 val_loss=0.4085 val_corr=0.597
[epoch 3] lr=5.00e-04 train_loss=0.3187 train_corr=0.666 val_loss=0.4351 val_corr=0.560
[epoch 4] lr=5.00e-04 train_loss=0.2964 train_corr=0.688 val_loss=0.3885 val_corr=0.598
[epoch 5] lr=5.00e-04 train_loss=0.2795 train_corr=0.706 val_loss=0.3826 val_corr=0.629
[epoch 6] lr=5.00e-04 train_loss=0.2662 train_corr=0.722 val_loss=0.3714 val_corr=0.600
[epoch 7] lr=5.00e-04 train_loss=0.2579 train_corr=0.732 val_loss=0.3934 val_corr=0.576
[epoch 8] lr=5.00e-04 train_loss=0.2477 train_corr=0.744 val_loss=0.5021 val_corr=0.574
[epoch 9] lr=5.00e-04 train_loss=0.2428 train_corr=0.750 val_loss=0.3921 val_corr=0.615
[epoch 10] lr=5.00e-04 train_loss=0.2343 train_corr=0.761 val_loss=0.3944 val_corr=0.634
[epoch 11] lr=5.00e-04 train_loss=0.2279 train_corr=0.769 val_loss=0.4529 val_corr=0.607
[epoch 12] lr=5.00e-04 train_loss=0.2220 train_corr=0.778 val_loss=0.4811 val_corr=0.580
[epoch 13] lr=5.00e-04 train_loss=0.2171 train_corr=0.784 val_loss=0.4326 val_corr=0.617
[epoch 14] lr=5.00e-04 train_loss=0.2130 train_corr=0.789 val_loss=0.4151 val_corr=0.617
[epoch 15] lr=5.00e-04 train_loss=0.2085 train_corr=0.796 val_loss=0.4739 val_corr=0.570
[epoch 16] lr=5.00e-04 train_loss=0.2057 train_corr=0.800 val_loss=0.4057 val_corr=0.632
[epoch 17] lr=5.00e-04 train_loss=0.2028 train_corr=0.804 val_loss=0.4750 val_corr=0.623
[epoch 18] lr=5.00e-04 train_loss=0.1981 train_corr=0.811 val_loss=0.4296 val_corr=0.580
[epoch 19] lr=5.00e-04 train_loss=0.1956 train_corr=0.814 val_loss=0.4682 val_corr=0.583
[epoch 20] lr=5.00e-04 train_loss=0.1936 train_corr=0.817 val_loss=0.4649 val_corr=0.622
[epoch 21] lr=5.00e-04 train_loss=0.1918 train_corr=0.820 val_loss=0.4589 val_corr=0.582
[epoch 22] lr=5.00e-04 train_loss=0.1895 train_corr=0.823 val_loss=0.4789 val_corr=0.611
[epoch 23] lr=5.00e-04 train_loss=0.1863 train_corr=0.828 val_loss=0.4758 val_corr=0.620
[epoch 24] lr=5.00e-04 train_loss=0.1847 train_corr=0.831 val_loss=0.4414 val_corr=0.610
[epoch 25] lr=5.00e-04 train_loss=0.1820 train_corr=0.834 val_loss=0.4417 val_corr=0.622
[epoch 26] lr=5.00e-04 train_loss=0.1800 train_corr=0.837 val_loss=0.5192 val_corr=0.573
[epoch 27] lr=5.00e-04 train_loss=0.1808 train_corr=0.836 val_loss=0.5471 val_corr=0.578
[epoch 28] lr=5.00e-04 train_loss=0.1791 train_corr=0.838 val_loss=0.5262 val_corr=0.588
[epoch 29] lr=5.00e-04 train_loss=0.1760 train_corr=0.843 val_loss=0.5604 val_corr=0.577
[epoch 30] lr=5.00e-04 train_loss=0.1741 train_corr=0.845 val_loss=0.5391 val_corr=0.611
[epoch 31] lr=5.00e-04 train_loss=0.1730 train_corr=0.847 val_loss=0.5900 val_corr=0.580
[epoch 32] lr=5.00e-04 train_loss=0.1723 train_corr=0.848 val_loss=0.5677 val_corr=0.572
[epoch 33] lr=5.00e-04 train_loss=0.1706 train_corr=0.851 val_loss=0.5275 val_corr=0.566
[epoch 34] lr=5.00e-04 train_loss=0.1705 train_corr=0.851 val_loss=0.6204 val_corr=0.514
[epoch 35] lr=5.00e-04 train_loss=0.1698 train_corr=0.852 val_loss=0.5734 val_corr=0.543
[epoch 36] lr=5.00e-04 train_loss=0.1684 train_corr=0.854 val_loss=0.5240 val_corr=0.607
[epoch 37] lr=5.00e-04 train_loss=0.1676 train_corr=0.855 val_loss=0.5918 val_corr=0.563
[epoch 38] lr=5.00e-04 train_loss=0.1668 train_corr=0.857 val_loss=0.5165 val_corr=0.584
[epoch 39] lr=5.00e-04 train_loss=0.1655 train_corr=0.858 val_loss=0.5763 val_corr=0.581
[epoch 40] lr=5.00e-04 train_loss=0.1657 train_corr=0.858 val_loss=0.6207 val_corr=0.578
[epoch 41] lr=5.00e-04 train_loss=0.1650 train_corr=0.859 val_loss=0.5939 val_corr=0.551
[epoch 42] lr=5.00e-04 train_loss=0.1637 train_corr=0.861 val_loss=0.5739 val_corr=0.561
[epoch 43] lr=5.00e-04 train_loss=0.1624 train_corr=0.863 val_loss=0.6252 val_corr=0.582
[epoch 44] lr=5.00e-04 train_loss=0.1623 train_corr=0.863 val_loss=0.5541 val_corr=0.590
[epoch 45] lr=5.00e-04 train_loss=0.1638 train_corr=0.861 val_loss=0.4818 val_corr=0.583
[epoch 46] lr=5.00e-04 train_loss=0.1610 train_corr=0.865 val_loss=0.5149 val_corr=0.582
[epoch 47] lr=5.00e-04 train_loss=0.1598 train_corr=0.867 val_loss=0.5855 val_corr=0.585
[epoch 48] lr=5.00e-04 train_loss=0.1606 train_corr=0.866 val_loss=0.6422 val_corr=0.544
[epoch 49] lr=5.00e-04 train_loss=0.1593 train_corr=0.868 val_loss=0.7375 val_corr=0.556
fold 3 done. checkpoint exists: True -> /home/shunya/research/dog-radar-vitals/runs/20260825-120737_ecg_rpeak_spatial_gnn_lodo302_combined_fold3_test9/epoch_004.pt

=== fold 4: test_subject=10 val_subject=13 ===
train_subjects=[1, 2, 5, 9, 14, 16, 17, 29, 30]
[epoch 0] lr=5.00e-04 train_loss=0.6523 train_corr=0.472 val_loss=0.4769 val_corr=0.527
[epoch 1] lr=5.00e-04 train_loss=0.4371 train_corr=0.577 val_loss=0.3767 val_corr=0.574
[epoch 2] lr=5.00e-04 train_loss=0.3637 train_corr=0.625 val_loss=0.3852 val_corr=0.584
[epoch 3] lr=5.00e-04 train_loss=0.3291 train_corr=0.654 val_loss=0.4144 val_corr=0.563
[epoch 4] lr=5.00e-04 train_loss=0.3076 train_corr=0.676 val_loss=0.3906 val_corr=0.571
[epoch 5] lr=5.00e-04 train_loss=0.2907 train_corr=0.694 val_loss=0.3688 val_corr=0.560
[epoch 6] lr=5.00e-04 train_loss=0.2760 train_corr=0.711 val_loss=0.3471 val_corr=0.596
[epoch 7] lr=5.00e-04 train_loss=0.2655 train_corr=0.723 val_loss=0.3663 val_corr=0.584
[epoch 8] lr=5.00e-04 train_loss=0.2548 train_corr=0.736 val_loss=0.4655 val_corr=0.585
[epoch 9] lr=5.00e-04 train_loss=0.2466 train_corr=0.746 val_loss=0.3363 val_corr=0.629
[epoch 10] lr=5.00e-04 train_loss=0.2400 train_corr=0.756 val_loss=0.3776 val_corr=0.613
[epoch 11] lr=5.00e-04 train_loss=0.2317 train_corr=0.766 val_loss=0.3846 val_corr=0.612
[epoch 12] lr=5.00e-04 train_loss=0.2263 train_corr=0.773 val_loss=0.5133 val_corr=0.560
[epoch 13] lr=5.00e-04 train_loss=0.2196 train_corr=0.782 val_loss=0.3845 val_corr=0.606
[epoch 14] lr=5.00e-04 train_loss=0.2168 train_corr=0.786 val_loss=0.4159 val_corr=0.602
[epoch 15] lr=5.00e-04 train_loss=0.2117 train_corr=0.793 val_loss=0.3731 val_corr=0.589
[epoch 16] lr=5.00e-04 train_loss=0.2075 train_corr=0.798 val_loss=0.3988 val_corr=0.606
[epoch 17] lr=5.00e-04 train_loss=0.2061 train_corr=0.800 val_loss=0.4940 val_corr=0.620
[epoch 18] lr=5.00e-04 train_loss=0.2013 train_corr=0.807 val_loss=0.3663 val_corr=0.604
[epoch 19] lr=5.00e-04 train_loss=0.1983 train_corr=0.811 val_loss=0.4001 val_corr=0.609
[epoch 20] lr=5.00e-04 train_loss=0.1959 train_corr=0.815 val_loss=0.5404 val_corr=0.572
[epoch 21] lr=5.00e-04 train_loss=0.1940 train_corr=0.818 val_loss=0.3839 val_corr=0.604
[epoch 22] lr=5.00e-04 train_loss=0.1909 train_corr=0.822 val_loss=0.4354 val_corr=0.615
[epoch 23] lr=5.00e-04 train_loss=0.1885 train_corr=0.825 val_loss=0.4221 val_corr=0.603
[epoch 24] lr=5.00e-04 train_loss=0.1872 train_corr=0.827 val_loss=0.4651 val_corr=0.615
[epoch 25] lr=5.00e-04 train_loss=0.1850 train_corr=0.831 val_loss=0.5500 val_corr=0.571
[epoch 26] lr=5.00e-04 train_loss=0.1825 train_corr=0.834 val_loss=0.4614 val_corr=0.573
[epoch 27] lr=5.00e-04 train_loss=0.1824 train_corr=0.835 val_loss=0.4553 val_corr=0.601
[epoch 28] lr=5.00e-04 train_loss=0.1803 train_corr=0.837 val_loss=0.4476 val_corr=0.601
[epoch 29] lr=5.00e-04 train_loss=0.1786 train_corr=0.840 val_loss=0.4534 val_corr=0.602
[epoch 30] lr=5.00e-04 train_loss=0.1768 train_corr=0.842 val_loss=0.5261 val_corr=0.603
[epoch 31] lr=5.00e-04 train_loss=0.1757 train_corr=0.845 val_loss=0.5598 val_corr=0.598
[epoch 32] lr=5.00e-04 train_loss=0.1750 train_corr=0.846 val_loss=0.5490 val_corr=0.585
[epoch 33] lr=5.00e-04 train_loss=0.1732 train_corr=0.848 val_loss=0.4101 val_corr=0.601
[epoch 34] lr=5.00e-04 train_loss=0.1721 train_corr=0.850 val_loss=0.5164 val_corr=0.580
[epoch 35] lr=5.00e-04 train_loss=0.1712 train_corr=0.851 val_loss=0.4140 val_corr=0.592
[epoch 36] lr=5.00e-04 train_loss=0.1702 train_corr=0.853 val_loss=0.4857 val_corr=0.596
[epoch 37] lr=5.00e-04 train_loss=0.1694 train_corr=0.854 val_loss=0.4904 val_corr=0.602
[epoch 38] lr=5.00e-04 train_loss=0.1692 train_corr=0.854 val_loss=0.5204 val_corr=0.586
[epoch 39] lr=5.00e-04 train_loss=0.1683 train_corr=0.856 val_loss=0.4992 val_corr=0.582
[epoch 40] lr=5.00e-04 train_loss=0.1668 train_corr=0.857 val_loss=0.5129 val_corr=0.595
[epoch 41] lr=5.00e-04 train_loss=0.1686 train_corr=0.855 val_loss=0.4617 val_corr=0.608
[epoch 42] lr=5.00e-04 train_loss=0.1654 train_corr=0.860 val_loss=0.4991 val_corr=0.580
[epoch 43] lr=5.00e-04 train_loss=0.1653 train_corr=0.860 val_loss=0.5797 val_corr=0.583
[epoch 44] lr=5.00e-04 train_loss=0.1649 train_corr=0.861 val_loss=0.4659 val_corr=0.587
[epoch 45] lr=5.00e-04 train_loss=0.1640 train_corr=0.862 val_loss=0.4576 val_corr=0.605
[epoch 46] lr=5.00e-04 train_loss=0.1641 train_corr=0.862 val_loss=0.5467 val_corr=0.568
[epoch 47] lr=5.00e-04 train_loss=0.1638 train_corr=0.863 val_loss=0.5356 val_corr=0.581
[epoch 48] lr=5.00e-04 train_loss=0.1648 train_corr=0.861 val_loss=0.5606 val_corr=0.573
[epoch 49] lr=5.00e-04 train_loss=0.1621 train_corr=0.865 val_loss=0.4870 val_corr=0.592
fold 4 done. checkpoint exists: True -> /home/shunya/research/dog-radar-vitals/runs/20260825-122856_ecg_rpeak_spatial_gnn_lodo302_combined_fold4_test10/epoch_004.pt

=== fold 5: test_subject=13 val_subject=14 ===
train_subjects=[1, 2, 5, 9, 10, 16, 17, 29, 30]
[epoch 0] lr=5.00e-04 train_loss=0.6572 train_corr=0.478 val_loss=0.6276 val_corr=0.428
[epoch 1] lr=5.00e-04 train_loss=0.4422 train_corr=0.579 val_loss=0.6097 val_corr=0.463
[epoch 2] lr=5.00e-04 train_loss=0.3594 train_corr=0.633 val_loss=0.6181 val_corr=0.462
[epoch 3] lr=5.00e-04 train_loss=0.3218 train_corr=0.665 val_loss=0.6914 val_corr=0.483
[epoch 4] lr=5.00e-04 train_loss=0.3026 train_corr=0.683 val_loss=0.7235 val_corr=0.464
[epoch 5] lr=5.00e-04 train_loss=0.2841 train_corr=0.702 val_loss=0.8308 val_corr=0.473
[epoch 6] lr=5.00e-04 train_loss=0.2725 train_corr=0.716 val_loss=0.7962 val_corr=0.462
[epoch 7] lr=5.00e-04 train_loss=0.2618 train_corr=0.728 val_loss=0.8345 val_corr=0.461
[epoch 8] lr=5.00e-04 train_loss=0.2515 train_corr=0.741 val_loss=0.8580 val_corr=0.478
[epoch 9] lr=5.00e-04 train_loss=0.2454 train_corr=0.748 val_loss=0.8517 val_corr=0.458
[epoch 10] lr=5.00e-04 train_loss=0.2385 train_corr=0.757 val_loss=0.9110 val_corr=0.460
[epoch 11] lr=5.00e-04 train_loss=0.2326 train_corr=0.765 val_loss=0.9316 val_corr=0.446
[epoch 12] lr=5.00e-04 train_loss=0.2267 train_corr=0.773 val_loss=0.9384 val_corr=0.478
[epoch 13] lr=5.00e-04 train_loss=0.2219 train_corr=0.779 val_loss=1.0684 val_corr=0.436
[epoch 14] lr=5.00e-04 train_loss=0.2184 train_corr=0.784 val_loss=0.9003 val_corr=0.441
[epoch 15] lr=5.00e-04 train_loss=0.2148 train_corr=0.789 val_loss=0.9266 val_corr=0.456
[epoch 16] lr=5.00e-04 train_loss=0.2110 train_corr=0.794 val_loss=0.9796 val_corr=0.444
[epoch 17] lr=5.00e-04 train_loss=0.2080 train_corr=0.798 val_loss=0.9905 val_corr=0.471
[epoch 18] lr=5.00e-04 train_loss=0.2041 train_corr=0.803 val_loss=1.0429 val_corr=0.462
[epoch 19] lr=5.00e-04 train_loss=0.2020 train_corr=0.807 val_loss=1.1953 val_corr=0.449
[epoch 20] lr=5.00e-04 train_loss=0.1980 train_corr=0.812 val_loss=1.0228 val_corr=0.439
[epoch 21] lr=5.00e-04 train_loss=0.1975 train_corr=0.813 val_loss=1.2078 val_corr=0.442
[epoch 22] lr=5.00e-04 train_loss=0.1949 train_corr=0.817 val_loss=1.0452 val_corr=0.450
[epoch 23] lr=5.00e-04 train_loss=0.1938 train_corr=0.818 val_loss=1.1853 val_corr=0.443
[epoch 24] lr=5.00e-04 train_loss=0.1916 train_corr=0.821 val_loss=1.1090 val_corr=0.471
[epoch 25] lr=5.00e-04 train_loss=0.1877 train_corr=0.827 val_loss=1.1836 val_corr=0.441
[epoch 26] lr=5.00e-04 train_loss=0.1891 train_corr=0.825 val_loss=1.0939 val_corr=0.465
[epoch 27] lr=5.00e-04 train_loss=0.1854 train_corr=0.830 val_loss=1.2212 val_corr=0.428
[epoch 28] lr=5.00e-04 train_loss=0.1838 train_corr=0.833 val_loss=1.2064 val_corr=0.445
[epoch 29] lr=5.00e-04 train_loss=0.1834 train_corr=0.834 val_loss=1.0231 val_corr=0.454
[epoch 30] lr=5.00e-04 train_loss=0.1829 train_corr=0.834 val_loss=1.1120 val_corr=0.464
[epoch 31] lr=5.00e-04 train_loss=0.1790 train_corr=0.840 val_loss=1.1598 val_corr=0.452
[epoch 32] lr=5.00e-04 train_loss=0.1789 train_corr=0.840 val_loss=1.2523 val_corr=0.440
[epoch 33] lr=5.00e-04 train_loss=0.1793 train_corr=0.840 val_loss=1.0220 val_corr=0.447
[epoch 34] lr=5.00e-04 train_loss=0.1762 train_corr=0.844 val_loss=1.3293 val_corr=0.424
[epoch 35] lr=5.00e-04 train_loss=0.1758 train_corr=0.845 val_loss=1.3199 val_corr=0.432
[epoch 36] lr=5.00e-04 train_loss=0.1752 train_corr=0.846 val_loss=1.3960 val_corr=0.430
[epoch 37] lr=5.00e-04 train_loss=0.1747 train_corr=0.847 val_loss=1.2002 val_corr=0.439
[epoch 38] lr=5.00e-04 train_loss=0.1734 train_corr=0.849 val_loss=1.0975 val_corr=0.463
[epoch 39] lr=5.00e-04 train_loss=0.1734 train_corr=0.849 val_loss=1.2320 val_corr=0.448
[epoch 40] lr=5.00e-04 train_loss=0.1722 train_corr=0.850 val_loss=1.3398 val_corr=0.403
[epoch 41] lr=5.00e-04 train_loss=0.1709 train_corr=0.852 val_loss=1.1252 val_corr=0.434
[epoch 42] lr=5.00e-04 train_loss=0.1704 train_corr=0.853 val_loss=1.2650 val_corr=0.436
[epoch 43] lr=5.00e-04 train_loss=0.1695 train_corr=0.855 val_loss=1.1485 val_corr=0.438
[epoch 44] lr=5.00e-04 train_loss=0.1687 train_corr=0.856 val_loss=1.3475 val_corr=0.410
[epoch 45] lr=5.00e-04 train_loss=0.1672 train_corr=0.858 val_loss=1.1667 val_corr=0.435
[epoch 46] lr=5.00e-04 train_loss=0.1681 train_corr=0.857 val_loss=1.2503 val_corr=0.425
[epoch 47] lr=5.00e-04 train_loss=0.1672 train_corr=0.858 val_loss=1.2794 val_corr=0.428
[epoch 48] lr=5.00e-04 train_loss=0.1677 train_corr=0.857 val_loss=1.1819 val_corr=0.417
[epoch 49] lr=5.00e-04 train_loss=0.1644 train_corr=0.862 val_loss=1.2728 val_corr=0.451
fold 5 done. checkpoint exists: True -> /home/shunya/research/dog-radar-vitals/runs/20260825-125020_ecg_rpeak_spatial_gnn_lodo302_combined_fold5_test13/epoch_004.pt

=== fold 6: test_subject=14 val_subject=16 ===
train_subjects=[1, 2, 5, 9, 10, 13, 17, 29, 30]
[epoch 0] lr=5.00e-04 train_loss=0.6455 train_corr=0.494 val_loss=0.7514 val_corr=0.299
[epoch 1] lr=5.00e-04 train_loss=0.4331 train_corr=0.590 val_loss=0.7713 val_corr=0.317
[epoch 2] lr=5.00e-04 train_loss=0.3535 train_corr=0.636 val_loss=0.9385 val_corr=0.306
[epoch 3] lr=5.00e-04 train_loss=0.3170 train_corr=0.665 val_loss=0.9022 val_corr=0.335
[epoch 4] lr=5.00e-04 train_loss=0.2966 train_corr=0.684 val_loss=0.8932 val_corr=0.365
[epoch 5] lr=5.00e-04 train_loss=0.2805 train_corr=0.701 val_loss=1.1519 val_corr=0.322
[epoch 6] lr=5.00e-04 train_loss=0.2683 train_corr=0.716 val_loss=1.1281 val_corr=0.332
[epoch 7] lr=5.00e-04 train_loss=0.2602 train_corr=0.725 val_loss=1.1528 val_corr=0.342
[epoch 8] lr=5.00e-04 train_loss=0.2511 train_corr=0.737 val_loss=1.2540 val_corr=0.302
[epoch 9] lr=5.00e-04 train_loss=0.2439 train_corr=0.746 val_loss=1.0778 val_corr=0.354
[epoch 10] lr=5.00e-04 train_loss=0.2372 train_corr=0.754 val_loss=1.2073 val_corr=0.352
[epoch 11] lr=5.00e-04 train_loss=0.2332 train_corr=0.761 val_loss=1.2294 val_corr=0.371
[epoch 12] lr=5.00e-04 train_loss=0.2253 train_corr=0.771 val_loss=1.1265 val_corr=0.363
[epoch 13] lr=5.00e-04 train_loss=0.2233 train_corr=0.773 val_loss=1.2524 val_corr=0.386
[epoch 14] lr=5.00e-04 train_loss=0.2182 train_corr=0.780 val_loss=1.2583 val_corr=0.380
[epoch 15] lr=5.00e-04 train_loss=0.2134 train_corr=0.788 val_loss=1.2760 val_corr=0.383
[epoch 16] lr=5.00e-04 train_loss=0.2104 train_corr=0.792 val_loss=1.2328 val_corr=0.382
[epoch 17] lr=5.00e-04 train_loss=0.2073 train_corr=0.796 val_loss=1.2999 val_corr=0.384
[epoch 18] lr=5.00e-04 train_loss=0.2039 train_corr=0.801 val_loss=1.2778 val_corr=0.401
[epoch 19] lr=5.00e-04 train_loss=0.2022 train_corr=0.803 val_loss=1.3626 val_corr=0.389
[epoch 20] lr=5.00e-04 train_loss=0.1992 train_corr=0.808 val_loss=1.2496 val_corr=0.376
[epoch 21] lr=5.00e-04 train_loss=0.1966 train_corr=0.811 val_loss=1.2438 val_corr=0.387
[epoch 22] lr=5.00e-04 train_loss=0.1949 train_corr=0.814 val_loss=1.4072 val_corr=0.383
[epoch 23] lr=5.00e-04 train_loss=0.1928 train_corr=0.817 val_loss=1.5665 val_corr=0.363
[epoch 24] lr=5.00e-04 train_loss=0.1887 train_corr=0.823 val_loss=1.3370 val_corr=0.397
[epoch 25] lr=5.00e-04 train_loss=0.1882 train_corr=0.823 val_loss=1.4051 val_corr=0.380
[epoch 26] lr=5.00e-04 train_loss=0.1872 train_corr=0.825 val_loss=1.4994 val_corr=0.350
[epoch 27] lr=5.00e-04 train_loss=0.1849 train_corr=0.828 val_loss=1.4157 val_corr=0.374
[epoch 28] lr=5.00e-04 train_loss=0.1826 train_corr=0.832 val_loss=1.4729 val_corr=0.347
[epoch 29] lr=5.00e-04 train_loss=0.1823 train_corr=0.833 val_loss=1.6807 val_corr=0.318
[epoch 30] lr=5.00e-04 train_loss=0.1796 train_corr=0.836 val_loss=1.5067 val_corr=0.347
[epoch 31] lr=5.00e-04 train_loss=0.1788 train_corr=0.837 val_loss=1.6530 val_corr=0.328
[epoch 32] lr=5.00e-04 train_loss=0.1772 train_corr=0.840 val_loss=1.3877 val_corr=0.377
[epoch 33] lr=5.00e-04 train_loss=0.1758 train_corr=0.842 val_loss=1.4466 val_corr=0.363
[epoch 34] lr=5.00e-04 train_loss=0.1753 train_corr=0.843 val_loss=1.5171 val_corr=0.363
[epoch 35] lr=5.00e-04 train_loss=0.1740 train_corr=0.845 val_loss=1.6146 val_corr=0.369
[epoch 36] lr=5.00e-04 train_loss=0.1726 train_corr=0.847 val_loss=1.5542 val_corr=0.334
[epoch 37] lr=5.00e-04 train_loss=0.1722 train_corr=0.847 val_loss=1.5477 val_corr=0.363
[epoch 38] lr=5.00e-04 train_loss=0.1718 train_corr=0.848 val_loss=1.7835 val_corr=0.312
[epoch 39] lr=5.00e-04 train_loss=0.1705 train_corr=0.850 val_loss=1.6291 val_corr=0.368
[epoch 40] lr=5.00e-04 train_loss=0.1692 train_corr=0.852 val_loss=1.6788 val_corr=0.356
[epoch 41] lr=5.00e-04 train_loss=0.1696 train_corr=0.852 val_loss=1.5508 val_corr=0.353
[epoch 42] lr=5.00e-04 train_loss=0.1678 train_corr=0.854 val_loss=1.5097 val_corr=0.346
[epoch 43] lr=5.00e-04 train_loss=0.1663 train_corr=0.856 val_loss=1.7340 val_corr=0.326
[epoch 44] lr=5.00e-04 train_loss=0.1685 train_corr=0.854 val_loss=1.6781 val_corr=0.329
[epoch 45] lr=5.00e-04 train_loss=0.1656 train_corr=0.858 val_loss=1.7142 val_corr=0.346
[epoch 46] lr=5.00e-04 train_loss=0.1642 train_corr=0.860 val_loss=1.6356 val_corr=0.353
[epoch 47] lr=5.00e-04 train_loss=0.1639 train_corr=0.860 val_loss=1.5762 val_corr=0.371
[epoch 48] lr=5.00e-04 train_loss=0.1635 train_corr=0.861 val_loss=1.6781 val_corr=0.352
[epoch 49] lr=5.00e-04 train_loss=0.1633 train_corr=0.861 val_loss=1.7366 val_corr=0.348
fold 6 done. checkpoint exists: True -> /home/shunya/research/dog-radar-vitals/runs/20260825-131040_ecg_rpeak_spatial_gnn_lodo302_combined_fold6_test14/epoch_004.pt

=== fold 7: test_subject=16 val_subject=17 ===
train_subjects=[1, 2, 5, 9, 10, 13, 14, 29, 30]
[epoch 0] lr=5.00e-04 train_loss=0.6564 train_corr=0.483 val_loss=0.5319 val_corr=0.500
[epoch 1] lr=5.00e-04 train_loss=0.4440 train_corr=0.585 val_loss=0.4745 val_corr=0.493
[epoch 2] lr=5.00e-04 train_loss=0.3617 train_corr=0.635 val_loss=0.4680 val_corr=0.504
[epoch 3] lr=5.00e-04 train_loss=0.3232 train_corr=0.666 val_loss=0.4815 val_corr=0.470
[epoch 4] lr=5.00e-04 train_loss=0.2987 train_corr=0.690 val_loss=0.5295 val_corr=0.475
[epoch 5] lr=5.00e-04 train_loss=0.2798 train_corr=0.711 val_loss=0.5409 val_corr=0.470
[epoch 6] lr=5.00e-04 train_loss=0.2682 train_corr=0.725 val_loss=0.5849 val_corr=0.451
[epoch 7] lr=5.00e-04 train_loss=0.2567 train_corr=0.738 val_loss=0.5610 val_corr=0.479
[epoch 8] lr=5.00e-04 train_loss=0.2464 train_corr=0.751 val_loss=0.5932 val_corr=0.449
[epoch 9] lr=5.00e-04 train_loss=0.2397 train_corr=0.758 val_loss=0.5494 val_corr=0.454
[epoch 10] lr=5.00e-04 train_loss=0.2315 train_corr=0.769 val_loss=0.5736 val_corr=0.461
[epoch 11] lr=5.00e-04 train_loss=0.2262 train_corr=0.776 val_loss=0.6304 val_corr=0.462
[epoch 12] lr=5.00e-04 train_loss=0.2205 train_corr=0.783 val_loss=0.6451 val_corr=0.445
[epoch 13] lr=5.00e-04 train_loss=0.2167 train_corr=0.789 val_loss=0.6647 val_corr=0.427
[epoch 14] lr=5.00e-04 train_loss=0.2109 train_corr=0.796 val_loss=0.7515 val_corr=0.415
[epoch 15] lr=5.00e-04 train_loss=0.2067 train_corr=0.802 val_loss=0.7491 val_corr=0.446
[epoch 16] lr=5.00e-04 train_loss=0.2030 train_corr=0.807 val_loss=0.8140 val_corr=0.404
[epoch 17] lr=5.00e-04 train_loss=0.2008 train_corr=0.809 val_loss=0.8288 val_corr=0.412
[epoch 18] lr=5.00e-04 train_loss=0.1976 train_corr=0.815 val_loss=0.7643 val_corr=0.416
[epoch 19] lr=5.00e-04 train_loss=0.1950 train_corr=0.818 val_loss=0.8018 val_corr=0.431
[epoch 20] lr=5.00e-04 train_loss=0.1936 train_corr=0.820 val_loss=0.7474 val_corr=0.431
[epoch 21] lr=5.00e-04 train_loss=0.1907 train_corr=0.824 val_loss=0.8749 val_corr=0.397
[epoch 22] lr=5.00e-04 train_loss=0.1890 train_corr=0.826 val_loss=0.9131 val_corr=0.400
[epoch 23] lr=5.00e-04 train_loss=0.1858 train_corr=0.831 val_loss=0.9328 val_corr=0.404
[epoch 24] lr=5.00e-04 train_loss=0.1822 train_corr=0.835 val_loss=0.9332 val_corr=0.424
[epoch 25] lr=5.00e-04 train_loss=0.1824 train_corr=0.835 val_loss=0.9422 val_corr=0.403
[epoch 26] lr=5.00e-04 train_loss=0.1808 train_corr=0.838 val_loss=0.9325 val_corr=0.385
[epoch 27] lr=5.00e-04 train_loss=0.1792 train_corr=0.840 val_loss=0.9788 val_corr=0.411
[epoch 28] lr=5.00e-04 train_loss=0.1776 train_corr=0.842 val_loss=0.8961 val_corr=0.417
[epoch 29] lr=5.00e-04 train_loss=0.1767 train_corr=0.844 val_loss=0.9441 val_corr=0.366
[epoch 30] lr=5.00e-04 train_loss=0.1753 train_corr=0.846 val_loss=0.9552 val_corr=0.394
[epoch 31] lr=5.00e-04 train_loss=0.1743 train_corr=0.847 val_loss=0.9099 val_corr=0.406
[epoch 32] lr=5.00e-04 train_loss=0.1725 train_corr=0.850 val_loss=0.7175 val_corr=0.438
[epoch 33] lr=5.00e-04 train_loss=0.1715 train_corr=0.851 val_loss=0.9667 val_corr=0.401
[epoch 34] lr=5.00e-04 train_loss=0.1705 train_corr=0.852 val_loss=0.9711 val_corr=0.405
[epoch 35] lr=5.00e-04 train_loss=0.1699 train_corr=0.854 val_loss=0.8436 val_corr=0.432
[epoch 36] lr=5.00e-04 train_loss=0.1685 train_corr=0.855 val_loss=0.9548 val_corr=0.395
[epoch 37] lr=5.00e-04 train_loss=0.1685 train_corr=0.856 val_loss=0.9609 val_corr=0.401
[epoch 38] lr=5.00e-04 train_loss=0.1687 train_corr=0.856 val_loss=0.9541 val_corr=0.405
[epoch 39] lr=5.00e-04 train_loss=0.1658 train_corr=0.860 val_loss=0.9270 val_corr=0.408
[epoch 40] lr=5.00e-04 train_loss=0.1659 train_corr=0.860 val_loss=1.0614 val_corr=0.402
[epoch 41] lr=5.00e-04 train_loss=0.1660 train_corr=0.859 val_loss=0.9496 val_corr=0.410
[epoch 42] lr=5.00e-04 train_loss=0.1635 train_corr=0.863 val_loss=0.7783 val_corr=0.423
[epoch 43] lr=5.00e-04 train_loss=0.1639 train_corr=0.862 val_loss=0.8271 val_corr=0.443
[epoch 44] lr=5.00e-04 train_loss=0.1628 train_corr=0.864 val_loss=0.9175 val_corr=0.407
[epoch 45] lr=5.00e-04 train_loss=0.1626 train_corr=0.864 val_loss=0.8844 val_corr=0.442
[epoch 46] lr=5.00e-04 train_loss=0.1611 train_corr=0.867 val_loss=1.0004 val_corr=0.416
[epoch 47] lr=5.00e-04 train_loss=0.1628 train_corr=0.864 val_loss=0.9120 val_corr=0.442
[epoch 48] lr=5.00e-04 train_loss=0.1613 train_corr=0.866 val_loss=0.9112 val_corr=0.419
[epoch 49] lr=5.00e-04 train_loss=0.1605 train_corr=0.868 val_loss=0.9925 val_corr=0.430
fold 7 done. checkpoint exists: True -> /home/shunya/research/dog-radar-vitals/runs/20260825-133024_ecg_rpeak_spatial_gnn_lodo302_combined_fold7_test16/epoch_004.pt

=== fold 8: test_subject=17 val_subject=29 ===
train_subjects=[1, 2, 5, 9, 10, 13, 14, 16, 30]
[epoch 0] lr=5.00e-04 train_loss=0.6960 train_corr=0.449 val_loss=0.6572 val_corr=0.437
[epoch 1] lr=5.00e-04 train_loss=0.4832 train_corr=0.568 val_loss=0.6109 val_corr=0.446
[epoch 2] lr=5.00e-04 train_loss=0.3879 train_corr=0.624 val_loss=0.6040 val_corr=0.467
[epoch 3] lr=5.00e-04 train_loss=0.3413 train_corr=0.659 val_loss=0.6260 val_corr=0.472
[epoch 4] lr=5.00e-04 train_loss=0.3131 train_corr=0.684 val_loss=0.6480 val_corr=0.463
[epoch 5] lr=5.00e-04 train_loss=0.2923 train_corr=0.704 val_loss=0.7339 val_corr=0.455
[epoch 6] lr=5.00e-04 train_loss=0.2759 train_corr=0.721 val_loss=0.6588 val_corr=0.506
[epoch 7] lr=5.00e-04 train_loss=0.2654 train_corr=0.732 val_loss=0.6541 val_corr=0.497
[epoch 8] lr=5.00e-04 train_loss=0.2541 train_corr=0.745 val_loss=0.5732 val_corr=0.529
[epoch 9] lr=5.00e-04 train_loss=0.2472 train_corr=0.753 val_loss=0.7795 val_corr=0.503
[epoch 10] lr=5.00e-04 train_loss=0.2396 train_corr=0.762 val_loss=0.7991 val_corr=0.468
[epoch 11] lr=5.00e-04 train_loss=0.2308 train_corr=0.772 val_loss=0.6428 val_corr=0.527
[epoch 12] lr=5.00e-04 train_loss=0.2274 train_corr=0.777 val_loss=0.8259 val_corr=0.488
[epoch 13] lr=5.00e-04 train_loss=0.2221 train_corr=0.782 val_loss=0.8784 val_corr=0.504
[epoch 14] lr=5.00e-04 train_loss=0.2170 train_corr=0.790 val_loss=0.7901 val_corr=0.496
[epoch 15] lr=5.00e-04 train_loss=0.2143 train_corr=0.793 val_loss=0.7835 val_corr=0.496
[epoch 16] lr=5.00e-04 train_loss=0.2105 train_corr=0.798 val_loss=0.7474 val_corr=0.507
[epoch 17] lr=5.00e-04 train_loss=0.2061 train_corr=0.803 val_loss=0.8350 val_corr=0.496
[epoch 18] lr=5.00e-04 train_loss=0.2035 train_corr=0.807 val_loss=0.7544 val_corr=0.531
[epoch 19] lr=5.00e-04 train_loss=0.2006 train_corr=0.811 val_loss=0.7925 val_corr=0.510
[epoch 20] lr=5.00e-04 train_loss=0.1999 train_corr=0.812 val_loss=0.9003 val_corr=0.489
[epoch 21] lr=5.00e-04 train_loss=0.1965 train_corr=0.816 val_loss=0.8138 val_corr=0.512
[epoch 22] lr=5.00e-04 train_loss=0.1917 train_corr=0.822 val_loss=0.7058 val_corr=0.518
[epoch 23] lr=5.00e-04 train_loss=0.1921 train_corr=0.821 val_loss=0.7809 val_corr=0.524
[epoch 24] lr=5.00e-04 train_loss=0.1901 train_corr=0.824 val_loss=0.8474 val_corr=0.499
[epoch 25] lr=5.00e-04 train_loss=0.1870 train_corr=0.828 val_loss=0.9482 val_corr=0.492
[epoch 26] lr=5.00e-04 train_loss=0.1855 train_corr=0.831 val_loss=0.9031 val_corr=0.501
[epoch 27] lr=5.00e-04 train_loss=0.1850 train_corr=0.831 val_loss=0.9030 val_corr=0.490
[epoch 28] lr=5.00e-04 train_loss=0.1817 train_corr=0.836 val_loss=0.7642 val_corr=0.526
[epoch 29] lr=5.00e-04 train_loss=0.1837 train_corr=0.833 val_loss=0.9188 val_corr=0.498
[epoch 30] lr=5.00e-04 train_loss=0.1794 train_corr=0.839 val_loss=0.9556 val_corr=0.500
[epoch 31] lr=5.00e-04 train_loss=0.1773 train_corr=0.841 val_loss=0.9877 val_corr=0.476
[epoch 32] lr=5.00e-04 train_loss=0.1780 train_corr=0.841 val_loss=0.7707 val_corr=0.513
[epoch 33] lr=5.00e-04 train_loss=0.1752 train_corr=0.844 val_loss=0.8431 val_corr=0.515
[epoch 34] lr=5.00e-04 train_loss=0.1759 train_corr=0.844 val_loss=0.8437 val_corr=0.525
[epoch 35] lr=5.00e-04 train_loss=0.1737 train_corr=0.846 val_loss=1.0453 val_corr=0.474
[epoch 36] lr=5.00e-04 train_loss=0.1731 train_corr=0.847 val_loss=0.7733 val_corr=0.518
[epoch 37] lr=5.00e-04 train_loss=0.1704 train_corr=0.852 val_loss=1.0125 val_corr=0.498
[epoch 38] lr=5.00e-04 train_loss=0.1707 train_corr=0.851 val_loss=0.8943 val_corr=0.504
[epoch 39] lr=5.00e-04 train_loss=0.1689 train_corr=0.853 val_loss=0.9678 val_corr=0.497
[epoch 40] lr=5.00e-04 train_loss=0.1693 train_corr=0.853 val_loss=0.9275 val_corr=0.493
[epoch 41] lr=5.00e-04 train_loss=0.1697 train_corr=0.852 val_loss=1.0513 val_corr=0.493
[epoch 42] lr=5.00e-04 train_loss=0.1659 train_corr=0.857 val_loss=0.9572 val_corr=0.496
[epoch 43] lr=5.00e-04 train_loss=0.1659 train_corr=0.857 val_loss=1.0594 val_corr=0.477
[epoch 44] lr=5.00e-04 train_loss=0.1693 train_corr=0.853 val_loss=0.9089 val_corr=0.503
[epoch 45] lr=5.00e-04 train_loss=0.1650 train_corr=0.859 val_loss=0.9352 val_corr=0.503
[epoch 46] lr=5.00e-04 train_loss=0.1643 train_corr=0.860 val_loss=0.8259 val_corr=0.521
[epoch 47] lr=5.00e-04 train_loss=0.1642 train_corr=0.860 val_loss=1.1712 val_corr=0.459
[epoch 48] lr=5.00e-04 train_loss=0.1621 train_corr=0.863 val_loss=1.0582 val_corr=0.474
[epoch 49] lr=5.00e-04 train_loss=0.1615 train_corr=0.864 val_loss=1.0790 val_corr=0.473
fold 8 done. checkpoint exists: True -> /home/shunya/research/dog-radar-vitals/runs/20260825-135002_ecg_rpeak_spatial_gnn_lodo302_combined_fold8_test17/epoch_004.pt

=== fold 9: test_subject=29 val_subject=30 ===
train_subjects=[1, 2, 5, 9, 10, 13, 14, 16, 17]
[epoch 0] lr=5.00e-04 train_loss=0.6950 train_corr=0.449 val_loss=0.6316 val_corr=0.473
[epoch 1] lr=5.00e-04 train_loss=0.4831 train_corr=0.572 val_loss=0.5383 val_corr=0.511
[epoch 2] lr=5.00e-04 train_loss=0.3880 train_corr=0.622 val_loss=0.5385 val_corr=0.498
[epoch 3] lr=5.00e-04 train_loss=0.3309 train_corr=0.668 val_loss=0.5964 val_corr=0.453
[epoch 4] lr=5.00e-04 train_loss=0.3007 train_corr=0.696 val_loss=0.6014 val_corr=0.461
[epoch 5] lr=5.00e-04 train_loss=0.2763 train_corr=0.719 val_loss=0.6269 val_corr=0.461
[epoch 6] lr=5.00e-04 train_loss=0.2615 train_corr=0.736 val_loss=0.6979 val_corr=0.460
[epoch 7] lr=5.00e-04 train_loss=0.2467 train_corr=0.751 val_loss=0.6155 val_corr=0.474
[epoch 8] lr=5.00e-04 train_loss=0.2394 train_corr=0.760 val_loss=0.7360 val_corr=0.465
[epoch 9] lr=5.00e-04 train_loss=0.2304 train_corr=0.770 val_loss=0.7691 val_corr=0.442
[epoch 10] lr=5.00e-04 train_loss=0.2242 train_corr=0.776 val_loss=0.7841 val_corr=0.455
[epoch 11] lr=5.00e-04 train_loss=0.2189 train_corr=0.784 val_loss=0.7854 val_corr=0.450
[epoch 12] lr=5.00e-04 train_loss=0.2127 train_corr=0.790 val_loss=0.8502 val_corr=0.454
[epoch 13] lr=5.00e-04 train_loss=0.2064 train_corr=0.798 val_loss=0.7878 val_corr=0.456
[epoch 14] lr=5.00e-04 train_loss=0.2033 train_corr=0.802 val_loss=0.8916 val_corr=0.438
[epoch 15] lr=5.00e-04 train_loss=0.1996 train_corr=0.807 val_loss=0.7154 val_corr=0.481
[epoch 16] lr=5.00e-04 train_loss=0.1974 train_corr=0.809 val_loss=0.9073 val_corr=0.418
[epoch 17] lr=5.00e-04 train_loss=0.1942 train_corr=0.813 val_loss=0.8399 val_corr=0.415
[epoch 18] lr=5.00e-04 train_loss=0.1920 train_corr=0.815 val_loss=0.9429 val_corr=0.422
[epoch 19] lr=5.00e-04 train_loss=0.1867 train_corr=0.824 val_loss=1.0586 val_corr=0.403
[epoch 20] lr=5.00e-04 train_loss=0.1859 train_corr=0.825 val_loss=0.9578 val_corr=0.424
[epoch 21] lr=5.00e-04 train_loss=0.1835 train_corr=0.828 val_loss=0.8529 val_corr=0.457
[epoch 22] lr=5.00e-04 train_loss=0.1815 train_corr=0.831 val_loss=0.8732 val_corr=0.443
[epoch 23] lr=5.00e-04 train_loss=0.1821 train_corr=0.830 val_loss=1.0515 val_corr=0.404
[epoch 24] lr=5.00e-04 train_loss=0.1788 train_corr=0.834 val_loss=0.8975 val_corr=0.459
[epoch 25] lr=5.00e-04 train_loss=0.1771 train_corr=0.836 val_loss=1.1715 val_corr=0.392
[epoch 26] lr=5.00e-04 train_loss=0.1753 train_corr=0.839 val_loss=1.0383 val_corr=0.430
[epoch 27] lr=5.00e-04 train_loss=0.1735 train_corr=0.842 val_loss=1.1712 val_corr=0.392
[epoch 28] lr=5.00e-04 train_loss=0.1727 train_corr=0.843 val_loss=0.9760 val_corr=0.450
[epoch 29] lr=5.00e-04 train_loss=0.1711 train_corr=0.845 val_loss=1.0547 val_corr=0.401
[epoch 30] lr=5.00e-04 train_loss=0.1698 train_corr=0.848 val_loss=1.0568 val_corr=0.414
[epoch 31] lr=5.00e-04 train_loss=0.1680 train_corr=0.850 val_loss=1.0752 val_corr=0.376
[epoch 32] lr=5.00e-04 train_loss=0.1692 train_corr=0.848 val_loss=0.8894 val_corr=0.439
[epoch 33] lr=5.00e-04 train_loss=0.1659 train_corr=0.852 val_loss=1.3229 val_corr=0.361
[epoch 34] lr=5.00e-04 train_loss=0.1666 train_corr=0.851 val_loss=1.2263 val_corr=0.387
[epoch 35] lr=5.00e-04 train_loss=0.1659 train_corr=0.852 val_loss=1.2316 val_corr=0.384
[epoch 36] lr=5.00e-04 train_loss=0.1621 train_corr=0.858 val_loss=1.1500 val_corr=0.403
[epoch 37] lr=5.00e-04 train_loss=0.1624 train_corr=0.857 val_loss=1.2918 val_corr=0.407
[epoch 38] lr=5.00e-04 train_loss=0.1619 train_corr=0.858 val_loss=1.1053 val_corr=0.400
[epoch 39] lr=5.00e-04 train_loss=0.1599 train_corr=0.861 val_loss=1.0727 val_corr=0.433
[epoch 40] lr=5.00e-04 train_loss=0.1599 train_corr=0.861 val_loss=1.4786 val_corr=0.377
[epoch 41] lr=5.00e-04 train_loss=0.1591 train_corr=0.862 val_loss=1.2203 val_corr=0.397
[epoch 42] lr=5.00e-04 train_loss=0.1581 train_corr=0.863 val_loss=0.9806 val_corr=0.429
[epoch 43] lr=5.00e-04 train_loss=0.1580 train_corr=0.864 val_loss=1.1163 val_corr=0.438
[epoch 44] lr=5.00e-04 train_loss=0.1590 train_corr=0.862 val_loss=1.1442 val_corr=0.436
[epoch 45] lr=5.00e-04 train_loss=0.1583 train_corr=0.863 val_loss=1.2191 val_corr=0.410
[epoch 46] lr=5.00e-04 train_loss=0.1572 train_corr=0.865 val_loss=1.2314 val_corr=0.389
[epoch 47] lr=5.00e-04 train_loss=0.1596 train_corr=0.861 val_loss=1.3674 val_corr=0.387
[epoch 48] lr=5.00e-04 train_loss=0.1557 train_corr=0.867 val_loss=1.3078 val_corr=0.372
[epoch 49] lr=5.00e-04 train_loss=0.1537 train_corr=0.870 val_loss=1.2320 val_corr=0.398
fold 9 done. checkpoint exists: True -> /home/shunya/research/dog-radar-vitals/runs/20260825-140802_ecg_rpeak_spatial_gnn_lodo302_combined_fold9_test29/epoch_004.pt

=== fold 10: test_subject=30 val_subject=1 ===
train_subjects=[2, 5, 9, 10, 13, 14, 16, 17, 29]
[epoch 0] lr=5.00e-04 train_loss=0.6508 train_corr=0.481 val_loss=0.5713 val_corr=0.427
[epoch 1] lr=5.00e-04 train_loss=0.4332 train_corr=0.591 val_loss=0.4800 val_corr=0.450
[epoch 2] lr=5.00e-04 train_loss=0.3567 train_corr=0.638 val_loss=0.4209 val_corr=0.518
[epoch 3] lr=5.00e-04 train_loss=0.3204 train_corr=0.668 val_loss=0.5904 val_corr=0.381
[epoch 4] lr=5.00e-04 train_loss=0.2967 train_corr=0.690 val_loss=0.4425 val_corr=0.491
[epoch 5] lr=5.00e-04 train_loss=0.2822 train_corr=0.705 val_loss=0.5594 val_corr=0.423
[epoch 6] lr=5.00e-04 train_loss=0.2684 train_corr=0.720 val_loss=0.4743 val_corr=0.502
[epoch 7] lr=5.00e-04 train_loss=0.2585 train_corr=0.731 val_loss=0.5446 val_corr=0.441
[epoch 8] lr=5.00e-04 train_loss=0.2497 train_corr=0.741 val_loss=0.5432 val_corr=0.442
[epoch 9] lr=5.00e-04 train_loss=0.2416 train_corr=0.751 val_loss=0.7056 val_corr=0.395
[epoch 10] lr=5.00e-04 train_loss=0.2342 train_corr=0.760 val_loss=0.6229 val_corr=0.419
[epoch 11] lr=5.00e-04 train_loss=0.2293 train_corr=0.766 val_loss=0.8151 val_corr=0.347
[epoch 12] lr=5.00e-04 train_loss=0.2218 train_corr=0.776 val_loss=0.6986 val_corr=0.378
[epoch 13] lr=5.00e-04 train_loss=0.2164 train_corr=0.784 val_loss=0.7842 val_corr=0.356
[epoch 14] lr=5.00e-04 train_loss=0.2114 train_corr=0.790 val_loss=0.7021 val_corr=0.393
[epoch 15] lr=5.00e-04 train_loss=0.2077 train_corr=0.795 val_loss=0.9084 val_corr=0.321
[epoch 16] lr=5.00e-04 train_loss=0.2034 train_corr=0.801 val_loss=0.9857 val_corr=0.303
[epoch 17] lr=5.00e-04 train_loss=0.1999 train_corr=0.807 val_loss=0.8120 val_corr=0.368
[epoch 18] lr=5.00e-04 train_loss=0.1985 train_corr=0.809 val_loss=0.9272 val_corr=0.298
[epoch 19] lr=5.00e-04 train_loss=0.1947 train_corr=0.814 val_loss=0.8415 val_corr=0.354
[epoch 20] lr=5.00e-04 train_loss=0.1920 train_corr=0.818 val_loss=1.0392 val_corr=0.307
[epoch 21] lr=5.00e-04 train_loss=0.1883 train_corr=0.824 val_loss=1.0031 val_corr=0.318
[epoch 22] lr=5.00e-04 train_loss=0.1862 train_corr=0.827 val_loss=1.1766 val_corr=0.231
[epoch 23] lr=5.00e-04 train_loss=0.1850 train_corr=0.828 val_loss=1.1490 val_corr=0.247
[epoch 24] lr=5.00e-04 train_loss=0.1832 train_corr=0.831 val_loss=1.2981 val_corr=0.264
[epoch 25] lr=5.00e-04 train_loss=0.1807 train_corr=0.835 val_loss=1.5410 val_corr=0.182
[epoch 26] lr=5.00e-04 train_loss=0.1853 train_corr=0.829 val_loss=1.3074 val_corr=0.254
[epoch 27] lr=5.00e-04 train_loss=0.1766 train_corr=0.841 val_loss=1.2946 val_corr=0.256
[epoch 28] lr=5.00e-04 train_loss=0.1754 train_corr=0.843 val_loss=1.0357 val_corr=0.316
[epoch 29] lr=5.00e-04 train_loss=0.1754 train_corr=0.843 val_loss=1.2093 val_corr=0.245
[epoch 30] lr=5.00e-04 train_loss=0.1715 train_corr=0.848 val_loss=1.4661 val_corr=0.194
[epoch 31] lr=5.00e-04 train_loss=0.1725 train_corr=0.847 val_loss=1.1849 val_corr=0.276
[epoch 32] lr=5.00e-04 train_loss=0.1714 train_corr=0.849 val_loss=1.1084 val_corr=0.291
[epoch 33] lr=5.00e-04 train_loss=0.1690 train_corr=0.852 val_loss=1.0328 val_corr=0.304
[epoch 34] lr=5.00e-04 train_loss=0.1674 train_corr=0.854 val_loss=1.2320 val_corr=0.242
[epoch 35] lr=5.00e-04 train_loss=0.1684 train_corr=0.853 val_loss=1.3429 val_corr=0.217
[epoch 36] lr=5.00e-04 train_loss=0.1664 train_corr=0.856 val_loss=1.1294 val_corr=0.282
[epoch 37] lr=5.00e-04 train_loss=0.1655 train_corr=0.857 val_loss=1.1931 val_corr=0.253
[epoch 38] lr=5.00e-04 train_loss=0.1650 train_corr=0.858 val_loss=1.4085 val_corr=0.206
[epoch 39] lr=5.00e-04 train_loss=0.1664 train_corr=0.856 val_loss=1.4699 val_corr=0.209
[epoch 40] lr=5.00e-04 train_loss=0.1631 train_corr=0.860 val_loss=1.1523 val_corr=0.276
[epoch 41] lr=5.00e-04 train_loss=0.1631 train_corr=0.861 val_loss=1.3068 val_corr=0.216
[epoch 42] lr=5.00e-04 train_loss=0.1617 train_corr=0.863 val_loss=1.2740 val_corr=0.256
[epoch 43] lr=5.00e-04 train_loss=0.1659 train_corr=0.857 val_loss=1.4191 val_corr=0.201
[epoch 44] lr=5.00e-04 train_loss=0.1603 train_corr=0.865 val_loss=1.1155 val_corr=0.245
[epoch 45] lr=5.00e-04 train_loss=0.1595 train_corr=0.866 val_loss=1.2945 val_corr=0.231
[epoch 46] lr=5.00e-04 train_loss=0.1599 train_corr=0.866 val_loss=1.2276 val_corr=0.230
[epoch 47] lr=5.00e-04 train_loss=0.1595 train_corr=0.866 val_loss=1.0327 val_corr=0.325
[epoch 48] lr=5.00e-04 train_loss=0.1581 train_corr=0.868 val_loss=1.4039 val_corr=0.198
[epoch 49] lr=5.00e-04 train_loss=0.1582 train_corr=0.868 val_loss=1.4391 val_corr=0.199
fold 10 done. checkpoint exists: True -> /home/shunya/research/dog-radar-vitals/runs/20260825-142344_ecg_rpeak_spatial_gnn_lodo302_combined_fold10_test30/epoch_004.pt

=== LOSO 学習完了: 11 fold ===
run 一覧: /home/shunya/research/dog-radar-vitals/reports/lodo302_combined_cv_runs.json
次は evaluate_spatial_gnn_hrv.py を fold ごとに --test_subjects つきで回す(キュー014)
