
=== fold 0: test_subject=1 val_subject=2 ===
train_subjects=[5, 9, 10, 13, 14, 16, 17, 29, 30]
[epoch 0] lr=5.00e-04 train_loss=0.4197 train_corr=0.349 val_loss=0.2980 val_corr=0.233
[epoch 1] lr=5.00e-04 train_loss=0.1976 train_corr=0.539 val_loss=0.2273 val_corr=0.149
[epoch 2] lr=5.00e-04 train_loss=0.1346 train_corr=0.612 val_loss=0.2112 val_corr=0.052
[epoch 3] lr=5.00e-04 train_loss=0.1135 train_corr=0.662 val_loss=0.2263 val_corr=0.035
[epoch 4] lr=5.00e-04 train_loss=0.1033 train_corr=0.696 val_loss=0.2455 val_corr=0.011
[epoch 5] lr=5.00e-04 train_loss=0.0960 train_corr=0.728 val_loss=0.2352 val_corr=0.056
[epoch 6] lr=5.00e-04 train_loss=0.0907 train_corr=0.753 val_loss=0.2639 val_corr=-0.003
[epoch 7] lr=5.00e-04 train_loss=0.0867 train_corr=0.773 val_loss=0.2646 val_corr=0.019
[epoch 8] lr=5.00e-04 train_loss=0.0829 train_corr=0.793 val_loss=0.2837 val_corr=-0.015
[epoch 9] lr=5.00e-04 train_loss=0.0798 train_corr=0.809 val_loss=0.2725 val_corr=0.011
[epoch 10] lr=5.00e-04 train_loss=0.0769 train_corr=0.825 val_loss=0.3151 val_corr=-0.037
[epoch 11] lr=5.00e-04 train_loss=0.0745 train_corr=0.838 val_loss=0.2971 val_corr=-0.018
[epoch 12] lr=5.00e-04 train_loss=0.0727 train_corr=0.848 val_loss=0.3199 val_corr=-0.032
[epoch 13] lr=5.00e-04 train_loss=0.0709 train_corr=0.857 val_loss=0.3129 val_corr=-0.021
[epoch 14] lr=5.00e-04 train_loss=0.0696 train_corr=0.864 val_loss=0.3290 val_corr=-0.034
[epoch 15] lr=5.00e-04 train_loss=0.0682 train_corr=0.872 val_loss=0.3471 val_corr=-0.045
[epoch 16] lr=5.00e-04 train_loss=0.0669 train_corr=0.878 val_loss=0.3388 val_corr=-0.036
[epoch 17] lr=5.00e-04 train_loss=0.0661 train_corr=0.883 val_loss=0.3357 val_corr=-0.031
[epoch 18] lr=5.00e-04 train_loss=0.0651 train_corr=0.888 val_loss=0.3400 val_corr=-0.029
[epoch 19] lr=5.00e-04 train_loss=0.0645 train_corr=0.892 val_loss=0.3554 val_corr=-0.044
[epoch 20] lr=5.00e-04 train_loss=0.0633 train_corr=0.898 val_loss=0.3301 val_corr=-0.021
[epoch 21] lr=5.00e-04 train_loss=0.0625 train_corr=0.902 val_loss=0.3404 val_corr=-0.040
[epoch 22] lr=5.00e-04 train_loss=0.0617 train_corr=0.906 val_loss=0.3359 val_corr=-0.029
[epoch 23] lr=5.00e-04 train_loss=0.0617 train_corr=0.906 val_loss=0.3119 val_corr=0.011
[epoch 24] lr=5.00e-04 train_loss=0.0610 train_corr=0.911 val_loss=0.3189 val_corr=-0.009
[epoch 25] lr=5.00e-04 train_loss=0.0603 train_corr=0.914 val_loss=0.3571 val_corr=-0.028
[epoch 26] lr=5.00e-04 train_loss=0.0600 train_corr=0.916 val_loss=0.3279 val_corr=0.004
[epoch 27] lr=5.00e-04 train_loss=0.0592 train_corr=0.920 val_loss=0.3764 val_corr=-0.046
[epoch 28] lr=5.00e-04 train_loss=0.0591 train_corr=0.920 val_loss=0.3596 val_corr=-0.038
[epoch 29] lr=5.00e-04 train_loss=0.0588 train_corr=0.922 val_loss=0.3236 val_corr=-0.004
[epoch 30] lr=5.00e-04 train_loss=0.0585 train_corr=0.924 val_loss=0.3467 val_corr=-0.022
[epoch 31] lr=5.00e-04 train_loss=0.0583 train_corr=0.925 val_loss=0.3528 val_corr=-0.028
[epoch 32] lr=5.00e-04 train_loss=0.0578 train_corr=0.928 val_loss=0.3513 val_corr=-0.028
[epoch 33] lr=5.00e-04 train_loss=0.0573 train_corr=0.930 val_loss=0.3286 val_corr=-0.003
[epoch 34] lr=5.00e-04 train_loss=0.0574 train_corr=0.930 val_loss=0.3376 val_corr=-0.007
[epoch 35] lr=5.00e-04 train_loss=0.0572 train_corr=0.931 val_loss=0.3317 val_corr=-0.014
[epoch 36] lr=5.00e-04 train_loss=0.0568 train_corr=0.933 val_loss=0.3485 val_corr=-0.027
[epoch 37] lr=5.00e-04 train_loss=0.0564 train_corr=0.935 val_loss=0.3557 val_corr=-0.012
[epoch 38] lr=5.00e-04 train_loss=0.0562 train_corr=0.936 val_loss=0.3267 val_corr=0.003
[epoch 39] lr=5.00e-04 train_loss=0.0560 train_corr=0.937 val_loss=0.3533 val_corr=-0.023
[epoch 40] lr=5.00e-04 train_loss=0.0558 train_corr=0.938 val_loss=0.3455 val_corr=-0.012
[epoch 41] lr=5.00e-04 train_loss=0.0557 train_corr=0.939 val_loss=0.3290 val_corr=0.002
[epoch 42] lr=5.00e-04 train_loss=0.0553 train_corr=0.941 val_loss=0.3398 val_corr=-0.019
[epoch 43] lr=5.00e-04 train_loss=0.0551 train_corr=0.942 val_loss=0.3390 val_corr=-0.013
[epoch 44] lr=5.00e-04 train_loss=0.0554 train_corr=0.940 val_loss=0.3578 val_corr=-0.033
[epoch 45] lr=5.00e-04 train_loss=0.0550 train_corr=0.942 val_loss=0.3289 val_corr=-0.008
[epoch 46] lr=5.00e-04 train_loss=0.0549 train_corr=0.943 val_loss=0.3338 val_corr=-0.012
[epoch 47] lr=5.00e-04 train_loss=0.0547 train_corr=0.944 val_loss=0.3534 val_corr=-0.020
[epoch 48] lr=5.00e-04 train_loss=0.0550 train_corr=0.943 val_loss=0.3223 val_corr=-0.003
[epoch 49] lr=5.00e-04 train_loss=0.0544 train_corr=0.946 val_loss=0.3383 val_corr=-0.013
fold 0 done. checkpoint exists: True -> /home/shunya/research/dog-radar-vitals/runs/20260825-182214_ecg_rpeak_spatial_gnn_lodo305_madonly_fold0_test1/epoch_004.pt

=== fold 1: test_subject=2 val_subject=5 ===
train_subjects=[1, 9, 10, 13, 14, 16, 17, 29, 30]
[epoch 0] lr=5.00e-04 train_loss=0.4370 train_corr=0.364 val_loss=0.3144 val_corr=0.099
[epoch 1] lr=5.00e-04 train_loss=0.2175 train_corr=0.557 val_loss=0.2237 val_corr=0.063
[epoch 2] lr=5.00e-04 train_loss=0.1398 train_corr=0.630 val_loss=0.2091 val_corr=0.048
[epoch 3] lr=5.00e-04 train_loss=0.1127 train_corr=0.683 val_loss=0.1948 val_corr=0.149
[epoch 4] lr=5.00e-04 train_loss=0.1000 train_corr=0.719 val_loss=0.2028 val_corr=0.140
[epoch 5] lr=5.00e-04 train_loss=0.0928 train_corr=0.744 val_loss=0.2079 val_corr=0.142
[epoch 6] lr=5.00e-04 train_loss=0.0883 train_corr=0.761 val_loss=0.2180 val_corr=0.117
[epoch 7] lr=5.00e-04 train_loss=0.0844 train_corr=0.779 val_loss=0.2110 val_corr=0.184
[epoch 8] lr=5.00e-04 train_loss=0.0811 train_corr=0.796 val_loss=0.2050 val_corr=0.189
[epoch 9] lr=5.00e-04 train_loss=0.0785 train_corr=0.809 val_loss=0.2427 val_corr=0.116
[epoch 10] lr=5.00e-04 train_loss=0.0764 train_corr=0.820 val_loss=0.2434 val_corr=0.122
[epoch 11] lr=5.00e-04 train_loss=0.0743 train_corr=0.831 val_loss=0.2342 val_corr=0.112
[epoch 12] lr=5.00e-04 train_loss=0.0723 train_corr=0.842 val_loss=0.2387 val_corr=0.137
[epoch 13] lr=5.00e-04 train_loss=0.0710 train_corr=0.849 val_loss=0.2378 val_corr=0.157
[epoch 14] lr=5.00e-04 train_loss=0.0693 train_corr=0.858 val_loss=0.2178 val_corr=0.175
[epoch 15] lr=5.00e-04 train_loss=0.0682 train_corr=0.864 val_loss=0.2754 val_corr=0.091
[epoch 16] lr=5.00e-04 train_loss=0.0669 train_corr=0.872 val_loss=0.2606 val_corr=0.103
[epoch 17] lr=5.00e-04 train_loss=0.0657 train_corr=0.878 val_loss=0.2425 val_corr=0.180
[epoch 18] lr=5.00e-04 train_loss=0.0647 train_corr=0.884 val_loss=0.3089 val_corr=0.074
[epoch 19] lr=5.00e-04 train_loss=0.0638 train_corr=0.888 val_loss=0.2858 val_corr=0.082
[epoch 20] lr=5.00e-04 train_loss=0.0630 train_corr=0.893 val_loss=0.2528 val_corr=0.142
[epoch 21] lr=5.00e-04 train_loss=0.0622 train_corr=0.897 val_loss=0.2321 val_corr=0.194
[epoch 22] lr=5.00e-04 train_loss=0.0617 train_corr=0.900 val_loss=0.2874 val_corr=0.100
[epoch 23] lr=5.00e-04 train_loss=0.0615 train_corr=0.901 val_loss=0.2825 val_corr=0.108
[epoch 24] lr=5.00e-04 train_loss=0.0606 train_corr=0.906 val_loss=0.2794 val_corr=0.108
[epoch 25] lr=5.00e-04 train_loss=0.0601 train_corr=0.908 val_loss=0.3307 val_corr=0.074
[epoch 26] lr=5.00e-04 train_loss=0.0592 train_corr=0.914 val_loss=0.2943 val_corr=0.082
[epoch 27] lr=5.00e-04 train_loss=0.0591 train_corr=0.915 val_loss=0.3124 val_corr=0.090
[epoch 28] lr=5.00e-04 train_loss=0.0585 train_corr=0.917 val_loss=0.2893 val_corr=0.108
[epoch 29] lr=5.00e-04 train_loss=0.0582 train_corr=0.919 val_loss=0.2952 val_corr=0.087
[epoch 30] lr=5.00e-04 train_loss=0.0574 train_corr=0.924 val_loss=0.2940 val_corr=0.090
[epoch 31] lr=5.00e-04 train_loss=0.0576 train_corr=0.922 val_loss=0.3164 val_corr=0.069
[epoch 32] lr=5.00e-04 train_loss=0.0572 train_corr=0.924 val_loss=0.3051 val_corr=0.082
[epoch 33] lr=5.00e-04 train_loss=0.0568 train_corr=0.927 val_loss=0.3088 val_corr=0.096
[epoch 34] lr=5.00e-04 train_loss=0.0565 train_corr=0.928 val_loss=0.3226 val_corr=0.065
[epoch 35] lr=5.00e-04 train_loss=0.0560 train_corr=0.931 val_loss=0.2927 val_corr=0.128
[epoch 36] lr=5.00e-04 train_loss=0.0564 train_corr=0.929 val_loss=0.3315 val_corr=0.075
[epoch 37] lr=5.00e-04 train_loss=0.0554 train_corr=0.934 val_loss=0.3172 val_corr=0.104
[epoch 38] lr=5.00e-04 train_loss=0.0556 train_corr=0.933 val_loss=0.2864 val_corr=0.134
[epoch 39] lr=5.00e-04 train_loss=0.0552 train_corr=0.935 val_loss=0.3411 val_corr=0.046
[epoch 40] lr=5.00e-04 train_loss=0.0551 train_corr=0.936 val_loss=0.3029 val_corr=0.072
[epoch 41] lr=5.00e-04 train_loss=0.0548 train_corr=0.937 val_loss=0.2948 val_corr=0.088
[epoch 42] lr=5.00e-04 train_loss=0.0550 train_corr=0.936 val_loss=0.3435 val_corr=0.063
[epoch 43] lr=5.00e-04 train_loss=0.0544 train_corr=0.939 val_loss=0.3097 val_corr=0.080
[epoch 44] lr=5.00e-04 train_loss=0.0543 train_corr=0.940 val_loss=0.2978 val_corr=0.107
[epoch 45] lr=5.00e-04 train_loss=0.0543 train_corr=0.940 val_loss=0.3251 val_corr=0.059
[epoch 46] lr=5.00e-04 train_loss=0.0539 train_corr=0.942 val_loss=0.3269 val_corr=0.078
[epoch 47] lr=5.00e-04 train_loss=0.0543 train_corr=0.940 val_loss=0.3417 val_corr=0.051
[epoch 48] lr=5.00e-04 train_loss=0.0539 train_corr=0.943 val_loss=0.3492 val_corr=0.066
[epoch 49] lr=5.00e-04 train_loss=0.0536 train_corr=0.944 val_loss=0.2980 val_corr=0.140
fold 1 done. checkpoint exists: True -> /home/shunya/research/dog-radar-vitals/runs/20260825-190832_ecg_rpeak_spatial_gnn_lodo305_madonly_fold1_test2/epoch_004.pt

=== fold 2: test_subject=5 val_subject=9 ===
train_subjects=[1, 2, 10, 13, 14, 16, 17, 29, 30]
[epoch 0] lr=5.00e-04 train_loss=0.4448 train_corr=0.370 val_loss=0.3156 val_corr=0.370
[epoch 1] lr=5.00e-04 train_loss=0.2266 train_corr=0.552 val_loss=0.1821 val_corr=0.348
[epoch 2] lr=5.00e-04 train_loss=0.1460 train_corr=0.619 val_loss=0.1505 val_corr=0.419
[epoch 3] lr=5.00e-04 train_loss=0.1178 train_corr=0.666 val_loss=0.1409 val_corr=0.391
[epoch 4] lr=5.00e-04 train_loss=0.1039 train_corr=0.707 val_loss=0.1413 val_corr=0.385
[epoch 5] lr=5.00e-04 train_loss=0.0957 train_corr=0.736 val_loss=0.1547 val_corr=0.311
[epoch 6] lr=5.00e-04 train_loss=0.0900 train_corr=0.760 val_loss=0.1457 val_corr=0.373
[epoch 7] lr=5.00e-04 train_loss=0.0853 train_corr=0.781 val_loss=0.1398 val_corr=0.421
[epoch 8] lr=5.00e-04 train_loss=0.0818 train_corr=0.797 val_loss=0.1508 val_corr=0.351
[epoch 9] lr=5.00e-04 train_loss=0.0788 train_corr=0.812 val_loss=0.1460 val_corr=0.365
[epoch 10] lr=5.00e-04 train_loss=0.0765 train_corr=0.824 val_loss=0.1332 val_corr=0.454
[epoch 11] lr=5.00e-04 train_loss=0.0740 train_corr=0.837 val_loss=0.1454 val_corr=0.379
[epoch 12] lr=5.00e-04 train_loss=0.0726 train_corr=0.844 val_loss=0.1336 val_corr=0.440
[epoch 13] lr=5.00e-04 train_loss=0.0702 train_corr=0.858 val_loss=0.1437 val_corr=0.399
[epoch 14] lr=5.00e-04 train_loss=0.0691 train_corr=0.863 val_loss=0.1426 val_corr=0.412
[epoch 15] lr=5.00e-04 train_loss=0.0677 train_corr=0.871 val_loss=0.1439 val_corr=0.410
[epoch 16] lr=5.00e-04 train_loss=0.0662 train_corr=0.879 val_loss=0.1379 val_corr=0.429
[epoch 17] lr=5.00e-04 train_loss=0.0653 train_corr=0.884 val_loss=0.1537 val_corr=0.387
[epoch 18] lr=5.00e-04 train_loss=0.0648 train_corr=0.887 val_loss=0.1428 val_corr=0.405
[epoch 19] lr=5.00e-04 train_loss=0.0633 train_corr=0.895 val_loss=0.1419 val_corr=0.414
[epoch 20] lr=5.00e-04 train_loss=0.0627 train_corr=0.898 val_loss=0.1580 val_corr=0.354
[epoch 21] lr=5.00e-04 train_loss=0.0619 train_corr=0.902 val_loss=0.1427 val_corr=0.424
[epoch 22] lr=5.00e-04 train_loss=0.0612 train_corr=0.906 val_loss=0.1487 val_corr=0.387
[epoch 23] lr=5.00e-04 train_loss=0.0604 train_corr=0.910 val_loss=0.1470 val_corr=0.398
[epoch 24] lr=5.00e-04 train_loss=0.0602 train_corr=0.911 val_loss=0.1708 val_corr=0.360
[epoch 25] lr=5.00e-04 train_loss=0.0597 train_corr=0.913 val_loss=0.1671 val_corr=0.345
[epoch 26] lr=5.00e-04 train_loss=0.0591 train_corr=0.917 val_loss=0.1520 val_corr=0.386
[epoch 27] lr=5.00e-04 train_loss=0.0587 train_corr=0.919 val_loss=0.1516 val_corr=0.413
[epoch 28] lr=5.00e-04 train_loss=0.0581 train_corr=0.922 val_loss=0.1500 val_corr=0.390
[epoch 29] lr=5.00e-04 train_loss=0.0574 train_corr=0.926 val_loss=0.1676 val_corr=0.360
[epoch 30] lr=5.00e-04 train_loss=0.0572 train_corr=0.927 val_loss=0.1599 val_corr=0.347
[epoch 31] lr=5.00e-04 train_loss=0.0572 train_corr=0.927 val_loss=0.1618 val_corr=0.339
[epoch 32] lr=5.00e-04 train_loss=0.0571 train_corr=0.928 val_loss=0.1770 val_corr=0.325
[epoch 33] lr=5.00e-04 train_loss=0.0565 train_corr=0.931 val_loss=0.1560 val_corr=0.389
[epoch 34] lr=5.00e-04 train_loss=0.0560 train_corr=0.934 val_loss=0.1462 val_corr=0.415
[epoch 35] lr=5.00e-04 train_loss=0.0559 train_corr=0.934 val_loss=0.1779 val_corr=0.332
[epoch 36] lr=5.00e-04 train_loss=0.0555 train_corr=0.936 val_loss=0.1487 val_corr=0.407
[epoch 37] lr=5.00e-04 train_loss=0.0551 train_corr=0.938 val_loss=0.1593 val_corr=0.386
[epoch 38] lr=5.00e-04 train_loss=0.0553 train_corr=0.937 val_loss=0.1605 val_corr=0.386
[epoch 39] lr=5.00e-04 train_loss=0.0548 train_corr=0.940 val_loss=0.1683 val_corr=0.382
[epoch 40] lr=5.00e-04 train_loss=0.0546 train_corr=0.941 val_loss=0.1562 val_corr=0.385
[epoch 41] lr=5.00e-04 train_loss=0.0549 train_corr=0.939 val_loss=0.1649 val_corr=0.377
[epoch 42] lr=5.00e-04 train_loss=0.0544 train_corr=0.942 val_loss=0.1570 val_corr=0.409
[epoch 43] lr=5.00e-04 train_loss=0.0542 train_corr=0.943 val_loss=0.1639 val_corr=0.378
[epoch 44] lr=5.00e-04 train_loss=0.0540 train_corr=0.944 val_loss=0.1731 val_corr=0.342
[epoch 45] lr=5.00e-04 train_loss=0.0539 train_corr=0.944 val_loss=0.1553 val_corr=0.411
[epoch 46] lr=5.00e-04 train_loss=0.0537 train_corr=0.945 val_loss=0.1799 val_corr=0.331
[epoch 47] lr=5.00e-04 train_loss=0.0533 train_corr=0.947 val_loss=0.1954 val_corr=0.321
[epoch 48] lr=5.00e-04 train_loss=0.0534 train_corr=0.947 val_loss=0.1657 val_corr=0.382
[epoch 49] lr=5.00e-04 train_loss=0.0532 train_corr=0.948 val_loss=0.1796 val_corr=0.343
fold 2 done. checkpoint exists: True -> /home/shunya/research/dog-radar-vitals/runs/20260825-192927_ecg_rpeak_spatial_gnn_lodo305_madonly_fold2_test5/epoch_004.pt

=== fold 3: test_subject=9 val_subject=10 ===
train_subjects=[1, 2, 5, 13, 14, 16, 17, 29, 30]
[epoch 0] lr=5.00e-04 train_loss=0.4296 train_corr=0.341 val_loss=0.2812 val_corr=0.493
[epoch 1] lr=5.00e-04 train_loss=0.2109 train_corr=0.523 val_loss=0.1592 val_corr=0.578
[epoch 2] lr=5.00e-04 train_loss=0.1402 train_corr=0.601 val_loss=0.1327 val_corr=0.563
[epoch 3] lr=5.00e-04 train_loss=0.1166 train_corr=0.654 val_loss=0.1158 val_corr=0.622
[epoch 4] lr=5.00e-04 train_loss=0.1050 train_corr=0.692 val_loss=0.1162 val_corr=0.584
[epoch 5] lr=5.00e-04 train_loss=0.0975 train_corr=0.723 val_loss=0.1065 val_corr=0.646
[epoch 6] lr=5.00e-04 train_loss=0.0918 train_corr=0.751 val_loss=0.1066 val_corr=0.644
[epoch 7] lr=5.00e-04 train_loss=0.0869 train_corr=0.777 val_loss=0.1124 val_corr=0.599
[epoch 8] lr=5.00e-04 train_loss=0.0827 train_corr=0.799 val_loss=0.1100 val_corr=0.612
[epoch 9] lr=5.00e-04 train_loss=0.0800 train_corr=0.812 val_loss=0.1051 val_corr=0.641
[epoch 10] lr=5.00e-04 train_loss=0.0771 train_corr=0.827 val_loss=0.1097 val_corr=0.609
[epoch 11] lr=5.00e-04 train_loss=0.0746 train_corr=0.839 val_loss=0.1157 val_corr=0.565
[epoch 12] lr=5.00e-04 train_loss=0.0733 train_corr=0.847 val_loss=0.1165 val_corr=0.570
[epoch 13] lr=5.00e-04 train_loss=0.0715 train_corr=0.857 val_loss=0.1071 val_corr=0.638
[epoch 14] lr=5.00e-04 train_loss=0.0701 train_corr=0.864 val_loss=0.1159 val_corr=0.567
[epoch 15] lr=5.00e-04 train_loss=0.0687 train_corr=0.871 val_loss=0.1085 val_corr=0.612
[epoch 16] lr=5.00e-04 train_loss=0.0674 train_corr=0.878 val_loss=0.1071 val_corr=0.630
[epoch 17] lr=5.00e-04 train_loss=0.0669 train_corr=0.881 val_loss=0.1121 val_corr=0.591
[epoch 18] lr=5.00e-04 train_loss=0.0657 train_corr=0.887 val_loss=0.1111 val_corr=0.601
[epoch 19] lr=5.00e-04 train_loss=0.0649 train_corr=0.892 val_loss=0.1114 val_corr=0.598
[epoch 20] lr=5.00e-04 train_loss=0.0643 train_corr=0.895 val_loss=0.1101 val_corr=0.605
[epoch 21] lr=5.00e-04 train_loss=0.0635 train_corr=0.899 val_loss=0.1121 val_corr=0.600
[epoch 22] lr=5.00e-04 train_loss=0.0630 train_corr=0.902 val_loss=0.1090 val_corr=0.611
[epoch 23] lr=5.00e-04 train_loss=0.0618 train_corr=0.908 val_loss=0.1177 val_corr=0.573
[epoch 24] lr=5.00e-04 train_loss=0.0618 train_corr=0.908 val_loss=0.1105 val_corr=0.600
[epoch 25] lr=5.00e-04 train_loss=0.0611 train_corr=0.912 val_loss=0.1041 val_corr=0.637
[epoch 26] lr=5.00e-04 train_loss=0.0605 train_corr=0.915 val_loss=0.1213 val_corr=0.564
[epoch 27] lr=5.00e-04 train_loss=0.0603 train_corr=0.916 val_loss=0.1088 val_corr=0.616
[epoch 28] lr=5.00e-04 train_loss=0.0599 train_corr=0.918 val_loss=0.1067 val_corr=0.636
[epoch 29] lr=5.00e-04 train_loss=0.0595 train_corr=0.920 val_loss=0.1055 val_corr=0.656
[epoch 30] lr=5.00e-04 train_loss=0.0588 train_corr=0.924 val_loss=0.1040 val_corr=0.656
[epoch 31] lr=5.00e-04 train_loss=0.0587 train_corr=0.924 val_loss=0.1046 val_corr=0.664
[epoch 32] lr=5.00e-04 train_loss=0.0584 train_corr=0.926 val_loss=0.1165 val_corr=0.598
[epoch 33] lr=5.00e-04 train_loss=0.0582 train_corr=0.927 val_loss=0.1127 val_corr=0.614
[epoch 34] lr=5.00e-04 train_loss=0.0579 train_corr=0.929 val_loss=0.1180 val_corr=0.587
[epoch 35] lr=5.00e-04 train_loss=0.0579 train_corr=0.929 val_loss=0.1156 val_corr=0.587
[epoch 36] lr=5.00e-04 train_loss=0.0573 train_corr=0.932 val_loss=0.1024 val_corr=0.676
[epoch 37] lr=5.00e-04 train_loss=0.0571 train_corr=0.933 val_loss=0.1047 val_corr=0.655
[epoch 38] lr=5.00e-04 train_loss=0.0569 train_corr=0.934 val_loss=0.1214 val_corr=0.589
[epoch 39] lr=5.00e-04 train_loss=0.0568 train_corr=0.935 val_loss=0.1120 val_corr=0.614
[epoch 40] lr=5.00e-04 train_loss=0.0566 train_corr=0.936 val_loss=0.1142 val_corr=0.617
[epoch 41] lr=5.00e-04 train_loss=0.0561 train_corr=0.938 val_loss=0.1138 val_corr=0.605
[epoch 42] lr=5.00e-04 train_loss=0.0559 train_corr=0.939 val_loss=0.1108 val_corr=0.626
[epoch 43] lr=5.00e-04 train_loss=0.0557 train_corr=0.940 val_loss=0.1088 val_corr=0.633
[epoch 44] lr=5.00e-04 train_loss=0.0557 train_corr=0.940 val_loss=0.1158 val_corr=0.625
[epoch 45] lr=5.00e-04 train_loss=0.0558 train_corr=0.940 val_loss=0.1160 val_corr=0.589
[epoch 46] lr=5.00e-04 train_loss=0.0556 train_corr=0.941 val_loss=0.1072 val_corr=0.638
[epoch 47] lr=5.00e-04 train_loss=0.0553 train_corr=0.942 val_loss=0.1116 val_corr=0.632
[epoch 48] lr=5.00e-04 train_loss=0.0551 train_corr=0.944 val_loss=0.1161 val_corr=0.608
[epoch 49] lr=5.00e-04 train_loss=0.0549 train_corr=0.944 val_loss=0.1099 val_corr=0.625
fold 3 done. checkpoint exists: True -> /home/shunya/research/dog-radar-vitals/runs/20260825-195708_ecg_rpeak_spatial_gnn_lodo305_madonly_fold3_test9/epoch_004.pt

=== fold 4: test_subject=10 val_subject=13 ===
train_subjects=[1, 2, 5, 9, 14, 16, 17, 29, 30]
[epoch 0] lr=5.00e-04 train_loss=0.4307 train_corr=0.328 val_loss=0.2772 val_corr=0.532
[epoch 1] lr=5.00e-04 train_loss=0.2121 train_corr=0.511 val_loss=0.1419 val_corr=0.595
[epoch 2] lr=5.00e-04 train_loss=0.1424 train_corr=0.591 val_loss=0.1195 val_corr=0.574
[epoch 3] lr=5.00e-04 train_loss=0.1187 train_corr=0.646 val_loss=0.1037 val_corr=0.582
[epoch 4] lr=5.00e-04 train_loss=0.1068 train_corr=0.686 val_loss=0.1015 val_corr=0.585
[epoch 5] lr=5.00e-04 train_loss=0.0992 train_corr=0.717 val_loss=0.0983 val_corr=0.595
[epoch 6] lr=5.00e-04 train_loss=0.0934 train_corr=0.744 val_loss=0.0978 val_corr=0.592
[epoch 7] lr=5.00e-04 train_loss=0.0882 train_corr=0.771 val_loss=0.1035 val_corr=0.549
[epoch 8] lr=5.00e-04 train_loss=0.0845 train_corr=0.791 val_loss=0.1055 val_corr=0.565
[epoch 9] lr=5.00e-04 train_loss=0.0812 train_corr=0.808 val_loss=0.0945 val_corr=0.624
[epoch 10] lr=5.00e-04 train_loss=0.0784 train_corr=0.823 val_loss=0.0952 val_corr=0.615
[epoch 11] lr=5.00e-04 train_loss=0.0755 train_corr=0.838 val_loss=0.1023 val_corr=0.559
[epoch 12] lr=5.00e-04 train_loss=0.0736 train_corr=0.848 val_loss=0.1119 val_corr=0.526
[epoch 13] lr=5.00e-04 train_loss=0.0721 train_corr=0.856 val_loss=0.1006 val_corr=0.584
[epoch 14] lr=5.00e-04 train_loss=0.0704 train_corr=0.865 val_loss=0.1085 val_corr=0.540
[epoch 15] lr=5.00e-04 train_loss=0.0690 train_corr=0.872 val_loss=0.1052 val_corr=0.561
[epoch 16] lr=5.00e-04 train_loss=0.0679 train_corr=0.878 val_loss=0.1084 val_corr=0.547
[epoch 17] lr=5.00e-04 train_loss=0.0670 train_corr=0.883 val_loss=0.1060 val_corr=0.562
[epoch 18] lr=5.00e-04 train_loss=0.0660 train_corr=0.888 val_loss=0.1116 val_corr=0.516
[epoch 19] lr=5.00e-04 train_loss=0.0649 train_corr=0.894 val_loss=0.1044 val_corr=0.569
[epoch 20] lr=5.00e-04 train_loss=0.0642 train_corr=0.898 val_loss=0.1097 val_corr=0.543
[epoch 21] lr=5.00e-04 train_loss=0.0635 train_corr=0.901 val_loss=0.1157 val_corr=0.515
[epoch 22] lr=5.00e-04 train_loss=0.0631 train_corr=0.904 val_loss=0.1170 val_corr=0.500
[epoch 23] lr=5.00e-04 train_loss=0.0621 train_corr=0.909 val_loss=0.1136 val_corr=0.524
[epoch 24] lr=5.00e-04 train_loss=0.0618 train_corr=0.911 val_loss=0.1143 val_corr=0.524
[epoch 25] lr=5.00e-04 train_loss=0.0609 train_corr=0.915 val_loss=0.1160 val_corr=0.519
[epoch 26] lr=5.00e-04 train_loss=0.0606 train_corr=0.917 val_loss=0.1195 val_corr=0.501
[epoch 27] lr=5.00e-04 train_loss=0.0603 train_corr=0.919 val_loss=0.1127 val_corr=0.539
[epoch 28] lr=5.00e-04 train_loss=0.0599 train_corr=0.920 val_loss=0.1138 val_corr=0.537
[epoch 29] lr=5.00e-04 train_loss=0.0594 train_corr=0.923 val_loss=0.1171 val_corr=0.514
[epoch 30] lr=5.00e-04 train_loss=0.0590 train_corr=0.925 val_loss=0.1180 val_corr=0.506
[epoch 31] lr=5.00e-04 train_loss=0.0588 train_corr=0.926 val_loss=0.1195 val_corr=0.515
[epoch 32] lr=5.00e-04 train_loss=0.0583 train_corr=0.929 val_loss=0.1207 val_corr=0.491
[epoch 33] lr=5.00e-04 train_loss=0.0578 train_corr=0.931 val_loss=0.1303 val_corr=0.474
[epoch 34] lr=5.00e-04 train_loss=0.0580 train_corr=0.931 val_loss=0.1188 val_corr=0.510
[epoch 35] lr=5.00e-04 train_loss=0.0574 train_corr=0.934 val_loss=0.1154 val_corr=0.525
[epoch 36] lr=5.00e-04 train_loss=0.0571 train_corr=0.935 val_loss=0.1272 val_corr=0.489
[epoch 37] lr=5.00e-04 train_loss=0.0571 train_corr=0.936 val_loss=0.1287 val_corr=0.478
[epoch 38] lr=5.00e-04 train_loss=0.0568 train_corr=0.937 val_loss=0.1190 val_corr=0.512
[epoch 39] lr=5.00e-04 train_loss=0.0567 train_corr=0.938 val_loss=0.1265 val_corr=0.481
[epoch 40] lr=5.00e-04 train_loss=0.0564 train_corr=0.938 val_loss=0.1193 val_corr=0.524
[epoch 41] lr=5.00e-04 train_loss=0.0562 train_corr=0.940 val_loss=0.1289 val_corr=0.475
[epoch 42] lr=5.00e-04 train_loss=0.0560 train_corr=0.941 val_loss=0.1240 val_corr=0.492
[epoch 43] lr=5.00e-04 train_loss=0.0562 train_corr=0.940 val_loss=0.1265 val_corr=0.486
[epoch 44] lr=5.00e-04 train_loss=0.0556 train_corr=0.943 val_loss=0.1233 val_corr=0.487
[epoch 45] lr=5.00e-04 train_loss=0.0556 train_corr=0.943 val_loss=0.1207 val_corr=0.501
[epoch 46] lr=5.00e-04 train_loss=0.0555 train_corr=0.943 val_loss=0.1296 val_corr=0.476
[epoch 47] lr=5.00e-04 train_loss=0.0553 train_corr=0.944 val_loss=0.1336 val_corr=0.462
[epoch 48] lr=5.00e-04 train_loss=0.0556 train_corr=0.943 val_loss=0.1416 val_corr=0.456
[epoch 49] lr=5.00e-04 train_loss=0.0550 train_corr=0.946 val_loss=0.1356 val_corr=0.441
fold 4 done. checkpoint exists: True -> /home/shunya/research/dog-radar-vitals/runs/20260825-201759_ecg_rpeak_spatial_gnn_lodo305_madonly_fold4_test10/epoch_004.pt

=== fold 5: test_subject=13 val_subject=14 ===
train_subjects=[1, 2, 5, 9, 10, 16, 17, 29, 30]
[epoch 0] lr=5.00e-04 train_loss=0.4407 train_corr=0.331 val_loss=0.2914 val_corr=0.360
[epoch 1] lr=5.00e-04 train_loss=0.2230 train_corr=0.518 val_loss=0.1789 val_corr=0.423
[epoch 2] lr=5.00e-04 train_loss=0.1463 train_corr=0.604 val_loss=0.1478 val_corr=0.418
[epoch 3] lr=5.00e-04 train_loss=0.1190 train_corr=0.666 val_loss=0.1358 val_corr=0.466
[epoch 4] lr=5.00e-04 train_loss=0.1054 train_corr=0.707 val_loss=0.1359 val_corr=0.476
[epoch 5] lr=5.00e-04 train_loss=0.0973 train_corr=0.737 val_loss=0.1374 val_corr=0.461
[epoch 6] lr=5.00e-04 train_loss=0.0919 train_corr=0.760 val_loss=0.1419 val_corr=0.470
[epoch 7] lr=5.00e-04 train_loss=0.0878 train_corr=0.779 val_loss=0.1420 val_corr=0.483
[epoch 8] lr=5.00e-04 train_loss=0.0845 train_corr=0.795 val_loss=0.1438 val_corr=0.482
[epoch 9] lr=5.00e-04 train_loss=0.0812 train_corr=0.812 val_loss=0.1471 val_corr=0.488
[epoch 10] lr=5.00e-04 train_loss=0.0791 train_corr=0.823 val_loss=0.1491 val_corr=0.484
[epoch 11] lr=5.00e-04 train_loss=0.0763 train_corr=0.837 val_loss=0.1519 val_corr=0.466
[epoch 12] lr=5.00e-04 train_loss=0.0744 train_corr=0.847 val_loss=0.1532 val_corr=0.503
[epoch 13] lr=5.00e-04 train_loss=0.0728 train_corr=0.855 val_loss=0.1564 val_corr=0.471
[epoch 14] lr=5.00e-04 train_loss=0.0717 train_corr=0.860 val_loss=0.1586 val_corr=0.477
[epoch 15] lr=5.00e-04 train_loss=0.0700 train_corr=0.869 val_loss=0.1607 val_corr=0.474
[epoch 16] lr=5.00e-04 train_loss=0.0691 train_corr=0.874 val_loss=0.1594 val_corr=0.473
[epoch 17] lr=5.00e-04 train_loss=0.0680 train_corr=0.880 val_loss=0.1624 val_corr=0.479
[epoch 18] lr=5.00e-04 train_loss=0.0670 train_corr=0.885 val_loss=0.1706 val_corr=0.477
[epoch 19] lr=5.00e-04 train_loss=0.0661 train_corr=0.890 val_loss=0.1653 val_corr=0.469
[epoch 20] lr=5.00e-04 train_loss=0.0652 train_corr=0.894 val_loss=0.1644 val_corr=0.476
[epoch 21] lr=5.00e-04 train_loss=0.0645 train_corr=0.898 val_loss=0.1685 val_corr=0.464
[epoch 22] lr=5.00e-04 train_loss=0.0635 train_corr=0.903 val_loss=0.1710 val_corr=0.482
[epoch 23] lr=5.00e-04 train_loss=0.0633 train_corr=0.904 val_loss=0.1781 val_corr=0.440
[epoch 24] lr=5.00e-04 train_loss=0.0626 train_corr=0.908 val_loss=0.1748 val_corr=0.488
[epoch 25] lr=5.00e-04 train_loss=0.0622 train_corr=0.910 val_loss=0.1767 val_corr=0.465
[epoch 26] lr=5.00e-04 train_loss=0.0616 train_corr=0.913 val_loss=0.1720 val_corr=0.478
[epoch 27] lr=5.00e-04 train_loss=0.0611 train_corr=0.916 val_loss=0.1806 val_corr=0.449
[epoch 28] lr=5.00e-04 train_loss=0.0603 train_corr=0.920 val_loss=0.1737 val_corr=0.451
[epoch 29] lr=5.00e-04 train_loss=0.0602 train_corr=0.921 val_loss=0.1799 val_corr=0.451
[epoch 30] lr=5.00e-04 train_loss=0.0599 train_corr=0.922 val_loss=0.1832 val_corr=0.451
[epoch 31] lr=5.00e-04 train_loss=0.0595 train_corr=0.924 val_loss=0.1809 val_corr=0.469
[epoch 32] lr=5.00e-04 train_loss=0.0592 train_corr=0.926 val_loss=0.1823 val_corr=0.467
[epoch 33] lr=5.00e-04 train_loss=0.0589 train_corr=0.927 val_loss=0.1816 val_corr=0.484
[epoch 34] lr=5.00e-04 train_loss=0.0582 train_corr=0.930 val_loss=0.1847 val_corr=0.447
[epoch 35] lr=5.00e-04 train_loss=0.0583 train_corr=0.931 val_loss=0.1879 val_corr=0.444
[epoch 36] lr=5.00e-04 train_loss=0.0579 train_corr=0.933 val_loss=0.1812 val_corr=0.455
[epoch 37] lr=5.00e-04 train_loss=0.0576 train_corr=0.934 val_loss=0.1932 val_corr=0.451
[epoch 38] lr=5.00e-04 train_loss=0.0577 train_corr=0.933 val_loss=0.1848 val_corr=0.463
[epoch 39] lr=5.00e-04 train_loss=0.0571 train_corr=0.937 val_loss=0.1904 val_corr=0.443
[epoch 40] lr=5.00e-04 train_loss=0.0569 train_corr=0.938 val_loss=0.1885 val_corr=0.445
[epoch 41] lr=5.00e-04 train_loss=0.0570 train_corr=0.937 val_loss=0.1793 val_corr=0.463
[epoch 42] lr=5.00e-04 train_loss=0.0570 train_corr=0.937 val_loss=0.1815 val_corr=0.439
[epoch 43] lr=5.00e-04 train_loss=0.0563 train_corr=0.941 val_loss=0.1881 val_corr=0.445
[epoch 44] lr=5.00e-04 train_loss=0.0561 train_corr=0.942 val_loss=0.1949 val_corr=0.411
[epoch 45] lr=5.00e-04 train_loss=0.0559 train_corr=0.942 val_loss=0.1937 val_corr=0.461
[epoch 46] lr=5.00e-04 train_loss=0.0558 train_corr=0.943 val_loss=0.1905 val_corr=0.467
[epoch 47] lr=5.00e-04 train_loss=0.0558 train_corr=0.943 val_loss=0.1935 val_corr=0.445
[epoch 48] lr=5.00e-04 train_loss=0.0557 train_corr=0.944 val_loss=0.1888 val_corr=0.452
[epoch 49] lr=5.00e-04 train_loss=0.0554 train_corr=0.946 val_loss=0.1912 val_corr=0.466
fold 5 done. checkpoint exists: True -> /home/shunya/research/dog-radar-vitals/runs/20260825-203919_ecg_rpeak_spatial_gnn_lodo305_madonly_fold5_test13/epoch_004.pt

=== fold 6: test_subject=14 val_subject=16 ===
train_subjects=[1, 2, 5, 9, 10, 13, 17, 29, 30]
[epoch 0] lr=5.00e-04 train_loss=0.4411 train_corr=0.349 val_loss=0.2974 val_corr=0.306
[epoch 1] lr=5.00e-04 train_loss=0.2224 train_corr=0.540 val_loss=0.1968 val_corr=0.330
[epoch 2] lr=5.00e-04 train_loss=0.1452 train_corr=0.611 val_loss=0.1765 val_corr=0.284
[epoch 3] lr=5.00e-04 train_loss=0.1174 train_corr=0.667 val_loss=0.1652 val_corr=0.313
[epoch 4] lr=5.00e-04 train_loss=0.1050 train_corr=0.701 val_loss=0.1650 val_corr=0.318
[epoch 5] lr=5.00e-04 train_loss=0.0970 train_corr=0.731 val_loss=0.1778 val_corr=0.262
[epoch 6] lr=5.00e-04 train_loss=0.0907 train_corr=0.760 val_loss=0.1655 val_corr=0.339
[epoch 7] lr=5.00e-04 train_loss=0.0866 train_corr=0.778 val_loss=0.1726 val_corr=0.344
[epoch 8] lr=5.00e-04 train_loss=0.0830 train_corr=0.797 val_loss=0.1848 val_corr=0.278
[epoch 9] lr=5.00e-04 train_loss=0.0800 train_corr=0.811 val_loss=0.1816 val_corr=0.300
[epoch 10] lr=5.00e-04 train_loss=0.0775 train_corr=0.824 val_loss=0.1810 val_corr=0.310
[epoch 11] lr=5.00e-04 train_loss=0.0754 train_corr=0.835 val_loss=0.1894 val_corr=0.295
[epoch 12] lr=5.00e-04 train_loss=0.0732 train_corr=0.846 val_loss=0.1708 val_corr=0.388
[epoch 13] lr=5.00e-04 train_loss=0.0717 train_corr=0.854 val_loss=0.1842 val_corr=0.331
[epoch 14] lr=5.00e-04 train_loss=0.0704 train_corr=0.862 val_loss=0.1810 val_corr=0.369
[epoch 15] lr=5.00e-04 train_loss=0.0690 train_corr=0.869 val_loss=0.1905 val_corr=0.336
[epoch 16] lr=5.00e-04 train_loss=0.0676 train_corr=0.876 val_loss=0.1813 val_corr=0.360
[epoch 17] lr=5.00e-04 train_loss=0.0669 train_corr=0.880 val_loss=0.1991 val_corr=0.326
[epoch 18] lr=5.00e-04 train_loss=0.0657 train_corr=0.887 val_loss=0.2009 val_corr=0.310
[epoch 19] lr=5.00e-04 train_loss=0.0650 train_corr=0.890 val_loss=0.1949 val_corr=0.352
[epoch 20] lr=5.00e-04 train_loss=0.0640 train_corr=0.896 val_loss=0.2023 val_corr=0.329
[epoch 21] lr=5.00e-04 train_loss=0.0635 train_corr=0.899 val_loss=0.1944 val_corr=0.363
[epoch 22] lr=5.00e-04 train_loss=0.0630 train_corr=0.901 val_loss=0.2038 val_corr=0.323
[epoch 23] lr=5.00e-04 train_loss=0.0623 train_corr=0.905 val_loss=0.2087 val_corr=0.312
[epoch 24] lr=5.00e-04 train_loss=0.0612 train_corr=0.911 val_loss=0.2110 val_corr=0.325
[epoch 25] lr=5.00e-04 train_loss=0.0610 train_corr=0.912 val_loss=0.2025 val_corr=0.354
[epoch 26] lr=5.00e-04 train_loss=0.0604 train_corr=0.915 val_loss=0.2109 val_corr=0.317
[epoch 27] lr=5.00e-04 train_loss=0.0602 train_corr=0.916 val_loss=0.2307 val_corr=0.279
[epoch 28] lr=5.00e-04 train_loss=0.0597 train_corr=0.919 val_loss=0.2267 val_corr=0.289
[epoch 29] lr=5.00e-04 train_loss=0.0592 train_corr=0.922 val_loss=0.2105 val_corr=0.304
[epoch 30] lr=5.00e-04 train_loss=0.0590 train_corr=0.923 val_loss=0.2229 val_corr=0.299
[epoch 31] lr=5.00e-04 train_loss=0.0583 train_corr=0.927 val_loss=0.2262 val_corr=0.319
[epoch 32] lr=5.00e-04 train_loss=0.0581 train_corr=0.928 val_loss=0.2087 val_corr=0.322
[epoch 33] lr=5.00e-04 train_loss=0.0576 train_corr=0.931 val_loss=0.2142 val_corr=0.305
[epoch 34] lr=5.00e-04 train_loss=0.0575 train_corr=0.931 val_loss=0.2261 val_corr=0.322
[epoch 35] lr=5.00e-04 train_loss=0.0571 train_corr=0.933 val_loss=0.2156 val_corr=0.318
[epoch 36] lr=5.00e-04 train_loss=0.0572 train_corr=0.932 val_loss=0.2164 val_corr=0.296
[epoch 37] lr=5.00e-04 train_loss=0.0569 train_corr=0.934 val_loss=0.2235 val_corr=0.300
[epoch 38] lr=5.00e-04 train_loss=0.0565 train_corr=0.936 val_loss=0.2283 val_corr=0.299
[epoch 39] lr=5.00e-04 train_loss=0.0563 train_corr=0.937 val_loss=0.2151 val_corr=0.345
[epoch 40] lr=5.00e-04 train_loss=0.0559 train_corr=0.939 val_loss=0.2301 val_corr=0.289
[epoch 41] lr=5.00e-04 train_loss=0.0558 train_corr=0.940 val_loss=0.2267 val_corr=0.307
[epoch 42] lr=5.00e-04 train_loss=0.0557 train_corr=0.941 val_loss=0.2245 val_corr=0.296
[epoch 43] lr=5.00e-04 train_loss=0.0556 train_corr=0.941 val_loss=0.2274 val_corr=0.311
[epoch 44] lr=5.00e-04 train_loss=0.0551 train_corr=0.944 val_loss=0.2295 val_corr=0.283
[epoch 45] lr=5.00e-04 train_loss=0.0553 train_corr=0.943 val_loss=0.2324 val_corr=0.297
[epoch 46] lr=5.00e-04 train_loss=0.0548 train_corr=0.945 val_loss=0.2310 val_corr=0.298
[epoch 47] lr=5.00e-04 train_loss=0.0551 train_corr=0.944 val_loss=0.2420 val_corr=0.290
[epoch 48] lr=5.00e-04 train_loss=0.0550 train_corr=0.944 val_loss=0.2378 val_corr=0.288
[epoch 49] lr=5.00e-04 train_loss=0.0546 train_corr=0.946 val_loss=0.2399 val_corr=0.270
fold 6 done. checkpoint exists: True -> /home/shunya/research/dog-radar-vitals/runs/20260825-205936_ecg_rpeak_spatial_gnn_lodo305_madonly_fold6_test14/epoch_004.pt

=== fold 7: test_subject=16 val_subject=17 ===
train_subjects=[1, 2, 5, 9, 10, 13, 14, 29, 30]
[epoch 0] lr=5.00e-04 train_loss=0.4416 train_corr=0.334 val_loss=0.2985 val_corr=0.500
[epoch 1] lr=5.00e-04 train_loss=0.2250 train_corr=0.528 val_loss=0.1785 val_corr=0.515
[epoch 2] lr=5.00e-04 train_loss=0.1497 train_corr=0.587 val_loss=0.1372 val_corr=0.522
[epoch 3] lr=5.00e-04 train_loss=0.1224 train_corr=0.641 val_loss=0.1214 val_corr=0.483
[epoch 4] lr=5.00e-04 train_loss=0.1101 train_corr=0.677 val_loss=0.1178 val_corr=0.481
[epoch 5] lr=5.00e-04 train_loss=0.1018 train_corr=0.707 val_loss=0.1267 val_corr=0.396
[epoch 6] lr=5.00e-04 train_loss=0.0955 train_corr=0.735 val_loss=0.1233 val_corr=0.427
[epoch 7] lr=5.00e-04 train_loss=0.0911 train_corr=0.757 val_loss=0.1210 val_corr=0.437
[epoch 8] lr=5.00e-04 train_loss=0.0869 train_corr=0.778 val_loss=0.1262 val_corr=0.415
[epoch 9] lr=5.00e-04 train_loss=0.0838 train_corr=0.795 val_loss=0.1293 val_corr=0.409
[epoch 10] lr=5.00e-04 train_loss=0.0807 train_corr=0.812 val_loss=0.1323 val_corr=0.386
[epoch 11] lr=5.00e-04 train_loss=0.0783 train_corr=0.825 val_loss=0.1329 val_corr=0.382
[epoch 12] lr=5.00e-04 train_loss=0.0761 train_corr=0.836 val_loss=0.1356 val_corr=0.375
[epoch 13] lr=5.00e-04 train_loss=0.0747 train_corr=0.844 val_loss=0.1392 val_corr=0.355
[epoch 14] lr=5.00e-04 train_loss=0.0726 train_corr=0.855 val_loss=0.1411 val_corr=0.359
[epoch 15] lr=5.00e-04 train_loss=0.0709 train_corr=0.863 val_loss=0.1499 val_corr=0.326
[epoch 16] lr=5.00e-04 train_loss=0.0693 train_corr=0.872 val_loss=0.1453 val_corr=0.322
[epoch 17] lr=5.00e-04 train_loss=0.0683 train_corr=0.878 val_loss=0.1463 val_corr=0.343
[epoch 18] lr=5.00e-04 train_loss=0.0672 train_corr=0.884 val_loss=0.1565 val_corr=0.316
[epoch 19] lr=5.00e-04 train_loss=0.0663 train_corr=0.888 val_loss=0.1512 val_corr=0.337
[epoch 20] lr=5.00e-04 train_loss=0.0655 train_corr=0.893 val_loss=0.1527 val_corr=0.302
[epoch 21] lr=5.00e-04 train_loss=0.0646 train_corr=0.897 val_loss=0.1550 val_corr=0.313
[epoch 22] lr=5.00e-04 train_loss=0.0640 train_corr=0.901 val_loss=0.1558 val_corr=0.331
[epoch 23] lr=5.00e-04 train_loss=0.0634 train_corr=0.903 val_loss=0.1627 val_corr=0.280
[epoch 24] lr=5.00e-04 train_loss=0.0622 train_corr=0.910 val_loss=0.1634 val_corr=0.310
[epoch 25] lr=5.00e-04 train_loss=0.0621 train_corr=0.911 val_loss=0.1660 val_corr=0.291
[epoch 26] lr=5.00e-04 train_loss=0.0613 train_corr=0.914 val_loss=0.1607 val_corr=0.315
[epoch 27] lr=5.00e-04 train_loss=0.0609 train_corr=0.916 val_loss=0.1619 val_corr=0.317
[epoch 28] lr=5.00e-04 train_loss=0.0603 train_corr=0.920 val_loss=0.1726 val_corr=0.309
[epoch 29] lr=5.00e-04 train_loss=0.0600 train_corr=0.921 val_loss=0.1702 val_corr=0.295
[epoch 30] lr=5.00e-04 train_loss=0.0596 train_corr=0.923 val_loss=0.1628 val_corr=0.321
[epoch 31] lr=5.00e-04 train_loss=0.0592 train_corr=0.925 val_loss=0.1776 val_corr=0.280
[epoch 32] lr=5.00e-04 train_loss=0.0587 train_corr=0.928 val_loss=0.1607 val_corr=0.333
[epoch 33] lr=5.00e-04 train_loss=0.0582 train_corr=0.930 val_loss=0.1618 val_corr=0.323
[epoch 34] lr=5.00e-04 train_loss=0.0580 train_corr=0.931 val_loss=0.1577 val_corr=0.337
[epoch 35] lr=5.00e-04 train_loss=0.0580 train_corr=0.931 val_loss=0.1536 val_corr=0.338
[epoch 36] lr=5.00e-04 train_loss=0.0580 train_corr=0.931 val_loss=0.1728 val_corr=0.293
[epoch 37] lr=5.00e-04 train_loss=0.0575 train_corr=0.934 val_loss=0.1661 val_corr=0.319
[epoch 38] lr=5.00e-04 train_loss=0.0574 train_corr=0.935 val_loss=0.1676 val_corr=0.294
[epoch 39] lr=5.00e-04 train_loss=0.0571 train_corr=0.936 val_loss=0.1710 val_corr=0.286
[epoch 40] lr=5.00e-04 train_loss=0.0566 train_corr=0.939 val_loss=0.1705 val_corr=0.298
[epoch 41] lr=5.00e-04 train_loss=0.0567 train_corr=0.938 val_loss=0.1602 val_corr=0.322
[epoch 42] lr=5.00e-04 train_loss=0.0563 train_corr=0.940 val_loss=0.1629 val_corr=0.312
[epoch 43] lr=5.00e-04 train_loss=0.0565 train_corr=0.939 val_loss=0.1535 val_corr=0.360
[epoch 44] lr=5.00e-04 train_loss=0.0559 train_corr=0.942 val_loss=0.1665 val_corr=0.300
[epoch 45] lr=5.00e-04 train_loss=0.0558 train_corr=0.942 val_loss=0.1743 val_corr=0.283
[epoch 46] lr=5.00e-04 train_loss=0.0554 train_corr=0.945 val_loss=0.1813 val_corr=0.291
[epoch 47] lr=5.00e-04 train_loss=0.0557 train_corr=0.943 val_loss=0.1580 val_corr=0.340
[epoch 48] lr=5.00e-04 train_loss=0.0555 train_corr=0.944 val_loss=0.1758 val_corr=0.287
[epoch 49] lr=5.00e-04 train_loss=0.0552 train_corr=0.946 val_loss=0.1649 val_corr=0.311
fold 7 done. checkpoint exists: True -> /home/shunya/research/dog-radar-vitals/runs/20260825-211914_ecg_rpeak_spatial_gnn_lodo305_madonly_fold7_test16/epoch_004.pt

=== fold 8: test_subject=17 val_subject=29 ===
train_subjects=[1, 2, 5, 9, 10, 13, 14, 16, 30]
[epoch 0] lr=5.00e-04 train_loss=0.4751 train_corr=0.265 val_loss=0.3816 val_corr=0.384
[epoch 1] lr=5.00e-04 train_loss=0.2716 train_corr=0.480 val_loss=0.2326 val_corr=0.464
[epoch 2] lr=5.00e-04 train_loss=0.1758 train_corr=0.567 val_loss=0.1762 val_corr=0.427
[epoch 3] lr=5.00e-04 train_loss=0.1352 train_corr=0.633 val_loss=0.1539 val_corr=0.425
[epoch 4] lr=5.00e-04 train_loss=0.1155 train_corr=0.685 val_loss=0.1498 val_corr=0.450
[epoch 5] lr=5.00e-04 train_loss=0.1049 train_corr=0.717 val_loss=0.1574 val_corr=0.380
[epoch 6] lr=5.00e-04 train_loss=0.0971 train_corr=0.746 val_loss=0.1521 val_corr=0.441
[epoch 7] lr=5.00e-04 train_loss=0.0920 train_corr=0.766 val_loss=0.1567 val_corr=0.379
[epoch 8] lr=5.00e-04 train_loss=0.0882 train_corr=0.783 val_loss=0.1473 val_corr=0.435
[epoch 9] lr=5.00e-04 train_loss=0.0846 train_corr=0.799 val_loss=0.1662 val_corr=0.344
[epoch 10] lr=5.00e-04 train_loss=0.0814 train_corr=0.815 val_loss=0.1726 val_corr=0.306
[epoch 11] lr=5.00e-04 train_loss=0.0784 train_corr=0.829 val_loss=0.1588 val_corr=0.391
[epoch 12] lr=5.00e-04 train_loss=0.0764 train_corr=0.839 val_loss=0.1673 val_corr=0.347
[epoch 13] lr=5.00e-04 train_loss=0.0747 train_corr=0.847 val_loss=0.1753 val_corr=0.333
[epoch 14] lr=5.00e-04 train_loss=0.0723 train_corr=0.860 val_loss=0.1773 val_corr=0.318
[epoch 15] lr=5.00e-04 train_loss=0.0707 train_corr=0.867 val_loss=0.1738 val_corr=0.349
[epoch 16] lr=5.00e-04 train_loss=0.0695 train_corr=0.873 val_loss=0.1686 val_corr=0.378
[epoch 17] lr=5.00e-04 train_loss=0.0680 train_corr=0.880 val_loss=0.1761 val_corr=0.339
[epoch 18] lr=5.00e-04 train_loss=0.0667 train_corr=0.887 val_loss=0.1850 val_corr=0.330
[epoch 19] lr=5.00e-04 train_loss=0.0657 train_corr=0.891 val_loss=0.1776 val_corr=0.358
[epoch 20] lr=5.00e-04 train_loss=0.0650 train_corr=0.895 val_loss=0.1897 val_corr=0.303
[epoch 21] lr=5.00e-04 train_loss=0.0638 train_corr=0.901 val_loss=0.2010 val_corr=0.291
[epoch 22] lr=5.00e-04 train_loss=0.0632 train_corr=0.903 val_loss=0.1811 val_corr=0.358
[epoch 23] lr=5.00e-04 train_loss=0.0624 train_corr=0.907 val_loss=0.1957 val_corr=0.330
[epoch 24] lr=5.00e-04 train_loss=0.0618 train_corr=0.910 val_loss=0.1864 val_corr=0.349
[epoch 25] lr=5.00e-04 train_loss=0.0612 train_corr=0.913 val_loss=0.1991 val_corr=0.317
[epoch 26] lr=5.00e-04 train_loss=0.0604 train_corr=0.917 val_loss=0.1991 val_corr=0.329
[epoch 27] lr=5.00e-04 train_loss=0.0597 train_corr=0.921 val_loss=0.2028 val_corr=0.312
[epoch 28] lr=5.00e-04 train_loss=0.0593 train_corr=0.922 val_loss=0.2002 val_corr=0.321
[epoch 29] lr=5.00e-04 train_loss=0.0596 train_corr=0.921 val_loss=0.2029 val_corr=0.316
[epoch 30] lr=5.00e-04 train_loss=0.0585 train_corr=0.926 val_loss=0.2117 val_corr=0.297
[epoch 31] lr=5.00e-04 train_loss=0.0582 train_corr=0.927 val_loss=0.2106 val_corr=0.305
[epoch 32] lr=5.00e-04 train_loss=0.0581 train_corr=0.928 val_loss=0.2024 val_corr=0.337
[epoch 33] lr=5.00e-04 train_loss=0.0575 train_corr=0.931 val_loss=0.2044 val_corr=0.330
[epoch 34] lr=5.00e-04 train_loss=0.0575 train_corr=0.931 val_loss=0.2207 val_corr=0.300
[epoch 35] lr=5.00e-04 train_loss=0.0569 train_corr=0.934 val_loss=0.2199 val_corr=0.298
[epoch 36] lr=5.00e-04 train_loss=0.0565 train_corr=0.936 val_loss=0.2055 val_corr=0.317
[epoch 37] lr=5.00e-04 train_loss=0.0564 train_corr=0.937 val_loss=0.2176 val_corr=0.303
[epoch 38] lr=5.00e-04 train_loss=0.0563 train_corr=0.937 val_loss=0.2102 val_corr=0.322
[epoch 39] lr=5.00e-04 train_loss=0.0558 train_corr=0.939 val_loss=0.2101 val_corr=0.336
[epoch 40] lr=5.00e-04 train_loss=0.0556 train_corr=0.940 val_loss=0.2393 val_corr=0.262
[epoch 41] lr=5.00e-04 train_loss=0.0556 train_corr=0.941 val_loss=0.2191 val_corr=0.307
[epoch 42] lr=5.00e-04 train_loss=0.0555 train_corr=0.941 val_loss=0.2161 val_corr=0.319
[epoch 43] lr=5.00e-04 train_loss=0.0550 train_corr=0.943 val_loss=0.2067 val_corr=0.333
[epoch 44] lr=5.00e-04 train_loss=0.0549 train_corr=0.944 val_loss=0.2148 val_corr=0.317
[epoch 45] lr=5.00e-04 train_loss=0.0546 train_corr=0.945 val_loss=0.2246 val_corr=0.317
[epoch 46] lr=5.00e-04 train_loss=0.0547 train_corr=0.945 val_loss=0.2218 val_corr=0.314
[epoch 47] lr=5.00e-04 train_loss=0.0541 train_corr=0.948 val_loss=0.2405 val_corr=0.278
[epoch 48] lr=5.00e-04 train_loss=0.0540 train_corr=0.948 val_loss=0.2395 val_corr=0.290
[epoch 49] lr=5.00e-04 train_loss=0.0537 train_corr=0.950 val_loss=0.2384 val_corr=0.280
fold 8 done. checkpoint exists: True -> /home/shunya/research/dog-radar-vitals/runs/20260825-213942_ecg_rpeak_spatial_gnn_lodo305_madonly_fold8_test17/epoch_004.pt

=== fold 9: test_subject=29 val_subject=30 ===
train_subjects=[1, 2, 5, 9, 10, 13, 14, 16, 17]
[epoch 0] lr=5.00e-04 train_loss=0.4812 train_corr=0.245 val_loss=0.3757 val_corr=0.396
[epoch 1] lr=5.00e-04 train_loss=0.2792 train_corr=0.468 val_loss=0.2301 val_corr=0.465
[epoch 2] lr=5.00e-04 train_loss=0.1807 train_corr=0.563 val_loss=0.1817 val_corr=0.496
[epoch 3] lr=5.00e-04 train_loss=0.1375 train_corr=0.634 val_loss=0.1595 val_corr=0.459
[epoch 4] lr=5.00e-04 train_loss=0.1159 train_corr=0.688 val_loss=0.1563 val_corr=0.386
[epoch 5] lr=5.00e-04 train_loss=0.1045 train_corr=0.719 val_loss=0.1448 val_corr=0.450
[epoch 6] lr=5.00e-04 train_loss=0.0967 train_corr=0.745 val_loss=0.1455 val_corr=0.424
[epoch 7] lr=5.00e-04 train_loss=0.0903 train_corr=0.772 val_loss=0.1448 val_corr=0.411
[epoch 8] lr=5.00e-04 train_loss=0.0857 train_corr=0.793 val_loss=0.1468 val_corr=0.404
[epoch 9] lr=5.00e-04 train_loss=0.0819 train_corr=0.811 val_loss=0.1494 val_corr=0.390
[epoch 10] lr=5.00e-04 train_loss=0.0784 train_corr=0.826 val_loss=0.1531 val_corr=0.393
[epoch 11] lr=5.00e-04 train_loss=0.0751 train_corr=0.841 val_loss=0.1687 val_corr=0.345
[epoch 12] lr=5.00e-04 train_loss=0.0731 train_corr=0.850 val_loss=0.1536 val_corr=0.416
[epoch 13] lr=5.00e-04 train_loss=0.0704 train_corr=0.862 val_loss=0.1595 val_corr=0.401
[epoch 14] lr=5.00e-04 train_loss=0.0687 train_corr=0.871 val_loss=0.1636 val_corr=0.378
[epoch 15] lr=5.00e-04 train_loss=0.0668 train_corr=0.879 val_loss=0.1614 val_corr=0.384
[epoch 16] lr=5.00e-04 train_loss=0.0657 train_corr=0.885 val_loss=0.1517 val_corr=0.417
[epoch 17] lr=5.00e-04 train_loss=0.0648 train_corr=0.888 val_loss=0.1699 val_corr=0.358
[epoch 18] lr=5.00e-04 train_loss=0.0634 train_corr=0.895 val_loss=0.1651 val_corr=0.400
[epoch 19] lr=5.00e-04 train_loss=0.0627 train_corr=0.899 val_loss=0.1656 val_corr=0.394
[epoch 20] lr=5.00e-04 train_loss=0.0614 train_corr=0.905 val_loss=0.1701 val_corr=0.387
[epoch 21] lr=5.00e-04 train_loss=0.0610 train_corr=0.907 val_loss=0.1750 val_corr=0.361
[epoch 22] lr=5.00e-04 train_loss=0.0604 train_corr=0.910 val_loss=0.1749 val_corr=0.355
[epoch 23] lr=5.00e-04 train_loss=0.0598 train_corr=0.913 val_loss=0.1706 val_corr=0.391
[epoch 24] lr=5.00e-04 train_loss=0.0583 train_corr=0.921 val_loss=0.1669 val_corr=0.424
[epoch 25] lr=5.00e-04 train_loss=0.0582 train_corr=0.921 val_loss=0.1801 val_corr=0.368
[epoch 26] lr=5.00e-04 train_loss=0.0575 train_corr=0.924 val_loss=0.1849 val_corr=0.355
[epoch 27] lr=5.00e-04 train_loss=0.0572 train_corr=0.926 val_loss=0.1946 val_corr=0.329
[epoch 28] lr=5.00e-04 train_loss=0.0568 train_corr=0.928 val_loss=0.1817 val_corr=0.366
[epoch 29] lr=5.00e-04 train_loss=0.0559 train_corr=0.933 val_loss=0.1764 val_corr=0.391
[epoch 30] lr=5.00e-04 train_loss=0.0559 train_corr=0.932 val_loss=0.1727 val_corr=0.395
[epoch 31] lr=5.00e-04 train_loss=0.0557 train_corr=0.934 val_loss=0.1804 val_corr=0.396
[epoch 32] lr=5.00e-04 train_loss=0.0557 train_corr=0.934 val_loss=0.1917 val_corr=0.364
[epoch 33] lr=5.00e-04 train_loss=0.0547 train_corr=0.938 val_loss=0.1927 val_corr=0.353
[epoch 34] lr=5.00e-04 train_loss=0.0546 train_corr=0.939 val_loss=0.1901 val_corr=0.351
[epoch 35] lr=5.00e-04 train_loss=0.0540 train_corr=0.942 val_loss=0.1916 val_corr=0.357
[epoch 36] lr=5.00e-04 train_loss=0.0540 train_corr=0.942 val_loss=0.1913 val_corr=0.340
[epoch 37] lr=5.00e-04 train_loss=0.0538 train_corr=0.942 val_loss=0.1875 val_corr=0.378
[epoch 38] lr=5.00e-04 train_loss=0.0533 train_corr=0.945 val_loss=0.1886 val_corr=0.353
[epoch 39] lr=5.00e-04 train_loss=0.0530 train_corr=0.947 val_loss=0.1887 val_corr=0.375
[epoch 40] lr=5.00e-04 train_loss=0.0528 train_corr=0.947 val_loss=0.1824 val_corr=0.380
[epoch 41] lr=5.00e-04 train_loss=0.0529 train_corr=0.947 val_loss=0.1968 val_corr=0.349
[epoch 42] lr=5.00e-04 train_loss=0.0524 train_corr=0.949 val_loss=0.1945 val_corr=0.350
[epoch 43] lr=5.00e-04 train_loss=0.0527 train_corr=0.948 val_loss=0.1885 val_corr=0.357
[epoch 44] lr=5.00e-04 train_loss=0.0528 train_corr=0.948 val_loss=0.1874 val_corr=0.380
[epoch 45] lr=5.00e-04 train_loss=0.0522 train_corr=0.951 val_loss=0.1916 val_corr=0.358
[epoch 46] lr=5.00e-04 train_loss=0.0522 train_corr=0.951 val_loss=0.1991 val_corr=0.372
[epoch 47] lr=5.00e-04 train_loss=0.0522 train_corr=0.951 val_loss=0.1909 val_corr=0.363
[epoch 48] lr=5.00e-04 train_loss=0.0516 train_corr=0.954 val_loss=0.2023 val_corr=0.326
[epoch 49] lr=5.00e-04 train_loss=0.0515 train_corr=0.954 val_loss=0.2048 val_corr=0.352
fold 9 done. checkpoint exists: True -> /home/shunya/research/dog-radar-vitals/runs/20260825-215919_ecg_rpeak_spatial_gnn_lodo305_madonly_fold9_test29/epoch_004.pt

=== fold 10: test_subject=30 val_subject=1 ===
train_subjects=[2, 5, 9, 10, 13, 14, 16, 17, 29]
[epoch 0] lr=5.00e-04 train_loss=0.4387 train_corr=0.322 val_loss=0.2935 val_corr=0.487
[epoch 1] lr=5.00e-04 train_loss=0.2229 train_corr=0.517 val_loss=0.1750 val_corr=0.408
[epoch 2] lr=5.00e-04 train_loss=0.1458 train_corr=0.598 val_loss=0.1444 val_corr=0.400
[epoch 3] lr=5.00e-04 train_loss=0.1188 train_corr=0.653 val_loss=0.1569 val_corr=0.212
[epoch 4] lr=5.00e-04 train_loss=0.1056 train_corr=0.695 val_loss=0.1538 val_corr=0.220
[epoch 5] lr=5.00e-04 train_loss=0.0979 train_corr=0.724 val_loss=0.1778 val_corr=0.125
[epoch 6] lr=5.00e-04 train_loss=0.0923 train_corr=0.749 val_loss=0.1760 val_corr=0.137
[epoch 7] lr=5.00e-04 train_loss=0.0880 train_corr=0.770 val_loss=0.1868 val_corr=0.120
[epoch 8] lr=5.00e-04 train_loss=0.0848 train_corr=0.785 val_loss=0.1865 val_corr=0.155
[epoch 9] lr=5.00e-04 train_loss=0.0812 train_corr=0.804 val_loss=0.1870 val_corr=0.145
[epoch 10] lr=5.00e-04 train_loss=0.0784 train_corr=0.818 val_loss=0.1905 val_corr=0.145
[epoch 11] lr=5.00e-04 train_loss=0.0762 train_corr=0.829 val_loss=0.1736 val_corr=0.194
[epoch 12] lr=5.00e-04 train_loss=0.0743 train_corr=0.840 val_loss=0.1662 val_corr=0.239
[epoch 13] lr=5.00e-04 train_loss=0.0724 train_corr=0.850 val_loss=0.1612 val_corr=0.254
[epoch 14] lr=5.00e-04 train_loss=0.0704 train_corr=0.860 val_loss=0.1729 val_corr=0.226
[epoch 15] lr=5.00e-04 train_loss=0.0692 train_corr=0.866 val_loss=0.1814 val_corr=0.185
[epoch 16] lr=5.00e-04 train_loss=0.0679 train_corr=0.873 val_loss=0.1604 val_corr=0.272
[epoch 17] lr=5.00e-04 train_loss=0.0667 train_corr=0.880 val_loss=0.1810 val_corr=0.198
[epoch 18] lr=5.00e-04 train_loss=0.0662 train_corr=0.884 val_loss=0.1878 val_corr=0.175
[epoch 19] lr=5.00e-04 train_loss=0.0651 train_corr=0.889 val_loss=0.1637 val_corr=0.254
[epoch 20] lr=5.00e-04 train_loss=0.0644 train_corr=0.892 val_loss=0.1871 val_corr=0.179
[epoch 21] lr=5.00e-04 train_loss=0.0632 train_corr=0.898 val_loss=0.1956 val_corr=0.169
[epoch 22] lr=5.00e-04 train_loss=0.0631 train_corr=0.899 val_loss=0.1943 val_corr=0.155
[epoch 23] lr=5.00e-04 train_loss=0.0620 train_corr=0.905 val_loss=0.1773 val_corr=0.220
[epoch 24] lr=5.00e-04 train_loss=0.0616 train_corr=0.907 val_loss=0.2084 val_corr=0.137
[epoch 25] lr=5.00e-04 train_loss=0.0609 train_corr=0.911 val_loss=0.1941 val_corr=0.148
[epoch 26] lr=5.00e-04 train_loss=0.0605 train_corr=0.913 val_loss=0.1781 val_corr=0.203
[epoch 27] lr=5.00e-04 train_loss=0.0599 train_corr=0.916 val_loss=0.1941 val_corr=0.178
[epoch 28] lr=5.00e-04 train_loss=0.0594 train_corr=0.919 val_loss=0.1844 val_corr=0.212
[epoch 29] lr=5.00e-04 train_loss=0.0594 train_corr=0.919 val_loss=0.1949 val_corr=0.161
[epoch 30] lr=5.00e-04 train_loss=0.0585 train_corr=0.924 val_loss=0.2075 val_corr=0.125
[epoch 31] lr=5.00e-04 train_loss=0.0586 train_corr=0.923 val_loss=0.2000 val_corr=0.147
[epoch 32] lr=5.00e-04 train_loss=0.0580 train_corr=0.926 val_loss=0.1873 val_corr=0.174
[epoch 33] lr=5.00e-04 train_loss=0.0579 train_corr=0.927 val_loss=0.1951 val_corr=0.168
[epoch 34] lr=5.00e-04 train_loss=0.0572 train_corr=0.930 val_loss=0.1931 val_corr=0.188
[epoch 35] lr=5.00e-04 train_loss=0.0573 train_corr=0.930 val_loss=0.1938 val_corr=0.171
[epoch 36] lr=5.00e-04 train_loss=0.0567 train_corr=0.933 val_loss=0.2000 val_corr=0.160
[epoch 37] lr=5.00e-04 train_loss=0.0568 train_corr=0.933 val_loss=0.2103 val_corr=0.125
[epoch 38] lr=5.00e-04 train_loss=0.0563 train_corr=0.935 val_loss=0.2133 val_corr=0.120
[epoch 39] lr=5.00e-04 train_loss=0.0563 train_corr=0.935 val_loss=0.2038 val_corr=0.164
[epoch 40] lr=5.00e-04 train_loss=0.0558 train_corr=0.938 val_loss=0.2100 val_corr=0.155
[epoch 41] lr=5.00e-04 train_loss=0.0560 train_corr=0.936 val_loss=0.2102 val_corr=0.149
[epoch 42] lr=5.00e-04 train_loss=0.0557 train_corr=0.938 val_loss=0.2039 val_corr=0.140
[epoch 43] lr=5.00e-04 train_loss=0.0558 train_corr=0.938 val_loss=0.1986 val_corr=0.197
[epoch 44] lr=5.00e-04 train_loss=0.0556 train_corr=0.939 val_loss=0.2162 val_corr=0.145
[epoch 45] lr=5.00e-04 train_loss=0.0550 train_corr=0.942 val_loss=0.2145 val_corr=0.127
[epoch 46] lr=5.00e-04 train_loss=0.0550 train_corr=0.942 val_loss=0.1968 val_corr=0.159
[epoch 47] lr=5.00e-04 train_loss=0.0550 train_corr=0.942 val_loss=0.2020 val_corr=0.166
[epoch 48] lr=5.00e-04 train_loss=0.0548 train_corr=0.943 val_loss=0.2038 val_corr=0.164
[epoch 49] lr=5.00e-04 train_loss=0.0547 train_corr=0.943 val_loss=0.2175 val_corr=0.136
fold 10 done. checkpoint exists: True -> /home/shunya/research/dog-radar-vitals/runs/20260825-221519_ecg_rpeak_spatial_gnn_lodo305_madonly_fold10_test30/epoch_004.pt

=== LOSO 学習完了: 11 fold ===
run 一覧: /home/shunya/research/dog-radar-vitals/reports/lodo305_madonly_cv_runs.json
次は evaluate_spatial_gnn_hrv.py を fold ごとに --test_subjects つきで回す(キュー014)
