
=== fold 0: test_subject=1 val_subject=2 ===
train_subjects=[5, 9, 10, 13, 14, 16, 17, 29, 30]
[epoch 0] lr=5.00e-04 train_loss=0.4068 train_corr=0.317 val_loss=0.2789 val_corr=0.233
[epoch 1] lr=5.00e-04 train_loss=0.1902 train_corr=0.497 val_loss=0.2082 val_corr=0.222
[epoch 2] lr=5.00e-04 train_loss=0.1396 train_corr=0.556 val_loss=0.1690 val_corr=0.309
[epoch 3] lr=5.00e-04 train_loss=0.1197 train_corr=0.617 val_loss=0.2131 val_corr=0.118
[epoch 4] lr=5.00e-04 train_loss=0.1090 train_corr=0.661 val_loss=0.2167 val_corr=0.121
[epoch 5] lr=5.00e-04 train_loss=0.1014 train_corr=0.696 val_loss=0.2135 val_corr=0.179
[epoch 6] lr=5.00e-04 train_loss=0.0958 train_corr=0.724 val_loss=0.2260 val_corr=0.123
[epoch 7] lr=5.00e-04 train_loss=0.0915 train_corr=0.744 val_loss=0.2466 val_corr=0.055
[epoch 8] lr=5.00e-04 train_loss=0.0876 train_corr=0.765 val_loss=0.2376 val_corr=0.104
[epoch 9] lr=5.00e-04 train_loss=0.0840 train_corr=0.784 val_loss=0.2303 val_corr=0.129
[epoch 10] lr=5.00e-04 train_loss=0.0817 train_corr=0.796 val_loss=0.2342 val_corr=0.132
[epoch 11] lr=5.00e-04 train_loss=0.0796 train_corr=0.807 val_loss=0.2435 val_corr=0.080
[epoch 12] lr=5.00e-04 train_loss=0.0781 train_corr=0.815 val_loss=0.2368 val_corr=0.121
[epoch 13] lr=5.00e-04 train_loss=0.0763 train_corr=0.826 val_loss=0.2598 val_corr=0.089
[epoch 14] lr=5.00e-04 train_loss=0.0750 train_corr=0.832 val_loss=0.2647 val_corr=0.070
[epoch 15] lr=5.00e-04 train_loss=0.0736 train_corr=0.840 val_loss=0.2599 val_corr=0.059
[epoch 16] lr=5.00e-04 train_loss=0.0725 train_corr=0.847 val_loss=0.2588 val_corr=0.073
[epoch 17] lr=5.00e-04 train_loss=0.0717 train_corr=0.850 val_loss=0.2732 val_corr=0.086
[epoch 18] lr=5.00e-04 train_loss=0.0709 train_corr=0.855 val_loss=0.2615 val_corr=0.099
[epoch 19] lr=5.00e-04 train_loss=0.0701 train_corr=0.859 val_loss=0.2535 val_corr=0.079
[epoch 20] lr=5.00e-04 train_loss=0.0689 train_corr=0.866 val_loss=0.2526 val_corr=0.101
[epoch 21] lr=5.00e-04 train_loss=0.0683 train_corr=0.869 val_loss=0.2752 val_corr=0.035
[epoch 22] lr=5.00e-04 train_loss=0.0677 train_corr=0.873 val_loss=0.2540 val_corr=0.099
[epoch 23] lr=5.00e-04 train_loss=0.0675 train_corr=0.874 val_loss=0.2661 val_corr=0.082
[epoch 24] lr=5.00e-04 train_loss=0.0666 train_corr=0.880 val_loss=0.2566 val_corr=0.094
[epoch 25] lr=5.00e-04 train_loss=0.0661 train_corr=0.882 val_loss=0.2663 val_corr=0.069
[epoch 26] lr=5.00e-04 train_loss=0.0658 train_corr=0.884 val_loss=0.2645 val_corr=0.094
[epoch 27] lr=5.00e-04 train_loss=0.0648 train_corr=0.889 val_loss=0.2658 val_corr=0.080
[epoch 28] lr=5.00e-04 train_loss=0.0653 train_corr=0.886 val_loss=0.2721 val_corr=0.074
[epoch 29] lr=5.00e-04 train_loss=0.0643 train_corr=0.892 val_loss=0.2492 val_corr=0.089
[epoch 30] lr=5.00e-04 train_loss=0.0640 train_corr=0.894 val_loss=0.2533 val_corr=0.097
[epoch 31] lr=5.00e-04 train_loss=0.0639 train_corr=0.894 val_loss=0.2723 val_corr=0.028
[epoch 32] lr=5.00e-04 train_loss=0.0633 train_corr=0.898 val_loss=0.2894 val_corr=0.026
[epoch 33] lr=5.00e-04 train_loss=0.0626 train_corr=0.901 val_loss=0.2580 val_corr=0.086
[epoch 34] lr=5.00e-04 train_loss=0.0628 train_corr=0.900 val_loss=0.2760 val_corr=0.068
[epoch 35] lr=5.00e-04 train_loss=0.0627 train_corr=0.901 val_loss=0.2815 val_corr=0.068
[epoch 36] lr=5.00e-04 train_loss=0.0618 train_corr=0.906 val_loss=0.2904 val_corr=0.045
[epoch 37] lr=5.00e-04 train_loss=0.0616 train_corr=0.906 val_loss=0.2798 val_corr=0.047
[epoch 38] lr=5.00e-04 train_loss=0.0617 train_corr=0.906 val_loss=0.2757 val_corr=0.093
[epoch 39] lr=5.00e-04 train_loss=0.0611 train_corr=0.909 val_loss=0.2885 val_corr=0.053
[epoch 40] lr=5.00e-04 train_loss=0.0613 train_corr=0.909 val_loss=0.2596 val_corr=0.088
[epoch 41] lr=5.00e-04 train_loss=0.0607 train_corr=0.911 val_loss=0.2650 val_corr=0.092
[epoch 42] lr=5.00e-04 train_loss=0.0605 train_corr=0.912 val_loss=0.2713 val_corr=0.069
[epoch 43] lr=5.00e-04 train_loss=0.0601 train_corr=0.915 val_loss=0.2773 val_corr=0.060
[epoch 44] lr=5.00e-04 train_loss=0.0601 train_corr=0.915 val_loss=0.2944 val_corr=0.037
[epoch 45] lr=5.00e-04 train_loss=0.0603 train_corr=0.914 val_loss=0.2933 val_corr=0.041
[epoch 46] lr=5.00e-04 train_loss=0.0601 train_corr=0.915 val_loss=0.2542 val_corr=0.116
[epoch 47] lr=5.00e-04 train_loss=0.0598 train_corr=0.917 val_loss=0.2974 val_corr=0.049
[epoch 48] lr=5.00e-04 train_loss=0.0597 train_corr=0.917 val_loss=0.3137 val_corr=0.016
[epoch 49] lr=5.00e-04 train_loss=0.0594 train_corr=0.919 val_loss=0.2916 val_corr=0.050
fold 0 done. checkpoint exists: True -> /home/shunya/research/dog-radar-vitals/runs/20260824-194333_ecg_rpeak_spatial_gnn_lodo291_fullattn_fold0_test1/epoch_004.pt

=== fold 1: test_subject=2 val_subject=5 ===
train_subjects=[1, 9, 10, 13, 14, 16, 17, 29, 30]
[epoch 0] lr=5.00e-04 train_loss=0.4246 train_corr=0.326 val_loss=0.3021 val_corr=0.106
[epoch 1] lr=5.00e-04 train_loss=0.2049 train_corr=0.514 val_loss=0.2125 val_corr=0.065
[epoch 2] lr=5.00e-04 train_loss=0.1443 train_corr=0.559 val_loss=0.2052 val_corr=0.076
[epoch 3] lr=5.00e-04 train_loss=0.1236 train_corr=0.595 val_loss=0.2010 val_corr=0.120
[epoch 4] lr=5.00e-04 train_loss=0.1111 train_corr=0.646 val_loss=0.2123 val_corr=0.083
[epoch 5] lr=5.00e-04 train_loss=0.1015 train_corr=0.690 val_loss=0.2141 val_corr=0.108
[epoch 6] lr=5.00e-04 train_loss=0.0950 train_corr=0.724 val_loss=0.2294 val_corr=0.087
[epoch 7] lr=5.00e-04 train_loss=0.0904 train_corr=0.748 val_loss=0.2221 val_corr=0.120
[epoch 8] lr=5.00e-04 train_loss=0.0866 train_corr=0.768 val_loss=0.2364 val_corr=0.084
[epoch 9] lr=5.00e-04 train_loss=0.0834 train_corr=0.785 val_loss=0.2191 val_corr=0.128
[epoch 10] lr=5.00e-04 train_loss=0.0809 train_corr=0.798 val_loss=0.2373 val_corr=0.121
[epoch 11] lr=5.00e-04 train_loss=0.0780 train_corr=0.814 val_loss=0.2458 val_corr=0.105
[epoch 12] lr=5.00e-04 train_loss=0.0756 train_corr=0.827 val_loss=0.2596 val_corr=0.085
[epoch 13] lr=5.00e-04 train_loss=0.0740 train_corr=0.835 val_loss=0.2678 val_corr=0.090
[epoch 14] lr=5.00e-04 train_loss=0.0717 train_corr=0.848 val_loss=0.2799 val_corr=0.075
[epoch 15] lr=5.00e-04 train_loss=0.0703 train_corr=0.855 val_loss=0.2936 val_corr=0.068
[epoch 16] lr=5.00e-04 train_loss=0.0688 train_corr=0.862 val_loss=0.2920 val_corr=0.063
[epoch 17] lr=5.00e-04 train_loss=0.0685 train_corr=0.865 val_loss=0.2789 val_corr=0.064
[epoch 18] lr=5.00e-04 train_loss=0.0670 train_corr=0.872 val_loss=0.3130 val_corr=0.050
[epoch 19] lr=5.00e-04 train_loss=0.0666 train_corr=0.874 val_loss=0.3119 val_corr=0.050
[epoch 20] lr=5.00e-04 train_loss=0.0657 train_corr=0.880 val_loss=0.3063 val_corr=0.074
[epoch 21] lr=5.00e-04 train_loss=0.0649 train_corr=0.883 val_loss=0.2907 val_corr=0.071
[epoch 22] lr=5.00e-04 train_loss=0.0640 train_corr=0.889 val_loss=0.3127 val_corr=0.038
[epoch 23] lr=5.00e-04 train_loss=0.0639 train_corr=0.889 val_loss=0.3218 val_corr=0.059
[epoch 24] lr=5.00e-04 train_loss=0.0632 train_corr=0.893 val_loss=0.2967 val_corr=0.052
[epoch 25] lr=5.00e-04 train_loss=0.0628 train_corr=0.895 val_loss=0.3017 val_corr=0.051
[epoch 26] lr=5.00e-04 train_loss=0.0624 train_corr=0.897 val_loss=0.2865 val_corr=0.063
[epoch 27] lr=5.00e-04 train_loss=0.0615 train_corr=0.902 val_loss=0.3443 val_corr=0.027
[epoch 28] lr=5.00e-04 train_loss=0.0615 train_corr=0.902 val_loss=0.3347 val_corr=0.055
[epoch 29] lr=5.00e-04 train_loss=0.0610 train_corr=0.905 val_loss=0.3277 val_corr=0.060
[epoch 30] lr=5.00e-04 train_loss=0.0605 train_corr=0.908 val_loss=0.3337 val_corr=0.051
[epoch 31] lr=5.00e-04 train_loss=0.0602 train_corr=0.909 val_loss=0.3215 val_corr=0.050
[epoch 32] lr=5.00e-04 train_loss=0.0601 train_corr=0.910 val_loss=0.3378 val_corr=0.041
[epoch 33] lr=5.00e-04 train_loss=0.0598 train_corr=0.911 val_loss=0.3440 val_corr=0.044
[epoch 34] lr=5.00e-04 train_loss=0.0592 train_corr=0.914 val_loss=0.3385 val_corr=0.039
[epoch 35] lr=5.00e-04 train_loss=0.0585 train_corr=0.918 val_loss=0.3406 val_corr=0.029
[epoch 36] lr=5.00e-04 train_loss=0.0584 train_corr=0.919 val_loss=0.3121 val_corr=0.054
[epoch 37] lr=5.00e-04 train_loss=0.0581 train_corr=0.920 val_loss=0.3199 val_corr=0.048
[epoch 38] lr=5.00e-04 train_loss=0.0583 train_corr=0.920 val_loss=0.3398 val_corr=0.034
[epoch 39] lr=5.00e-04 train_loss=0.0579 train_corr=0.922 val_loss=0.3399 val_corr=0.039
[epoch 40] lr=5.00e-04 train_loss=0.0573 train_corr=0.924 val_loss=0.3193 val_corr=0.051
[epoch 41] lr=5.00e-04 train_loss=0.0572 train_corr=0.925 val_loss=0.3395 val_corr=0.042
[epoch 42] lr=5.00e-04 train_loss=0.0570 train_corr=0.926 val_loss=0.3297 val_corr=0.034
[epoch 43] lr=5.00e-04 train_loss=0.0573 train_corr=0.925 val_loss=0.3250 val_corr=0.044
[epoch 44] lr=5.00e-04 train_loss=0.0565 train_corr=0.929 val_loss=0.3551 val_corr=0.038
[epoch 45] lr=5.00e-04 train_loss=0.0568 train_corr=0.927 val_loss=0.3362 val_corr=0.056
[epoch 46] lr=5.00e-04 train_loss=0.0564 train_corr=0.929 val_loss=0.3457 val_corr=0.040
[epoch 47] lr=5.00e-04 train_loss=0.0570 train_corr=0.926 val_loss=0.3221 val_corr=0.055
[epoch 48] lr=5.00e-04 train_loss=0.0559 train_corr=0.932 val_loss=0.3570 val_corr=0.053
[epoch 49] lr=5.00e-04 train_loss=0.0562 train_corr=0.930 val_loss=0.3514 val_corr=0.052
fold 1 done. checkpoint exists: True -> /home/shunya/research/dog-radar-vitals/runs/20260824-195119_ecg_rpeak_spatial_gnn_lodo291_fullattn_fold1_test2/epoch_004.pt

=== fold 2: test_subject=5 val_subject=9 ===
train_subjects=[1, 2, 10, 13, 14, 16, 17, 29, 30]
[epoch 0] lr=5.00e-04 train_loss=0.4319 train_corr=0.319 val_loss=0.3000 val_corr=0.312
[epoch 1] lr=5.00e-04 train_loss=0.2097 train_corr=0.519 val_loss=0.1740 val_corr=0.354
[epoch 2] lr=5.00e-04 train_loss=0.1439 train_corr=0.588 val_loss=0.1527 val_corr=0.392
[epoch 3] lr=5.00e-04 train_loss=0.1198 train_corr=0.640 val_loss=0.1643 val_corr=0.267
[epoch 4] lr=5.00e-04 train_loss=0.1081 train_corr=0.676 val_loss=0.1400 val_corr=0.398
[epoch 5] lr=5.00e-04 train_loss=0.1002 train_corr=0.706 val_loss=0.1535 val_corr=0.290
[epoch 6] lr=5.00e-04 train_loss=0.0951 train_corr=0.727 val_loss=0.1418 val_corr=0.389
[epoch 7] lr=5.00e-04 train_loss=0.0911 train_corr=0.746 val_loss=0.1606 val_corr=0.319
[epoch 8] lr=5.00e-04 train_loss=0.0874 train_corr=0.763 val_loss=0.1719 val_corr=0.253
[epoch 9] lr=5.00e-04 train_loss=0.0845 train_corr=0.778 val_loss=0.1536 val_corr=0.339
[epoch 10] lr=5.00e-04 train_loss=0.0817 train_corr=0.794 val_loss=0.1594 val_corr=0.338
[epoch 11] lr=5.00e-04 train_loss=0.0793 train_corr=0.807 val_loss=0.1523 val_corr=0.365
[epoch 12] lr=5.00e-04 train_loss=0.0770 train_corr=0.820 val_loss=0.1455 val_corr=0.411
[epoch 13] lr=5.00e-04 train_loss=0.0748 train_corr=0.831 val_loss=0.1503 val_corr=0.361
[epoch 14] lr=5.00e-04 train_loss=0.0731 train_corr=0.840 val_loss=0.1548 val_corr=0.345
[epoch 15] lr=5.00e-04 train_loss=0.0722 train_corr=0.845 val_loss=0.1677 val_corr=0.313
[epoch 16] lr=5.00e-04 train_loss=0.0704 train_corr=0.856 val_loss=0.1588 val_corr=0.350
[epoch 17] lr=5.00e-04 train_loss=0.0696 train_corr=0.859 val_loss=0.1637 val_corr=0.332
[epoch 18] lr=5.00e-04 train_loss=0.0684 train_corr=0.866 val_loss=0.1765 val_corr=0.338
[epoch 19] lr=5.00e-04 train_loss=0.0674 train_corr=0.872 val_loss=0.1585 val_corr=0.394
[epoch 20] lr=5.00e-04 train_loss=0.0669 train_corr=0.874 val_loss=0.1625 val_corr=0.362
[epoch 21] lr=5.00e-04 train_loss=0.0659 train_corr=0.880 val_loss=0.1530 val_corr=0.402
[epoch 22] lr=5.00e-04 train_loss=0.0650 train_corr=0.885 val_loss=0.1805 val_corr=0.296
[epoch 23] lr=5.00e-04 train_loss=0.0644 train_corr=0.888 val_loss=0.1736 val_corr=0.294
[epoch 24] lr=5.00e-04 train_loss=0.0641 train_corr=0.890 val_loss=0.1881 val_corr=0.311
[epoch 25] lr=5.00e-04 train_loss=0.0631 train_corr=0.895 val_loss=0.2019 val_corr=0.289
[epoch 26] lr=5.00e-04 train_loss=0.0627 train_corr=0.897 val_loss=0.1573 val_corr=0.383
[epoch 27] lr=5.00e-04 train_loss=0.0622 train_corr=0.900 val_loss=0.1726 val_corr=0.351
[epoch 28] lr=5.00e-04 train_loss=0.0616 train_corr=0.903 val_loss=0.1840 val_corr=0.310
[epoch 29] lr=5.00e-04 train_loss=0.0611 train_corr=0.906 val_loss=0.1849 val_corr=0.315
[epoch 30] lr=5.00e-04 train_loss=0.0606 train_corr=0.908 val_loss=0.1770 val_corr=0.357
[epoch 31] lr=5.00e-04 train_loss=0.0608 train_corr=0.908 val_loss=0.1989 val_corr=0.272
[epoch 32] lr=5.00e-04 train_loss=0.0604 train_corr=0.909 val_loss=0.2018 val_corr=0.279
[epoch 33] lr=5.00e-04 train_loss=0.0600 train_corr=0.912 val_loss=0.1762 val_corr=0.334
[epoch 34] lr=5.00e-04 train_loss=0.0594 train_corr=0.915 val_loss=0.1889 val_corr=0.343
[epoch 35] lr=5.00e-04 train_loss=0.0592 train_corr=0.916 val_loss=0.1745 val_corr=0.353
[epoch 36] lr=5.00e-04 train_loss=0.0591 train_corr=0.916 val_loss=0.1899 val_corr=0.331
[epoch 37] lr=5.00e-04 train_loss=0.0587 train_corr=0.918 val_loss=0.1875 val_corr=0.316
[epoch 38] lr=5.00e-04 train_loss=0.0582 train_corr=0.921 val_loss=0.1882 val_corr=0.305
[epoch 39] lr=5.00e-04 train_loss=0.0580 train_corr=0.922 val_loss=0.1933 val_corr=0.333
[epoch 40] lr=5.00e-04 train_loss=0.0576 train_corr=0.924 val_loss=0.1762 val_corr=0.361
[epoch 41] lr=5.00e-04 train_loss=0.0577 train_corr=0.924 val_loss=0.2139 val_corr=0.265
[epoch 42] lr=5.00e-04 train_loss=0.0574 train_corr=0.925 val_loss=0.1741 val_corr=0.335
[epoch 43] lr=5.00e-04 train_loss=0.0575 train_corr=0.925 val_loss=0.2173 val_corr=0.267
[epoch 44] lr=5.00e-04 train_loss=0.0573 train_corr=0.926 val_loss=0.1969 val_corr=0.274
[epoch 45] lr=5.00e-04 train_loss=0.0568 train_corr=0.928 val_loss=0.2010 val_corr=0.335
[epoch 46] lr=5.00e-04 train_loss=0.0568 train_corr=0.928 val_loss=0.1906 val_corr=0.301
[epoch 47] lr=5.00e-04 train_loss=0.0565 train_corr=0.930 val_loss=0.1942 val_corr=0.312
[epoch 48] lr=5.00e-04 train_loss=0.0566 train_corr=0.930 val_loss=0.1909 val_corr=0.321
[epoch 49] lr=5.00e-04 train_loss=0.0561 train_corr=0.932 val_loss=0.1833 val_corr=0.360
fold 2 done. checkpoint exists: True -> /home/shunya/research/dog-radar-vitals/runs/20260824-195820_ecg_rpeak_spatial_gnn_lodo291_fullattn_fold2_test5/epoch_004.pt

=== fold 3: test_subject=9 val_subject=10 ===
train_subjects=[1, 2, 5, 13, 14, 16, 17, 29, 30]
[epoch 0] lr=5.00e-04 train_loss=0.4170 train_corr=0.290 val_loss=0.2629 val_corr=0.513
[epoch 1] lr=5.00e-04 train_loss=0.2014 train_corr=0.471 val_loss=0.1576 val_corr=0.587
[epoch 2] lr=5.00e-04 train_loss=0.1445 train_corr=0.553 val_loss=0.1247 val_corr=0.629
[epoch 3] lr=5.00e-04 train_loss=0.1239 train_corr=0.606 val_loss=0.1203 val_corr=0.600
[epoch 4] lr=5.00e-04 train_loss=0.1134 train_corr=0.644 val_loss=0.1190 val_corr=0.639
[epoch 5] lr=5.00e-04 train_loss=0.1066 train_corr=0.673 val_loss=0.1064 val_corr=0.643
[epoch 6] lr=5.00e-04 train_loss=0.1008 train_corr=0.700 val_loss=0.1074 val_corr=0.631
[epoch 7] lr=5.00e-04 train_loss=0.0955 train_corr=0.728 val_loss=0.1247 val_corr=0.545
[epoch 8] lr=5.00e-04 train_loss=0.0912 train_corr=0.751 val_loss=0.1074 val_corr=0.631
[epoch 9] lr=5.00e-04 train_loss=0.0871 train_corr=0.770 val_loss=0.1066 val_corr=0.638
[epoch 10] lr=5.00e-04 train_loss=0.0842 train_corr=0.786 val_loss=0.1007 val_corr=0.662
[epoch 11] lr=5.00e-04 train_loss=0.0812 train_corr=0.801 val_loss=0.1173 val_corr=0.544
[epoch 12] lr=5.00e-04 train_loss=0.0794 train_corr=0.811 val_loss=0.1168 val_corr=0.564
[epoch 13] lr=5.00e-04 train_loss=0.0773 train_corr=0.823 val_loss=0.1131 val_corr=0.577
[epoch 14] lr=5.00e-04 train_loss=0.0760 train_corr=0.829 val_loss=0.1094 val_corr=0.610
[epoch 15] lr=5.00e-04 train_loss=0.0745 train_corr=0.838 val_loss=0.1255 val_corr=0.519
[epoch 16] lr=5.00e-04 train_loss=0.0733 train_corr=0.843 val_loss=0.1246 val_corr=0.536
[epoch 17] lr=5.00e-04 train_loss=0.0717 train_corr=0.852 val_loss=0.1206 val_corr=0.544
[epoch 18] lr=5.00e-04 train_loss=0.0711 train_corr=0.856 val_loss=0.1112 val_corr=0.598
[epoch 19] lr=5.00e-04 train_loss=0.0701 train_corr=0.862 val_loss=0.1120 val_corr=0.588
[epoch 20] lr=5.00e-04 train_loss=0.0691 train_corr=0.866 val_loss=0.1220 val_corr=0.539
[epoch 21] lr=5.00e-04 train_loss=0.0685 train_corr=0.871 val_loss=0.1167 val_corr=0.570
[epoch 22] lr=5.00e-04 train_loss=0.0679 train_corr=0.874 val_loss=0.1220 val_corr=0.535
[epoch 23] lr=5.00e-04 train_loss=0.0670 train_corr=0.879 val_loss=0.1215 val_corr=0.547
[epoch 24] lr=5.00e-04 train_loss=0.0666 train_corr=0.881 val_loss=0.1160 val_corr=0.568
[epoch 25] lr=5.00e-04 train_loss=0.0658 train_corr=0.885 val_loss=0.1151 val_corr=0.579
[epoch 26] lr=5.00e-04 train_loss=0.0656 train_corr=0.887 val_loss=0.1177 val_corr=0.567
[epoch 27] lr=5.00e-04 train_loss=0.0648 train_corr=0.891 val_loss=0.1210 val_corr=0.556
[epoch 28] lr=5.00e-04 train_loss=0.0642 train_corr=0.894 val_loss=0.1259 val_corr=0.549
[epoch 29] lr=5.00e-04 train_loss=0.0645 train_corr=0.893 val_loss=0.1180 val_corr=0.587
[epoch 30] lr=5.00e-04 train_loss=0.0632 train_corr=0.900 val_loss=0.1216 val_corr=0.564
[epoch 31] lr=5.00e-04 train_loss=0.0632 train_corr=0.899 val_loss=0.1277 val_corr=0.539
[epoch 32] lr=5.00e-04 train_loss=0.0624 train_corr=0.904 val_loss=0.1238 val_corr=0.567
[epoch 33] lr=5.00e-04 train_loss=0.0625 train_corr=0.903 val_loss=0.1291 val_corr=0.542
[epoch 34] lr=5.00e-04 train_loss=0.0617 train_corr=0.908 val_loss=0.1406 val_corr=0.491
[epoch 35] lr=5.00e-04 train_loss=0.0620 train_corr=0.906 val_loss=0.1319 val_corr=0.521
[epoch 36] lr=5.00e-04 train_loss=0.0612 train_corr=0.911 val_loss=0.1282 val_corr=0.544
[epoch 37] lr=5.00e-04 train_loss=0.0607 train_corr=0.913 val_loss=0.1180 val_corr=0.579
[epoch 38] lr=5.00e-04 train_loss=0.0604 train_corr=0.914 val_loss=0.1364 val_corr=0.527
[epoch 39] lr=5.00e-04 train_loss=0.0602 train_corr=0.916 val_loss=0.1344 val_corr=0.516
[epoch 40] lr=5.00e-04 train_loss=0.0600 train_corr=0.917 val_loss=0.1351 val_corr=0.505
[epoch 41] lr=5.00e-04 train_loss=0.0596 train_corr=0.919 val_loss=0.1304 val_corr=0.524
[epoch 42] lr=5.00e-04 train_loss=0.0594 train_corr=0.920 val_loss=0.1344 val_corr=0.497
[epoch 43] lr=5.00e-04 train_loss=0.0594 train_corr=0.920 val_loss=0.1376 val_corr=0.507
[epoch 44] lr=5.00e-04 train_loss=0.0592 train_corr=0.921 val_loss=0.1398 val_corr=0.489
[epoch 45] lr=5.00e-04 train_loss=0.0588 train_corr=0.923 val_loss=0.1324 val_corr=0.512
[epoch 46] lr=5.00e-04 train_loss=0.0589 train_corr=0.923 val_loss=0.1420 val_corr=0.511
[epoch 47] lr=5.00e-04 train_loss=0.0587 train_corr=0.924 val_loss=0.1348 val_corr=0.510
[epoch 48] lr=5.00e-04 train_loss=0.0583 train_corr=0.926 val_loss=0.1467 val_corr=0.466
[epoch 49] lr=5.00e-04 train_loss=0.0579 train_corr=0.928 val_loss=0.1344 val_corr=0.517
fold 3 done. checkpoint exists: True -> /home/shunya/research/dog-radar-vitals/runs/20260824-200452_ecg_rpeak_spatial_gnn_lodo291_fullattn_fold3_test9/epoch_004.pt

=== fold 4: test_subject=10 val_subject=13 ===
train_subjects=[1, 2, 5, 9, 14, 16, 17, 29, 30]
[epoch 0] lr=5.00e-04 train_loss=0.4164 train_corr=0.286 val_loss=0.2605 val_corr=0.499
[epoch 1] lr=5.00e-04 train_loss=0.2021 train_corr=0.464 val_loss=0.1388 val_corr=0.571
[epoch 2] lr=5.00e-04 train_loss=0.1466 train_corr=0.536 val_loss=0.1168 val_corr=0.571
[epoch 3] lr=5.00e-04 train_loss=0.1266 train_corr=0.590 val_loss=0.1005 val_corr=0.631
[epoch 4] lr=5.00e-04 train_loss=0.1158 train_corr=0.631 val_loss=0.1193 val_corr=0.563
[epoch 5] lr=5.00e-04 train_loss=0.1083 train_corr=0.665 val_loss=0.1031 val_corr=0.586
[epoch 6] lr=5.00e-04 train_loss=0.1023 train_corr=0.695 val_loss=0.1049 val_corr=0.550
[epoch 7] lr=5.00e-04 train_loss=0.0974 train_corr=0.719 val_loss=0.1077 val_corr=0.518
[epoch 8] lr=5.00e-04 train_loss=0.0927 train_corr=0.745 val_loss=0.1213 val_corr=0.460
[epoch 9] lr=5.00e-04 train_loss=0.0891 train_corr=0.763 val_loss=0.1119 val_corr=0.495
[epoch 10] lr=5.00e-04 train_loss=0.0859 train_corr=0.781 val_loss=0.1055 val_corr=0.544
[epoch 11] lr=5.00e-04 train_loss=0.0832 train_corr=0.795 val_loss=0.1251 val_corr=0.401
[epoch 12] lr=5.00e-04 train_loss=0.0805 train_corr=0.810 val_loss=0.1323 val_corr=0.380
[epoch 13] lr=5.00e-04 train_loss=0.0783 train_corr=0.821 val_loss=0.1276 val_corr=0.393
[epoch 14] lr=5.00e-04 train_loss=0.0775 train_corr=0.826 val_loss=0.1182 val_corr=0.451
[epoch 15] lr=5.00e-04 train_loss=0.0756 train_corr=0.836 val_loss=0.1226 val_corr=0.415
[epoch 16] lr=5.00e-04 train_loss=0.0742 train_corr=0.843 val_loss=0.1255 val_corr=0.428
[epoch 17] lr=5.00e-04 train_loss=0.0731 train_corr=0.849 val_loss=0.1268 val_corr=0.415
[epoch 18] lr=5.00e-04 train_loss=0.0720 train_corr=0.855 val_loss=0.1244 val_corr=0.415
[epoch 19] lr=5.00e-04 train_loss=0.0713 train_corr=0.859 val_loss=0.1241 val_corr=0.424
[epoch 20] lr=5.00e-04 train_loss=0.0702 train_corr=0.865 val_loss=0.1299 val_corr=0.400
[epoch 21] lr=5.00e-04 train_loss=0.0696 train_corr=0.868 val_loss=0.1314 val_corr=0.390
[epoch 22] lr=5.00e-04 train_loss=0.0691 train_corr=0.871 val_loss=0.1352 val_corr=0.377
[epoch 23] lr=5.00e-04 train_loss=0.0679 train_corr=0.877 val_loss=0.1297 val_corr=0.399
[epoch 24] lr=5.00e-04 train_loss=0.0672 train_corr=0.881 val_loss=0.1388 val_corr=0.378
[epoch 25] lr=5.00e-04 train_loss=0.0667 train_corr=0.884 val_loss=0.1252 val_corr=0.432
[epoch 26] lr=5.00e-04 train_loss=0.0662 train_corr=0.887 val_loss=0.1368 val_corr=0.391
[epoch 27] lr=5.00e-04 train_loss=0.0661 train_corr=0.887 val_loss=0.1308 val_corr=0.414
[epoch 28] lr=5.00e-04 train_loss=0.0657 train_corr=0.889 val_loss=0.1289 val_corr=0.405
[epoch 29] lr=5.00e-04 train_loss=0.0653 train_corr=0.892 val_loss=0.1337 val_corr=0.401
[epoch 30] lr=5.00e-04 train_loss=0.0646 train_corr=0.895 val_loss=0.1324 val_corr=0.421
[epoch 31] lr=5.00e-04 train_loss=0.0642 train_corr=0.897 val_loss=0.1286 val_corr=0.432
[epoch 32] lr=5.00e-04 train_loss=0.0643 train_corr=0.897 val_loss=0.1419 val_corr=0.370
[epoch 33] lr=5.00e-04 train_loss=0.0635 train_corr=0.901 val_loss=0.1378 val_corr=0.378
[epoch 34] lr=5.00e-04 train_loss=0.0632 train_corr=0.903 val_loss=0.1327 val_corr=0.396
[epoch 35] lr=5.00e-04 train_loss=0.0630 train_corr=0.904 val_loss=0.1412 val_corr=0.371
[epoch 36] lr=5.00e-04 train_loss=0.0627 train_corr=0.906 val_loss=0.1425 val_corr=0.368
[epoch 37] lr=5.00e-04 train_loss=0.0624 train_corr=0.907 val_loss=0.1387 val_corr=0.396
[epoch 38] lr=5.00e-04 train_loss=0.0618 train_corr=0.910 val_loss=0.1510 val_corr=0.327
[epoch 39] lr=5.00e-04 train_loss=0.0620 train_corr=0.909 val_loss=0.1331 val_corr=0.391
[epoch 40] lr=5.00e-04 train_loss=0.0614 train_corr=0.912 val_loss=0.1333 val_corr=0.419
[epoch 41] lr=5.00e-04 train_loss=0.0610 train_corr=0.914 val_loss=0.1342 val_corr=0.426
[epoch 42] lr=5.00e-04 train_loss=0.0610 train_corr=0.913 val_loss=0.1386 val_corr=0.389
[epoch 43] lr=5.00e-04 train_loss=0.0610 train_corr=0.914 val_loss=0.1274 val_corr=0.438
[epoch 44] lr=5.00e-04 train_loss=0.0609 train_corr=0.914 val_loss=0.1340 val_corr=0.412
[epoch 45] lr=5.00e-04 train_loss=0.0602 train_corr=0.918 val_loss=0.1277 val_corr=0.429
[epoch 46] lr=5.00e-04 train_loss=0.0610 train_corr=0.914 val_loss=0.1435 val_corr=0.375
[epoch 47] lr=5.00e-04 train_loss=0.0602 train_corr=0.918 val_loss=0.1397 val_corr=0.389
[epoch 48] lr=5.00e-04 train_loss=0.0601 train_corr=0.919 val_loss=0.1489 val_corr=0.373
[epoch 49] lr=5.00e-04 train_loss=0.0597 train_corr=0.921 val_loss=0.1436 val_corr=0.402
fold 4 done. checkpoint exists: True -> /home/shunya/research/dog-radar-vitals/runs/20260824-201203_ecg_rpeak_spatial_gnn_lodo291_fullattn_fold4_test10/epoch_004.pt

=== fold 5: test_subject=13 val_subject=14 ===
train_subjects=[1, 2, 5, 9, 10, 16, 17, 29, 30]
[epoch 0] lr=5.00e-04 train_loss=0.4282 train_corr=0.301 val_loss=0.2751 val_corr=0.307
[epoch 1] lr=5.00e-04 train_loss=0.2104 train_corr=0.472 val_loss=0.1784 val_corr=0.364
[epoch 2] lr=5.00e-04 train_loss=0.1487 train_corr=0.555 val_loss=0.1554 val_corr=0.353
[epoch 3] lr=5.00e-04 train_loss=0.1251 train_corr=0.615 val_loss=0.1427 val_corr=0.437
[epoch 4] lr=5.00e-04 train_loss=0.1128 train_corr=0.658 val_loss=0.1414 val_corr=0.460
[epoch 5] lr=5.00e-04 train_loss=0.1039 train_corr=0.698 val_loss=0.1447 val_corr=0.454
[epoch 6] lr=5.00e-04 train_loss=0.0979 train_corr=0.728 val_loss=0.1425 val_corr=0.461
[epoch 7] lr=5.00e-04 train_loss=0.0929 train_corr=0.752 val_loss=0.1485 val_corr=0.427
[epoch 8] lr=5.00e-04 train_loss=0.0894 train_corr=0.768 val_loss=0.1541 val_corr=0.433
[epoch 9] lr=5.00e-04 train_loss=0.0864 train_corr=0.783 val_loss=0.1609 val_corr=0.402
[epoch 10] lr=5.00e-04 train_loss=0.0838 train_corr=0.796 val_loss=0.1509 val_corr=0.453
[epoch 11] lr=5.00e-04 train_loss=0.0811 train_corr=0.810 val_loss=0.1549 val_corr=0.449
[epoch 12] lr=5.00e-04 train_loss=0.0792 train_corr=0.819 val_loss=0.1647 val_corr=0.415
[epoch 13] lr=5.00e-04 train_loss=0.0778 train_corr=0.827 val_loss=0.1582 val_corr=0.435
[epoch 14] lr=5.00e-04 train_loss=0.0762 train_corr=0.835 val_loss=0.1591 val_corr=0.434
[epoch 15] lr=5.00e-04 train_loss=0.0752 train_corr=0.841 val_loss=0.1613 val_corr=0.423
[epoch 16] lr=5.00e-04 train_loss=0.0735 train_corr=0.849 val_loss=0.1695 val_corr=0.397
[epoch 17] lr=5.00e-04 train_loss=0.0726 train_corr=0.855 val_loss=0.1714 val_corr=0.420
[epoch 18] lr=5.00e-04 train_loss=0.0715 train_corr=0.860 val_loss=0.1699 val_corr=0.444
[epoch 19] lr=5.00e-04 train_loss=0.0709 train_corr=0.863 val_loss=0.1743 val_corr=0.426
[epoch 20] lr=5.00e-04 train_loss=0.0703 train_corr=0.866 val_loss=0.1678 val_corr=0.419
[epoch 21] lr=5.00e-04 train_loss=0.0694 train_corr=0.871 val_loss=0.1868 val_corr=0.412
[epoch 22] lr=5.00e-04 train_loss=0.0688 train_corr=0.875 val_loss=0.1791 val_corr=0.401
[epoch 23] lr=5.00e-04 train_loss=0.0684 train_corr=0.877 val_loss=0.1867 val_corr=0.397
[epoch 24] lr=5.00e-04 train_loss=0.0677 train_corr=0.880 val_loss=0.1752 val_corr=0.414
[epoch 25] lr=5.00e-04 train_loss=0.0668 train_corr=0.885 val_loss=0.1809 val_corr=0.412
[epoch 26] lr=5.00e-04 train_loss=0.0671 train_corr=0.884 val_loss=0.1752 val_corr=0.438
[epoch 27] lr=5.00e-04 train_loss=0.0658 train_corr=0.891 val_loss=0.1907 val_corr=0.376
[epoch 28] lr=5.00e-04 train_loss=0.0656 train_corr=0.892 val_loss=0.1815 val_corr=0.422
[epoch 29] lr=5.00e-04 train_loss=0.0656 train_corr=0.892 val_loss=0.1905 val_corr=0.414
[epoch 30] lr=5.00e-04 train_loss=0.0652 train_corr=0.894 val_loss=0.1645 val_corr=0.465
[epoch 31] lr=5.00e-04 train_loss=0.0643 train_corr=0.898 val_loss=0.1838 val_corr=0.440
[epoch 32] lr=5.00e-04 train_loss=0.0642 train_corr=0.899 val_loss=0.1778 val_corr=0.438
[epoch 33] lr=5.00e-04 train_loss=0.0638 train_corr=0.902 val_loss=0.1788 val_corr=0.448
[epoch 34] lr=5.00e-04 train_loss=0.0634 train_corr=0.903 val_loss=0.1757 val_corr=0.443
[epoch 35] lr=5.00e-04 train_loss=0.0634 train_corr=0.904 val_loss=0.1813 val_corr=0.434
[epoch 36] lr=5.00e-04 train_loss=0.0630 train_corr=0.906 val_loss=0.1769 val_corr=0.441
[epoch 37] lr=5.00e-04 train_loss=0.0626 train_corr=0.908 val_loss=0.1917 val_corr=0.403
[epoch 38] lr=5.00e-04 train_loss=0.0626 train_corr=0.908 val_loss=0.1770 val_corr=0.431
[epoch 39] lr=5.00e-04 train_loss=0.0620 train_corr=0.911 val_loss=0.1781 val_corr=0.465
[epoch 40] lr=5.00e-04 train_loss=0.0620 train_corr=0.911 val_loss=0.1927 val_corr=0.406
[epoch 41] lr=5.00e-04 train_loss=0.0619 train_corr=0.911 val_loss=0.1861 val_corr=0.439
[epoch 42] lr=5.00e-04 train_loss=0.0617 train_corr=0.913 val_loss=0.1719 val_corr=0.430
[epoch 43] lr=5.00e-04 train_loss=0.0614 train_corr=0.915 val_loss=0.1787 val_corr=0.431
[epoch 44] lr=5.00e-04 train_loss=0.0609 train_corr=0.916 val_loss=0.1817 val_corr=0.407
[epoch 45] lr=5.00e-04 train_loss=0.0606 train_corr=0.918 val_loss=0.1881 val_corr=0.425
[epoch 46] lr=5.00e-04 train_loss=0.0607 train_corr=0.918 val_loss=0.1895 val_corr=0.447
[epoch 47] lr=5.00e-04 train_loss=0.0606 train_corr=0.918 val_loss=0.1790 val_corr=0.458
[epoch 48] lr=5.00e-04 train_loss=0.0616 train_corr=0.913 val_loss=0.1832 val_corr=0.422
[epoch 49] lr=5.00e-04 train_loss=0.0603 train_corr=0.920 val_loss=0.1828 val_corr=0.431
fold 5 done. checkpoint exists: True -> /home/shunya/research/dog-radar-vitals/runs/20260824-201918_ecg_rpeak_spatial_gnn_lodo291_fullattn_fold5_test13/epoch_004.pt

=== fold 6: test_subject=14 val_subject=16 ===
train_subjects=[1, 2, 5, 9, 10, 13, 17, 29, 30]
[epoch 0] lr=5.00e-04 train_loss=0.4291 train_corr=0.296 val_loss=0.2897 val_corr=0.262
[epoch 1] lr=5.00e-04 train_loss=0.2107 train_corr=0.487 val_loss=0.2028 val_corr=0.293
[epoch 2] lr=5.00e-04 train_loss=0.1473 train_corr=0.564 val_loss=0.1717 val_corr=0.262
[epoch 3] lr=5.00e-04 train_loss=0.1238 train_corr=0.614 val_loss=0.1692 val_corr=0.266
[epoch 4] lr=5.00e-04 train_loss=0.1130 train_corr=0.644 val_loss=0.1922 val_corr=0.194
[epoch 5] lr=5.00e-04 train_loss=0.1051 train_corr=0.678 val_loss=0.1825 val_corr=0.244
[epoch 6] lr=5.00e-04 train_loss=0.0990 train_corr=0.708 val_loss=0.1826 val_corr=0.263
[epoch 7] lr=5.00e-04 train_loss=0.0947 train_corr=0.729 val_loss=0.1883 val_corr=0.239
[epoch 8] lr=5.00e-04 train_loss=0.0909 train_corr=0.749 val_loss=0.2060 val_corr=0.221
[epoch 9] lr=5.00e-04 train_loss=0.0882 train_corr=0.762 val_loss=0.1907 val_corr=0.253
[epoch 10] lr=5.00e-04 train_loss=0.0854 train_corr=0.778 val_loss=0.1972 val_corr=0.292
[epoch 11] lr=5.00e-04 train_loss=0.0829 train_corr=0.791 val_loss=0.2077 val_corr=0.210
[epoch 12] lr=5.00e-04 train_loss=0.0811 train_corr=0.801 val_loss=0.2056 val_corr=0.262
[epoch 13] lr=5.00e-04 train_loss=0.0795 train_corr=0.810 val_loss=0.2207 val_corr=0.212
[epoch 14] lr=5.00e-04 train_loss=0.0775 train_corr=0.821 val_loss=0.2067 val_corr=0.265
[epoch 15] lr=5.00e-04 train_loss=0.0762 train_corr=0.828 val_loss=0.2247 val_corr=0.273
[epoch 16] lr=5.00e-04 train_loss=0.0747 train_corr=0.837 val_loss=0.2190 val_corr=0.203
[epoch 17] lr=5.00e-04 train_loss=0.0737 train_corr=0.842 val_loss=0.2161 val_corr=0.259
[epoch 18] lr=5.00e-04 train_loss=0.0728 train_corr=0.847 val_loss=0.2234 val_corr=0.227
[epoch 19] lr=5.00e-04 train_loss=0.0714 train_corr=0.854 val_loss=0.2330 val_corr=0.249
[epoch 20] lr=5.00e-04 train_loss=0.0702 train_corr=0.861 val_loss=0.2376 val_corr=0.247
[epoch 21] lr=5.00e-04 train_loss=0.0695 train_corr=0.865 val_loss=0.2231 val_corr=0.289
[epoch 22] lr=5.00e-04 train_loss=0.0687 train_corr=0.869 val_loss=0.2298 val_corr=0.249
[epoch 23] lr=5.00e-04 train_loss=0.0683 train_corr=0.871 val_loss=0.2413 val_corr=0.241
[epoch 24] lr=5.00e-04 train_loss=0.0673 train_corr=0.877 val_loss=0.2279 val_corr=0.267
[epoch 25] lr=5.00e-04 train_loss=0.0669 train_corr=0.879 val_loss=0.2399 val_corr=0.277
[epoch 26] lr=5.00e-04 train_loss=0.0661 train_corr=0.883 val_loss=0.2121 val_corr=0.296
[epoch 27] lr=5.00e-04 train_loss=0.0657 train_corr=0.886 val_loss=0.2385 val_corr=0.259
[epoch 28] lr=5.00e-04 train_loss=0.0650 train_corr=0.889 val_loss=0.2257 val_corr=0.287
[epoch 29] lr=5.00e-04 train_loss=0.0646 train_corr=0.892 val_loss=0.2427 val_corr=0.262
[epoch 30] lr=5.00e-04 train_loss=0.0641 train_corr=0.894 val_loss=0.2276 val_corr=0.291
[epoch 31] lr=5.00e-04 train_loss=0.0636 train_corr=0.897 val_loss=0.2357 val_corr=0.287
[epoch 32] lr=5.00e-04 train_loss=0.0634 train_corr=0.898 val_loss=0.2201 val_corr=0.300
[epoch 33] lr=5.00e-04 train_loss=0.0628 train_corr=0.902 val_loss=0.2487 val_corr=0.228
[epoch 34] lr=5.00e-04 train_loss=0.0626 train_corr=0.903 val_loss=0.2376 val_corr=0.288
[epoch 35] lr=5.00e-04 train_loss=0.0622 train_corr=0.905 val_loss=0.2393 val_corr=0.276
[epoch 36] lr=5.00e-04 train_loss=0.0616 train_corr=0.908 val_loss=0.2318 val_corr=0.253
[epoch 37] lr=5.00e-04 train_loss=0.0616 train_corr=0.908 val_loss=0.2202 val_corr=0.293
[epoch 38] lr=5.00e-04 train_loss=0.0612 train_corr=0.910 val_loss=0.2239 val_corr=0.313
[epoch 39] lr=5.00e-04 train_loss=0.0606 train_corr=0.913 val_loss=0.2240 val_corr=0.313
[epoch 40] lr=5.00e-04 train_loss=0.0607 train_corr=0.913 val_loss=0.2559 val_corr=0.250
[epoch 41] lr=5.00e-04 train_loss=0.0606 train_corr=0.914 val_loss=0.2427 val_corr=0.287
[epoch 42] lr=5.00e-04 train_loss=0.0602 train_corr=0.915 val_loss=0.2310 val_corr=0.274
[epoch 43] lr=5.00e-04 train_loss=0.0599 train_corr=0.917 val_loss=0.2287 val_corr=0.305
[epoch 44] lr=5.00e-04 train_loss=0.0594 train_corr=0.920 val_loss=0.2366 val_corr=0.293
[epoch 45] lr=5.00e-04 train_loss=0.0598 train_corr=0.918 val_loss=0.2274 val_corr=0.299
[epoch 46] lr=5.00e-04 train_loss=0.0594 train_corr=0.920 val_loss=0.2270 val_corr=0.289
[epoch 47] lr=5.00e-04 train_loss=0.0588 train_corr=0.923 val_loss=0.2265 val_corr=0.280
[epoch 48] lr=5.00e-04 train_loss=0.0591 train_corr=0.921 val_loss=0.2204 val_corr=0.300
[epoch 49] lr=5.00e-04 train_loss=0.0584 train_corr=0.925 val_loss=0.2363 val_corr=0.290
fold 6 done. checkpoint exists: True -> /home/shunya/research/dog-radar-vitals/runs/20260824-202610_ecg_rpeak_spatial_gnn_lodo291_fullattn_fold6_test14/epoch_004.pt

=== fold 7: test_subject=16 val_subject=17 ===
train_subjects=[1, 2, 5, 9, 10, 13, 14, 29, 30]
[epoch 0] lr=5.00e-04 train_loss=0.4309 train_corr=0.279 val_loss=0.2843 val_corr=0.496
[epoch 1] lr=5.00e-04 train_loss=0.2129 train_corr=0.469 val_loss=0.1723 val_corr=0.549
[epoch 2] lr=5.00e-04 train_loss=0.1504 train_corr=0.549 val_loss=0.1227 val_corr=0.573
[epoch 3] lr=5.00e-04 train_loss=0.1269 train_corr=0.604 val_loss=0.1241 val_corr=0.508
[epoch 4] lr=5.00e-04 train_loss=0.1159 train_corr=0.638 val_loss=0.1195 val_corr=0.500
[epoch 5] lr=5.00e-04 train_loss=0.1084 train_corr=0.669 val_loss=0.1227 val_corr=0.480
[epoch 6] lr=5.00e-04 train_loss=0.1016 train_corr=0.702 val_loss=0.1249 val_corr=0.482
[epoch 7] lr=5.00e-04 train_loss=0.0969 train_corr=0.723 val_loss=0.1182 val_corr=0.487
[epoch 8] lr=5.00e-04 train_loss=0.0923 train_corr=0.747 val_loss=0.1192 val_corr=0.500
[epoch 9] lr=5.00e-04 train_loss=0.0888 train_corr=0.765 val_loss=0.1166 val_corr=0.522
[epoch 10] lr=5.00e-04 train_loss=0.0860 train_corr=0.780 val_loss=0.1226 val_corr=0.494
[epoch 11] lr=5.00e-04 train_loss=0.0835 train_corr=0.794 val_loss=0.1340 val_corr=0.421
[epoch 12] lr=5.00e-04 train_loss=0.0813 train_corr=0.805 val_loss=0.1293 val_corr=0.484
[epoch 13] lr=5.00e-04 train_loss=0.0794 train_corr=0.816 val_loss=0.1297 val_corr=0.471
[epoch 14] lr=5.00e-04 train_loss=0.0770 train_corr=0.829 val_loss=0.1274 val_corr=0.492
[epoch 15] lr=5.00e-04 train_loss=0.0758 train_corr=0.835 val_loss=0.1253 val_corr=0.456
[epoch 16] lr=5.00e-04 train_loss=0.0742 train_corr=0.844 val_loss=0.1305 val_corr=0.462
[epoch 17] lr=5.00e-04 train_loss=0.0731 train_corr=0.850 val_loss=0.1302 val_corr=0.442
[epoch 18] lr=5.00e-04 train_loss=0.0719 train_corr=0.856 val_loss=0.1491 val_corr=0.345
[epoch 19] lr=5.00e-04 train_loss=0.0711 train_corr=0.861 val_loss=0.1302 val_corr=0.440
[epoch 20] lr=5.00e-04 train_loss=0.0702 train_corr=0.866 val_loss=0.1312 val_corr=0.443
[epoch 21] lr=5.00e-04 train_loss=0.0690 train_corr=0.872 val_loss=0.1337 val_corr=0.443
[epoch 22] lr=5.00e-04 train_loss=0.0684 train_corr=0.876 val_loss=0.1254 val_corr=0.442
[epoch 23] lr=5.00e-04 train_loss=0.0678 train_corr=0.879 val_loss=0.1463 val_corr=0.404
[epoch 24] lr=5.00e-04 train_loss=0.0667 train_corr=0.884 val_loss=0.1318 val_corr=0.448
[epoch 25] lr=5.00e-04 train_loss=0.0662 train_corr=0.887 val_loss=0.1338 val_corr=0.445
[epoch 26] lr=5.00e-04 train_loss=0.0661 train_corr=0.887 val_loss=0.1426 val_corr=0.397
[epoch 27] lr=5.00e-04 train_loss=0.0655 train_corr=0.890 val_loss=0.1495 val_corr=0.367
[epoch 28] lr=5.00e-04 train_loss=0.0648 train_corr=0.895 val_loss=0.1299 val_corr=0.464
[epoch 29] lr=5.00e-04 train_loss=0.0646 train_corr=0.896 val_loss=0.1385 val_corr=0.397
[epoch 30] lr=5.00e-04 train_loss=0.0639 train_corr=0.899 val_loss=0.1387 val_corr=0.425
[epoch 31] lr=5.00e-04 train_loss=0.0638 train_corr=0.900 val_loss=0.1334 val_corr=0.459
[epoch 32] lr=5.00e-04 train_loss=0.0631 train_corr=0.903 val_loss=0.1237 val_corr=0.488
[epoch 33] lr=5.00e-04 train_loss=0.0629 train_corr=0.904 val_loss=0.1363 val_corr=0.430
[epoch 34] lr=5.00e-04 train_loss=0.0625 train_corr=0.906 val_loss=0.1346 val_corr=0.451
[epoch 35] lr=5.00e-04 train_loss=0.0624 train_corr=0.907 val_loss=0.1374 val_corr=0.427
[epoch 36] lr=5.00e-04 train_loss=0.0621 train_corr=0.909 val_loss=0.1354 val_corr=0.421
[epoch 37] lr=5.00e-04 train_loss=0.0615 train_corr=0.912 val_loss=0.1426 val_corr=0.441
[epoch 38] lr=5.00e-04 train_loss=0.0614 train_corr=0.913 val_loss=0.1516 val_corr=0.341
[epoch 39] lr=5.00e-04 train_loss=0.0612 train_corr=0.913 val_loss=0.1376 val_corr=0.440
[epoch 40] lr=5.00e-04 train_loss=0.0606 train_corr=0.916 val_loss=0.1409 val_corr=0.427
[epoch 41] lr=5.00e-04 train_loss=0.0609 train_corr=0.915 val_loss=0.1371 val_corr=0.433
[epoch 42] lr=5.00e-04 train_loss=0.0603 train_corr=0.918 val_loss=0.1255 val_corr=0.485
[epoch 43] lr=5.00e-04 train_loss=0.0603 train_corr=0.918 val_loss=0.1427 val_corr=0.438
[epoch 44] lr=5.00e-04 train_loss=0.0599 train_corr=0.920 val_loss=0.1379 val_corr=0.451
[epoch 45] lr=5.00e-04 train_loss=0.0600 train_corr=0.920 val_loss=0.1539 val_corr=0.393
[epoch 46] lr=5.00e-04 train_loss=0.0594 train_corr=0.923 val_loss=0.1335 val_corr=0.437
[epoch 47] lr=5.00e-04 train_loss=0.0592 train_corr=0.924 val_loss=0.1485 val_corr=0.403
[epoch 48] lr=5.00e-04 train_loss=0.0595 train_corr=0.922 val_loss=0.1511 val_corr=0.380
[epoch 49] lr=5.00e-04 train_loss=0.0591 train_corr=0.925 val_loss=0.1696 val_corr=0.351
fold 7 done. checkpoint exists: True -> /home/shunya/research/dog-radar-vitals/runs/20260824-203254_ecg_rpeak_spatial_gnn_lodo291_fullattn_fold7_test16/epoch_004.pt

=== fold 8: test_subject=17 val_subject=29 ===
train_subjects=[1, 2, 5, 9, 10, 13, 14, 16, 30]
[epoch 0] lr=5.00e-04 train_loss=0.4671 train_corr=0.208 val_loss=0.3563 val_corr=0.340
[epoch 1] lr=5.00e-04 train_loss=0.2550 train_corr=0.411 val_loss=0.2375 val_corr=0.402
[epoch 2] lr=5.00e-04 train_loss=0.1746 train_corr=0.510 val_loss=0.1844 val_corr=0.373
[epoch 3] lr=5.00e-04 train_loss=0.1417 train_corr=0.571 val_loss=0.1615 val_corr=0.404
[epoch 4] lr=5.00e-04 train_loss=0.1239 train_corr=0.625 val_loss=0.1558 val_corr=0.407
[epoch 5] lr=5.00e-04 train_loss=0.1132 train_corr=0.667 val_loss=0.1573 val_corr=0.393
[epoch 6] lr=5.00e-04 train_loss=0.1047 train_corr=0.704 val_loss=0.1577 val_corr=0.366
[epoch 7] lr=5.00e-04 train_loss=0.0981 train_corr=0.733 val_loss=0.1597 val_corr=0.369
[epoch 8] lr=5.00e-04 train_loss=0.0929 train_corr=0.759 val_loss=0.1538 val_corr=0.403
[epoch 9] lr=5.00e-04 train_loss=0.0881 train_corr=0.783 val_loss=0.1548 val_corr=0.388
[epoch 10] lr=5.00e-04 train_loss=0.0850 train_corr=0.796 val_loss=0.1639 val_corr=0.373
[epoch 11] lr=5.00e-04 train_loss=0.0822 train_corr=0.810 val_loss=0.1618 val_corr=0.370
[epoch 12] lr=5.00e-04 train_loss=0.0801 train_corr=0.819 val_loss=0.1551 val_corr=0.406
[epoch 13] lr=5.00e-04 train_loss=0.0778 train_corr=0.830 val_loss=0.1688 val_corr=0.353
[epoch 14] lr=5.00e-04 train_loss=0.0758 train_corr=0.839 val_loss=0.1682 val_corr=0.356
[epoch 15] lr=5.00e-04 train_loss=0.0739 train_corr=0.849 val_loss=0.1660 val_corr=0.377
[epoch 16] lr=5.00e-04 train_loss=0.0728 train_corr=0.855 val_loss=0.1725 val_corr=0.356
[epoch 17] lr=5.00e-04 train_loss=0.0714 train_corr=0.861 val_loss=0.1638 val_corr=0.401
[epoch 18] lr=5.00e-04 train_loss=0.0702 train_corr=0.868 val_loss=0.1679 val_corr=0.395
[epoch 19] lr=5.00e-04 train_loss=0.0696 train_corr=0.870 val_loss=0.1651 val_corr=0.404
[epoch 20] lr=5.00e-04 train_loss=0.0688 train_corr=0.875 val_loss=0.1643 val_corr=0.398
[epoch 21] lr=5.00e-04 train_loss=0.0678 train_corr=0.879 val_loss=0.1675 val_corr=0.387
[epoch 22] lr=5.00e-04 train_loss=0.0673 train_corr=0.881 val_loss=0.1665 val_corr=0.421
[epoch 23] lr=5.00e-04 train_loss=0.0663 train_corr=0.887 val_loss=0.1704 val_corr=0.378
[epoch 24] lr=5.00e-04 train_loss=0.0657 train_corr=0.889 val_loss=0.1736 val_corr=0.386
[epoch 25] lr=5.00e-04 train_loss=0.0653 train_corr=0.891 val_loss=0.1815 val_corr=0.349
[epoch 26] lr=5.00e-04 train_loss=0.0646 train_corr=0.895 val_loss=0.1785 val_corr=0.373
[epoch 27] lr=5.00e-04 train_loss=0.0641 train_corr=0.898 val_loss=0.1832 val_corr=0.355
[epoch 28] lr=5.00e-04 train_loss=0.0636 train_corr=0.900 val_loss=0.1802 val_corr=0.381
[epoch 29] lr=5.00e-04 train_loss=0.0641 train_corr=0.898 val_loss=0.1855 val_corr=0.355
[epoch 30] lr=5.00e-04 train_loss=0.0625 train_corr=0.905 val_loss=0.1773 val_corr=0.384
[epoch 31] lr=5.00e-04 train_loss=0.0625 train_corr=0.905 val_loss=0.1746 val_corr=0.382
[epoch 32] lr=5.00e-04 train_loss=0.0616 train_corr=0.910 val_loss=0.1784 val_corr=0.387
[epoch 33] lr=5.00e-04 train_loss=0.0616 train_corr=0.910 val_loss=0.1876 val_corr=0.350
[epoch 34] lr=5.00e-04 train_loss=0.0619 train_corr=0.908 val_loss=0.1875 val_corr=0.345
[epoch 35] lr=5.00e-04 train_loss=0.0611 train_corr=0.913 val_loss=0.1895 val_corr=0.342
[epoch 36] lr=5.00e-04 train_loss=0.0610 train_corr=0.912 val_loss=0.1886 val_corr=0.347
[epoch 37] lr=5.00e-04 train_loss=0.0601 train_corr=0.917 val_loss=0.1856 val_corr=0.359
[epoch 38] lr=5.00e-04 train_loss=0.0599 train_corr=0.919 val_loss=0.1805 val_corr=0.350
[epoch 39] lr=5.00e-04 train_loss=0.0595 train_corr=0.920 val_loss=0.1846 val_corr=0.374
[epoch 40] lr=5.00e-04 train_loss=0.0594 train_corr=0.921 val_loss=0.1879 val_corr=0.360
[epoch 41] lr=5.00e-04 train_loss=0.0592 train_corr=0.922 val_loss=0.1878 val_corr=0.367
[epoch 42] lr=5.00e-04 train_loss=0.0590 train_corr=0.923 val_loss=0.1935 val_corr=0.348
[epoch 43] lr=5.00e-04 train_loss=0.0585 train_corr=0.925 val_loss=0.1895 val_corr=0.351
[epoch 44] lr=5.00e-04 train_loss=0.0588 train_corr=0.923 val_loss=0.2000 val_corr=0.336
[epoch 45] lr=5.00e-04 train_loss=0.0584 train_corr=0.926 val_loss=0.1947 val_corr=0.345
[epoch 46] lr=5.00e-04 train_loss=0.0580 train_corr=0.927 val_loss=0.1920 val_corr=0.353
[epoch 47] lr=5.00e-04 train_loss=0.0579 train_corr=0.929 val_loss=0.1998 val_corr=0.339
[epoch 48] lr=5.00e-04 train_loss=0.0576 train_corr=0.929 val_loss=0.1974 val_corr=0.339
[epoch 49] lr=5.00e-04 train_loss=0.0573 train_corr=0.931 val_loss=0.1921 val_corr=0.360
fold 8 done. checkpoint exists: True -> /home/shunya/research/dog-radar-vitals/runs/20260824-203943_ecg_rpeak_spatial_gnn_lodo291_fullattn_fold8_test17/epoch_004.pt

=== fold 9: test_subject=29 val_subject=30 ===
train_subjects=[1, 2, 5, 9, 10, 13, 14, 16, 17]
[epoch 0] lr=5.00e-04 train_loss=0.4740 train_corr=0.217 val_loss=0.3607 val_corr=0.442
[epoch 1] lr=5.00e-04 train_loss=0.2598 train_corr=0.418 val_loss=0.2248 val_corr=0.470
[epoch 2] lr=5.00e-04 train_loss=0.1769 train_corr=0.502 val_loss=0.1719 val_corr=0.489
[epoch 3] lr=5.00e-04 train_loss=0.1412 train_corr=0.572 val_loss=0.1658 val_corr=0.472
[epoch 4] lr=5.00e-04 train_loss=0.1237 train_corr=0.620 val_loss=0.1479 val_corr=0.429
[epoch 5] lr=5.00e-04 train_loss=0.1128 train_corr=0.655 val_loss=0.1410 val_corr=0.467
[epoch 6] lr=5.00e-04 train_loss=0.1055 train_corr=0.684 val_loss=0.1544 val_corr=0.396
[epoch 7] lr=5.00e-04 train_loss=0.0982 train_corr=0.720 val_loss=0.1436 val_corr=0.416
[epoch 8] lr=5.00e-04 train_loss=0.0936 train_corr=0.741 val_loss=0.1535 val_corr=0.366
[epoch 9] lr=5.00e-04 train_loss=0.0877 train_corr=0.772 val_loss=0.1567 val_corr=0.368
[epoch 10] lr=5.00e-04 train_loss=0.0838 train_corr=0.793 val_loss=0.1616 val_corr=0.333
[epoch 11] lr=5.00e-04 train_loss=0.0809 train_corr=0.807 val_loss=0.1626 val_corr=0.332
[epoch 12] lr=5.00e-04 train_loss=0.0776 train_corr=0.824 val_loss=0.1747 val_corr=0.301
[epoch 13] lr=5.00e-04 train_loss=0.0757 train_corr=0.832 val_loss=0.1643 val_corr=0.337
[epoch 14] lr=5.00e-04 train_loss=0.0731 train_corr=0.846 val_loss=0.1659 val_corr=0.333
[epoch 15] lr=5.00e-04 train_loss=0.0720 train_corr=0.851 val_loss=0.1754 val_corr=0.307
[epoch 16] lr=5.00e-04 train_loss=0.0710 train_corr=0.856 val_loss=0.1762 val_corr=0.310
[epoch 17] lr=5.00e-04 train_loss=0.0694 train_corr=0.863 val_loss=0.1874 val_corr=0.263
[epoch 18] lr=5.00e-04 train_loss=0.0681 train_corr=0.870 val_loss=0.1787 val_corr=0.300
[epoch 19] lr=5.00e-04 train_loss=0.0672 train_corr=0.874 val_loss=0.1884 val_corr=0.300
[epoch 20] lr=5.00e-04 train_loss=0.0662 train_corr=0.879 val_loss=0.1794 val_corr=0.344
[epoch 21] lr=5.00e-04 train_loss=0.0656 train_corr=0.882 val_loss=0.1842 val_corr=0.306
[epoch 22] lr=5.00e-04 train_loss=0.0647 train_corr=0.886 val_loss=0.1712 val_corr=0.350
[epoch 23] lr=5.00e-04 train_loss=0.0642 train_corr=0.889 val_loss=0.1883 val_corr=0.303
[epoch 24] lr=5.00e-04 train_loss=0.0632 train_corr=0.894 val_loss=0.1771 val_corr=0.344
[epoch 25] lr=5.00e-04 train_loss=0.0625 train_corr=0.897 val_loss=0.2008 val_corr=0.268
[epoch 26] lr=5.00e-04 train_loss=0.0621 train_corr=0.899 val_loss=0.1979 val_corr=0.318
[epoch 27] lr=5.00e-04 train_loss=0.0623 train_corr=0.898 val_loss=0.2126 val_corr=0.248
[epoch 28] lr=5.00e-04 train_loss=0.0616 train_corr=0.901 val_loss=0.2044 val_corr=0.265
[epoch 29] lr=5.00e-04 train_loss=0.0610 train_corr=0.904 val_loss=0.1931 val_corr=0.296
[epoch 30] lr=5.00e-04 train_loss=0.0601 train_corr=0.909 val_loss=0.2007 val_corr=0.289
[epoch 31] lr=5.00e-04 train_loss=0.0600 train_corr=0.910 val_loss=0.2097 val_corr=0.266
[epoch 32] lr=5.00e-04 train_loss=0.0604 train_corr=0.907 val_loss=0.1931 val_corr=0.312
[epoch 33] lr=5.00e-04 train_loss=0.0590 train_corr=0.914 val_loss=0.2232 val_corr=0.243
[epoch 34] lr=5.00e-04 train_loss=0.0594 train_corr=0.913 val_loss=0.1872 val_corr=0.318
[epoch 35] lr=5.00e-04 train_loss=0.0589 train_corr=0.915 val_loss=0.2146 val_corr=0.240
[epoch 36] lr=5.00e-04 train_loss=0.0584 train_corr=0.918 val_loss=0.2052 val_corr=0.291
[epoch 37] lr=5.00e-04 train_loss=0.0588 train_corr=0.916 val_loss=0.2139 val_corr=0.265
[epoch 38] lr=5.00e-04 train_loss=0.0582 train_corr=0.918 val_loss=0.2130 val_corr=0.243
[epoch 39] lr=5.00e-04 train_loss=0.0575 train_corr=0.923 val_loss=0.1973 val_corr=0.323
[epoch 40] lr=5.00e-04 train_loss=0.0575 train_corr=0.922 val_loss=0.2132 val_corr=0.272
[epoch 41] lr=5.00e-04 train_loss=0.0570 train_corr=0.925 val_loss=0.2152 val_corr=0.285
[epoch 42] lr=5.00e-04 train_loss=0.0565 train_corr=0.928 val_loss=0.2015 val_corr=0.303
[epoch 43] lr=5.00e-04 train_loss=0.0566 train_corr=0.927 val_loss=0.2270 val_corr=0.258
[epoch 44] lr=5.00e-04 train_loss=0.0566 train_corr=0.927 val_loss=0.2076 val_corr=0.297
[epoch 45] lr=5.00e-04 train_loss=0.0567 train_corr=0.926 val_loss=0.2140 val_corr=0.291
[epoch 46] lr=5.00e-04 train_loss=0.0567 train_corr=0.927 val_loss=0.1915 val_corr=0.356
[epoch 47] lr=5.00e-04 train_loss=0.0569 train_corr=0.926 val_loss=0.1985 val_corr=0.295
[epoch 48] lr=5.00e-04 train_loss=0.0555 train_corr=0.932 val_loss=0.2269 val_corr=0.261
[epoch 49] lr=5.00e-04 train_loss=0.0558 train_corr=0.931 val_loss=0.1920 val_corr=0.364
fold 9 done. checkpoint exists: True -> /home/shunya/research/dog-radar-vitals/runs/20260824-204537_ecg_rpeak_spatial_gnn_lodo291_fullattn_fold9_test29/epoch_004.pt

=== fold 10: test_subject=30 val_subject=1 ===
train_subjects=[2, 5, 9, 10, 13, 14, 16, 17, 29]
[epoch 0] lr=5.00e-04 train_loss=0.4269 train_corr=0.287 val_loss=0.2963 val_corr=0.470
[epoch 1] lr=5.00e-04 train_loss=0.2086 train_corr=0.478 val_loss=0.1676 val_corr=0.362
[epoch 2] lr=5.00e-04 train_loss=0.1478 train_corr=0.548 val_loss=0.1474 val_corr=0.366
[epoch 3] lr=5.00e-04 train_loss=0.1245 train_corr=0.611 val_loss=0.1537 val_corr=0.270
[epoch 4] lr=5.00e-04 train_loss=0.1125 train_corr=0.653 val_loss=0.1417 val_corr=0.327
[epoch 5] lr=5.00e-04 train_loss=0.1054 train_corr=0.680 val_loss=0.1652 val_corr=0.185
[epoch 6] lr=5.00e-04 train_loss=0.0994 train_corr=0.707 val_loss=0.1525 val_corr=0.267
[epoch 7] lr=5.00e-04 train_loss=0.0944 train_corr=0.731 val_loss=0.1800 val_corr=0.164
[epoch 8] lr=5.00e-04 train_loss=0.0899 train_corr=0.755 val_loss=0.1722 val_corr=0.198
[epoch 9] lr=5.00e-04 train_loss=0.0865 train_corr=0.773 val_loss=0.1737 val_corr=0.186
[epoch 10] lr=5.00e-04 train_loss=0.0838 train_corr=0.788 val_loss=0.1693 val_corr=0.198
[epoch 11] lr=5.00e-04 train_loss=0.0818 train_corr=0.798 val_loss=0.1642 val_corr=0.210
[epoch 12] lr=5.00e-04 train_loss=0.0797 train_corr=0.810 val_loss=0.1696 val_corr=0.204
[epoch 13] lr=5.00e-04 train_loss=0.0774 train_corr=0.822 val_loss=0.1908 val_corr=0.127
[epoch 14] lr=5.00e-04 train_loss=0.0758 train_corr=0.830 val_loss=0.1793 val_corr=0.180
[epoch 15] lr=5.00e-04 train_loss=0.0746 train_corr=0.837 val_loss=0.1821 val_corr=0.190
[epoch 16] lr=5.00e-04 train_loss=0.0729 train_corr=0.846 val_loss=0.1934 val_corr=0.137
[epoch 17] lr=5.00e-04 train_loss=0.0716 train_corr=0.853 val_loss=0.1925 val_corr=0.176
[epoch 18] lr=5.00e-04 train_loss=0.0709 train_corr=0.857 val_loss=0.1974 val_corr=0.149
[epoch 19] lr=5.00e-04 train_loss=0.0698 train_corr=0.864 val_loss=0.1971 val_corr=0.139
[epoch 20] lr=5.00e-04 train_loss=0.0692 train_corr=0.866 val_loss=0.2014 val_corr=0.125
[epoch 21] lr=5.00e-04 train_loss=0.0684 train_corr=0.870 val_loss=0.2207 val_corr=0.098
[epoch 22] lr=5.00e-04 train_loss=0.0677 train_corr=0.874 val_loss=0.2026 val_corr=0.141
[epoch 23] lr=5.00e-04 train_loss=0.0674 train_corr=0.877 val_loss=0.2019 val_corr=0.154
[epoch 24] lr=5.00e-04 train_loss=0.0666 train_corr=0.880 val_loss=0.2232 val_corr=0.104
[epoch 25] lr=5.00e-04 train_loss=0.0657 train_corr=0.885 val_loss=0.2127 val_corr=0.159
[epoch 26] lr=5.00e-04 train_loss=0.0659 train_corr=0.884 val_loss=0.2030 val_corr=0.160
[epoch 27] lr=5.00e-04 train_loss=0.0650 train_corr=0.889 val_loss=0.1946 val_corr=0.185
[epoch 28] lr=5.00e-04 train_loss=0.0647 train_corr=0.890 val_loss=0.2085 val_corr=0.153
[epoch 29] lr=5.00e-04 train_loss=0.0640 train_corr=0.894 val_loss=0.2057 val_corr=0.165
[epoch 30] lr=5.00e-04 train_loss=0.0631 train_corr=0.899 val_loss=0.2405 val_corr=0.117
[epoch 31] lr=5.00e-04 train_loss=0.0633 train_corr=0.898 val_loss=0.2252 val_corr=0.140
[epoch 32] lr=5.00e-04 train_loss=0.0627 train_corr=0.901 val_loss=0.2065 val_corr=0.158
[epoch 33] lr=5.00e-04 train_loss=0.0623 train_corr=0.903 val_loss=0.2198 val_corr=0.125
[epoch 34] lr=5.00e-04 train_loss=0.0619 train_corr=0.904 val_loss=0.2176 val_corr=0.133
[epoch 35] lr=5.00e-04 train_loss=0.0618 train_corr=0.905 val_loss=0.2058 val_corr=0.174
[epoch 36] lr=5.00e-04 train_loss=0.0613 train_corr=0.908 val_loss=0.2178 val_corr=0.147
[epoch 37] lr=5.00e-04 train_loss=0.0610 train_corr=0.909 val_loss=0.2139 val_corr=0.160
[epoch 38] lr=5.00e-04 train_loss=0.0610 train_corr=0.909 val_loss=0.2269 val_corr=0.181
[epoch 39] lr=5.00e-04 train_loss=0.0604 train_corr=0.912 val_loss=0.2405 val_corr=0.110
[epoch 40] lr=5.00e-04 train_loss=0.0599 train_corr=0.915 val_loss=0.2295 val_corr=0.139
[epoch 41] lr=5.00e-04 train_loss=0.0602 train_corr=0.913 val_loss=0.2326 val_corr=0.137
[epoch 42] lr=5.00e-04 train_loss=0.0600 train_corr=0.915 val_loss=0.2081 val_corr=0.186
[epoch 43] lr=5.00e-04 train_loss=0.0598 train_corr=0.915 val_loss=0.2436 val_corr=0.140
[epoch 44] lr=5.00e-04 train_loss=0.0591 train_corr=0.919 val_loss=0.2374 val_corr=0.144
[epoch 45] lr=5.00e-04 train_loss=0.0590 train_corr=0.920 val_loss=0.2505 val_corr=0.097
[epoch 46] lr=5.00e-04 train_loss=0.0592 train_corr=0.919 val_loss=0.2090 val_corr=0.182
[epoch 47] lr=5.00e-04 train_loss=0.0590 train_corr=0.920 val_loss=0.2407 val_corr=0.134
[epoch 48] lr=5.00e-04 train_loss=0.0584 train_corr=0.923 val_loss=0.1995 val_corr=0.206
[epoch 49] lr=5.00e-04 train_loss=0.0585 train_corr=0.922 val_loss=0.2524 val_corr=0.129
fold 10 done. checkpoint exists: True -> /home/shunya/research/dog-radar-vitals/runs/20260824-205056_ecg_rpeak_spatial_gnn_lodo291_fullattn_fold10_test30/epoch_004.pt

=== LOSO 学習完了: 11 fold ===
run 一覧: /home/shunya/research/dog-radar-vitals/reports/lodo291_fullattn_cv_runs.json
次は evaluate_spatial_gnn_hrv.py を fold ごとに --test_subjects つきで回す(キュー014)
