
=== fold 0: test_subject=1 val_subject=2 ===
train_subjects=[5, 9, 10, 13, 14, 16, 17, 29, 30]
[epoch 0] lr=5.00e-04 train_loss=0.6608 train_corr=0.443 val_loss=0.8517 val_corr=0.203
[epoch 1] lr=5.00e-04 train_loss=0.4514 train_corr=0.564 val_loss=1.0592 val_corr=0.164
[epoch 2] lr=5.00e-04 train_loss=0.3749 train_corr=0.616 val_loss=1.2040 val_corr=0.155
[epoch 3] lr=5.00e-04 train_loss=0.3350 train_corr=0.651 val_loss=1.3214 val_corr=0.134
[epoch 4] lr=5.00e-04 train_loss=0.3064 train_corr=0.679 val_loss=1.4213 val_corr=0.089
[epoch 5] lr=5.00e-04 train_loss=0.2881 train_corr=0.699 val_loss=1.2957 val_corr=0.137
[epoch 6] lr=5.00e-04 train_loss=0.2759 train_corr=0.713 val_loss=1.2904 val_corr=0.138
[epoch 7] lr=5.00e-04 train_loss=0.2640 train_corr=0.726 val_loss=1.6216 val_corr=0.067
[epoch 8] lr=5.00e-04 train_loss=0.2535 train_corr=0.739 val_loss=1.4733 val_corr=0.093
[epoch 9] lr=5.00e-04 train_loss=0.2454 train_corr=0.749 val_loss=1.7209 val_corr=0.065
[epoch 10] lr=5.00e-04 train_loss=0.2367 train_corr=0.760 val_loss=1.8711 val_corr=0.031
[epoch 11] lr=5.00e-04 train_loss=0.2316 train_corr=0.767 val_loss=1.5855 val_corr=0.102
[epoch 12] lr=5.00e-04 train_loss=0.2254 train_corr=0.775 val_loss=1.5061 val_corr=0.123
[epoch 13] lr=5.00e-04 train_loss=0.2198 train_corr=0.783 val_loss=1.5258 val_corr=0.125
[epoch 14] lr=5.00e-04 train_loss=0.2158 train_corr=0.788 val_loss=1.7257 val_corr=0.098
[epoch 15] lr=5.00e-04 train_loss=0.2126 train_corr=0.793 val_loss=1.6674 val_corr=0.100
[epoch 16] lr=5.00e-04 train_loss=0.2087 train_corr=0.798 val_loss=1.6194 val_corr=0.134
[epoch 17] lr=5.00e-04 train_loss=0.2055 train_corr=0.803 val_loss=1.8953 val_corr=0.097
[epoch 18] lr=5.00e-04 train_loss=0.2010 train_corr=0.809 val_loss=1.8650 val_corr=0.103
[epoch 19] lr=5.00e-04 train_loss=0.1994 train_corr=0.811 val_loss=1.9761 val_corr=0.094
[epoch 20] lr=5.00e-04 train_loss=0.1971 train_corr=0.815 val_loss=1.6274 val_corr=0.143
[epoch 21] lr=5.00e-04 train_loss=0.1931 train_corr=0.820 val_loss=1.7812 val_corr=0.112
[epoch 22] lr=5.00e-04 train_loss=0.1909 train_corr=0.823 val_loss=1.6081 val_corr=0.138
[epoch 23] lr=5.00e-04 train_loss=0.1897 train_corr=0.825 val_loss=1.6561 val_corr=0.155
[epoch 24] lr=5.00e-04 train_loss=0.1879 train_corr=0.827 val_loss=1.6028 val_corr=0.153
[epoch 25] lr=5.00e-04 train_loss=0.1859 train_corr=0.831 val_loss=1.6914 val_corr=0.141
[epoch 26] lr=5.00e-04 train_loss=0.1845 train_corr=0.833 val_loss=1.4057 val_corr=0.210
[epoch 27] lr=5.00e-04 train_loss=0.1821 train_corr=0.836 val_loss=1.6963 val_corr=0.127
[epoch 28] lr=5.00e-04 train_loss=0.1819 train_corr=0.836 val_loss=1.8958 val_corr=0.098
[epoch 29] lr=5.00e-04 train_loss=0.1795 train_corr=0.840 val_loss=1.6064 val_corr=0.171
[epoch 30] lr=5.00e-04 train_loss=0.1790 train_corr=0.840 val_loss=1.7038 val_corr=0.123
[epoch 31] lr=5.00e-04 train_loss=0.1765 train_corr=0.844 val_loss=1.8054 val_corr=0.110
[epoch 32] lr=5.00e-04 train_loss=0.1755 train_corr=0.845 val_loss=1.8858 val_corr=0.123
[epoch 33] lr=5.00e-04 train_loss=0.1749 train_corr=0.847 val_loss=1.6394 val_corr=0.130
[epoch 34] lr=5.00e-04 train_loss=0.1738 train_corr=0.848 val_loss=1.6953 val_corr=0.131
[epoch 35] lr=5.00e-04 train_loss=0.1737 train_corr=0.848 val_loss=1.6826 val_corr=0.146
[epoch 36] lr=5.00e-04 train_loss=0.1718 train_corr=0.851 val_loss=1.7342 val_corr=0.128
[epoch 37] lr=5.00e-04 train_loss=0.1705 train_corr=0.852 val_loss=1.6249 val_corr=0.143
[epoch 38] lr=5.00e-04 train_loss=0.1703 train_corr=0.853 val_loss=1.6068 val_corr=0.145
[epoch 39] lr=5.00e-04 train_loss=0.1690 train_corr=0.855 val_loss=1.5714 val_corr=0.155
[epoch 40] lr=5.00e-04 train_loss=0.1695 train_corr=0.854 val_loss=1.8434 val_corr=0.115
[epoch 41] lr=5.00e-04 train_loss=0.1698 train_corr=0.854 val_loss=1.7732 val_corr=0.129
[epoch 42] lr=5.00e-04 train_loss=0.1691 train_corr=0.854 val_loss=1.9167 val_corr=0.115
[epoch 43] lr=5.00e-04 train_loss=0.1662 train_corr=0.859 val_loss=1.5573 val_corr=0.140
[epoch 44] lr=5.00e-04 train_loss=0.1661 train_corr=0.859 val_loss=1.8559 val_corr=0.091
[epoch 45] lr=5.00e-04 train_loss=0.1663 train_corr=0.859 val_loss=1.8050 val_corr=0.105
[epoch 46] lr=5.00e-04 train_loss=0.1663 train_corr=0.859 val_loss=1.5790 val_corr=0.169
[epoch 47] lr=5.00e-04 train_loss=0.1643 train_corr=0.861 val_loss=1.9981 val_corr=0.089
[epoch 48] lr=5.00e-04 train_loss=0.1651 train_corr=0.861 val_loss=1.8348 val_corr=0.117
[epoch 49] lr=5.00e-04 train_loss=0.1627 train_corr=0.864 val_loss=1.6598 val_corr=0.154
fold 0 done. checkpoint exists: True -> /home/shunya/research/dog-radar-vitals/runs/20260825-011826_ecg_rpeak_spatial_gnn_lodo295_posw10_fold0_test1/epoch_004.pt

=== fold 1: test_subject=2 val_subject=5 ===
train_subjects=[1, 9, 10, 13, 14, 16, 17, 29, 30]
[epoch 0] lr=5.00e-04 train_loss=0.6477 train_corr=0.478 val_loss=1.0201 val_corr=0.089
[epoch 1] lr=5.00e-04 train_loss=0.4378 train_corr=0.587 val_loss=1.1440 val_corr=0.091
[epoch 2] lr=5.00e-04 train_loss=0.3590 train_corr=0.634 val_loss=1.2549 val_corr=0.159
[epoch 3] lr=5.00e-04 train_loss=0.3173 train_corr=0.667 val_loss=1.4610 val_corr=0.117
[epoch 4] lr=5.00e-04 train_loss=0.2948 train_corr=0.689 val_loss=1.8129 val_corr=0.077
[epoch 5] lr=5.00e-04 train_loss=0.2758 train_corr=0.709 val_loss=1.7308 val_corr=0.092
[epoch 6] lr=5.00e-04 train_loss=0.2636 train_corr=0.723 val_loss=1.7287 val_corr=0.100
[epoch 7] lr=5.00e-04 train_loss=0.2509 train_corr=0.738 val_loss=1.6556 val_corr=0.163
[epoch 8] lr=5.00e-04 train_loss=0.2411 train_corr=0.750 val_loss=1.7861 val_corr=0.118
[epoch 9] lr=5.00e-04 train_loss=0.2335 train_corr=0.761 val_loss=2.0865 val_corr=0.101
[epoch 10] lr=5.00e-04 train_loss=0.2262 train_corr=0.771 val_loss=2.4794 val_corr=0.089
[epoch 11] lr=5.00e-04 train_loss=0.2186 train_corr=0.780 val_loss=2.3166 val_corr=0.097
[epoch 12] lr=5.00e-04 train_loss=0.2124 train_corr=0.789 val_loss=2.3900 val_corr=0.107
[epoch 13] lr=5.00e-04 train_loss=0.2075 train_corr=0.796 val_loss=2.4965 val_corr=0.094
[epoch 14] lr=5.00e-04 train_loss=0.2026 train_corr=0.803 val_loss=2.5805 val_corr=0.086
[epoch 15] lr=5.00e-04 train_loss=0.1994 train_corr=0.808 val_loss=2.6765 val_corr=0.069
[epoch 16] lr=5.00e-04 train_loss=0.1956 train_corr=0.813 val_loss=2.7600 val_corr=0.061
[epoch 17] lr=5.00e-04 train_loss=0.1922 train_corr=0.818 val_loss=2.5560 val_corr=0.065
[epoch 18] lr=5.00e-04 train_loss=0.1881 train_corr=0.823 val_loss=2.8167 val_corr=0.060
[epoch 19] lr=5.00e-04 train_loss=0.1865 train_corr=0.826 val_loss=2.6689 val_corr=0.100
[epoch 20] lr=5.00e-04 train_loss=0.1861 train_corr=0.826 val_loss=2.6079 val_corr=0.085
[epoch 21] lr=5.00e-04 train_loss=0.1832 train_corr=0.830 val_loss=3.0139 val_corr=0.059
[epoch 22] lr=5.00e-04 train_loss=0.1812 train_corr=0.833 val_loss=2.8496 val_corr=0.083
[epoch 23] lr=5.00e-04 train_loss=0.1790 train_corr=0.836 val_loss=2.9185 val_corr=0.080
[epoch 24] lr=5.00e-04 train_loss=0.1762 train_corr=0.840 val_loss=2.9244 val_corr=0.049
[epoch 25] lr=5.00e-04 train_loss=0.1753 train_corr=0.841 val_loss=2.5148 val_corr=0.096
[epoch 26] lr=5.00e-04 train_loss=0.1732 train_corr=0.845 val_loss=2.9251 val_corr=0.069
[epoch 27] lr=5.00e-04 train_loss=0.1721 train_corr=0.847 val_loss=3.1583 val_corr=0.048
[epoch 28] lr=5.00e-04 train_loss=0.1715 train_corr=0.847 val_loss=3.2004 val_corr=0.055
[epoch 29] lr=5.00e-04 train_loss=0.1708 train_corr=0.848 val_loss=3.0252 val_corr=0.052
[epoch 30] lr=5.00e-04 train_loss=0.1678 train_corr=0.853 val_loss=3.2230 val_corr=0.037
[epoch 31] lr=5.00e-04 train_loss=0.1675 train_corr=0.853 val_loss=3.1479 val_corr=0.026
[epoch 32] lr=5.00e-04 train_loss=0.1663 train_corr=0.855 val_loss=3.6417 val_corr=0.053
[epoch 33] lr=5.00e-04 train_loss=0.1658 train_corr=0.855 val_loss=3.4342 val_corr=0.018
[epoch 34] lr=5.00e-04 train_loss=0.1647 train_corr=0.857 val_loss=3.4122 val_corr=0.043
[epoch 35] lr=5.00e-04 train_loss=0.1627 train_corr=0.860 val_loss=3.3185 val_corr=0.056
[epoch 36] lr=5.00e-04 train_loss=0.1629 train_corr=0.859 val_loss=2.9308 val_corr=0.058
[epoch 37] lr=5.00e-04 train_loss=0.1626 train_corr=0.860 val_loss=3.2319 val_corr=0.057
[epoch 38] lr=5.00e-04 train_loss=0.1628 train_corr=0.860 val_loss=3.2613 val_corr=0.043
[epoch 39] lr=5.00e-04 train_loss=0.1609 train_corr=0.862 val_loss=3.2948 val_corr=0.044
[epoch 40] lr=5.00e-04 train_loss=0.1594 train_corr=0.864 val_loss=3.1403 val_corr=0.062
[epoch 41] lr=5.00e-04 train_loss=0.1595 train_corr=0.864 val_loss=3.2569 val_corr=0.044
[epoch 42] lr=5.00e-04 train_loss=0.1587 train_corr=0.865 val_loss=3.3442 val_corr=0.033
[epoch 43] lr=5.00e-04 train_loss=0.1596 train_corr=0.864 val_loss=3.2128 val_corr=0.051
[epoch 44] lr=5.00e-04 train_loss=0.1574 train_corr=0.867 val_loss=3.6919 val_corr=0.044
[epoch 45] lr=5.00e-04 train_loss=0.1568 train_corr=0.868 val_loss=3.6967 val_corr=0.032
[epoch 46] lr=5.00e-04 train_loss=0.1576 train_corr=0.867 val_loss=3.3044 val_corr=0.030
[epoch 47] lr=5.00e-04 train_loss=0.1601 train_corr=0.864 val_loss=3.4719 val_corr=0.046
[epoch 48] lr=5.00e-04 train_loss=0.1558 train_corr=0.869 val_loss=3.3318 val_corr=0.036
[epoch 49] lr=5.00e-04 train_loss=0.1563 train_corr=0.869 val_loss=3.2525 val_corr=0.078
fold 1 done. checkpoint exists: True -> /home/shunya/research/dog-radar-vitals/runs/20260825-014334_ecg_rpeak_spatial_gnn_lodo295_posw10_fold1_test2/epoch_004.pt

=== fold 2: test_subject=5 val_subject=9 ===
train_subjects=[1, 2, 10, 13, 14, 16, 17, 29, 30]
[epoch 0] lr=5.00e-04 train_loss=0.6536 train_corr=0.479 val_loss=0.5952 val_corr=0.477
[epoch 1] lr=5.00e-04 train_loss=0.4466 train_corr=0.585 val_loss=0.5538 val_corr=0.464
[epoch 2] lr=5.00e-04 train_loss=0.3623 train_corr=0.635 val_loss=0.6549 val_corr=0.485
[epoch 3] lr=5.00e-04 train_loss=0.3243 train_corr=0.663 val_loss=0.7093 val_corr=0.481
[epoch 4] lr=5.00e-04 train_loss=0.3007 train_corr=0.685 val_loss=0.8445 val_corr=0.403
[epoch 5] lr=5.00e-04 train_loss=0.2817 train_corr=0.704 val_loss=0.7303 val_corr=0.441
[epoch 6] lr=5.00e-04 train_loss=0.2675 train_corr=0.720 val_loss=0.8227 val_corr=0.452
[epoch 7] lr=5.00e-04 train_loss=0.2538 train_corr=0.736 val_loss=0.7803 val_corr=0.492
[epoch 8] lr=5.00e-04 train_loss=0.2449 train_corr=0.747 val_loss=0.9050 val_corr=0.416
[epoch 9] lr=5.00e-04 train_loss=0.2374 train_corr=0.756 val_loss=0.7991 val_corr=0.435
[epoch 10] lr=5.00e-04 train_loss=0.2290 train_corr=0.767 val_loss=1.1276 val_corr=0.387
[epoch 11] lr=5.00e-04 train_loss=0.2231 train_corr=0.775 val_loss=0.9656 val_corr=0.448
[epoch 12] lr=5.00e-04 train_loss=0.2186 train_corr=0.781 val_loss=0.8422 val_corr=0.466
[epoch 13] lr=5.00e-04 train_loss=0.2116 train_corr=0.791 val_loss=1.2560 val_corr=0.376
[epoch 14] lr=5.00e-04 train_loss=0.2080 train_corr=0.796 val_loss=0.8168 val_corr=0.462
[epoch 15] lr=5.00e-04 train_loss=0.2039 train_corr=0.802 val_loss=1.1608 val_corr=0.379
[epoch 16] lr=5.00e-04 train_loss=0.1997 train_corr=0.807 val_loss=0.9643 val_corr=0.461
[epoch 17] lr=5.00e-04 train_loss=0.1982 train_corr=0.810 val_loss=1.1508 val_corr=0.400
[epoch 18] lr=5.00e-04 train_loss=0.1941 train_corr=0.816 val_loss=0.9570 val_corr=0.441
[epoch 19] lr=5.00e-04 train_loss=0.1912 train_corr=0.820 val_loss=1.0821 val_corr=0.423
[epoch 20] lr=5.00e-04 train_loss=0.1884 train_corr=0.823 val_loss=1.2759 val_corr=0.382
[epoch 21] lr=5.00e-04 train_loss=0.1848 train_corr=0.829 val_loss=1.1263 val_corr=0.425
[epoch 22] lr=5.00e-04 train_loss=0.1839 train_corr=0.830 val_loss=1.4404 val_corr=0.369
[epoch 23] lr=5.00e-04 train_loss=0.1810 train_corr=0.834 val_loss=1.1641 val_corr=0.401
[epoch 24] lr=5.00e-04 train_loss=0.1797 train_corr=0.836 val_loss=1.4542 val_corr=0.363
[epoch 25] lr=5.00e-04 train_loss=0.1781 train_corr=0.839 val_loss=1.3228 val_corr=0.365
[epoch 26] lr=5.00e-04 train_loss=0.1764 train_corr=0.841 val_loss=1.0467 val_corr=0.423
[epoch 27] lr=5.00e-04 train_loss=0.1753 train_corr=0.842 val_loss=1.0320 val_corr=0.441
[epoch 28] lr=5.00e-04 train_loss=0.1731 train_corr=0.846 val_loss=1.3715 val_corr=0.384
[epoch 29] lr=5.00e-04 train_loss=0.1715 train_corr=0.848 val_loss=1.7228 val_corr=0.302
[epoch 30] lr=5.00e-04 train_loss=0.1715 train_corr=0.848 val_loss=1.5401 val_corr=0.358
[epoch 31] lr=5.00e-04 train_loss=0.1716 train_corr=0.848 val_loss=1.1110 val_corr=0.378
[epoch 32] lr=5.00e-04 train_loss=0.1714 train_corr=0.848 val_loss=1.6895 val_corr=0.307
[epoch 33] lr=5.00e-04 train_loss=0.1684 train_corr=0.853 val_loss=1.4364 val_corr=0.365
[epoch 34] lr=5.00e-04 train_loss=0.1670 train_corr=0.855 val_loss=1.6689 val_corr=0.352
[epoch 35] lr=5.00e-04 train_loss=0.1654 train_corr=0.856 val_loss=1.8025 val_corr=0.331
[epoch 36] lr=5.00e-04 train_loss=0.1653 train_corr=0.857 val_loss=1.1643 val_corr=0.462
[epoch 37] lr=5.00e-04 train_loss=0.1643 train_corr=0.858 val_loss=1.3063 val_corr=0.360
[epoch 38] lr=5.00e-04 train_loss=0.1633 train_corr=0.860 val_loss=1.3708 val_corr=0.388
[epoch 39] lr=5.00e-04 train_loss=0.1618 train_corr=0.862 val_loss=1.4236 val_corr=0.378
[epoch 40] lr=5.00e-04 train_loss=0.1613 train_corr=0.863 val_loss=1.4434 val_corr=0.369
[epoch 41] lr=5.00e-04 train_loss=0.1621 train_corr=0.862 val_loss=1.5854 val_corr=0.341
[epoch 42] lr=5.00e-04 train_loss=0.1601 train_corr=0.864 val_loss=2.0301 val_corr=0.298
[epoch 43] lr=5.00e-04 train_loss=0.1603 train_corr=0.864 val_loss=1.8633 val_corr=0.317
[epoch 44] lr=5.00e-04 train_loss=0.1593 train_corr=0.865 val_loss=1.7037 val_corr=0.362
[epoch 45] lr=5.00e-04 train_loss=0.1586 train_corr=0.867 val_loss=2.3402 val_corr=0.269
[epoch 46] lr=5.00e-04 train_loss=0.1589 train_corr=0.866 val_loss=1.7567 val_corr=0.333
[epoch 47] lr=5.00e-04 train_loss=0.1572 train_corr=0.869 val_loss=1.7203 val_corr=0.330
[epoch 48] lr=5.00e-04 train_loss=0.1582 train_corr=0.867 val_loss=1.7539 val_corr=0.355
[epoch 49] lr=5.00e-04 train_loss=0.1564 train_corr=0.870 val_loss=1.1696 val_corr=0.437
fold 2 done. checkpoint exists: True -> /home/shunya/research/dog-radar-vitals/runs/20260825-020508_ecg_rpeak_spatial_gnn_lodo295_posw10_fold2_test5/epoch_004.pt

=== fold 3: test_subject=9 val_subject=10 ===
train_subjects=[1, 2, 5, 13, 14, 16, 17, 29, 30]
[epoch 0] lr=5.00e-04 train_loss=0.6726 train_corr=0.439 val_loss=0.5224 val_corr=0.520
[epoch 1] lr=5.00e-04 train_loss=0.4651 train_corr=0.557 val_loss=0.4128 val_corr=0.569
[epoch 2] lr=5.00e-04 train_loss=0.3827 train_corr=0.612 val_loss=0.3881 val_corr=0.601
[epoch 3] lr=5.00e-04 train_loss=0.3412 train_corr=0.647 val_loss=0.4143 val_corr=0.570
[epoch 4] lr=5.00e-04 train_loss=0.3113 train_corr=0.675 val_loss=0.4096 val_corr=0.579
[epoch 5] lr=5.00e-04 train_loss=0.2930 train_corr=0.694 val_loss=0.4116 val_corr=0.547
[epoch 6] lr=5.00e-04 train_loss=0.2761 train_corr=0.714 val_loss=0.3989 val_corr=0.565
[epoch 7] lr=5.00e-04 train_loss=0.2663 train_corr=0.726 val_loss=0.3877 val_corr=0.579
[epoch 8] lr=5.00e-04 train_loss=0.2555 train_corr=0.740 val_loss=0.3825 val_corr=0.623
[epoch 9] lr=5.00e-04 train_loss=0.2473 train_corr=0.749 val_loss=0.3841 val_corr=0.611
[epoch 10] lr=5.00e-04 train_loss=0.2378 train_corr=0.761 val_loss=0.3882 val_corr=0.592
[epoch 11] lr=5.00e-04 train_loss=0.2310 train_corr=0.770 val_loss=0.4317 val_corr=0.581
[epoch 12] lr=5.00e-04 train_loss=0.2258 train_corr=0.778 val_loss=0.4897 val_corr=0.554
[epoch 13] lr=5.00e-04 train_loss=0.2197 train_corr=0.786 val_loss=0.4078 val_corr=0.602
[epoch 14] lr=5.00e-04 train_loss=0.2155 train_corr=0.791 val_loss=0.4987 val_corr=0.586
[epoch 15] lr=5.00e-04 train_loss=0.2106 train_corr=0.798 val_loss=0.4866 val_corr=0.553
[epoch 16] lr=5.00e-04 train_loss=0.2075 train_corr=0.802 val_loss=0.4359 val_corr=0.573
[epoch 17] lr=5.00e-04 train_loss=0.2040 train_corr=0.807 val_loss=0.4458 val_corr=0.588
[epoch 18] lr=5.00e-04 train_loss=0.2007 train_corr=0.812 val_loss=0.4870 val_corr=0.595
[epoch 19] lr=5.00e-04 train_loss=0.1982 train_corr=0.815 val_loss=0.4334 val_corr=0.591
[epoch 20] lr=5.00e-04 train_loss=0.1965 train_corr=0.818 val_loss=0.5059 val_corr=0.574
[epoch 21] lr=5.00e-04 train_loss=0.1922 train_corr=0.823 val_loss=0.4535 val_corr=0.580
[epoch 22] lr=5.00e-04 train_loss=0.1912 train_corr=0.825 val_loss=0.5135 val_corr=0.540
[epoch 23] lr=5.00e-04 train_loss=0.1885 train_corr=0.829 val_loss=0.4128 val_corr=0.608
[epoch 24] lr=5.00e-04 train_loss=0.1876 train_corr=0.830 val_loss=0.4857 val_corr=0.584
[epoch 25] lr=5.00e-04 train_loss=0.1845 train_corr=0.834 val_loss=0.5044 val_corr=0.598
[epoch 26] lr=5.00e-04 train_loss=0.1822 train_corr=0.837 val_loss=0.5235 val_corr=0.583
[epoch 27] lr=5.00e-04 train_loss=0.1823 train_corr=0.837 val_loss=0.4426 val_corr=0.582
[epoch 28] lr=5.00e-04 train_loss=0.1813 train_corr=0.839 val_loss=0.5238 val_corr=0.577
[epoch 29] lr=5.00e-04 train_loss=0.1792 train_corr=0.841 val_loss=0.4645 val_corr=0.606
[epoch 30] lr=5.00e-04 train_loss=0.1771 train_corr=0.845 val_loss=0.5528 val_corr=0.578
[epoch 31] lr=5.00e-04 train_loss=0.1756 train_corr=0.846 val_loss=0.5319 val_corr=0.549
[epoch 32] lr=5.00e-04 train_loss=0.1767 train_corr=0.846 val_loss=0.5797 val_corr=0.530
[epoch 33] lr=5.00e-04 train_loss=0.1755 train_corr=0.847 val_loss=0.4974 val_corr=0.574
[epoch 34] lr=5.00e-04 train_loss=0.1725 train_corr=0.851 val_loss=0.5383 val_corr=0.545
[epoch 35] lr=5.00e-04 train_loss=0.1725 train_corr=0.851 val_loss=0.5084 val_corr=0.557
[epoch 36] lr=5.00e-04 train_loss=0.1703 train_corr=0.854 val_loss=0.5183 val_corr=0.587
[epoch 37] lr=5.00e-04 train_loss=0.1699 train_corr=0.854 val_loss=0.4610 val_corr=0.627
[epoch 38] lr=5.00e-04 train_loss=0.1694 train_corr=0.856 val_loss=0.4978 val_corr=0.574
[epoch 39] lr=5.00e-04 train_loss=0.1694 train_corr=0.856 val_loss=0.5293 val_corr=0.576
[epoch 40] lr=5.00e-04 train_loss=0.1677 train_corr=0.857 val_loss=0.5308 val_corr=0.589
[epoch 41] lr=5.00e-04 train_loss=0.1675 train_corr=0.858 val_loss=0.5283 val_corr=0.572
[epoch 42] lr=5.00e-04 train_loss=0.1664 train_corr=0.859 val_loss=0.5250 val_corr=0.576
[epoch 43] lr=5.00e-04 train_loss=0.1665 train_corr=0.860 val_loss=0.5199 val_corr=0.604
[epoch 44] lr=5.00e-04 train_loss=0.1651 train_corr=0.861 val_loss=0.4860 val_corr=0.576
[epoch 45] lr=5.00e-04 train_loss=0.1644 train_corr=0.862 val_loss=0.4529 val_corr=0.569
[epoch 46] lr=5.00e-04 train_loss=0.1645 train_corr=0.862 val_loss=0.5194 val_corr=0.583
[epoch 47] lr=5.00e-04 train_loss=0.1640 train_corr=0.863 val_loss=0.5274 val_corr=0.562
[epoch 48] lr=5.00e-04 train_loss=0.1634 train_corr=0.863 val_loss=0.5029 val_corr=0.586
[epoch 49] lr=5.00e-04 train_loss=0.1645 train_corr=0.863 val_loss=0.5362 val_corr=0.584
fold 3 done. checkpoint exists: True -> /home/shunya/research/dog-radar-vitals/runs/20260825-022444_ecg_rpeak_spatial_gnn_lodo295_posw10_fold3_test9/epoch_004.pt

=== fold 4: test_subject=10 val_subject=13 ===
train_subjects=[1, 2, 5, 9, 14, 16, 17, 29, 30]
[epoch 0] lr=5.00e-04 train_loss=0.6761 train_corr=0.434 val_loss=0.4900 val_corr=0.499
[epoch 1] lr=5.00e-04 train_loss=0.4679 train_corr=0.552 val_loss=0.3751 val_corr=0.562
[epoch 2] lr=5.00e-04 train_loss=0.3884 train_corr=0.605 val_loss=0.3993 val_corr=0.548
[epoch 3] lr=5.00e-04 train_loss=0.3485 train_corr=0.639 val_loss=0.4026 val_corr=0.533
[epoch 4] lr=5.00e-04 train_loss=0.3166 train_corr=0.671 val_loss=0.3820 val_corr=0.530
[epoch 5] lr=5.00e-04 train_loss=0.2988 train_corr=0.688 val_loss=0.3931 val_corr=0.518
[epoch 6] lr=5.00e-04 train_loss=0.2811 train_corr=0.709 val_loss=0.3728 val_corr=0.546
[epoch 7] lr=5.00e-04 train_loss=0.2716 train_corr=0.721 val_loss=0.3927 val_corr=0.543
[epoch 8] lr=5.00e-04 train_loss=0.2607 train_corr=0.733 val_loss=0.4611 val_corr=0.526
[epoch 9] lr=5.00e-04 train_loss=0.2496 train_corr=0.747 val_loss=0.3713 val_corr=0.559
[epoch 10] lr=5.00e-04 train_loss=0.2417 train_corr=0.758 val_loss=0.4044 val_corr=0.524
[epoch 11] lr=5.00e-04 train_loss=0.2338 train_corr=0.768 val_loss=0.4417 val_corr=0.546
[epoch 12] lr=5.00e-04 train_loss=0.2279 train_corr=0.776 val_loss=0.4529 val_corr=0.552
[epoch 13] lr=5.00e-04 train_loss=0.2221 train_corr=0.783 val_loss=0.4257 val_corr=0.547
[epoch 14] lr=5.00e-04 train_loss=0.2176 train_corr=0.790 val_loss=0.4897 val_corr=0.535
[epoch 15] lr=5.00e-04 train_loss=0.2126 train_corr=0.796 val_loss=0.4104 val_corr=0.540
[epoch 16] lr=5.00e-04 train_loss=0.2088 train_corr=0.801 val_loss=0.3983 val_corr=0.556
[epoch 17] lr=5.00e-04 train_loss=0.2061 train_corr=0.805 val_loss=0.4210 val_corr=0.566
[epoch 18] lr=5.00e-04 train_loss=0.2039 train_corr=0.809 val_loss=0.4571 val_corr=0.529
[epoch 19] lr=5.00e-04 train_loss=0.1996 train_corr=0.815 val_loss=0.4516 val_corr=0.540
[epoch 20] lr=5.00e-04 train_loss=0.1968 train_corr=0.818 val_loss=0.5139 val_corr=0.505
[epoch 21] lr=5.00e-04 train_loss=0.1948 train_corr=0.822 val_loss=0.4191 val_corr=0.523
[epoch 22] lr=5.00e-04 train_loss=0.1920 train_corr=0.825 val_loss=0.4243 val_corr=0.547
[epoch 23] lr=5.00e-04 train_loss=0.1897 train_corr=0.828 val_loss=0.3921 val_corr=0.541
[epoch 24] lr=5.00e-04 train_loss=0.1880 train_corr=0.831 val_loss=0.5021 val_corr=0.526
[epoch 25] lr=5.00e-04 train_loss=0.1863 train_corr=0.833 val_loss=0.4075 val_corr=0.543
[epoch 26] lr=5.00e-04 train_loss=0.1827 train_corr=0.838 val_loss=0.6141 val_corr=0.476
[epoch 27] lr=5.00e-04 train_loss=0.1836 train_corr=0.837 val_loss=0.4366 val_corr=0.550
[epoch 28] lr=5.00e-04 train_loss=0.1817 train_corr=0.840 val_loss=0.4981 val_corr=0.508
[epoch 29] lr=5.00e-04 train_loss=0.1810 train_corr=0.840 val_loss=0.4618 val_corr=0.533
[epoch 30] lr=5.00e-04 train_loss=0.1783 train_corr=0.844 val_loss=0.5185 val_corr=0.526
[epoch 31] lr=5.00e-04 train_loss=0.1775 train_corr=0.845 val_loss=0.4325 val_corr=0.527
[epoch 32] lr=5.00e-04 train_loss=0.1773 train_corr=0.846 val_loss=0.4926 val_corr=0.509
[epoch 33] lr=5.00e-04 train_loss=0.1741 train_corr=0.850 val_loss=0.4771 val_corr=0.534
[epoch 34] lr=5.00e-04 train_loss=0.1740 train_corr=0.851 val_loss=0.5844 val_corr=0.473
[epoch 35] lr=5.00e-04 train_loss=0.1743 train_corr=0.850 val_loss=0.4658 val_corr=0.529
[epoch 36] lr=5.00e-04 train_loss=0.1727 train_corr=0.852 val_loss=0.4803 val_corr=0.528
[epoch 37] lr=5.00e-04 train_loss=0.1721 train_corr=0.853 val_loss=0.5388 val_corr=0.533
[epoch 38] lr=5.00e-04 train_loss=0.1692 train_corr=0.857 val_loss=0.4874 val_corr=0.527
[epoch 39] lr=5.00e-04 train_loss=0.1708 train_corr=0.855 val_loss=0.6219 val_corr=0.463
[epoch 40] lr=5.00e-04 train_loss=0.1679 train_corr=0.859 val_loss=0.4896 val_corr=0.513
[epoch 41] lr=5.00e-04 train_loss=0.1683 train_corr=0.858 val_loss=0.5108 val_corr=0.526
[epoch 42] lr=5.00e-04 train_loss=0.1674 train_corr=0.859 val_loss=0.4307 val_corr=0.537
[epoch 43] lr=5.00e-04 train_loss=0.1674 train_corr=0.860 val_loss=0.5664 val_corr=0.507
[epoch 44] lr=5.00e-04 train_loss=0.1664 train_corr=0.861 val_loss=0.6415 val_corr=0.486
[epoch 45] lr=5.00e-04 train_loss=0.1662 train_corr=0.861 val_loss=0.4582 val_corr=0.521
[epoch 46] lr=5.00e-04 train_loss=0.1660 train_corr=0.862 val_loss=0.5398 val_corr=0.502
[epoch 47] lr=5.00e-04 train_loss=0.1647 train_corr=0.864 val_loss=0.5702 val_corr=0.489
[epoch 48] lr=5.00e-04 train_loss=0.1634 train_corr=0.865 val_loss=0.7107 val_corr=0.444
[epoch 49] lr=5.00e-04 train_loss=0.1635 train_corr=0.865 val_loss=0.7756 val_corr=0.463
fold 4 done. checkpoint exists: True -> /home/shunya/research/dog-radar-vitals/runs/20260825-024723_ecg_rpeak_spatial_gnn_lodo295_posw10_fold4_test10/epoch_004.pt

=== fold 5: test_subject=13 val_subject=14 ===
train_subjects=[1, 2, 5, 9, 10, 16, 17, 29, 30]
[epoch 0] lr=5.00e-04 train_loss=0.6820 train_corr=0.436 val_loss=0.7075 val_corr=0.348
[epoch 1] lr=5.00e-04 train_loss=0.4717 train_corr=0.556 val_loss=0.6222 val_corr=0.468
[epoch 2] lr=5.00e-04 train_loss=0.3871 train_corr=0.613 val_loss=0.6560 val_corr=0.439
[epoch 3] lr=5.00e-04 train_loss=0.3415 train_corr=0.653 val_loss=0.6729 val_corr=0.477
[epoch 4] lr=5.00e-04 train_loss=0.3145 train_corr=0.678 val_loss=0.7478 val_corr=0.419
[epoch 5] lr=5.00e-04 train_loss=0.2951 train_corr=0.698 val_loss=0.8419 val_corr=0.461
[epoch 6] lr=5.00e-04 train_loss=0.2807 train_corr=0.714 val_loss=0.8226 val_corr=0.462
[epoch 7] lr=5.00e-04 train_loss=0.2669 train_corr=0.730 val_loss=0.9252 val_corr=0.456
[epoch 8] lr=5.00e-04 train_loss=0.2582 train_corr=0.740 val_loss=0.8708 val_corr=0.447
[epoch 9] lr=5.00e-04 train_loss=0.2491 train_corr=0.753 val_loss=0.9660 val_corr=0.438
[epoch 10] lr=5.00e-04 train_loss=0.2417 train_corr=0.761 val_loss=0.9116 val_corr=0.438
[epoch 11] lr=5.00e-04 train_loss=0.2348 train_corr=0.771 val_loss=0.9779 val_corr=0.455
[epoch 12] lr=5.00e-04 train_loss=0.2283 train_corr=0.779 val_loss=0.9445 val_corr=0.459
[epoch 13] lr=5.00e-04 train_loss=0.2245 train_corr=0.785 val_loss=1.1044 val_corr=0.455
[epoch 14] lr=5.00e-04 train_loss=0.2198 train_corr=0.791 val_loss=1.0351 val_corr=0.471
[epoch 15] lr=5.00e-04 train_loss=0.2152 train_corr=0.797 val_loss=1.0285 val_corr=0.462
[epoch 16] lr=5.00e-04 train_loss=0.2125 train_corr=0.800 val_loss=1.1161 val_corr=0.436
[epoch 17] lr=5.00e-04 train_loss=0.2090 train_corr=0.804 val_loss=1.1860 val_corr=0.471
[epoch 18] lr=5.00e-04 train_loss=0.2044 train_corr=0.811 val_loss=1.0294 val_corr=0.468
[epoch 19] lr=5.00e-04 train_loss=0.2021 train_corr=0.815 val_loss=1.2271 val_corr=0.453
[epoch 20] lr=5.00e-04 train_loss=0.2011 train_corr=0.815 val_loss=1.0218 val_corr=0.457
[epoch 21] lr=5.00e-04 train_loss=0.1969 train_corr=0.821 val_loss=1.3294 val_corr=0.453
[epoch 22] lr=5.00e-04 train_loss=0.1938 train_corr=0.825 val_loss=1.1651 val_corr=0.472
[epoch 23] lr=5.00e-04 train_loss=0.1917 train_corr=0.828 val_loss=1.3156 val_corr=0.465
[epoch 24] lr=5.00e-04 train_loss=0.1909 train_corr=0.829 val_loss=1.2209 val_corr=0.472
[epoch 25] lr=5.00e-04 train_loss=0.1876 train_corr=0.834 val_loss=1.2929 val_corr=0.458
[epoch 26] lr=5.00e-04 train_loss=0.1874 train_corr=0.834 val_loss=1.1847 val_corr=0.462
[epoch 27] lr=5.00e-04 train_loss=0.1840 train_corr=0.839 val_loss=1.3097 val_corr=0.454
[epoch 28] lr=5.00e-04 train_loss=0.1828 train_corr=0.840 val_loss=1.0912 val_corr=0.477
[epoch 29] lr=5.00e-04 train_loss=0.1821 train_corr=0.841 val_loss=1.2154 val_corr=0.466
[epoch 30] lr=5.00e-04 train_loss=0.1813 train_corr=0.842 val_loss=1.1134 val_corr=0.457
[epoch 31] lr=5.00e-04 train_loss=0.1788 train_corr=0.846 val_loss=1.2961 val_corr=0.472
[epoch 32] lr=5.00e-04 train_loss=0.1776 train_corr=0.847 val_loss=1.1392 val_corr=0.469
[epoch 33] lr=5.00e-04 train_loss=0.1772 train_corr=0.848 val_loss=1.1459 val_corr=0.479
[epoch 34] lr=5.00e-04 train_loss=0.1757 train_corr=0.850 val_loss=1.2452 val_corr=0.469
[epoch 35] lr=5.00e-04 train_loss=0.1742 train_corr=0.852 val_loss=1.3490 val_corr=0.461
[epoch 36] lr=5.00e-04 train_loss=0.1739 train_corr=0.852 val_loss=1.1020 val_corr=0.467
[epoch 37] lr=5.00e-04 train_loss=0.1723 train_corr=0.854 val_loss=1.0087 val_corr=0.465
[epoch 38] lr=5.00e-04 train_loss=0.1731 train_corr=0.854 val_loss=0.9794 val_corr=0.361
[epoch 39] lr=5.00e-04 train_loss=0.1722 train_corr=0.855 val_loss=1.2007 val_corr=0.456
[epoch 40] lr=5.00e-04 train_loss=0.1715 train_corr=0.856 val_loss=1.2966 val_corr=0.459
[epoch 41] lr=5.00e-04 train_loss=0.1684 train_corr=0.860 val_loss=1.1915 val_corr=0.463
[epoch 42] lr=5.00e-04 train_loss=0.1689 train_corr=0.859 val_loss=1.0476 val_corr=0.454
[epoch 43] lr=5.00e-04 train_loss=0.1688 train_corr=0.860 val_loss=1.1493 val_corr=0.453
[epoch 44] lr=5.00e-04 train_loss=0.1703 train_corr=0.858 val_loss=1.3107 val_corr=0.427
[epoch 45] lr=5.00e-04 train_loss=0.1665 train_corr=0.862 val_loss=1.2412 val_corr=0.445
[epoch 46] lr=5.00e-04 train_loss=0.1663 train_corr=0.863 val_loss=1.2674 val_corr=0.450
[epoch 47] lr=5.00e-04 train_loss=0.1652 train_corr=0.864 val_loss=1.4020 val_corr=0.441
[epoch 48] lr=5.00e-04 train_loss=0.1660 train_corr=0.863 val_loss=1.3986 val_corr=0.447
[epoch 49] lr=5.00e-04 train_loss=0.1638 train_corr=0.866 val_loss=1.1252 val_corr=0.476
fold 5 done. checkpoint exists: True -> /home/shunya/research/dog-radar-vitals/runs/20260825-030938_ecg_rpeak_spatial_gnn_lodo295_posw10_fold5_test13/epoch_004.pt

=== fold 6: test_subject=14 val_subject=16 ===
train_subjects=[1, 2, 5, 9, 10, 13, 17, 29, 30]
[epoch 0] lr=5.00e-04 train_loss=0.6653 train_corr=0.455 val_loss=0.8065 val_corr=0.244
[epoch 1] lr=5.00e-04 train_loss=0.4503 train_corr=0.577 val_loss=0.8443 val_corr=0.259
[epoch 2] lr=5.00e-04 train_loss=0.3719 train_corr=0.622 val_loss=1.0514 val_corr=0.284
[epoch 3] lr=5.00e-04 train_loss=0.3298 train_corr=0.657 val_loss=1.2081 val_corr=0.237
[epoch 4] lr=5.00e-04 train_loss=0.3027 train_corr=0.683 val_loss=1.2027 val_corr=0.288
[epoch 5] lr=5.00e-04 train_loss=0.2857 train_corr=0.702 val_loss=1.2302 val_corr=0.268
[epoch 6] lr=5.00e-04 train_loss=0.2695 train_corr=0.720 val_loss=1.3176 val_corr=0.229
[epoch 7] lr=5.00e-04 train_loss=0.2597 train_corr=0.731 val_loss=1.3510 val_corr=0.268
[epoch 8] lr=5.00e-04 train_loss=0.2471 train_corr=0.748 val_loss=1.3329 val_corr=0.270
[epoch 9] lr=5.00e-04 train_loss=0.2401 train_corr=0.757 val_loss=1.4103 val_corr=0.244
[epoch 10] lr=5.00e-04 train_loss=0.2321 train_corr=0.768 val_loss=1.2864 val_corr=0.304
[epoch 11] lr=5.00e-04 train_loss=0.2283 train_corr=0.773 val_loss=1.2149 val_corr=0.270
[epoch 12] lr=5.00e-04 train_loss=0.2189 train_corr=0.785 val_loss=1.2902 val_corr=0.300
[epoch 13] lr=5.00e-04 train_loss=0.2160 train_corr=0.790 val_loss=1.5378 val_corr=0.256
[epoch 14] lr=5.00e-04 train_loss=0.2095 train_corr=0.799 val_loss=1.3562 val_corr=0.283
[epoch 15] lr=5.00e-04 train_loss=0.2049 train_corr=0.805 val_loss=1.4333 val_corr=0.270
[epoch 16] lr=5.00e-04 train_loss=0.2020 train_corr=0.809 val_loss=1.4527 val_corr=0.295
[epoch 17] lr=5.00e-04 train_loss=0.2014 train_corr=0.810 val_loss=1.5817 val_corr=0.284
[epoch 18] lr=5.00e-04 train_loss=0.1954 train_corr=0.819 val_loss=1.6672 val_corr=0.248
[epoch 19] lr=5.00e-04 train_loss=0.1927 train_corr=0.822 val_loss=1.4073 val_corr=0.299
[epoch 20] lr=5.00e-04 train_loss=0.1897 train_corr=0.827 val_loss=1.5405 val_corr=0.285
[epoch 21] lr=5.00e-04 train_loss=0.1884 train_corr=0.828 val_loss=1.5827 val_corr=0.282
[epoch 22] lr=5.00e-04 train_loss=0.1872 train_corr=0.830 val_loss=1.5377 val_corr=0.266
[epoch 23] lr=5.00e-04 train_loss=0.1848 train_corr=0.833 val_loss=1.8013 val_corr=0.269
[epoch 24] lr=5.00e-04 train_loss=0.1815 train_corr=0.838 val_loss=1.9844 val_corr=0.217
[epoch 25] lr=5.00e-04 train_loss=0.1802 train_corr=0.840 val_loss=1.5721 val_corr=0.303
[epoch 26] lr=5.00e-04 train_loss=0.1802 train_corr=0.840 val_loss=1.4831 val_corr=0.261
[epoch 27] lr=5.00e-04 train_loss=0.1771 train_corr=0.844 val_loss=1.7772 val_corr=0.286
[epoch 28] lr=5.00e-04 train_loss=0.1760 train_corr=0.846 val_loss=1.7289 val_corr=0.318
[epoch 29] lr=5.00e-04 train_loss=0.1761 train_corr=0.846 val_loss=1.5732 val_corr=0.307
[epoch 30] lr=5.00e-04 train_loss=0.1747 train_corr=0.848 val_loss=1.5668 val_corr=0.289
[epoch 31] lr=5.00e-04 train_loss=0.1719 train_corr=0.852 val_loss=1.5938 val_corr=0.281
[epoch 32] lr=5.00e-04 train_loss=0.1721 train_corr=0.852 val_loss=1.5044 val_corr=0.338
[epoch 33] lr=5.00e-04 train_loss=0.1707 train_corr=0.853 val_loss=1.6203 val_corr=0.272
[epoch 34] lr=5.00e-04 train_loss=0.1712 train_corr=0.853 val_loss=1.7794 val_corr=0.296
[epoch 35] lr=5.00e-04 train_loss=0.1694 train_corr=0.855 val_loss=1.8560 val_corr=0.282
[epoch 36] lr=5.00e-04 train_loss=0.1680 train_corr=0.858 val_loss=1.7308 val_corr=0.288
[epoch 37] lr=5.00e-04 train_loss=0.1671 train_corr=0.859 val_loss=1.8047 val_corr=0.286
[epoch 38] lr=5.00e-04 train_loss=0.1743 train_corr=0.850 val_loss=1.7195 val_corr=0.294
[epoch 39] lr=5.00e-04 train_loss=0.1704 train_corr=0.854 val_loss=1.6333 val_corr=0.351
[epoch 40] lr=5.00e-04 train_loss=0.1656 train_corr=0.861 val_loss=1.6321 val_corr=0.322
[epoch 41] lr=5.00e-04 train_loss=0.1654 train_corr=0.861 val_loss=1.5566 val_corr=0.321
[epoch 42] lr=5.00e-04 train_loss=0.1629 train_corr=0.865 val_loss=1.4820 val_corr=0.309
[epoch 43] lr=5.00e-04 train_loss=0.1627 train_corr=0.865 val_loss=1.9311 val_corr=0.293
[epoch 44] lr=5.00e-04 train_loss=0.1616 train_corr=0.866 val_loss=1.7974 val_corr=0.307
[epoch 45] lr=5.00e-04 train_loss=0.1635 train_corr=0.864 val_loss=1.8859 val_corr=0.305
[epoch 46] lr=5.00e-04 train_loss=0.1622 train_corr=0.865 val_loss=1.6798 val_corr=0.313
[epoch 47] lr=5.00e-04 train_loss=0.1609 train_corr=0.867 val_loss=1.7677 val_corr=0.344
[epoch 48] lr=5.00e-04 train_loss=0.1599 train_corr=0.869 val_loss=1.8497 val_corr=0.316
[epoch 49] lr=5.00e-04 train_loss=0.1597 train_corr=0.869 val_loss=1.8323 val_corr=0.301
fold 6 done. checkpoint exists: True -> /home/shunya/research/dog-radar-vitals/runs/20260825-032924_ecg_rpeak_spatial_gnn_lodo295_posw10_fold6_test14/epoch_004.pt

=== fold 7: test_subject=16 val_subject=17 ===
train_subjects=[1, 2, 5, 9, 10, 13, 14, 29, 30]
[epoch 0] lr=5.00e-04 train_loss=0.6773 train_corr=0.441 val_loss=0.5548 val_corr=0.502
[epoch 1] lr=5.00e-04 train_loss=0.4653 train_corr=0.566 val_loss=0.4525 val_corr=0.523
[epoch 2] lr=5.00e-04 train_loss=0.3862 train_corr=0.613 val_loss=0.4120 val_corr=0.553
[epoch 3] lr=5.00e-04 train_loss=0.3429 train_corr=0.649 val_loss=0.4276 val_corr=0.528
[epoch 4] lr=5.00e-04 train_loss=0.3154 train_corr=0.674 val_loss=0.4590 val_corr=0.528
[epoch 5] lr=5.00e-04 train_loss=0.2950 train_corr=0.696 val_loss=0.4459 val_corr=0.507
[epoch 6] lr=5.00e-04 train_loss=0.2808 train_corr=0.712 val_loss=0.4524 val_corr=0.512
[epoch 7] lr=5.00e-04 train_loss=0.2696 train_corr=0.725 val_loss=0.4970 val_corr=0.527
[epoch 8] lr=5.00e-04 train_loss=0.2593 train_corr=0.738 val_loss=0.4774 val_corr=0.505
[epoch 9] lr=5.00e-04 train_loss=0.2509 train_corr=0.747 val_loss=0.5176 val_corr=0.507
[epoch 10] lr=5.00e-04 train_loss=0.2442 train_corr=0.756 val_loss=0.4519 val_corr=0.494
[epoch 11] lr=5.00e-04 train_loss=0.2371 train_corr=0.765 val_loss=0.4698 val_corr=0.499
[epoch 12] lr=5.00e-04 train_loss=0.2304 train_corr=0.774 val_loss=0.5235 val_corr=0.496
[epoch 13] lr=5.00e-04 train_loss=0.2253 train_corr=0.780 val_loss=0.5332 val_corr=0.468
[epoch 14] lr=5.00e-04 train_loss=0.2205 train_corr=0.787 val_loss=0.6796 val_corr=0.451
[epoch 15] lr=5.00e-04 train_loss=0.2156 train_corr=0.793 val_loss=0.6906 val_corr=0.452
[epoch 16] lr=5.00e-04 train_loss=0.2116 train_corr=0.799 val_loss=0.7112 val_corr=0.444
[epoch 17] lr=5.00e-04 train_loss=0.2075 train_corr=0.804 val_loss=0.6285 val_corr=0.437
[epoch 18] lr=5.00e-04 train_loss=0.2053 train_corr=0.807 val_loss=0.7208 val_corr=0.447
[epoch 19] lr=5.00e-04 train_loss=0.2026 train_corr=0.810 val_loss=0.8712 val_corr=0.420
[epoch 20] lr=5.00e-04 train_loss=0.1986 train_corr=0.816 val_loss=0.6367 val_corr=0.436
[epoch 21] lr=5.00e-04 train_loss=0.1975 train_corr=0.818 val_loss=0.7717 val_corr=0.434
[epoch 22] lr=5.00e-04 train_loss=0.1960 train_corr=0.820 val_loss=0.8448 val_corr=0.405
[epoch 23] lr=5.00e-04 train_loss=0.1918 train_corr=0.825 val_loss=0.8928 val_corr=0.415
[epoch 24] lr=5.00e-04 train_loss=0.1884 train_corr=0.830 val_loss=1.0179 val_corr=0.419
[epoch 25] lr=5.00e-04 train_loss=0.1882 train_corr=0.830 val_loss=0.8815 val_corr=0.414
[epoch 26] lr=5.00e-04 train_loss=0.1858 train_corr=0.834 val_loss=0.9238 val_corr=0.353
[epoch 27] lr=5.00e-04 train_loss=0.1838 train_corr=0.836 val_loss=1.1564 val_corr=0.384
[epoch 28] lr=5.00e-04 train_loss=0.1825 train_corr=0.838 val_loss=0.8795 val_corr=0.434
[epoch 29] lr=5.00e-04 train_loss=0.1824 train_corr=0.839 val_loss=0.9238 val_corr=0.413
[epoch 30] lr=5.00e-04 train_loss=0.1792 train_corr=0.843 val_loss=0.8301 val_corr=0.437
[epoch 31] lr=5.00e-04 train_loss=0.1780 train_corr=0.844 val_loss=0.9342 val_corr=0.429
[epoch 32] lr=5.00e-04 train_loss=0.1769 train_corr=0.846 val_loss=0.7722 val_corr=0.445
[epoch 33] lr=5.00e-04 train_loss=0.1773 train_corr=0.846 val_loss=0.8664 val_corr=0.395
[epoch 34] lr=5.00e-04 train_loss=0.1755 train_corr=0.848 val_loss=0.9500 val_corr=0.418
[epoch 35] lr=5.00e-04 train_loss=0.1737 train_corr=0.851 val_loss=0.9532 val_corr=0.437
[epoch 36] lr=5.00e-04 train_loss=0.1731 train_corr=0.852 val_loss=0.8967 val_corr=0.407
[epoch 37] lr=5.00e-04 train_loss=0.1721 train_corr=0.853 val_loss=0.9151 val_corr=0.432
[epoch 38] lr=5.00e-04 train_loss=0.1706 train_corr=0.855 val_loss=0.9729 val_corr=0.423
[epoch 39] lr=5.00e-04 train_loss=0.1707 train_corr=0.855 val_loss=0.9702 val_corr=0.415
[epoch 40] lr=5.00e-04 train_loss=0.1692 train_corr=0.857 val_loss=1.0417 val_corr=0.377
[epoch 41] lr=5.00e-04 train_loss=0.1699 train_corr=0.856 val_loss=0.8700 val_corr=0.393
[epoch 42] lr=5.00e-04 train_loss=0.1672 train_corr=0.860 val_loss=0.8819 val_corr=0.416
[epoch 43] lr=5.00e-04 train_loss=0.1669 train_corr=0.860 val_loss=1.0399 val_corr=0.422
[epoch 44] lr=5.00e-04 train_loss=0.1677 train_corr=0.859 val_loss=0.9406 val_corr=0.436
[epoch 45] lr=5.00e-04 train_loss=0.1653 train_corr=0.863 val_loss=0.9133 val_corr=0.443
[epoch 46] lr=5.00e-04 train_loss=0.1655 train_corr=0.862 val_loss=0.9929 val_corr=0.429
[epoch 47] lr=5.00e-04 train_loss=0.1658 train_corr=0.862 val_loss=0.8360 val_corr=0.437
[epoch 48] lr=5.00e-04 train_loss=0.1649 train_corr=0.863 val_loss=1.0420 val_corr=0.423
[epoch 49] lr=5.00e-04 train_loss=0.1626 train_corr=0.866 val_loss=0.8756 val_corr=0.448
fold 7 done. checkpoint exists: True -> /home/shunya/research/dog-radar-vitals/runs/20260825-034840_ecg_rpeak_spatial_gnn_lodo295_posw10_fold7_test16/epoch_004.pt

=== fold 8: test_subject=17 val_subject=29 ===
train_subjects=[1, 2, 5, 9, 10, 13, 14, 16, 30]
[epoch 0] lr=5.00e-04 train_loss=0.7165 train_corr=0.406 val_loss=0.6544 val_corr=0.419
[epoch 1] lr=5.00e-04 train_loss=0.5181 train_corr=0.530 val_loss=0.6149 val_corr=0.432
[epoch 2] lr=5.00e-04 train_loss=0.4178 train_corr=0.595 val_loss=0.5760 val_corr=0.450
[epoch 3] lr=5.00e-04 train_loss=0.3636 train_corr=0.638 val_loss=0.6218 val_corr=0.418
[epoch 4] lr=5.00e-04 train_loss=0.3306 train_corr=0.667 val_loss=0.5770 val_corr=0.448
[epoch 5] lr=5.00e-04 train_loss=0.3057 train_corr=0.693 val_loss=0.5818 val_corr=0.466
[epoch 6] lr=5.00e-04 train_loss=0.2844 train_corr=0.715 val_loss=0.5881 val_corr=0.475
[epoch 7] lr=5.00e-04 train_loss=0.2744 train_corr=0.726 val_loss=0.5986 val_corr=0.495
[epoch 8] lr=5.00e-04 train_loss=0.2588 train_corr=0.742 val_loss=0.5751 val_corr=0.478
[epoch 9] lr=5.00e-04 train_loss=0.2506 train_corr=0.752 val_loss=0.6630 val_corr=0.469
[epoch 10] lr=5.00e-04 train_loss=0.2436 train_corr=0.760 val_loss=0.6457 val_corr=0.446
[epoch 11] lr=5.00e-04 train_loss=0.2336 train_corr=0.772 val_loss=0.6474 val_corr=0.463
[epoch 12] lr=5.00e-04 train_loss=0.2284 train_corr=0.779 val_loss=0.6865 val_corr=0.477
[epoch 13] lr=5.00e-04 train_loss=0.2232 train_corr=0.785 val_loss=0.7846 val_corr=0.470
[epoch 14] lr=5.00e-04 train_loss=0.2168 train_corr=0.793 val_loss=0.7034 val_corr=0.472
[epoch 15] lr=5.00e-04 train_loss=0.2151 train_corr=0.795 val_loss=0.6266 val_corr=0.476
[epoch 16] lr=5.00e-04 train_loss=0.2106 train_corr=0.801 val_loss=0.6325 val_corr=0.487
[epoch 17] lr=5.00e-04 train_loss=0.2046 train_corr=0.808 val_loss=0.7037 val_corr=0.441
[epoch 18] lr=5.00e-04 train_loss=0.2013 train_corr=0.813 val_loss=0.8061 val_corr=0.490
[epoch 19] lr=5.00e-04 train_loss=0.1988 train_corr=0.816 val_loss=0.7172 val_corr=0.439
[epoch 20] lr=5.00e-04 train_loss=0.1970 train_corr=0.818 val_loss=0.6989 val_corr=0.463
[epoch 21] lr=5.00e-04 train_loss=0.1957 train_corr=0.820 val_loss=0.7690 val_corr=0.479
[epoch 22] lr=5.00e-04 train_loss=0.1915 train_corr=0.826 val_loss=0.8563 val_corr=0.473
[epoch 23] lr=5.00e-04 train_loss=0.1921 train_corr=0.825 val_loss=0.8598 val_corr=0.465
[epoch 24] lr=5.00e-04 train_loss=0.1872 train_corr=0.831 val_loss=0.8290 val_corr=0.460
[epoch 25] lr=5.00e-04 train_loss=0.1871 train_corr=0.832 val_loss=0.8840 val_corr=0.460
[epoch 26] lr=5.00e-04 train_loss=0.1845 train_corr=0.834 val_loss=0.8501 val_corr=0.469
[epoch 27] lr=5.00e-04 train_loss=0.1835 train_corr=0.836 val_loss=0.9657 val_corr=0.460
[epoch 28] lr=5.00e-04 train_loss=0.1807 train_corr=0.840 val_loss=0.9379 val_corr=0.463
[epoch 29] lr=5.00e-04 train_loss=0.1801 train_corr=0.840 val_loss=0.8410 val_corr=0.482
[epoch 30] lr=5.00e-04 train_loss=0.1797 train_corr=0.841 val_loss=0.9456 val_corr=0.467
[epoch 31] lr=5.00e-04 train_loss=0.1776 train_corr=0.843 val_loss=0.8723 val_corr=0.474
[epoch 32] lr=5.00e-04 train_loss=0.1748 train_corr=0.848 val_loss=0.9059 val_corr=0.473
[epoch 33] lr=5.00e-04 train_loss=0.1752 train_corr=0.847 val_loss=0.9636 val_corr=0.464
[epoch 34] lr=5.00e-04 train_loss=0.1737 train_corr=0.849 val_loss=1.0245 val_corr=0.462
[epoch 35] lr=5.00e-04 train_loss=0.1734 train_corr=0.849 val_loss=0.7959 val_corr=0.472
[epoch 36] lr=5.00e-04 train_loss=0.1737 train_corr=0.849 val_loss=0.9969 val_corr=0.468
[epoch 37] lr=5.00e-04 train_loss=0.1706 train_corr=0.854 val_loss=0.9938 val_corr=0.457
[epoch 38] lr=5.00e-04 train_loss=0.1695 train_corr=0.855 val_loss=0.8879 val_corr=0.478
[epoch 39] lr=5.00e-04 train_loss=0.1685 train_corr=0.856 val_loss=0.9436 val_corr=0.490
[epoch 40] lr=5.00e-04 train_loss=0.1679 train_corr=0.857 val_loss=1.0173 val_corr=0.456
[epoch 41] lr=5.00e-04 train_loss=0.1664 train_corr=0.859 val_loss=0.9673 val_corr=0.454
[epoch 42] lr=5.00e-04 train_loss=0.1676 train_corr=0.858 val_loss=0.9054 val_corr=0.476
[epoch 43] lr=5.00e-04 train_loss=0.1678 train_corr=0.857 val_loss=0.9457 val_corr=0.486
[epoch 44] lr=5.00e-04 train_loss=0.1635 train_corr=0.862 val_loss=0.9408 val_corr=0.474
[epoch 45] lr=5.00e-04 train_loss=0.1640 train_corr=0.862 val_loss=1.0889 val_corr=0.455
[epoch 46] lr=5.00e-04 train_loss=0.1642 train_corr=0.862 val_loss=1.0021 val_corr=0.477
[epoch 47] lr=5.00e-04 train_loss=0.1638 train_corr=0.863 val_loss=0.8943 val_corr=0.474
[epoch 48] lr=5.00e-04 train_loss=0.1617 train_corr=0.865 val_loss=1.0635 val_corr=0.457
[epoch 49] lr=5.00e-04 train_loss=0.1616 train_corr=0.865 val_loss=1.0109 val_corr=0.485
fold 8 done. checkpoint exists: True -> /home/shunya/research/dog-radar-vitals/runs/20260825-040807_ecg_rpeak_spatial_gnn_lodo295_posw10_fold8_test17/epoch_004.pt

=== fold 9: test_subject=29 val_subject=30 ===
train_subjects=[1, 2, 5, 9, 10, 13, 14, 16, 17]
[epoch 0] lr=5.00e-04 train_loss=0.7167 train_corr=0.399 val_loss=0.6565 val_corr=0.442
[epoch 1] lr=5.00e-04 train_loss=0.5200 train_corr=0.527 val_loss=0.5537 val_corr=0.483
[epoch 2] lr=5.00e-04 train_loss=0.4178 train_corr=0.589 val_loss=0.5134 val_corr=0.503
[epoch 3] lr=5.00e-04 train_loss=0.3564 train_corr=0.639 val_loss=0.5472 val_corr=0.492
[epoch 4] lr=5.00e-04 train_loss=0.3197 train_corr=0.672 val_loss=0.6353 val_corr=0.454
[epoch 5] lr=5.00e-04 train_loss=0.2932 train_corr=0.699 val_loss=0.6114 val_corr=0.479
[epoch 6] lr=5.00e-04 train_loss=0.2743 train_corr=0.720 val_loss=0.6259 val_corr=0.454
[epoch 7] lr=5.00e-04 train_loss=0.2579 train_corr=0.739 val_loss=0.5617 val_corr=0.496
[epoch 8] lr=5.00e-04 train_loss=0.2490 train_corr=0.749 val_loss=0.6744 val_corr=0.458
[epoch 9] lr=5.00e-04 train_loss=0.2383 train_corr=0.762 val_loss=0.6003 val_corr=0.479
[epoch 10] lr=5.00e-04 train_loss=0.2312 train_corr=0.770 val_loss=0.7494 val_corr=0.463
[epoch 11] lr=5.00e-04 train_loss=0.2231 train_corr=0.780 val_loss=0.7157 val_corr=0.454
[epoch 12] lr=5.00e-04 train_loss=0.2182 train_corr=0.786 val_loss=0.7216 val_corr=0.473
[epoch 13] lr=5.00e-04 train_loss=0.2122 train_corr=0.794 val_loss=0.7467 val_corr=0.449
[epoch 14] lr=5.00e-04 train_loss=0.2086 train_corr=0.798 val_loss=0.7268 val_corr=0.447
[epoch 15] lr=5.00e-04 train_loss=0.2034 train_corr=0.804 val_loss=0.6705 val_corr=0.467
[epoch 16] lr=5.00e-04 train_loss=0.2036 train_corr=0.805 val_loss=0.8125 val_corr=0.455
[epoch 17] lr=5.00e-04 train_loss=0.1969 train_corr=0.813 val_loss=0.7267 val_corr=0.457
[epoch 18] lr=5.00e-04 train_loss=0.1963 train_corr=0.813 val_loss=0.7608 val_corr=0.436
[epoch 19] lr=5.00e-04 train_loss=0.1899 train_corr=0.822 val_loss=0.7217 val_corr=0.464
[epoch 20] lr=5.00e-04 train_loss=0.1882 train_corr=0.824 val_loss=0.9483 val_corr=0.423
[epoch 21] lr=5.00e-04 train_loss=0.1875 train_corr=0.825 val_loss=0.7865 val_corr=0.469
[epoch 22] lr=5.00e-04 train_loss=0.1874 train_corr=0.825 val_loss=0.7873 val_corr=0.474
[epoch 23] lr=5.00e-04 train_loss=0.1846 train_corr=0.829 val_loss=0.8285 val_corr=0.438
[epoch 24] lr=5.00e-04 train_loss=0.1793 train_corr=0.836 val_loss=0.9905 val_corr=0.438
[epoch 25] lr=5.00e-04 train_loss=0.1772 train_corr=0.839 val_loss=0.8258 val_corr=0.454
[epoch 26] lr=5.00e-04 train_loss=0.1757 train_corr=0.841 val_loss=0.8497 val_corr=0.474
[epoch 27] lr=5.00e-04 train_loss=0.1751 train_corr=0.842 val_loss=0.8170 val_corr=0.449
[epoch 28] lr=5.00e-04 train_loss=0.1728 train_corr=0.844 val_loss=0.7722 val_corr=0.478
[epoch 29] lr=5.00e-04 train_loss=0.1718 train_corr=0.846 val_loss=0.9909 val_corr=0.430
[epoch 30] lr=5.00e-04 train_loss=0.1701 train_corr=0.849 val_loss=0.8019 val_corr=0.469
[epoch 31] lr=5.00e-04 train_loss=0.1699 train_corr=0.849 val_loss=0.9584 val_corr=0.429
[epoch 32] lr=5.00e-04 train_loss=0.1719 train_corr=0.846 val_loss=0.8357 val_corr=0.442
[epoch 33] lr=5.00e-04 train_loss=0.1686 train_corr=0.851 val_loss=0.9696 val_corr=0.406
[epoch 34] lr=5.00e-04 train_loss=0.1684 train_corr=0.850 val_loss=0.8754 val_corr=0.458
[epoch 35] lr=5.00e-04 train_loss=0.1663 train_corr=0.854 val_loss=1.0888 val_corr=0.385
[epoch 36] lr=5.00e-04 train_loss=0.1651 train_corr=0.856 val_loss=0.8593 val_corr=0.433
[epoch 37] lr=5.00e-04 train_loss=0.1635 train_corr=0.858 val_loss=1.1217 val_corr=0.418
[epoch 38] lr=5.00e-04 train_loss=0.1628 train_corr=0.859 val_loss=1.0233 val_corr=0.417
[epoch 39] lr=5.00e-04 train_loss=0.1602 train_corr=0.862 val_loss=0.9536 val_corr=0.446
[epoch 40] lr=5.00e-04 train_loss=0.1612 train_corr=0.861 val_loss=1.0937 val_corr=0.414
[epoch 41] lr=5.00e-04 train_loss=0.1601 train_corr=0.862 val_loss=0.9473 val_corr=0.414
[epoch 42] lr=5.00e-04 train_loss=0.1586 train_corr=0.864 val_loss=1.0373 val_corr=0.436
[epoch 43] lr=5.00e-04 train_loss=0.1592 train_corr=0.864 val_loss=0.8919 val_corr=0.426
[epoch 44] lr=5.00e-04 train_loss=0.1667 train_corr=0.853 val_loss=1.0657 val_corr=0.422
[epoch 45] lr=5.00e-04 train_loss=0.1578 train_corr=0.866 val_loss=0.9998 val_corr=0.443
[epoch 46] lr=5.00e-04 train_loss=0.1574 train_corr=0.867 val_loss=1.0401 val_corr=0.430
[epoch 47] lr=5.00e-04 train_loss=0.1574 train_corr=0.866 val_loss=1.1002 val_corr=0.416
[epoch 48] lr=5.00e-04 train_loss=0.1557 train_corr=0.869 val_loss=1.0270 val_corr=0.424
[epoch 49] lr=5.00e-04 train_loss=0.1550 train_corr=0.870 val_loss=1.0812 val_corr=0.424
fold 9 done. checkpoint exists: True -> /home/shunya/research/dog-radar-vitals/runs/20260825-042609_ecg_rpeak_spatial_gnn_lodo295_posw10_fold9_test29/epoch_004.pt

=== fold 10: test_subject=30 val_subject=1 ===
train_subjects=[2, 5, 9, 10, 13, 14, 16, 17, 29]
[epoch 0] lr=5.00e-04 train_loss=0.6757 train_corr=0.436 val_loss=0.5787 val_corr=0.435
[epoch 1] lr=5.00e-04 train_loss=0.4694 train_corr=0.552 val_loss=0.5077 val_corr=0.485
[epoch 2] lr=5.00e-04 train_loss=0.3861 train_corr=0.604 val_loss=0.7071 val_corr=0.390
[epoch 3] lr=5.00e-04 train_loss=0.3392 train_corr=0.646 val_loss=0.6201 val_corr=0.387
[epoch 4] lr=5.00e-04 train_loss=0.3075 train_corr=0.678 val_loss=0.5117 val_corr=0.454
[epoch 5] lr=5.00e-04 train_loss=0.2878 train_corr=0.700 val_loss=0.7306 val_corr=0.342
[epoch 6] lr=5.00e-04 train_loss=0.2719 train_corr=0.719 val_loss=0.7650 val_corr=0.343
[epoch 7] lr=5.00e-04 train_loss=0.2576 train_corr=0.736 val_loss=0.7938 val_corr=0.347
[epoch 8] lr=5.00e-04 train_loss=0.2491 train_corr=0.747 val_loss=0.7606 val_corr=0.340
[epoch 9] lr=5.00e-04 train_loss=0.2390 train_corr=0.759 val_loss=0.8284 val_corr=0.319
[epoch 10] lr=5.00e-04 train_loss=0.2328 train_corr=0.767 val_loss=0.9072 val_corr=0.317
[epoch 11] lr=5.00e-04 train_loss=0.2272 train_corr=0.774 val_loss=0.7893 val_corr=0.333
[epoch 12] lr=5.00e-04 train_loss=0.2215 train_corr=0.781 val_loss=0.9375 val_corr=0.282
[epoch 13] lr=5.00e-04 train_loss=0.2162 train_corr=0.790 val_loss=0.9652 val_corr=0.312
[epoch 14] lr=5.00e-04 train_loss=0.2117 train_corr=0.795 val_loss=0.8954 val_corr=0.315
[epoch 15] lr=5.00e-04 train_loss=0.2071 train_corr=0.801 val_loss=0.9416 val_corr=0.314
[epoch 16] lr=5.00e-04 train_loss=0.2028 train_corr=0.806 val_loss=0.9071 val_corr=0.304
[epoch 17] lr=5.00e-04 train_loss=0.2008 train_corr=0.811 val_loss=0.9379 val_corr=0.330
[epoch 18] lr=5.00e-04 train_loss=0.1967 train_corr=0.815 val_loss=1.0108 val_corr=0.277
[epoch 19] lr=5.00e-04 train_loss=0.1939 train_corr=0.819 val_loss=0.8038 val_corr=0.342
[epoch 20] lr=5.00e-04 train_loss=0.1928 train_corr=0.821 val_loss=1.0794 val_corr=0.278
[epoch 21] lr=5.00e-04 train_loss=0.1887 train_corr=0.827 val_loss=1.1165 val_corr=0.273
[epoch 22] lr=5.00e-04 train_loss=0.1866 train_corr=0.829 val_loss=1.2540 val_corr=0.230
[epoch 23] lr=5.00e-04 train_loss=0.1863 train_corr=0.831 val_loss=1.2032 val_corr=0.271
[epoch 24] lr=5.00e-04 train_loss=0.1844 train_corr=0.833 val_loss=1.0824 val_corr=0.282
[epoch 25] lr=5.00e-04 train_loss=0.1822 train_corr=0.836 val_loss=1.2187 val_corr=0.296
[epoch 26] lr=5.00e-04 train_loss=0.1819 train_corr=0.836 val_loss=1.1760 val_corr=0.281
[epoch 27] lr=5.00e-04 train_loss=0.1794 train_corr=0.840 val_loss=1.3432 val_corr=0.253
[epoch 28] lr=5.00e-04 train_loss=0.1795 train_corr=0.840 val_loss=1.0742 val_corr=0.303
[epoch 29] lr=5.00e-04 train_loss=0.1774 train_corr=0.843 val_loss=1.1012 val_corr=0.307
[epoch 30] lr=5.00e-04 train_loss=0.1745 train_corr=0.847 val_loss=1.3117 val_corr=0.266
[epoch 31] lr=5.00e-04 train_loss=0.1741 train_corr=0.847 val_loss=1.4433 val_corr=0.266
[epoch 32] lr=5.00e-04 train_loss=0.1733 train_corr=0.848 val_loss=1.0515 val_corr=0.334
[epoch 33] lr=5.00e-04 train_loss=0.1727 train_corr=0.849 val_loss=1.3555 val_corr=0.235
[epoch 34] lr=5.00e-04 train_loss=0.1702 train_corr=0.853 val_loss=1.3431 val_corr=0.263
[epoch 35] lr=5.00e-04 train_loss=0.1686 train_corr=0.855 val_loss=1.2270 val_corr=0.273
[epoch 36] lr=5.00e-04 train_loss=0.1693 train_corr=0.854 val_loss=1.1626 val_corr=0.286
[epoch 37] lr=5.00e-04 train_loss=0.1674 train_corr=0.857 val_loss=1.2092 val_corr=0.251
[epoch 38] lr=5.00e-04 train_loss=0.1680 train_corr=0.855 val_loss=1.3590 val_corr=0.232
[epoch 39] lr=5.00e-04 train_loss=0.1662 train_corr=0.858 val_loss=1.3590 val_corr=0.264
[epoch 40] lr=5.00e-04 train_loss=0.1649 train_corr=0.860 val_loss=1.2749 val_corr=0.287
[epoch 41] lr=5.00e-04 train_loss=0.1655 train_corr=0.859 val_loss=1.2485 val_corr=0.248
[epoch 42] lr=5.00e-04 train_loss=0.1651 train_corr=0.860 val_loss=1.3954 val_corr=0.262
[epoch 43] lr=5.00e-04 train_loss=0.1734 train_corr=0.850 val_loss=1.3882 val_corr=0.256
[epoch 44] lr=5.00e-04 train_loss=0.1622 train_corr=0.864 val_loss=1.2937 val_corr=0.280
[epoch 45] lr=5.00e-04 train_loss=0.1622 train_corr=0.864 val_loss=1.4408 val_corr=0.238
[epoch 46] lr=5.00e-04 train_loss=0.1618 train_corr=0.864 val_loss=1.4449 val_corr=0.276
[epoch 47] lr=5.00e-04 train_loss=0.1600 train_corr=0.867 val_loss=1.2540 val_corr=0.286
[epoch 48] lr=5.00e-04 train_loss=0.1606 train_corr=0.866 val_loss=1.5271 val_corr=0.209
[epoch 49] lr=5.00e-04 train_loss=0.1598 train_corr=0.867 val_loss=1.3767 val_corr=0.207
fold 10 done. checkpoint exists: True -> /home/shunya/research/dog-radar-vitals/runs/20260825-044142_ecg_rpeak_spatial_gnn_lodo295_posw10_fold10_test30/epoch_004.pt

=== LOSO 学習完了: 11 fold ===
run 一覧: /home/shunya/research/dog-radar-vitals/reports/lodo295_posw10_cv_runs.json
次は evaluate_spatial_gnn_hrv.py を fold ごとに --test_subjects つきで回す(キュー014)
