 subj     正解拍     見逃し    (a)抑制     (b)山が低い    (c)その他      抑制の割合
    1     391      23        0          23         0       0.0%
    2     476      54        1          53         0       1.9%
    5    2874    1665        4        1661         0       0.2%
    9    1216    1128        0        1128         0       0.0%
   10     657     239        1         238         0       0.4%
   13    1098     267        2         265         0       0.7%
   14    1832     833        6         827         0       0.7%
   16    1514     773       13         760         0       1.7%
   17    1720     151        2         149         0       1.3%
   29    5221    1622       80        1542         0       4.9%
   30    2675     148       12         136         0       8.1%

=== 全体 (h=0.3, 許容150ms) ===
  正解拍              19674
  見逃し               6903  (35.1% of 正解拍)
  (a) distance に抑制された      121  (1.8% of 見逃し, 0.62% of 正解拍)
  (b) しきい値を超える山がない    6782  (98.2% of 見逃し)
  (c) その他                       0  (0.0% of 見逃し)

  → distance 制約はほとんど悪さをしていない。見逃しの主因は (b)、
     つまり **モデルがそこに山を出せていない**。後段では取り返せない。

保存: /home/shunya/research/dog-radar-vitals/reports/peak_suppression_h0.30_284.json
