キャッシュ 284: 91 トライアル / 被験者 11 名
  群A [1, 5, 10, 14, 17, 30]   群B [2, 9, 13, 16, 29]

組み合わせ 2688 通りを評価する

  100/2688 …
  200/2688 …
  300/2688 …
  400/2688 …
  500/2688 …
  600/2688 …
  700/2688 …
  800/2688 …
  900/2688 …
  1000/2688 …
  1100/2688 …
  1200/2688 …
  1300/2688 …
  1400/2688 …
  1500/2688 …
  1600/2688 …
  1700/2688 …
  1800/2688 …
  1900/2688 …
  2000/2688 …
  2100/2688 …
  2200/2688 …
  2300/2688 …
  2400/2688 …
  2500/2688 …
  2600/2688 …

================================================================================================
RMSSD 誤差が小さい順（群A で選び、群B で報告）
================================================================================================
     平滑         選択     h         補正     RR後処理      ジッタ補正 |      選んだ側       報告する側     F1(報告側)
     20  threshold  0.15 centroid110    kubios          0 |      7.79       20.17       0.718
     20   interval  0.30 centroid110    kubios          0 |      7.90       16.93       0.735
     20  threshold  0.15 centroid85    kubios          0 |      7.93       20.56       0.716
      0  threshold  0.20 centroid110    kubios          0 |      7.96       13.42       0.719
     10   interval  0.30 centroid85    kubios          0 |      7.99       25.77       0.763
     10   interval  0.30 centroid110    kubios          0 |      8.11       23.42       0.766
     20  threshold  0.15 centroid85    kubios          0 |      8.13       18.37       0.715
      5   interval  0.30 centroid110    kubios          0 |      8.24       21.96       0.772
     20   interval  0.20 centroid110    kubios          0 |      8.25       22.00       0.775
     10  threshold  0.20 centroid110    kubios          0 |      8.32       20.32       0.703
     10  threshold  0.20 centroid110    kubios          4 |      8.32       23.71       0.703
      5   interval  0.30 centroid85    kubios          0 |      8.41       22.20       0.769

================================================================================================
RMSSD 誤差が小さい順（群B で選び、群A で報告）
================================================================================================
     平滑         選択     h         補正     RR後処理      ジッタ補正 |      選んだ側       報告する側     F1(報告側)
      5   interval  0.20 centroid85   median3          0 |      8.68       15.64       0.408
     20   interval  0.20 centroid50   median3          0 |      8.84       15.98       0.405
     20   interval  0.20 centroid85   median3          0 |      9.10       15.95       0.402
      5   interval  0.20 centroid85   median3          0 |      9.18       15.58       0.414
     10  threshold  0.20 centroid110   median3          2 |      9.18       15.68       0.424
     10  threshold  0.20 centroid110   median3          4 |      9.24       15.68       0.424
     20   interval  0.20 centroid85   median3          2 |      9.29       14.94       0.402
     20   interval  0.20 centroid110   median3          0 |      9.30       15.89       0.450
      0   interval  0.20 centroid85   median3          0 |      9.30       15.10       0.378
      0   interval  0.20 centroid50   median3          0 |      9.32       15.07       0.418
     20   interval  0.20 centroid85   median3          0 |      9.32       16.20       0.417
     10  threshold  0.15  parabolic   median3          6 |      9.37       13.37       0.399

================================================================================================
F1 が高い順（群A で選び、群B で報告）
================================================================================================
     平滑         選択     h         補正     RR後処理      ジッタ補正 |      選んだ側       報告する側     F1(報告側)
      5   interval  0.30 centroid110      none          0 |      0.92        0.77       0.769
      5   interval  0.30 centroid110      none          2 |      0.92        0.77       0.769
      5   interval  0.30 centroid110      none          4 |      0.92        0.77       0.769
      5   interval  0.30 centroid110      none          6 |      0.92        0.77       0.769
     20   interval  0.20 centroid110      none          0 |      0.91        0.77       0.770
     20   interval  0.20 centroid110      none          2 |      0.91        0.77       0.770
     20   interval  0.20 centroid110      none          4 |      0.91        0.77       0.770
     20   interval  0.20 centroid110      none          6 |      0.91        0.77       0.770
      5   interval  0.30 centroid85      none          0 |      0.91        0.77       0.765
      5   interval  0.30 centroid85      none          2 |      0.91        0.77       0.765
      5   interval  0.30 centroid85      none          4 |      0.91        0.77       0.765
      5   interval  0.30 centroid85      none          6 |      0.91        0.77       0.765

=== 現行の採用構成（線形しきい値 h=0.30・重心85ms・後処理なし）===
  群A: F1 0.801  RR 13.12  RMSSD 9.44  (一定RR 46.85)
  群B: F1 0.641  RR 16.25  RMSSD 23.03  (一定RR 34.61)

保存: /home/shunya/research/dog-radar-vitals/reports/postprocess_search_284.json
