device: cuda
  被験者   1 トライアル   1: 長さ   35505 拍  201
  被験者   1 トライアル   2: 長さ   35505 拍  190
  被験者   2 トライアル   3: 長さ   35505 拍  238
  被験者   2 トライアル   4: 長さ   35505 拍  238
  被験者   5 トライアル   5: 長さ   35505 拍  234
  被験者   5 トライアル   6: 長さ   35505 拍  214
  被験者   5 トライアル   7: 長さ   35505 拍  247
  被験者   5 トライアル   8: 長さ   35505 拍  234
  被験者   5 トライアル   9: 長さ   35505 拍  237
  被験者   5 トライアル  10: 長さ   35505 拍  247
  被験者   5 トライアル  11: 長さ   35505 拍  230
  被験者   5 トライアル  12: 長さ   35505 拍  245
  被験者   5 トライアル  13: 長さ   35505 拍  238
  被験者   5 トライアル  14: 長さ   35505 拍  267
  被験者   5 トライアル  15: 長さ   35505 拍  224
  被験者   5 トライアル  16: 長さ   35505 拍  257
  被験者   9 トライアル  17: 長さ   35505 拍  195
  被験者   9 トライアル  18: 長さ   35505 拍  201
  被験者   9 トライアル  19: 長さ   35505 拍  195
  被験者   9 トライアル  20: 長さ   35505 拍  208
  被験者   9 トライアル  21: 長さ   35505 拍  217
  被験者   9 トライアル  22: 長さ   35505 拍  200
  被験者  10 トライアル  23: 長さ   35505 拍  216
  被験者  10 トライアル  24: 長さ   35505 拍  202
  被験者  10 トライアル  25: 長さ   35505 拍  239
  被験者  13 トライアル  26: 長さ   35505 拍  179
  被験者  13 トライアル  27: 長さ   35505 拍  196
  被験者  13 トライアル  28: 長さ   35505 拍  174
  被験者  13 トライアル  29: 長さ   35505 拍  177
  被験者  13 トライアル  30: 長さ   35505 拍  169
  被験者  13 トライアル  31: 長さ   35505 拍  203
  被験者  14 トライアル  32: 長さ   35505 拍  172
  被験者  14 トライアル  33: 長さ   35505 拍  220
  被験者  14 トライアル  34: 長さ   35505 拍  181
  被験者  14 トライアル  35: 長さ   35505 拍  220
  被験者  14 トライアル  36: 長さ   35505 拍  191
  被験者  14 トライアル  37: 長さ   35505 拍  186
  被験者  14 トライアル  38: 長さ   35505 拍  217
  被験者  14 トライアル  39: 長さ   35505 拍  231
  被験者  14 トライアル  40: 長さ   35505 拍  214
  被験者  16 トライアル  41: 長さ   35505 拍  230
  被験者  16 トライアル  42: 長さ   35505 拍  207
  被験者  16 トライアル  43: 長さ   35505 拍  209
  被験者  16 トライアル  44: 長さ   35505 拍  231
  被験者  16 トライアル  45: 長さ   35505 拍  224
  被験者  16 トライアル  46: 長さ   35505 拍  202
  被験者  16 トライアル  47: 長さ   35505 拍  211
  被験者  17 トライアル  48: 長さ   35505 拍  192
  被験者  17 トライアル  49: 長さ   35505 拍  200
  被験者  17 トライアル  50: 長さ   35505 拍  189
  被験者  17 トライアル  51: 長さ   35505 拍  179
  被験者  17 トライアル  52: 長さ   35505 拍  177
  被験者  17 トライアル  53: 長さ   35505 拍  172
  被験者  17 トライアル  54: 長さ   35505 拍  175
  被験者  17 トライアル  55: 長さ   35505 拍  171
  被験者  17 トライアル  56: 長さ   35505 拍  265
  被験者  29 トライアル  57: 長さ   35505 拍  213
  被験者  29 トライアル  58: 長さ   35505 拍  225
  被験者  29 トライアル  59: 長さ   35505 拍  230
  被験者  29 トライアル  60: 長さ   35505 拍  212
  被験者  29 トライアル  61: 長さ   35505 拍  218
  被験者  29 トライアル  62: 長さ   35505 拍  216
  被験者  29 トライアル  63: 長さ   35505 拍  218
  被験者  29 トライアル  64: 長さ   35505 拍  235
  被験者  29 トライアル  65: 長さ   35505 拍  188
  被験者  29 トライアル  66: 長さ   35505 拍  232
  被験者  29 トライアル  67: 長さ   35505 拍  217
  被験者  29 トライアル  68: 長さ   35505 拍  246
  被験者  29 トライアル  69: 長さ   35505 拍  238
  被験者  29 トライアル  70: 長さ   35505 拍  236
  被験者  29 トライアル  71: 長さ   35505 拍  229
  被験者  29 トライアル  72: 長さ   35505 拍  230
  被験者  29 トライアル  73: 長さ   35505 拍  232
  被験者  29 トライアル  74: 長さ   35505 拍  227
  被験者  29 トライアル  75: 長さ   35505 拍  230
  被験者  29 トライアル  76: 長さ   35505 拍  225
  被験者  29 トライアル  77: 長さ   35505 拍  227
  被験者  29 トライアル  78: 長さ   35505 拍  225
  被験者  29 トライアル  79: 長さ   35505 拍  272
  被験者  30 トライアル  80: 長さ   35505 拍  191
  被験者  30 トライアル  81: 長さ   35505 拍  191
  被験者  30 トライアル  82: 長さ   35505 拍  198
  被験者  30 トライアル  83: 長さ   35505 拍  225
  被験者  30 トライアル  84: 長さ   35505 拍  210
  被験者  30 トライアル  85: 長さ   35505 拍  195
  被験者  30 トライアル  86: 長さ   35505 拍  186
  被験者  30 トライアル  87: 長さ   35505 拍  193
  被験者  30 トライアル  88: 長さ   35505 拍  220
  被験者  30 トライアル  89: 長さ   35505 拍  293
  被験者  30 トライアル  90: 長さ   35505 拍  273
  被験者  30 トライアル  91: 長さ   35505 拍  300

91 トライアルを保存: /home/shunya/research/dog-radar-vitals/cache/heatmaps/284  (11.7 MB)
後段の試行錯誤は、これを読むだけで済む（推論は不要）
