=== Anchor CNN(旧ラベル) rhythmic法 vs legacy GT ===
step_sec=1.0 (200 samples) -> detection latency up to 1000ms + window_sec=4.0s worth of receptive context
trial 48: precision=0.966 recall=0.446 f1=0.610 rr_mae_ms=23.470588235294116
trial 49: precision=0.858 recall=0.815 f1=0.836 rr_mae_ms=5.833333333333333
trial 50: precision=0.825 recall=0.746 f1=0.783 rr_mae_ms=6.071428571428571
trial 51: precision=0.486 recall=0.486 f1=0.486 rr_mae_ms=10.406976744186046
trial 52: precision=0.810 recall=0.746 f1=0.776 rr_mae_ms=16.564885496183198
trial 53: precision=0.942 recall=0.942 f1=0.942 rr_mae_ms=13.05555555555555
trial 54: precision=0.850 recall=0.520 f1=0.645 rr_mae_ms=11.05555555555555
trial 55: precision=0.540 recall=0.474 f1=0.505 rr_mae_ms=11.125000000000002
trial 56: precision=0.219 recall=0.080 f1=0.117 rr_mae_ms=37.75
trial 57: precision=0.089 recall=0.034 f1=0.049 rr_mae_ms=50.0
trial 58: precision=0.552 recall=0.164 f1=0.253 rr_mae_ms=5.138888888888889
trial 59: precision=0.319 recall=0.222 f1=0.262 rr_mae_ms=19.9
trial 60: precision=0.857 recall=0.764 f1=0.808 rr_mae_ms=12.453416149068323
trial 61: precision=0.302 recall=0.238 f1=0.266 rr_mae_ms=8.0
trial 62: precision=0.950 recall=0.696 f1=0.803 rr_mae_ms=9.633333333333333
trial 63: precision=0.211 recall=0.092 f1=0.128 rr_mae_ms=22.631578947368517
trial 64: precision=0.818 recall=0.343 f1=0.484 rr_mae_ms=20.4375
trial 65: precision=0.628 recall=0.521 f1=0.570 rr_mae_ms=33.45360824742267
trial 66: precision=0.679 recall=0.236 f1=0.350 rr_mae_ms=16.48148148148148
trial 67: precision=0.826 recall=0.413 f1=0.550 rr_mae_ms=19.04494382022472
trial 68: precision=0.951 recall=0.472 f1=0.630 rr_mae_ms=12.26086956521739
trial 69: precision=0.451 recall=0.269 f1=0.337 rr_mae_ms=18.333333333333318
trial 70: precision=0.712 recall=0.177 f1=0.284 rr_mae_ms=21.463414634146343
trial 71: precision=0.667 recall=0.365 f1=0.472 rr_mae_ms=20.36144578313253
trial 72: precision=0.696 recall=0.307 f1=0.426 rr_mae_ms=30.142857142857142
trial 73: precision=0.847 recall=0.431 f1=0.571 rr_mae_ms=24.747474747474747
trial 74: precision=0.912 recall=0.687 f1=0.784 rr_mae_ms=20.70967741935484
trial 75: precision=0.051 recall=0.022 f1=0.030 rr_mae_ms=32.5
trial 76: precision=0.608 recall=0.274 f1=0.378 rr_mae_ms=6.721311475409836
trial 77: precision=0.894 recall=0.445 f1=0.594 rr_mae_ms=24.2
trial 78: precision=0.914 recall=0.471 f1=0.622 rr_mae_ms=25.142857142857142
trial 79: precision=0.723 recall=0.125 f1=0.212 rr_mae_ms=9.545454545454533
trial 80: precision=0.942 recall=0.589 f1=0.724 rr_mae_ms=10.9375
trial 81: precision=0.959 recall=0.490 f1=0.648 rr_mae_ms=13.118279569892469
trial 82: precision=0.773 recall=0.427 f1=0.550 rr_mae_ms=7.678571428571429
trial 83: precision=0.825 recall=0.376 f1=0.517 rr_mae_ms=7.142857142857143
trial 84: precision=0.942 recall=0.929 f1=0.936 rr_mae_ms=11.025641025641026
trial 85: precision=0.913 recall=0.913 f1=0.913 rr_mae_ms=4.576271186440677
trial 86: precision=0.967 recall=0.946 f1=0.957 rr_mae_ms=12.457142857142857
trial 87: precision=0.198 recall=0.098 f1=0.131 rr_mae_ms=29.72222222222223
trial 88: precision=0.857 recall=0.327 f1=0.474 rr_mae_ms=13.873239436619718
trial 89: precision=0.196 recall=0.119 f1=0.148 rr_mae_ms=22.941176470588236
trial 90: precision=0.365 recall=0.084 f1=0.137 rr_mae_ms=24.545454545454525
trial 91: precision=0.465 recall=0.067 f1=0.117 rr_mae_ms=35.526315789473664
======================================================================
edge-online-fused RR-interval MAE (mean over 44 trials): 18.00 ms
mean F1 over trials: 0.496
=== 空間GNN(旧ラベル) rhythmic法 vs legacy GT ===
trial 48: precision=0.729 recall=0.363 f1=0.484 rr_mae_ms=10.072463768115941
trial 49: precision=0.561 recall=0.345 f1=0.427 rr_mae_ms=10.073529411764707
trial 50: precision=0.818 recall=0.810 f1=0.814 rr_mae_ms=13.618421052631579
trial 51: precision=0.404 recall=0.330 f1=0.363 rr_mae_ms=18.017241379310345
trial 52: precision=0.919 recall=0.768 f1=0.837 rr_mae_ms=12.111111111111107
trial 53: precision=0.319 recall=0.301 f1=0.310 rr_mae_ms=7.549019607843155
trial 54: precision=0.333 recall=0.263 f1=0.294 rr_mae_ms=11.666666666666659
trial 55: precision=0.408 recall=0.374 f1=0.390 rr_mae_ms=11.904761904761909
trial 56: precision=0.235 recall=0.233 f1=0.234 rr_mae_ms=13.583333333333334
trial 57: precision=0.145 recall=0.053 f1=0.077 rr_mae_ms=7.5
trial 58: precision=0.210 recall=0.058 f1=0.091 rr_mae_ms=21.25000000000004
trial 59: precision=0.770 recall=0.726 f1=0.747 rr_mae_ms=7.409638554216867
trial 60: precision=0.804 recall=0.755 f1=0.779 rr_mae_ms=15.817610062893081
trial 61: precision=0.005 recall=0.005 f1=0.005 rr_mae_ms=None
trial 62: precision=0.995 recall=1.000 f1=0.998 rr_mae_ms=23.14814814814815
trial 63: precision=0.007 recall=0.005 f1=0.006 rr_mae_ms=None
trial 64: precision=1.000 recall=1.000 f1=1.000 rr_mae_ms=14.404255319148936
trial 65: precision=0.257 recall=0.202 f1=0.226 rr_mae_ms=13.378378378378379
trial 66: precision=1.000 recall=0.987 f1=0.994 rr_mae_ms=7.008733624454148
trial 67: precision=0.554 recall=0.518 f1=0.536 rr_mae_ms=12.857142857142858
trial 68: precision=0.941 recall=0.841 f1=0.888 rr_mae_ms=7.475728155339806
trial 69: precision=0.886 recall=0.878 f1=0.882 rr_mae_ms=12.307692307692308
trial 70: precision=0.742 recall=0.654 f1=0.695 rr_mae_ms=7.564935064935065
trial 71: precision=0.607 recall=0.309 f1=0.409 rr_mae_ms=20.642857142857142
trial 72: precision=0.558 recall=0.208 f1=0.303 rr_mae_ms=9.787234042553191
trial 73: precision=0.839 recall=0.784 f1=0.811 rr_mae_ms=17.07182320441989
trial 74: precision=0.750 recall=0.727 f1=0.738 rr_mae_ms=18.841463414634145
trial 75: precision=0.296 recall=0.242 f1=0.267 rr_mae_ms=5.2727272727272725
trial 76: precision=0.759 recall=0.765 f1=0.762 rr_mae_ms=9.476744186046512
trial 77: precision=0.839 recall=0.872 f1=0.855 rr_mae_ms=11.01522842639594
trial 78: precision=0.961 recall=0.973 f1=0.967 rr_mae_ms=11.605504587155963
trial 79: precision=0.760 recall=0.209 f1=0.328 rr_mae_ms=7.053571428571429
trial 80: precision=1.000 recall=1.000 f1=1.000 rr_mae_ms=8.848167539267015
trial 81: precision=0.971 recall=0.354 f1=0.519 rr_mae_ms=10.373134328358208
trial 82: precision=0.983 recall=0.854 f1=0.914 rr_mae_ms=6.3609467455621305
trial 83: precision=0.306 recall=0.292 f1=0.299 rr_mae_ms=8.615384615384615
trial 84: precision=0.897 recall=0.825 f1=0.859 rr_mae_ms=5.809248554913295
trial 85: precision=0.988 recall=0.846 f1=0.912 rr_mae_ms=9.634146341463415
trial 86: precision=0.902 recall=0.694 f1=0.784 rr_mae_ms=5.9374999999999964
trial 87: precision=0.000 recall=0.000 f1=0.000 rr_mae_ms=None
trial 88: precision=0.535 recall=0.241 f1=0.332 rr_mae_ms=23.076923076923077
trial 89: precision=0.019 recall=0.007 f1=0.010 rr_mae_ms=40.0
trial 90: precision=0.716 recall=0.388 f1=0.504 rr_mae_ms=33.19047619047619
trial 91: precision=0.732 recall=0.347 f1=0.471 rr_mae_ms=10.0
======================================================================
mean F1: 0.548
RR-interval MAE (mean over 41 trials): 12.96 ms
HRV usable: 43/44, RMSSD MAE: 21.22 ms, SDNN MAE: 11.22 ms
=== Anchor CNN(旧ラベル) rhythmic法 vs neurokit GT(公平比較用) ===
step_sec=1.0 (200 samples) -> detection latency up to 1000ms + window_sec=4.0s worth of receptive context
trial 48: precision=0.955 recall=0.443 f1=0.605 rr_mae_ms=22.61904761904762
trial 49: precision=0.853 recall=0.810 f1=0.831 rr_mae_ms=5.77639751552795
trial 50: precision=0.842 recall=0.762 f1=0.800 rr_mae_ms=6.223776223776224
trial 51: precision=0.486 recall=0.486 f1=0.486 rr_mae_ms=10.872093023255813
trial 52: precision=0.840 recall=0.774 f1=0.806 rr_mae_ms=15.882352941176464
trial 53: precision=0.965 recall=0.971 f1=0.968 rr_mae_ms=13.102409638554212
trial 54: precision=0.897 recall=0.549 f1=0.681 rr_mae_ms=10.894736842105257
trial 55: precision=0.907 recall=0.795 f1=0.847 rr_mae_ms=10.555555555555559
trial 56: precision=0.865 recall=0.313 f1=0.460 rr_mae_ms=22.4390243902439
trial 57: precision=0.076 recall=0.028 f1=0.041 rr_mae_ms=58.0
trial 58: precision=0.552 recall=0.164 f1=0.253 rr_mae_ms=9.027777777777779
trial 59: precision=0.338 recall=0.235 f1=0.277 rr_mae_ms=18.962264150943398
trial 60: precision=0.868 recall=0.774 f1=0.818 rr_mae_ms=12.484662576687116
trial 61: precision=0.302 recall=0.234 f1=0.264 rr_mae_ms=7.8
trial 62: precision=0.943 recall=0.694 f1=0.800 rr_mae_ms=8.624161073825503
trial 63: precision=0.211 recall=0.092 f1=0.128 rr_mae_ms=26.315789473684305
trial 64: precision=0.818 recall=0.345 f1=0.485 rr_mae_ms=20.3125
trial 65: precision=0.647 recall=0.537 f1=0.587 rr_mae_ms=33.44999999999999
trial 66: precision=0.679 recall=0.237 f1=0.351 rr_mae_ms=16.85185185185185
trial 67: precision=0.817 recall=0.410 f1=0.546 rr_mae_ms=18.579545454545453
trial 68: precision=0.951 recall=0.472 f1=0.630 rr_mae_ms=12.26086956521739
trial 69: precision=0.437 recall=0.261 f1=0.326 rr_mae_ms=17.78688524590161
trial 70: precision=0.712 recall=0.178 f1=0.285 rr_mae_ms=21.70731707317073
trial 71: precision=0.698 recall=0.384 f1=0.496 rr_mae_ms=20.229885057471265
trial 72: precision=0.696 recall=0.309 f1=0.428 rr_mae_ms=30.142857142857142
trial 73: precision=0.847 recall=0.431 f1=0.571 rr_mae_ms=24.848484848484848
trial 74: precision=0.912 recall=0.687 f1=0.784 rr_mae_ms=20.774193548387096
trial 75: precision=0.051 recall=0.022 f1=0.030 rr_mae_ms=32.5
trial 76: precision=0.618 recall=0.280 f1=0.385 rr_mae_ms=7.096774193548387
trial 77: precision=0.894 recall=0.445 f1=0.594 rr_mae_ms=24.2
trial 78: precision=0.922 recall=0.476 f1=0.628 rr_mae_ms=25.660377358490567
trial 79: precision=0.702 recall=0.121 f1=0.207 rr_mae_ms=8.281249999999986
trial 80: precision=0.942 recall=0.592 f1=0.727 rr_mae_ms=11.026785714285714
trial 81: precision=0.949 recall=0.487 f1=0.644 rr_mae_ms=13.043478260869561
trial 82: precision=0.764 recall=0.424 f1=0.545 rr_mae_ms=7.831325301204819
trial 83: precision=0.825 recall=0.378 f1=0.518 rr_mae_ms=7.142857142857143
trial 84: precision=0.938 recall=0.929 f1=0.933 rr_mae_ms=10.412371134020619
trial 85: precision=0.918 recall=0.918 f1=0.918 rr_mae_ms=5.028089887640448
trial 86: precision=0.967 recall=0.946 f1=0.957 rr_mae_ms=12.571428571428571
trial 87: precision=0.198 recall=0.098 f1=0.131 rr_mae_ms=29.72222222222223
trial 88: precision=0.857 recall=0.327 f1=0.474 rr_mae_ms=13.309859154929578
trial 89: precision=0.207 recall=0.126 f1=0.157 rr_mae_ms=21.805555555555557
trial 90: precision=0.365 recall=0.084 f1=0.137 rr_mae_ms=24.545454545454525
trial 91: precision=0.465 recall=0.067 f1=0.117 rr_mae_ms=35.526315789473664
======================================================================
edge-online-fused RR-interval MAE (mean over 44 trials): 17.87 ms
mean F1 over trials: 0.515
=== 空間GNN(旧ラベル) rhythmic法 vs neurokit GT(公平比較用) ===
trial 48: precision=0.750 recall=0.375 f1=0.500 rr_mae_ms=9.647887323943662
trial 49: precision=0.553 recall=0.340 f1=0.421 rr_mae_ms=10.373134328358208
trial 50: precision=0.818 recall=0.810 f1=0.814 rr_mae_ms=13.388157894736842
trial 51: precision=0.411 recall=0.335 f1=0.369 rr_mae_ms=18.389830508474578
trial 52: precision=0.946 recall=0.791 f1=0.862 rr_mae_ms=12.122302158273378
trial 53: precision=0.319 recall=0.302 f1=0.310 rr_mae_ms=7.843137254901978
trial 54: precision=0.333 recall=0.263 f1=0.294 rr_mae_ms=8.666666666666664
trial 55: precision=0.650 recall=0.596 f1=0.622 rr_mae_ms=10.841584158415838
trial 56: precision=0.512 recall=0.502 f1=0.507 rr_mae_ms=14.924242424242422
trial 57: precision=0.145 recall=0.052 f1=0.076 rr_mae_ms=7.5
trial 58: precision=0.210 recall=0.058 f1=0.091 rr_mae_ms=21.25000000000004
trial 59: precision=0.770 recall=0.726 f1=0.747 rr_mae_ms=7.4397590361445785
trial 60: precision=0.809 recall=0.759 f1=0.783 rr_mae_ms=15.59375
trial 61: precision=0.005 recall=0.005 f1=0.005 rr_mae_ms=None
trial 62: precision=0.991 recall=1.000 f1=0.995 rr_mae_ms=23.11627906976744
trial 63: precision=0.007 recall=0.005 f1=0.006 rr_mae_ms=None
trial 64: precision=0.996 recall=1.000 f1=0.998 rr_mae_ms=14.209401709401709
trial 65: precision=0.264 recall=0.207 f1=0.232 rr_mae_ms=13.026315789473685
trial 66: precision=1.000 recall=0.991 f1=0.996 rr_mae_ms=7.008733624454148
trial 67: precision=0.539 recall=0.507 f1=0.523 rr_mae_ms=12.935779816513762
trial 68: precision=0.941 recall=0.841 f1=0.888 rr_mae_ms=7.572815533980583
trial 69: precision=0.886 recall=0.878 f1=0.882 rr_mae_ms=12.211538461538462
trial 70: precision=0.742 recall=0.657 f1=0.697 rr_mae_ms=7.5
trial 71: precision=0.607 recall=0.310 f1=0.410 rr_mae_ms=20.928571428571427
trial 72: precision=0.547 recall=0.204 f1=0.297 rr_mae_ms=9.021739130434783
trial 73: precision=0.829 recall=0.776 f1=0.802 rr_mae_ms=16.81564245810056
trial 74: precision=0.750 recall=0.727 f1=0.738 rr_mae_ms=18.353658536585368
trial 75: precision=0.307 recall=0.252 f1=0.277 rr_mae_ms=5.526315789473684
trial 76: precision=0.772 recall=0.782 f1=0.777 rr_mae_ms=9.457142857142857
trial 77: precision=0.839 recall=0.872 f1=0.855 rr_mae_ms=11.345177664974619
trial 78: precision=0.961 recall=0.973 f1=0.967 rr_mae_ms=11.743119266055047
trial 79: precision=0.747 recall=0.206 f1=0.323 rr_mae_ms=6.090909090909086
trial 80: precision=0.995 recall=1.000 f1=0.997 rr_mae_ms=8.605263157894736
trial 81: precision=0.971 recall=0.356 f1=0.521 rr_mae_ms=10.0
trial 82: precision=0.977 recall=0.854 f1=0.911 rr_mae_ms=6.5773809523809526
trial 83: precision=0.310 recall=0.298 f1=0.304 rr_mae_ms=8.030303030303031
trial 84: precision=0.892 recall=0.824 f1=0.856 rr_mae_ms=5.930232558139535
trial 85: precision=0.988 recall=0.846 f1=0.912 rr_mae_ms=9.298780487804878
trial 86: precision=0.895 recall=0.688 f1=0.778 rr_mae_ms=5.590551181102359
trial 87: precision=0.000 recall=0.000 f1=0.000 rr_mae_ms=None
trial 88: precision=0.535 recall=0.241 f1=0.332 rr_mae_ms=23.26923076923077
trial 89: precision=0.019 recall=0.007 f1=0.010 rr_mae_ms=45.0
trial 90: precision=0.716 recall=0.388 f1=0.504 rr_mae_ms=32.80952380952381
trial 91: precision=0.732 recall=0.347 f1=0.471 rr_mae_ms=9.70873786407767
======================================================================
mean F1: 0.560
RR-interval MAE (mean over 41 trials): 12.92 ms
HRV usable: 43/44, RMSSD MAE: 19.31 ms, SDNN MAE: 11.34 ms
DONE
