 subj     σ_e      ρ1      ρ2   RMSSD真   RMSSD推     実測誤差    下限(MC)     下限(式)
    1   10.78  -0.000  -0.295    36.90    46.13     9.23      8.56      7.72
    2    8.08   0.160   0.008    13.71    24.70    10.99      8.67      8.58
    5   30.12   0.878   0.855    26.84    41.34    14.50      7.66      9.82
    9   22.71   0.492   0.551    37.59    52.41    16.68     14.56     17.61
   10   18.12   0.349   0.404    72.31    73.60     1.94      5.48      8.61
   13   19.56   0.656   0.657    47.70    58.63    12.28      6.02      7.67
   14   15.46   0.524   0.470    72.85    78.98     7.84      4.00      4.38
   16   17.82   0.654   0.619    59.21    79.01    19.80      4.39      5.16
   17   27.98   0.875   0.873    47.57    55.15     7.99      4.22      5.79
   29   27.35   0.851   0.851    17.19    34.10    16.91     10.94     13.85
   30   27.34   0.788   0.773    24.13    37.54    13.41     12.20     14.74

=== 全体(拍数で重み付け) ===
  位置誤差 std(e) [ms]               23.967
  lag-1 自己相関                      0.723
  lag-2 自己相関                      0.708
  RMSSD 正解 [ms]                  36.323
  RMSSD 推定 [ms]                  48.909
  RMSSD 誤差 実測 [ms]               12.987
  RMSSD 誤差 下限(MC) [ms]            8.407
  RMSSD 誤差 下限(式) [ms]            10.447

  実測 12.99 ms / 下限 8.41 ms = 1.54 倍
  → 下限との差は検出の誤り(見逃し・誤検出)に由来する分である

=== 位置誤差 σ_e を変えたときの RMSSD 誤差の下限 (ρ1=0.723 固定, MC) ===
   σ_e[ms]     RR間隔MAE相当       RMSSD誤差の下限
       2.0          1.19             0.21
       5.0          2.97             0.72
      10.0          5.93             2.34
      15.0          8.90             4.69
      20.0         11.87             7.61
      24.0         14.22            10.25  ← 現状
      30.0         17.80            14.66

保存: /home/shunya/research/dog-radar-vitals/reports/rmssd_floor_h0.15_284tol50.json
