  subject 1 完了
  subject 2 完了
  subject 5 完了
  subject 9 完了
  subject 10 完了
  subject 13 完了
  subject 14 完了
  subject 16 完了
  subject 17 完了
  subject 29 完了
  subject 30 完了

系列                                      RMSSD[ms]      推定/正解
正解(NeuroKit2, 異常値除去あり)                      37.01      1.000
全予測ピーク(異常値除去あり) ← 現行の報告値                    50.68      1.584
全予測ピーク(異常値除去なし)                           1172.33     41.305
対応づいた拍だけ(誤検出・見逃しを除く)                      1946.88     75.848
同じ拍の正解側(比較の基準)                            1946.69     75.838

位置誤差の差分 std(Δe) = 13.65 ms
ジッタだけで説明される RMSSD = sqrt(1946.7^2 + 2*13.6^2) = 1946.78 ms (比 1.000)

読み方: 『対応づいた拍だけ』の比が 1 を大きく超えるなら位置ジッタ由来、
        『全予測ピーク』との差が大きいなら誤検出・見逃し由来である。
