 subj     σ_e      ρ1      ρ2   RMSSD真   RMSSD推     実測誤差    下限(MC)     下限(式)
    1   20.33   0.343   0.371    36.90    54.57    17.67     16.12     18.00
    2    9.18   0.097   0.062    13.71    23.67     9.96     11.47     11.57
    5   42.18   0.817   0.812    26.84    36.45    10.01     19.28     24.73
    9   35.94   0.661   0.657    36.98    63.67    26.69     21.06     26.16
   10   19.76   0.545   0.501    72.31    68.99     7.13      4.40      6.81
   13   20.05   0.535   0.496    49.05    47.50     7.44      8.67     10.07
   14   50.18   0.891   0.875    72.85    72.17     3.12      6.98     10.01
   16   53.75   0.653   0.687    59.21    82.16    22.95     28.12     39.38
   17   31.92   0.784   0.780    47.57    50.09     9.08      9.26     12.21
   29   33.51   0.837   0.835    16.81    36.43    19.62     16.10     20.28
   30   34.21   0.614   0.588    24.13    56.94    32.82     28.05     32.70

=== 全体(拍数で重み付け) ===
  位置誤差 std(e) [ms]               35.134
  lag-1 自己相関                      0.718
  lag-2 自己相関                      0.708
  RMSSD 正解 [ms]                  36.096
  RMSSD 推定 [ms]                  51.015
  RMSSD 誤差 実測 [ms]               16.983
  RMSSD 誤差 下限(MC) [ms]           16.634
  RMSSD 誤差 下限(式) [ms]            20.861

  実測 16.98 ms / 下限 16.63 ms = 1.02 倍
  → 下限との差は検出の誤り(見逃し・誤検出)に由来する分である

=== 位置誤差 σ_e を変えたときの RMSSD 誤差の下限 (ρ1=0.718 固定, MC) ===
   σ_e[ms]     RR間隔MAE相当       RMSSD誤差の下限
       2.0          1.20             0.21
       5.0          2.99             0.73
      10.0          5.99             2.38
      15.0          8.98             4.77
      20.0         11.98             7.74
      30.0         17.97            14.89
      35.1         21.04            18.98  ← 現状

保存: /home/shunya/research/dog-radar-vitals/reports/rmssd_floor_h0.60_302.json
