 subj     σ_e      ρ1      ρ2   RMSSD真   RMSSD推     実測誤差    下限(MC)     下限(式)
    1   25.51   0.798   0.735    36.90    46.13     9.23      7.23      8.56
    2   13.76   0.251  -0.170    13.71    24.70    10.99     17.71     15.96
    5   42.14   0.780   0.753    26.84    41.34    14.50     22.43     27.69
    9   33.06   0.195   0.415    37.59    52.41    16.68     40.95     47.09
   10   20.53   0.250   0.310    72.31    73.60     1.94      7.92     12.40
   13   23.19   0.586   0.549    47.70    58.63    12.28      9.95     12.05
   14   42.44   0.841   0.804    72.85    78.98     7.84      7.39     10.17
   16   50.40   0.713   0.722    59.21    79.01    19.80     21.96     29.88
   17   31.08   0.775   0.758    47.57    55.15     7.99      9.17     11.86
   29   36.87   0.865   0.854    17.19    34.10    16.91     15.96     19.75
   30   36.47   0.803   0.782    24.13    37.54    13.41     17.87     21.69

=== 全体(拍数で重み付け) ===
  位置誤差 std(e) [ms]               35.682
  lag-1 自己相関                      0.751
  lag-2 自己相関                      0.727
  RMSSD 正解 [ms]                  35.025
  RMSSD 推定 [ms]                  47.951
  RMSSD 誤差 実測 [ms]               13.274
  RMSSD 誤差 下限(MC) [ms]           15.620
  RMSSD 誤差 下限(式) [ms]            19.379

  実測 13.27 ms / 下限 15.62 ms = 0.85 倍
  → 下限との差は検出の誤り(見逃し・誤検出)に由来する分である

=== 位置誤差 σ_e を変えたときの RMSSD 誤差の下限 (ρ1=0.751 固定, MC) ===
   σ_e[ms]     RR間隔MAE相当       RMSSD誤差の下限
       2.0          1.13             0.19
       5.0          2.82             0.66
      10.0          5.64             2.11
      15.0          8.45             4.25
      20.0         11.27             6.91
      30.0         16.91            13.38
      35.7         20.11            17.53  ← 現状

保存: /home/shunya/research/dog-radar-vitals/reports/rmssd_floor_h0.15_284.json
