run_dir: /home/shunya/research/dog-radar-vitals/runs/20260825-093528_ecg_rpeak_spatial_gnn_robustnorm
[epoch 0] lr=5.00e-04 train_loss=0.5204 train_corr=0.209 val_loss=0.4216 val_corr=0.283
[epoch 1] lr=5.00e-04 train_loss=0.3460 train_corr=0.444 val_loss=0.2915 val_corr=0.323
[epoch 2] lr=5.00e-04 train_loss=0.2425 train_corr=0.540 val_loss=0.2265 val_corr=0.312
[epoch 3] lr=5.00e-04 train_loss=0.1777 train_corr=0.605 val_loss=0.1919 val_corr=0.260
[epoch 4] lr=5.00e-04 train_loss=0.1423 train_corr=0.659 val_loss=0.1732 val_corr=0.322
[epoch 5] lr=5.00e-04 train_loss=0.1226 train_corr=0.697 val_loss=0.1727 val_corr=0.304
[epoch 6] lr=5.00e-04 train_loss=0.1100 train_corr=0.727 val_loss=0.1674 val_corr=0.296
[epoch 7] lr=5.00e-04 train_loss=0.1012 train_corr=0.754 val_loss=0.1686 val_corr=0.300
[epoch 8] lr=5.00e-04 train_loss=0.0949 train_corr=0.774 val_loss=0.1779 val_corr=0.289
[epoch 9] lr=5.00e-04 train_loss=0.0897 train_corr=0.794 val_loss=0.1730 val_corr=0.348
run_dir: /home/shunya/research/dog-radar-vitals/runs/20260825-093528_ecg_rpeak_spatial_gnn_robustnorm
===== robustnorm best_model.pt =====
======================================================================
mean F1: 0.670
RR-interval MAE (mean over 42 trials): 9.58 ms
--- radarODE の指標定義に揃えた値 (振幅条件は未実装、我々に有利な側) ---
MDR (規則1+2, 許容0.15s): 16.92 %
R波タイミング誤差 (許容0.15sで対応づいた拍): 平均|誤差| 33.90 ms / 中央値|誤差| 33.43 ms / 符号つき平均(bias) +9.47 ms
R波タイミング誤差 (許容±0.05sで対応づいた拍のみ): 28.22 ms
F1 (許容0.15s): 0.847
--- Chen ら (IEEE T-MC 2024) の指標定義に揃えた値 ---
R波 正規化タイミング誤差 中央値: 4.06 %  (Chen ら報告値: 0.4-0.7 %)
R波 絶対タイミング誤差 中央値 33.43 ms / 90パーセンタイル 46.23 ms  (Chen ら報告値: 中央値 3 ms / 90パーセンタイル 9 ms)
--- mmHRV (Wang ら, IEEE IoT-J 2021) の指標定義に揃えた HRV 成績 ---
指標                       我々     一定RRのみ     mmHRV報告値
平均IBI誤差[ms]           26.82          -         3.89
RMSSD誤差[ms]           16.60      25.16         6.43
SDNN誤差[ms]             4.84      36.80         6.44
pNN50誤差[%]            12.81       6.74         2.52
  ※ mmHRV は自前データセット(11名, LOS/NLOS)であり MMECG ではない。指標定義のみを揃えた参考値。
  ※「一定RRのみ」= 入力を見ずに一定間隔で拍を置くモデル。RMSSD も pNN50 も 0 になるので誤差は正解値そのもの。この列を下回らない限り、変動を捉えられているとは言えない。
HRV usable: 44/44, RMSSD MAE: 16.60 ms, SDNN MAE: 4.84 ms
===== robustnorm epoch_009.pt =====
======================================================================
mean F1: 0.670
RR-interval MAE (mean over 42 trials): 9.58 ms
--- radarODE の指標定義に揃えた値 (振幅条件は未実装、我々に有利な側) ---
MDR (規則1+2, 許容0.15s): 16.92 %
R波タイミング誤差 (許容0.15sで対応づいた拍): 平均|誤差| 33.90 ms / 中央値|誤差| 33.43 ms / 符号つき平均(bias) +9.47 ms
R波タイミング誤差 (許容±0.05sで対応づいた拍のみ): 28.22 ms
F1 (許容0.15s): 0.847
--- Chen ら (IEEE T-MC 2024) の指標定義に揃えた値 ---
R波 正規化タイミング誤差 中央値: 4.06 %  (Chen ら報告値: 0.4-0.7 %)
R波 絶対タイミング誤差 中央値 33.43 ms / 90パーセンタイル 46.23 ms  (Chen ら報告値: 中央値 3 ms / 90パーセンタイル 9 ms)
--- mmHRV (Wang ら, IEEE IoT-J 2021) の指標定義に揃えた HRV 成績 ---
指標                       我々     一定RRのみ     mmHRV報告値
平均IBI誤差[ms]           26.82          -         3.89
RMSSD誤差[ms]           16.60      25.16         6.43
SDNN誤差[ms]             4.84      36.80         6.44
pNN50誤差[%]            12.81       6.74         2.52
  ※ mmHRV は自前データセット(11名, LOS/NLOS)であり MMECG ではない。指標定義のみを揃えた参考値。
  ※「一定RRのみ」= 入力を見ずに一定間隔で拍を置くモデル。RMSSD も pNN50 も 0 になるので誤差は正解値そのもの。この列を下回らない限り、変動を捉えられているとは言えない。
HRV usable: 44/44, RMSSD MAE: 16.60 ms, SDNN MAE: 4.84 ms
