=== 315: adaptive_wing loss ===
[epoch 0] lr=5.00e-04 train_loss=1.7655 train_corr=0.115 val_loss=1.2188 val_corr=0.200
[epoch 1] lr=5.00e-04 train_loss=0.9579 train_corr=0.315 val_loss=0.7512 val_corr=0.223
[epoch 2] lr=5.00e-04 train_loss=0.6287 train_corr=0.381 val_loss=0.5132 val_corr=0.268
[epoch 3] lr=5.00e-04 train_loss=0.4794 train_corr=0.429 val_loss=0.4601 val_corr=0.288
[epoch 4] lr=5.00e-04 train_loss=0.4064 train_corr=0.469 val_loss=0.4128 val_corr=0.232
[epoch 5] lr=5.00e-04 train_loss=0.3663 train_corr=0.500 val_loss=0.4875 val_corr=0.159
[epoch 6] lr=5.00e-04 train_loss=0.3390 train_corr=0.516 val_loss=0.4197 val_corr=0.214
[epoch 7] lr=5.00e-04 train_loss=0.2987 train_corr=0.572 val_loss=0.3953 val_corr=0.222
[epoch 8] lr=5.00e-04 train_loss=0.2910 train_corr=0.588 val_loss=0.4052 val_corr=0.202
[epoch 9] lr=5.00e-04 train_loss=0.2688 train_corr=0.620 val_loss=0.4097 val_corr=0.220
[epoch 10] lr=5.00e-04 train_loss=0.2510 train_corr=0.646 val_loss=0.3821 val_corr=0.176
[epoch 11] lr=5.00e-04 train_loss=0.2369 train_corr=0.669 val_loss=0.4113 val_corr=0.212
[epoch 12] lr=5.00e-04 train_loss=0.2276 train_corr=0.686 val_loss=0.4133 val_corr=0.204
[epoch 13] lr=5.00e-04 train_loss=0.2171 train_corr=0.701 val_loss=0.4036 val_corr=0.178
[epoch 14] lr=5.00e-04 train_loss=0.2046 train_corr=0.721 val_loss=0.3861 val_corr=0.250
[epoch 15] lr=5.00e-04 train_loss=0.2007 train_corr=0.727 val_loss=0.4060 val_corr=0.210
[epoch 16] lr=5.00e-04 train_loss=0.1915 train_corr=0.742 val_loss=0.3894 val_corr=0.220
[epoch 17] lr=5.00e-04 train_loss=0.1902 train_corr=0.745 val_loss=0.4121 val_corr=0.243
[epoch 18] lr=5.00e-04 train_loss=0.1770 train_corr=0.765 val_loss=0.4276 val_corr=0.235
[epoch 19] lr=5.00e-04 train_loss=0.1738 train_corr=0.771 val_loss=0.4212 val_corr=0.213
[epoch 20] lr=5.00e-04 train_loss=0.1632 train_corr=0.786 val_loss=0.4159 val_corr=0.233
[epoch 21] lr=5.00e-04 train_loss=0.1600 train_corr=0.792 val_loss=0.4001 val_corr=0.250
[epoch 22] lr=5.00e-04 train_loss=0.1547 train_corr=0.802 val_loss=0.3999 val_corr=0.218
[epoch 23] lr=5.00e-04 train_loss=0.1486 train_corr=0.813 val_loss=0.3887 val_corr=0.244
[epoch 24] lr=5.00e-04 train_loss=0.1449 train_corr=0.818 val_loss=0.4062 val_corr=0.178
[epoch 25] lr=5.00e-04 train_loss=0.1382 train_corr=0.830 val_loss=0.4090 val_corr=0.218
[epoch 26] lr=5.00e-04 train_loss=0.1354 train_corr=0.838 val_loss=0.4010 val_corr=0.231
[epoch 27] lr=5.00e-04 train_loss=0.1305 train_corr=0.850 val_loss=0.4219 val_corr=0.223
[epoch 28] lr=5.00e-04 train_loss=0.1273 train_corr=0.858 val_loss=0.3919 val_corr=0.208
[epoch 29] lr=5.00e-04 train_loss=0.1223 train_corr=0.867 val_loss=0.4007 val_corr=0.231
[epoch 30] lr=5.00e-04 train_loss=0.1189 train_corr=0.875 val_loss=0.4212 val_corr=0.209
[epoch 31] lr=5.00e-04 train_loss=0.1144 train_corr=0.883 val_loss=0.4120 val_corr=0.182
[epoch 32] lr=5.00e-04 train_loss=0.1082 train_corr=0.893 val_loss=0.4069 val_corr=0.199
[epoch 33] lr=5.00e-04 train_loss=0.1052 train_corr=0.897 val_loss=0.4120 val_corr=0.216
[epoch 34] lr=5.00e-04 train_loss=0.1007 train_corr=0.903 val_loss=0.4093 val_corr=0.207
[epoch 35] lr=5.00e-04 train_loss=0.0985 train_corr=0.905 val_loss=0.4164 val_corr=0.157
[epoch 36] lr=5.00e-04 train_loss=0.0968 train_corr=0.908 val_loss=0.4221 val_corr=0.223
[epoch 37] lr=5.00e-04 train_loss=0.0946 train_corr=0.910 val_loss=0.4049 val_corr=0.194
[epoch 38] lr=5.00e-04 train_loss=0.0909 train_corr=0.914 val_loss=0.4041 val_corr=0.215
[epoch 39] lr=5.00e-04 train_loss=0.0885 train_corr=0.918 val_loss=0.4128 val_corr=0.204
[epoch 40] lr=5.00e-04 train_loss=0.0873 train_corr=0.919 val_loss=0.4195 val_corr=0.202
[epoch 41] lr=5.00e-04 train_loss=0.0848 train_corr=0.922 val_loss=0.4089 val_corr=0.224
[epoch 42] lr=5.00e-04 train_loss=0.0817 train_corr=0.926 val_loss=0.4066 val_corr=0.191
[epoch 43] lr=5.00e-04 train_loss=0.0825 train_corr=0.925 val_loss=0.4004 val_corr=0.224
[epoch 44] lr=5.00e-04 train_loss=0.0792 train_corr=0.929 val_loss=0.4114 val_corr=0.193
[epoch 45] lr=5.00e-04 train_loss=0.0780 train_corr=0.930 val_loss=0.4023 val_corr=0.185
[epoch 46] lr=5.00e-04 train_loss=0.0778 train_corr=0.931 val_loss=0.4086 val_corr=0.212
[epoch 47] lr=5.00e-04 train_loss=0.0764 train_corr=0.932 val_loss=0.4194 val_corr=0.216
[epoch 48] lr=5.00e-04 train_loss=0.0737 train_corr=0.935 val_loss=0.4172 val_corr=0.203
[epoch 49] lr=5.00e-04 train_loss=0.0724 train_corr=0.937 val_loss=0.3990 val_corr=0.197
RUN_DIR_315 /home/shunya/research/dog-radar-vitals/runs/20260828-051330_ecg_rpeak_spatial_gnn_315_adaptive_wing_full
[as-is]  height=0.3 extractor=default  test mean_f1=0.360
  [val sweep] height=0.1 extractor=default  val mean_f1=0.355
  [val sweep] height=0.2 extractor=default  val mean_f1=0.345
  [val sweep] height=0.3 extractor=default  val mean_f1=0.112
  [val sweep] height=0.4 extractor=default  val mean_f1=0.033
  [val sweep] height=0.5 extractor=default  val mean_f1=0.012
  [val sweep] height=0.6 extractor=default  val mean_f1=0.005
[tuned]  height=0.1(valで選択) extractor=default  test mean_f1=0.480
=== 316: box target + BCE/Dice ===
[epoch 0] lr=5.00e-04 train_loss=0.9051 train_corr=0.569 val_loss=0.9484 val_corr=0.587
[epoch 1] lr=5.00e-04 train_loss=0.5614 train_corr=0.783 val_loss=1.0691 val_corr=0.513
[epoch 2] lr=5.00e-04 train_loss=0.4475 train_corr=0.825 val_loss=0.8952 val_corr=0.590
[epoch 3] lr=5.00e-04 train_loss=0.3828 train_corr=0.849 val_loss=1.0293 val_corr=0.533
[epoch 4] lr=5.00e-04 train_loss=0.3406 train_corr=0.866 val_loss=1.0122 val_corr=0.546
[epoch 5] lr=5.00e-04 train_loss=0.3141 train_corr=0.876 val_loss=1.0590 val_corr=0.519
[epoch 6] lr=5.00e-04 train_loss=0.2903 train_corr=0.886 val_loss=1.0629 val_corr=0.568
[epoch 7] lr=5.00e-04 train_loss=0.2691 train_corr=0.894 val_loss=1.1633 val_corr=0.500
[epoch 8] lr=5.00e-04 train_loss=0.2615 train_corr=0.897 val_loss=1.1625 val_corr=0.514
[epoch 9] lr=5.00e-04 train_loss=0.2438 train_corr=0.905 val_loss=1.1466 val_corr=0.521
[epoch 10] lr=5.00e-04 train_loss=0.2271 train_corr=0.912 val_loss=1.1143 val_corr=0.546
[epoch 11] lr=5.00e-04 train_loss=0.2198 train_corr=0.915 val_loss=1.1692 val_corr=0.537
[epoch 12] lr=5.00e-04 train_loss=0.2116 train_corr=0.918 val_loss=1.1423 val_corr=0.546
[epoch 13] lr=5.00e-04 train_loss=0.1977 train_corr=0.924 val_loss=1.2187 val_corr=0.520
[epoch 14] lr=5.00e-04 train_loss=0.1932 train_corr=0.926 val_loss=1.3186 val_corr=0.477
[epoch 15] lr=5.00e-04 train_loss=0.1872 train_corr=0.928 val_loss=1.2463 val_corr=0.514
[epoch 16] lr=5.00e-04 train_loss=0.1854 train_corr=0.929 val_loss=1.2216 val_corr=0.531
[epoch 17] lr=5.00e-04 train_loss=0.1743 train_corr=0.933 val_loss=1.2131 val_corr=0.541
[epoch 18] lr=5.00e-04 train_loss=0.1663 train_corr=0.936 val_loss=1.2314 val_corr=0.523
[epoch 19] lr=5.00e-04 train_loss=0.1594 train_corr=0.939 val_loss=1.2871 val_corr=0.529
[epoch 20] lr=5.00e-04 train_loss=0.1563 train_corr=0.940 val_loss=1.2481 val_corr=0.527
[epoch 21] lr=5.00e-04 train_loss=0.1543 train_corr=0.941 val_loss=1.2443 val_corr=0.553
[epoch 22] lr=5.00e-04 train_loss=0.1465 train_corr=0.944 val_loss=1.2632 val_corr=0.541
[epoch 23] lr=5.00e-04 train_loss=0.1438 train_corr=0.946 val_loss=1.4075 val_corr=0.498
[epoch 24] lr=5.00e-04 train_loss=0.1403 train_corr=0.947 val_loss=1.3526 val_corr=0.509
[epoch 25] lr=5.00e-04 train_loss=0.1350 train_corr=0.949 val_loss=1.2971 val_corr=0.541
[epoch 26] lr=5.00e-04 train_loss=0.1318 train_corr=0.950 val_loss=1.3701 val_corr=0.522
[epoch 27] lr=5.00e-04 train_loss=0.1304 train_corr=0.951 val_loss=1.2837 val_corr=0.557
[epoch 28] lr=5.00e-04 train_loss=0.1262 train_corr=0.952 val_loss=1.3198 val_corr=0.535
[epoch 29] lr=5.00e-04 train_loss=0.1249 train_corr=0.953 val_loss=1.2733 val_corr=0.584
[epoch 30] lr=5.00e-04 train_loss=0.1257 train_corr=0.953 val_loss=1.3613 val_corr=0.536
[epoch 31] lr=5.00e-04 train_loss=0.1207 train_corr=0.955 val_loss=1.4285 val_corr=0.510
[epoch 32] lr=5.00e-04 train_loss=0.1159 train_corr=0.957 val_loss=1.4174 val_corr=0.517
[epoch 33] lr=5.00e-04 train_loss=0.1152 train_corr=0.957 val_loss=1.3420 val_corr=0.542
[epoch 34] lr=5.00e-04 train_loss=0.1155 train_corr=0.957 val_loss=1.3597 val_corr=0.534
[epoch 35] lr=5.00e-04 train_loss=0.1108 train_corr=0.959 val_loss=1.4241 val_corr=0.502
[epoch 36] lr=5.00e-04 train_loss=0.1140 train_corr=0.957 val_loss=1.3153 val_corr=0.565
[epoch 37] lr=5.00e-04 train_loss=0.1083 train_corr=0.959 val_loss=1.4108 val_corr=0.522
[epoch 38] lr=5.00e-04 train_loss=0.1052 train_corr=0.961 val_loss=1.5413 val_corr=0.477
[epoch 39] lr=5.00e-04 train_loss=0.1065 train_corr=0.960 val_loss=1.3788 val_corr=0.550
[epoch 40] lr=5.00e-04 train_loss=0.1021 train_corr=0.962 val_loss=1.4290 val_corr=0.542
[epoch 41] lr=5.00e-04 train_loss=0.1012 train_corr=0.962 val_loss=1.4665 val_corr=0.527
[epoch 42] lr=5.00e-04 train_loss=0.0984 train_corr=0.963 val_loss=1.4133 val_corr=0.540
[epoch 43] lr=5.00e-04 train_loss=0.1011 train_corr=0.962 val_loss=1.4646 val_corr=0.541
[epoch 44] lr=5.00e-04 train_loss=0.0972 train_corr=0.964 val_loss=1.4561 val_corr=0.539
[epoch 45] lr=5.00e-04 train_loss=0.0970 train_corr=0.964 val_loss=1.4893 val_corr=0.522
[epoch 46] lr=5.00e-04 train_loss=0.0931 train_corr=0.965 val_loss=1.4221 val_corr=0.550
[epoch 47] lr=5.00e-04 train_loss=0.0936 train_corr=0.965 val_loss=1.4600 val_corr=0.540
[epoch 48] lr=5.00e-04 train_loss=0.0912 train_corr=0.966 val_loss=1.4232 val_corr=0.557
[epoch 49] lr=5.00e-04 train_loss=0.0887 train_corr=0.967 val_loss=1.5621 val_corr=0.517
RUN_DIR_316 /home/shunya/research/dog-radar-vitals/runs/20260828-052559_ecg_rpeak_spatial_gnn_316_box_target_full
[as-is]  height=0.5 extractor=default  test mean_f1=0.448
  [val sweep] height=0.3 extractor=box  val mean_f1=0.280
  [val sweep] height=0.4 extractor=box  val mean_f1=0.280
  [val sweep] height=0.5 extractor=box  val mean_f1=0.279
  [val sweep] height=0.6 extractor=box  val mean_f1=0.284
  [val sweep] height=0.7 extractor=box  val mean_f1=0.295
[tuned]  height=0.7(valで選択) extractor=box  test mean_f1=0.476
rpeak_loss_design_comparisons done
