=== full train+eval: 312_mmecg_rpeak_cnn1d_config284match_64ch ===
[epoch 0] lr=5.00e-04 train_loss=0.3464 train_corr=0.195 val_loss=0.2388 val_corr=0.267
[epoch 1] lr=5.00e-04 train_loss=0.1665 train_corr=0.644 val_loss=0.2005 val_corr=0.098
[epoch 2] lr=5.00e-04 train_loss=0.1010 train_corr=0.870 val_loss=0.1871 val_corr=0.142
[epoch 3] lr=5.00e-04 train_loss=0.0781 train_corr=0.916 val_loss=0.1881 val_corr=0.133
[epoch 4] lr=5.00e-04 train_loss=0.0670 train_corr=0.938 val_loss=0.1955 val_corr=0.126
[epoch 5] lr=5.00e-04 train_loss=0.0604 train_corr=0.953 val_loss=0.1951 val_corr=0.146
[epoch 6] lr=5.00e-04 train_loss=0.0561 train_corr=0.963 val_loss=0.2024 val_corr=0.151
[epoch 7] lr=5.00e-04 train_loss=0.0532 train_corr=0.970 val_loss=0.2080 val_corr=0.150
[epoch 8] lr=5.00e-04 train_loss=0.0512 train_corr=0.975 val_loss=0.2115 val_corr=0.140
[epoch 9] lr=5.00e-04 train_loss=0.0498 train_corr=0.978 val_loss=0.2245 val_corr=0.146
[epoch 10] lr=5.00e-04 train_loss=0.0488 train_corr=0.980 val_loss=0.2229 val_corr=0.112
[epoch 11] lr=5.00e-04 train_loss=0.0480 train_corr=0.982 val_loss=0.2223 val_corr=0.120
[epoch 12] lr=5.00e-04 train_loss=0.0474 train_corr=0.984 val_loss=0.2200 val_corr=0.145
[epoch 13] lr=5.00e-04 train_loss=0.0469 train_corr=0.984 val_loss=0.2539 val_corr=0.097
[epoch 14] lr=5.00e-04 train_loss=0.0464 train_corr=0.986 val_loss=0.2504 val_corr=0.103
[epoch 15] lr=5.00e-04 train_loss=0.0462 train_corr=0.986 val_loss=0.2563 val_corr=0.103
[epoch 16] lr=5.00e-04 train_loss=0.0460 train_corr=0.986 val_loss=0.2558 val_corr=0.124
[epoch 17] lr=5.00e-04 train_loss=0.0458 train_corr=0.987 val_loss=0.2494 val_corr=0.152
[epoch 18] lr=5.00e-04 train_loss=0.0457 train_corr=0.987 val_loss=0.2620 val_corr=0.089
[epoch 19] lr=5.00e-04 train_loss=0.0454 train_corr=0.988 val_loss=0.2400 val_corr=0.147
[epoch 20] lr=5.00e-04 train_loss=0.0453 train_corr=0.988 val_loss=0.2768 val_corr=0.105
[epoch 21] lr=5.00e-04 train_loss=0.0456 train_corr=0.987 val_loss=0.2647 val_corr=0.097
[epoch 22] lr=5.00e-04 train_loss=0.0451 train_corr=0.989 val_loss=0.2520 val_corr=0.101
[epoch 23] lr=5.00e-04 train_loss=0.0448 train_corr=0.990 val_loss=0.2692 val_corr=0.108
[epoch 24] lr=5.00e-04 train_loss=0.0446 train_corr=0.991 val_loss=0.2741 val_corr=0.149
[epoch 25] lr=5.00e-04 train_loss=0.0448 train_corr=0.990 val_loss=0.2496 val_corr=0.162
[epoch 26] lr=5.00e-04 train_loss=0.0468 train_corr=0.980 val_loss=0.2493 val_corr=0.175
[epoch 27] lr=5.00e-04 train_loss=0.0454 train_corr=0.986 val_loss=0.2542 val_corr=0.166
[epoch 28] lr=5.00e-04 train_loss=0.0444 train_corr=0.991 val_loss=0.2652 val_corr=0.116
[epoch 29] lr=5.00e-04 train_loss=0.0441 train_corr=0.992 val_loss=0.2629 val_corr=0.134
[epoch 30] lr=5.00e-04 train_loss=0.0440 train_corr=0.993 val_loss=0.2841 val_corr=0.123
[epoch 31] lr=5.00e-04 train_loss=0.0440 train_corr=0.993 val_loss=0.2738 val_corr=0.111
[epoch 32] lr=5.00e-04 train_loss=0.0441 train_corr=0.992 val_loss=0.2738 val_corr=0.122
[epoch 33] lr=5.00e-04 train_loss=0.0461 train_corr=0.983 val_loss=0.2516 val_corr=0.128
[epoch 34] lr=5.00e-04 train_loss=0.0464 train_corr=0.982 val_loss=0.2641 val_corr=0.099
[epoch 35] lr=5.00e-04 train_loss=0.0445 train_corr=0.990 val_loss=0.2701 val_corr=0.109
[epoch 36] lr=5.00e-04 train_loss=0.0440 train_corr=0.992 val_loss=0.2858 val_corr=0.078
[epoch 37] lr=5.00e-04 train_loss=0.0438 train_corr=0.993 val_loss=0.2742 val_corr=0.154
[epoch 38] lr=5.00e-04 train_loss=0.0438 train_corr=0.993 val_loss=0.2708 val_corr=0.129
[epoch 39] lr=5.00e-04 train_loss=0.0439 train_corr=0.993 val_loss=0.2779 val_corr=0.116
[epoch 40] lr=5.00e-04 train_loss=0.0444 train_corr=0.991 val_loss=0.2761 val_corr=0.125
[epoch 41] lr=5.00e-04 train_loss=0.0460 train_corr=0.983 val_loss=0.2631 val_corr=0.137
[epoch 42] lr=5.00e-04 train_loss=0.0450 train_corr=0.987 val_loss=0.2779 val_corr=0.132
[epoch 43] lr=5.00e-04 train_loss=0.0440 train_corr=0.992 val_loss=0.2961 val_corr=0.098
[epoch 44] lr=5.00e-04 train_loss=0.0437 train_corr=0.993 val_loss=0.2631 val_corr=0.142
[epoch 45] lr=5.00e-04 train_loss=0.0436 train_corr=0.994 val_loss=0.2873 val_corr=0.117
[epoch 46] lr=5.00e-04 train_loss=0.0437 train_corr=0.993 val_loss=0.3003 val_corr=0.092
[epoch 47] lr=5.00e-04 train_loss=0.0439 train_corr=0.992 val_loss=0.3007 val_corr=0.121
[epoch 48] lr=5.00e-04 train_loss=0.0449 train_corr=0.988 val_loss=0.2475 val_corr=0.207
[epoch 49] lr=5.00e-04 train_loss=0.0464 train_corr=0.981 val_loss=0.2656 val_corr=0.146
run_dir /home/shunya/research/dog-radar-vitals/runs/20260828-115510_ecg_rpeak_cnn1d_312_mmecg_rpeak_cnn1d_config284match_64ch_full_teacherfix
mean_f1 0.3111167361526783 mean_rr_mae_ms 13.913021781704268 rr_dropped 2 / 44
=== full train+eval: 313_mmecg_rpeak_cnn1d_config284match_16ch ===
[epoch 0] lr=5.00e-04 train_loss=0.5742 train_corr=0.015 val_loss=0.4912 val_corr=0.018
[epoch 1] lr=5.00e-04 train_loss=0.4316 train_corr=0.024 val_loss=0.3840 val_corr=0.053
[epoch 2] lr=5.00e-04 train_loss=0.3346 train_corr=0.100 val_loss=0.2900 val_corr=0.194
[epoch 3] lr=5.00e-04 train_loss=0.2606 train_corr=0.314 val_loss=0.2339 val_corr=0.205
[epoch 4] lr=5.00e-04 train_loss=0.1999 train_corr=0.540 val_loss=0.2135 val_corr=0.097
[epoch 5] lr=5.00e-04 train_loss=0.1561 train_corr=0.692 val_loss=0.2020 val_corr=0.091
[epoch 6] lr=5.00e-04 train_loss=0.1237 train_corr=0.799 val_loss=0.2002 val_corr=0.095
[epoch 7] lr=5.00e-04 train_loss=0.1042 train_corr=0.845 val_loss=0.1936 val_corr=0.112
[epoch 8] lr=5.00e-04 train_loss=0.0920 train_corr=0.869 val_loss=0.1982 val_corr=0.103
[epoch 9] lr=5.00e-04 train_loss=0.0834 train_corr=0.886 val_loss=0.1936 val_corr=0.134
[epoch 10] lr=5.00e-04 train_loss=0.0773 train_corr=0.898 val_loss=0.1945 val_corr=0.152
[epoch 11] lr=5.00e-04 train_loss=0.0727 train_corr=0.907 val_loss=0.1966 val_corr=0.155
[epoch 12] lr=5.00e-04 train_loss=0.0691 train_corr=0.914 val_loss=0.2059 val_corr=0.136
[epoch 13] lr=5.00e-04 train_loss=0.0661 train_corr=0.921 val_loss=0.2109 val_corr=0.138
[epoch 14] lr=5.00e-04 train_loss=0.0640 train_corr=0.925 val_loss=0.2054 val_corr=0.159
[epoch 15] lr=5.00e-04 train_loss=0.0622 train_corr=0.929 val_loss=0.2058 val_corr=0.183
[epoch 16] lr=5.00e-04 train_loss=0.0607 train_corr=0.932 val_loss=0.2159 val_corr=0.167
[epoch 17] lr=5.00e-04 train_loss=0.0594 train_corr=0.936 val_loss=0.2146 val_corr=0.168
[epoch 18] lr=5.00e-04 train_loss=0.0582 train_corr=0.939 val_loss=0.2183 val_corr=0.172
[epoch 19] lr=5.00e-04 train_loss=0.0573 train_corr=0.941 val_loss=0.2164 val_corr=0.173
[epoch 20] lr=5.00e-04 train_loss=0.0566 train_corr=0.943 val_loss=0.2227 val_corr=0.171
[epoch 21] lr=5.00e-04 train_loss=0.0560 train_corr=0.944 val_loss=0.2319 val_corr=0.156
[epoch 22] lr=5.00e-04 train_loss=0.0554 train_corr=0.946 val_loss=0.2338 val_corr=0.149
[epoch 23] lr=5.00e-04 train_loss=0.0550 train_corr=0.947 val_loss=0.2361 val_corr=0.158
[epoch 24] lr=5.00e-04 train_loss=0.0544 train_corr=0.948 val_loss=0.2281 val_corr=0.180
[epoch 25] lr=5.00e-04 train_loss=0.0541 train_corr=0.949 val_loss=0.2400 val_corr=0.146
[epoch 26] lr=5.00e-04 train_loss=0.0537 train_corr=0.950 val_loss=0.2416 val_corr=0.157
[epoch 27] lr=5.00e-04 train_loss=0.0535 train_corr=0.951 val_loss=0.2364 val_corr=0.182
[epoch 28] lr=5.00e-04 train_loss=0.0531 train_corr=0.952 val_loss=0.2407 val_corr=0.175
[epoch 29] lr=5.00e-04 train_loss=0.0527 train_corr=0.953 val_loss=0.2419 val_corr=0.185
[epoch 30] lr=5.00e-04 train_loss=0.0526 train_corr=0.953 val_loss=0.2540 val_corr=0.162
[epoch 31] lr=5.00e-04 train_loss=0.0523 train_corr=0.954 val_loss=0.2418 val_corr=0.188
[epoch 32] lr=5.00e-04 train_loss=0.0520 train_corr=0.955 val_loss=0.2485 val_corr=0.173
[epoch 33] lr=5.00e-04 train_loss=0.0519 train_corr=0.956 val_loss=0.2492 val_corr=0.167
[epoch 34] lr=5.00e-04 train_loss=0.0517 train_corr=0.956 val_loss=0.2394 val_corr=0.199
[epoch 35] lr=5.00e-04 train_loss=0.0514 train_corr=0.957 val_loss=0.2577 val_corr=0.160
[epoch 36] lr=5.00e-04 train_loss=0.0514 train_corr=0.957 val_loss=0.2453 val_corr=0.183
[epoch 37] lr=5.00e-04 train_loss=0.0514 train_corr=0.957 val_loss=0.2451 val_corr=0.180
[epoch 38] lr=5.00e-04 train_loss=0.0513 train_corr=0.957 val_loss=0.2555 val_corr=0.187
[epoch 39] lr=5.00e-04 train_loss=0.0510 train_corr=0.959 val_loss=0.2485 val_corr=0.188
[epoch 40] lr=5.00e-04 train_loss=0.0510 train_corr=0.959 val_loss=0.2537 val_corr=0.171
[epoch 41] lr=5.00e-04 train_loss=0.0509 train_corr=0.959 val_loss=0.2546 val_corr=0.177
[epoch 42] lr=5.00e-04 train_loss=0.0506 train_corr=0.960 val_loss=0.2621 val_corr=0.179
[epoch 43] lr=5.00e-04 train_loss=0.0505 train_corr=0.960 val_loss=0.2704 val_corr=0.159
[epoch 44] lr=5.00e-04 train_loss=0.0505 train_corr=0.960 val_loss=0.2660 val_corr=0.157
[epoch 45] lr=5.00e-04 train_loss=0.0504 train_corr=0.960 val_loss=0.2517 val_corr=0.184
[epoch 46] lr=5.00e-04 train_loss=0.0502 train_corr=0.961 val_loss=0.2584 val_corr=0.164
[epoch 47] lr=5.00e-04 train_loss=0.0503 train_corr=0.961 val_loss=0.2538 val_corr=0.172
[epoch 48] lr=5.00e-04 train_loss=0.0503 train_corr=0.961 val_loss=0.2688 val_corr=0.168
[epoch 49] lr=5.00e-04 train_loss=0.0502 train_corr=0.961 val_loss=0.2434 val_corr=0.212
run_dir /home/shunya/research/dog-radar-vitals/runs/20260828-115654_ecg_rpeak_cnn1d_313_mmecg_rpeak_cnn1d_config284match_16ch_full_teacherfix
mean_f1 0.6097420809909174 mean_rr_mae_ms 17.862251555642395 rr_dropped 0 / 44
=== full train+eval: 317_mmecg_rpeak_unet1d_config284match ===
[epoch 0] lr=5.00e-04 train_loss=0.4691 train_corr=0.211 val_loss=0.3989 val_corr=0.128
[epoch 1] lr=5.00e-04 train_loss=0.3023 train_corr=0.600 val_loss=0.2873 val_corr=0.169
[epoch 2] lr=5.00e-04 train_loss=0.1888 train_corr=0.836 val_loss=0.2351 val_corr=0.127
[epoch 3] lr=5.00e-04 train_loss=0.1259 train_corr=0.910 val_loss=0.2134 val_corr=0.093
[epoch 4] lr=5.00e-04 train_loss=0.0947 train_corr=0.941 val_loss=0.2060 val_corr=0.058
[epoch 5] lr=5.00e-04 train_loss=0.0775 train_corr=0.957 val_loss=0.2222 val_corr=0.062
[epoch 6] lr=5.00e-04 train_loss=0.0682 train_corr=0.964 val_loss=0.2142 val_corr=0.071
[epoch 7] lr=5.00e-04 train_loss=0.0619 train_corr=0.970 val_loss=0.2207 val_corr=0.089
[epoch 8] lr=5.00e-04 train_loss=0.0575 train_corr=0.975 val_loss=0.2299 val_corr=0.071
[epoch 9] lr=5.00e-04 train_loss=0.0549 train_corr=0.976 val_loss=0.2231 val_corr=0.090
[epoch 10] lr=5.00e-04 train_loss=0.0532 train_corr=0.977 val_loss=0.2304 val_corr=0.111
[epoch 11] lr=5.00e-04 train_loss=0.0513 train_corr=0.981 val_loss=0.2416 val_corr=0.050
[epoch 12] lr=5.00e-04 train_loss=0.0503 train_corr=0.982 val_loss=0.2365 val_corr=0.078
[epoch 13] lr=5.00e-04 train_loss=0.0496 train_corr=0.981 val_loss=0.2420 val_corr=0.085
[epoch 14] lr=5.00e-04 train_loss=0.0496 train_corr=0.979 val_loss=0.2571 val_corr=0.033
[epoch 15] lr=5.00e-04 train_loss=0.0478 train_corr=0.985 val_loss=0.2638 val_corr=0.044
[epoch 16] lr=5.00e-04 train_loss=0.0480 train_corr=0.984 val_loss=0.2666 val_corr=0.047
[epoch 17] lr=5.00e-04 train_loss=0.0477 train_corr=0.983 val_loss=0.2434 val_corr=0.132
[epoch 18] lr=5.00e-04 train_loss=0.0472 train_corr=0.984 val_loss=0.2521 val_corr=0.103
[epoch 19] lr=5.00e-04 train_loss=0.0470 train_corr=0.984 val_loss=0.2535 val_corr=0.099
[epoch 20] lr=5.00e-04 train_loss=0.0458 train_corr=0.989 val_loss=0.2717 val_corr=0.064
[epoch 21] lr=5.00e-04 train_loss=0.0455 train_corr=0.990 val_loss=0.2709 val_corr=0.097
[epoch 22] lr=5.00e-04 train_loss=0.0463 train_corr=0.985 val_loss=0.2887 val_corr=0.088
[epoch 23] lr=5.00e-04 train_loss=0.0475 train_corr=0.980 val_loss=0.2646 val_corr=0.102
[epoch 24] lr=5.00e-04 train_loss=0.0460 train_corr=0.986 val_loss=0.2865 val_corr=0.069
[epoch 25] lr=5.00e-04 train_loss=0.0454 train_corr=0.988 val_loss=0.2772 val_corr=0.125
[epoch 26] lr=5.00e-04 train_loss=0.0462 train_corr=0.984 val_loss=0.2761 val_corr=0.109
[epoch 27] lr=5.00e-04 train_loss=0.0462 train_corr=0.984 val_loss=0.2792 val_corr=0.087
[epoch 28] lr=5.00e-04 train_loss=0.0454 train_corr=0.987 val_loss=0.2899 val_corr=0.075
[epoch 29] lr=5.00e-04 train_loss=0.0442 train_corr=0.993 val_loss=0.2900 val_corr=0.101
[epoch 30] lr=5.00e-04 train_loss=0.0444 train_corr=0.992 val_loss=0.3056 val_corr=0.079
[epoch 31] lr=5.00e-04 train_loss=0.0446 train_corr=0.991 val_loss=0.3001 val_corr=0.086
[epoch 32] lr=5.00e-04 train_loss=0.0459 train_corr=0.985 val_loss=0.2782 val_corr=0.149
[epoch 33] lr=5.00e-04 train_loss=0.0465 train_corr=0.981 val_loss=0.2865 val_corr=0.085
[epoch 34] lr=5.00e-04 train_loss=0.0455 train_corr=0.986 val_loss=0.2907 val_corr=0.072
[epoch 35] lr=5.00e-04 train_loss=0.0446 train_corr=0.990 val_loss=0.3024 val_corr=0.102
[epoch 36] lr=5.00e-04 train_loss=0.0440 train_corr=0.993 val_loss=0.3073 val_corr=0.107
[epoch 37] lr=5.00e-04 train_loss=0.0439 train_corr=0.993 val_loss=0.3133 val_corr=0.070
[epoch 38] lr=5.00e-04 train_loss=0.0462 train_corr=0.982 val_loss=0.2952 val_corr=0.101
[epoch 39] lr=5.00e-04 train_loss=0.0460 train_corr=0.983 val_loss=0.2944 val_corr=0.114
[epoch 40] lr=5.00e-04 train_loss=0.0443 train_corr=0.991 val_loss=0.3097 val_corr=0.106
[epoch 41] lr=5.00e-04 train_loss=0.0438 train_corr=0.993 val_loss=0.3227 val_corr=0.092
[epoch 42] lr=5.00e-04 train_loss=0.0434 train_corr=0.995 val_loss=0.3306 val_corr=0.071
[epoch 43] lr=5.00e-04 train_loss=0.0439 train_corr=0.992 val_loss=0.2853 val_corr=0.167
[epoch 44] lr=5.00e-04 train_loss=0.0465 train_corr=0.980 val_loss=0.2743 val_corr=0.153
[epoch 45] lr=5.00e-04 train_loss=0.0452 train_corr=0.986 val_loss=0.2625 val_corr=0.196
[epoch 46] lr=5.00e-04 train_loss=0.0444 train_corr=0.990 val_loss=0.2946 val_corr=0.129
[epoch 47] lr=5.00e-04 train_loss=0.0440 train_corr=0.992 val_loss=0.3162 val_corr=0.121
[epoch 48] lr=5.00e-04 train_loss=0.0444 train_corr=0.990 val_loss=0.2801 val_corr=0.171
[epoch 49] lr=5.00e-04 train_loss=0.0447 train_corr=0.988 val_loss=0.3019 val_corr=0.122
run_dir /home/shunya/research/dog-radar-vitals/runs/20260828-115813_ecg_rpeak_unet1d_317_mmecg_rpeak_unet1d_config284match_full_teacherfix
mean_f1 0.5172209885407805 mean_rr_mae_ms 19.11843376783368 rr_dropped 0 / 44
=== full train+eval: 318_mmecg_rpeak_attention_unet1d_config284match ===
[epoch 0] lr=5.00e-04 train_loss=0.4421 train_corr=0.299 val_loss=0.3440 val_corr=0.212
[epoch 1] lr=5.00e-04 train_loss=0.2603 train_corr=0.729 val_loss=0.2671 val_corr=0.117
[epoch 2] lr=5.00e-04 train_loss=0.1614 train_corr=0.876 val_loss=0.2156 val_corr=0.163
[epoch 3] lr=5.00e-04 train_loss=0.1138 train_corr=0.919 val_loss=0.2010 val_corr=0.133
[epoch 4] lr=5.00e-04 train_loss=0.0882 train_corr=0.942 val_loss=0.1928 val_corr=0.179
[epoch 5] lr=5.00e-04 train_loss=0.0731 train_corr=0.959 val_loss=0.1906 val_corr=0.198
[epoch 6] lr=5.00e-04 train_loss=0.0649 train_corr=0.967 val_loss=0.1912 val_corr=0.189
[epoch 7] lr=5.00e-04 train_loss=0.0603 train_corr=0.969 val_loss=0.2047 val_corr=0.191
[epoch 8] lr=5.00e-04 train_loss=0.0573 train_corr=0.970 val_loss=0.2050 val_corr=0.201
[epoch 9] lr=5.00e-04 train_loss=0.0542 train_corr=0.976 val_loss=0.1936 val_corr=0.219
[epoch 10] lr=5.00e-04 train_loss=0.0520 train_corr=0.981 val_loss=0.2106 val_corr=0.177
[epoch 11] lr=5.00e-04 train_loss=0.0509 train_corr=0.981 val_loss=0.2320 val_corr=0.070
[epoch 12] lr=5.00e-04 train_loss=0.0506 train_corr=0.978 val_loss=0.1994 val_corr=0.254
[epoch 13] lr=5.00e-04 train_loss=0.0492 train_corr=0.982 val_loss=0.2219 val_corr=0.182
[epoch 14] lr=5.00e-04 train_loss=0.0485 train_corr=0.983 val_loss=0.2282 val_corr=0.147
[epoch 15] lr=5.00e-04 train_loss=0.0481 train_corr=0.983 val_loss=0.2239 val_corr=0.170
[epoch 16] lr=5.00e-04 train_loss=0.0484 train_corr=0.981 val_loss=0.2471 val_corr=0.088
[epoch 17] lr=5.00e-04 train_loss=0.0471 train_corr=0.985 val_loss=0.2467 val_corr=0.139
[epoch 18] lr=5.00e-04 train_loss=0.0464 train_corr=0.987 val_loss=0.2441 val_corr=0.163
[epoch 19] lr=5.00e-04 train_loss=0.0460 train_corr=0.988 val_loss=0.2297 val_corr=0.214
[epoch 20] lr=5.00e-04 train_loss=0.0456 train_corr=0.990 val_loss=0.2567 val_corr=0.133
[epoch 21] lr=5.00e-04 train_loss=0.0467 train_corr=0.984 val_loss=0.2448 val_corr=0.155
[epoch 22] lr=5.00e-04 train_loss=0.0469 train_corr=0.982 val_loss=0.2644 val_corr=0.100
[epoch 23] lr=5.00e-04 train_loss=0.0460 train_corr=0.986 val_loss=0.2419 val_corr=0.177
[epoch 24] lr=5.00e-04 train_loss=0.0455 train_corr=0.988 val_loss=0.2668 val_corr=0.159
[epoch 25] lr=5.00e-04 train_loss=0.0449 train_corr=0.990 val_loss=0.2513 val_corr=0.166
[epoch 26] lr=5.00e-04 train_loss=0.0460 train_corr=0.985 val_loss=0.2586 val_corr=0.131
[epoch 27] lr=5.00e-04 train_loss=0.0465 train_corr=0.982 val_loss=0.2467 val_corr=0.169
[epoch 28] lr=5.00e-04 train_loss=0.0455 train_corr=0.987 val_loss=0.2557 val_corr=0.179
[epoch 29] lr=5.00e-04 train_loss=0.0447 train_corr=0.990 val_loss=0.2450 val_corr=0.201
[epoch 30] lr=5.00e-04 train_loss=0.0443 train_corr=0.992 val_loss=0.2683 val_corr=0.178
[epoch 31] lr=5.00e-04 train_loss=0.0455 train_corr=0.986 val_loss=0.2654 val_corr=0.206
[epoch 32] lr=5.00e-04 train_loss=0.0461 train_corr=0.983 val_loss=0.2708 val_corr=0.164
[epoch 33] lr=5.00e-04 train_loss=0.0449 train_corr=0.988 val_loss=0.2754 val_corr=0.136
[epoch 34] lr=5.00e-04 train_loss=0.0443 train_corr=0.991 val_loss=0.2704 val_corr=0.174
[epoch 35] lr=5.00e-04 train_loss=0.0450 train_corr=0.988 val_loss=0.2689 val_corr=0.160
[epoch 36] lr=5.00e-04 train_loss=0.0455 train_corr=0.986 val_loss=0.2481 val_corr=0.186
[epoch 37] lr=5.00e-04 train_loss=0.0445 train_corr=0.990 val_loss=0.2688 val_corr=0.180
[epoch 38] lr=5.00e-04 train_loss=0.0440 train_corr=0.992 val_loss=0.2638 val_corr=0.205
[epoch 39] lr=5.00e-04 train_loss=0.0446 train_corr=0.990 val_loss=0.2713 val_corr=0.170
[epoch 40] lr=5.00e-04 train_loss=0.0454 train_corr=0.986 val_loss=0.2725 val_corr=0.182
[epoch 41] lr=5.00e-04 train_loss=0.0451 train_corr=0.987 val_loss=0.2555 val_corr=0.185
[epoch 42] lr=5.00e-04 train_loss=0.0453 train_corr=0.986 val_loss=0.2715 val_corr=0.154
[epoch 43] lr=5.00e-04 train_loss=0.0440 train_corr=0.992 val_loss=0.2829 val_corr=0.152
[epoch 44] lr=5.00e-04 train_loss=0.0437 train_corr=0.993 val_loss=0.2828 val_corr=0.151
[epoch 45] lr=5.00e-04 train_loss=0.0442 train_corr=0.991 val_loss=0.2581 val_corr=0.205
[epoch 46] lr=5.00e-04 train_loss=0.0442 train_corr=0.991 val_loss=0.2690 val_corr=0.164
[epoch 47] lr=5.00e-04 train_loss=0.0456 train_corr=0.985 val_loss=0.2692 val_corr=0.199
[epoch 48] lr=5.00e-04 train_loss=0.0455 train_corr=0.984 val_loss=0.2770 val_corr=0.182
[epoch 49] lr=5.00e-04 train_loss=0.0446 train_corr=0.989 val_loss=0.2723 val_corr=0.206
run_dir /home/shunya/research/dog-radar-vitals/runs/20260828-120032_ecg_rpeak_attention_unet1d_318_mmecg_rpeak_attention_unet1d_config284match_full_teacherfix
mean_f1 0.5917468595367489 mean_rr_mae_ms 16.45739097660586 rr_dropped 0 / 44
rpeak_unet_and_teacherfix_full done
