=== full train+eval: 312_mmecg_rpeak_cnn1d_config284match_64ch ===
[epoch 0] lr=5.00e-04 train_loss=0.3330 train_corr=0.036 val_loss=0.2094 val_corr=0.116
[epoch 1] lr=5.00e-04 train_loss=0.1665 train_corr=0.244 val_loss=0.1547 val_corr=0.170
[epoch 2] lr=5.00e-04 train_loss=0.1010 train_corr=0.696 val_loss=0.1435 val_corr=0.088
[epoch 3] lr=5.00e-04 train_loss=0.0702 train_corr=0.841 val_loss=0.1409 val_corr=0.055
[epoch 4] lr=5.00e-04 train_loss=0.0570 train_corr=0.886 val_loss=0.1411 val_corr=0.076
[epoch 5] lr=5.00e-04 train_loss=0.0498 train_corr=0.911 val_loss=0.1391 val_corr=0.104
[epoch 6] lr=5.00e-04 train_loss=0.0450 train_corr=0.928 val_loss=0.1440 val_corr=0.103
[epoch 7] lr=5.00e-04 train_loss=0.0418 train_corr=0.940 val_loss=0.1479 val_corr=0.105
[epoch 8] lr=5.00e-04 train_loss=0.0395 train_corr=0.948 val_loss=0.1563 val_corr=0.082
[epoch 9] lr=5.00e-04 train_loss=0.0378 train_corr=0.955 val_loss=0.1576 val_corr=0.100
[epoch 10] lr=5.00e-04 train_loss=0.0364 train_corr=0.960 val_loss=0.1586 val_corr=0.104
[epoch 11] lr=5.00e-04 train_loss=0.0353 train_corr=0.965 val_loss=0.1610 val_corr=0.093
[epoch 12] lr=5.00e-04 train_loss=0.0346 train_corr=0.968 val_loss=0.1633 val_corr=0.117
[epoch 13] lr=5.00e-04 train_loss=0.0340 train_corr=0.970 val_loss=0.1715 val_corr=0.092
[epoch 14] lr=5.00e-04 train_loss=0.0335 train_corr=0.972 val_loss=0.1691 val_corr=0.083
[epoch 15] lr=5.00e-04 train_loss=0.0332 train_corr=0.973 val_loss=0.1848 val_corr=0.073
[epoch 16] lr=5.00e-04 train_loss=0.0328 train_corr=0.975 val_loss=0.1823 val_corr=0.086
[epoch 17] lr=5.00e-04 train_loss=0.0325 train_corr=0.976 val_loss=0.1813 val_corr=0.096
[epoch 18] lr=5.00e-04 train_loss=0.0322 train_corr=0.977 val_loss=0.1837 val_corr=0.086
[epoch 19] lr=5.00e-04 train_loss=0.0321 train_corr=0.978 val_loss=0.1923 val_corr=0.067
[epoch 20] lr=5.00e-04 train_loss=0.0319 train_corr=0.979 val_loss=0.1925 val_corr=0.088
[epoch 21] lr=5.00e-04 train_loss=0.0317 train_corr=0.979 val_loss=0.1827 val_corr=0.077
[epoch 22] lr=5.00e-04 train_loss=0.0318 train_corr=0.978 val_loss=0.1930 val_corr=0.064
[epoch 23] lr=5.00e-04 train_loss=0.0316 train_corr=0.980 val_loss=0.1777 val_corr=0.093
[epoch 24] lr=5.00e-04 train_loss=0.0315 train_corr=0.980 val_loss=0.1764 val_corr=0.146
[epoch 25] lr=5.00e-04 train_loss=0.0314 train_corr=0.980 val_loss=0.1915 val_corr=0.109
[epoch 26] lr=5.00e-04 train_loss=0.0316 train_corr=0.979 val_loss=0.1897 val_corr=0.092
[epoch 27] lr=5.00e-04 train_loss=0.0313 train_corr=0.980 val_loss=0.1845 val_corr=0.108
[epoch 28] lr=5.00e-04 train_loss=0.0310 train_corr=0.983 val_loss=0.1885 val_corr=0.108
[epoch 29] lr=5.00e-04 train_loss=0.0307 train_corr=0.984 val_loss=0.1978 val_corr=0.081
[epoch 30] lr=5.00e-04 train_loss=0.0308 train_corr=0.984 val_loss=0.2039 val_corr=0.099
[epoch 31] lr=5.00e-04 train_loss=0.0315 train_corr=0.979 val_loss=0.1964 val_corr=0.080
[epoch 32] lr=5.00e-04 train_loss=0.0314 train_corr=0.979 val_loss=0.1935 val_corr=0.071
[epoch 33] lr=5.00e-04 train_loss=0.0310 train_corr=0.982 val_loss=0.2002 val_corr=0.090
[epoch 34] lr=5.00e-04 train_loss=0.0306 train_corr=0.984 val_loss=0.1921 val_corr=0.114
[epoch 35] lr=5.00e-04 train_loss=0.0304 train_corr=0.986 val_loss=0.2031 val_corr=0.100
[epoch 36] lr=5.00e-04 train_loss=0.0306 train_corr=0.984 val_loss=0.2068 val_corr=0.099
[epoch 37] lr=5.00e-04 train_loss=0.0317 train_corr=0.977 val_loss=0.1832 val_corr=0.149
[epoch 38] lr=5.00e-04 train_loss=0.0313 train_corr=0.979 val_loss=0.1878 val_corr=0.150
[epoch 39] lr=5.00e-04 train_loss=0.0306 train_corr=0.984 val_loss=0.1966 val_corr=0.106
[epoch 40] lr=5.00e-04 train_loss=0.0303 train_corr=0.986 val_loss=0.1975 val_corr=0.098
[epoch 41] lr=5.00e-04 train_loss=0.0305 train_corr=0.985 val_loss=0.1983 val_corr=0.111
[epoch 42] lr=5.00e-04 train_loss=0.0308 train_corr=0.983 val_loss=0.2077 val_corr=0.110
[epoch 43] lr=5.00e-04 train_loss=0.0307 train_corr=0.983 val_loss=0.2030 val_corr=0.118
[epoch 44] lr=5.00e-04 train_loss=0.0309 train_corr=0.982 val_loss=0.1997 val_corr=0.102
[epoch 45] lr=5.00e-04 train_loss=0.0308 train_corr=0.982 val_loss=0.2136 val_corr=0.106
[epoch 46] lr=5.00e-04 train_loss=0.0302 train_corr=0.986 val_loss=0.2013 val_corr=0.106
[epoch 47] lr=5.00e-04 train_loss=0.0302 train_corr=0.987 val_loss=0.2106 val_corr=0.086
[epoch 48] lr=5.00e-04 train_loss=0.0308 train_corr=0.982 val_loss=0.1798 val_corr=0.141
Traceback (most recent call last):
  File "<string>", line 18, in <module>
TypeError: unsupported operand type(s) for +: 'float' and 'NoneType'
[epoch 49] lr=5.00e-04 train_loss=0.0316 train_corr=0.976 val_loss=0.2037 val_corr=0.085
run_dir /home/shunya/research/dog-radar-vitals/runs/20260828-000117_ecg_rpeak_cnn1d_312_mmecg_rpeak_cnn1d_config284match_64ch_full
=== full train+eval: 313_mmecg_rpeak_cnn1d_config284match_16ch ===
[epoch 0] lr=5.00e-04 train_loss=0.5693 train_corr=0.007 val_loss=0.4792 val_corr=0.007
[epoch 1] lr=5.00e-04 train_loss=0.4203 train_corr=0.008 val_loss=0.3705 val_corr=0.018
[epoch 2] lr=5.00e-04 train_loss=0.3187 train_corr=0.022 val_loss=0.2651 val_corr=0.068
[epoch 3] lr=5.00e-04 train_loss=0.2468 train_corr=0.056 val_loss=0.2090 val_corr=0.122
[epoch 4] lr=5.00e-04 train_loss=0.1957 train_corr=0.136 val_loss=0.1687 val_corr=0.219
[epoch 5] lr=5.00e-04 train_loss=0.1572 train_corr=0.332 val_loss=0.1517 val_corr=0.141
[epoch 6] lr=5.00e-04 train_loss=0.1240 train_corr=0.562 val_loss=0.1440 val_corr=0.116
[epoch 7] lr=5.00e-04 train_loss=0.0996 train_corr=0.703 val_loss=0.1420 val_corr=0.091
[epoch 8] lr=5.00e-04 train_loss=0.0846 train_corr=0.769 val_loss=0.1408 val_corr=0.096
[epoch 9] lr=5.00e-04 train_loss=0.0745 train_corr=0.802 val_loss=0.1371 val_corr=0.112
[epoch 10] lr=5.00e-04 train_loss=0.0674 train_corr=0.824 val_loss=0.1391 val_corr=0.107
[epoch 11] lr=5.00e-04 train_loss=0.0623 train_corr=0.840 val_loss=0.1410 val_corr=0.107
[epoch 12] lr=5.00e-04 train_loss=0.0585 train_corr=0.852 val_loss=0.1422 val_corr=0.108
[epoch 13] lr=5.00e-04 train_loss=0.0552 train_corr=0.864 val_loss=0.1472 val_corr=0.099
[epoch 14] lr=5.00e-04 train_loss=0.0528 train_corr=0.873 val_loss=0.1447 val_corr=0.122
[epoch 15] lr=5.00e-04 train_loss=0.0509 train_corr=0.878 val_loss=0.1476 val_corr=0.121
[epoch 16] lr=5.00e-04 train_loss=0.0490 train_corr=0.886 val_loss=0.1465 val_corr=0.135
[epoch 17] lr=5.00e-04 train_loss=0.0477 train_corr=0.891 val_loss=0.1528 val_corr=0.108
[epoch 18] lr=5.00e-04 train_loss=0.0466 train_corr=0.894 val_loss=0.1501 val_corr=0.133
[epoch 19] lr=5.00e-04 train_loss=0.0455 train_corr=0.899 val_loss=0.1546 val_corr=0.117
[epoch 20] lr=5.00e-04 train_loss=0.0447 train_corr=0.902 val_loss=0.1538 val_corr=0.128
[epoch 21] lr=5.00e-04 train_loss=0.0439 train_corr=0.904 val_loss=0.1564 val_corr=0.126
[epoch 22] lr=5.00e-04 train_loss=0.0434 train_corr=0.906 val_loss=0.1628 val_corr=0.109
[epoch 23] lr=5.00e-04 train_loss=0.0429 train_corr=0.908 val_loss=0.1595 val_corr=0.135
[epoch 24] lr=5.00e-04 train_loss=0.0424 train_corr=0.910 val_loss=0.1621 val_corr=0.125
[epoch 25] lr=5.00e-04 train_loss=0.0418 train_corr=0.912 val_loss=0.1680 val_corr=0.105
[epoch 26] lr=5.00e-04 train_loss=0.0415 train_corr=0.914 val_loss=0.1700 val_corr=0.103
[epoch 27] lr=5.00e-04 train_loss=0.0412 train_corr=0.915 val_loss=0.1635 val_corr=0.130
[epoch 28] lr=5.00e-04 train_loss=0.0409 train_corr=0.916 val_loss=0.1684 val_corr=0.128
[epoch 29] lr=5.00e-04 train_loss=0.0407 train_corr=0.917 val_loss=0.1717 val_corr=0.126
[epoch 30] lr=5.00e-04 train_loss=0.0406 train_corr=0.917 val_loss=0.1713 val_corr=0.133
[epoch 31] lr=5.00e-04 train_loss=0.0402 train_corr=0.919 val_loss=0.1696 val_corr=0.124
[epoch 32] lr=5.00e-04 train_loss=0.0399 train_corr=0.920 val_loss=0.1764 val_corr=0.112
[epoch 33] lr=5.00e-04 train_loss=0.0397 train_corr=0.921 val_loss=0.1712 val_corr=0.130
[epoch 34] lr=5.00e-04 train_loss=0.0395 train_corr=0.922 val_loss=0.1803 val_corr=0.099
[epoch 35] lr=5.00e-04 train_loss=0.0394 train_corr=0.922 val_loss=0.1758 val_corr=0.136
[epoch 36] lr=5.00e-04 train_loss=0.0394 train_corr=0.922 val_loss=0.1749 val_corr=0.132
[epoch 37] lr=5.00e-04 train_loss=0.0391 train_corr=0.924 val_loss=0.1802 val_corr=0.121
[epoch 38] lr=5.00e-04 train_loss=0.0391 train_corr=0.923 val_loss=0.1804 val_corr=0.130
[epoch 39] lr=5.00e-04 train_loss=0.0389 train_corr=0.925 val_loss=0.1691 val_corr=0.138
[epoch 40] lr=5.00e-04 train_loss=0.0387 train_corr=0.926 val_loss=0.1815 val_corr=0.116
[epoch 41] lr=5.00e-04 train_loss=0.0386 train_corr=0.926 val_loss=0.1819 val_corr=0.134
[epoch 42] lr=5.00e-04 train_loss=0.0385 train_corr=0.927 val_loss=0.1850 val_corr=0.121
[epoch 43] lr=5.00e-04 train_loss=0.0385 train_corr=0.927 val_loss=0.1864 val_corr=0.112
[epoch 44] lr=5.00e-04 train_loss=0.0383 train_corr=0.928 val_loss=0.1870 val_corr=0.102
[epoch 45] lr=5.00e-04 train_loss=0.0382 train_corr=0.928 val_loss=0.1860 val_corr=0.117
[epoch 46] lr=5.00e-04 train_loss=0.0382 train_corr=0.928 val_loss=0.1836 val_corr=0.121
[epoch 47] lr=5.00e-04 train_loss=0.0382 train_corr=0.927 val_loss=0.1781 val_corr=0.156
[epoch 48] lr=5.00e-04 train_loss=0.0381 train_corr=0.928 val_loss=0.1811 val_corr=0.138
Traceback (most recent call last):
  File "<string>", line 18, in <module>
TypeError: unsupported operand type(s) for +: 'float' and 'NoneType'
[epoch 49] lr=5.00e-04 train_loss=0.0380 train_corr=0.929 val_loss=0.1905 val_corr=0.113
run_dir /home/shunya/research/dog-radar-vitals/runs/20260828-000257_ecg_rpeak_cnn1d_313_mmecg_rpeak_cnn1d_config284match_16ch_full
=== full train+eval: 314_mmecg_rpeak_spatial_gnn_nearest_peak_target ===
[epoch 0] lr=5.00e-04 train_loss=0.4920 train_corr=0.009 val_loss=0.3800 val_corr=0.011
[epoch 1] lr=5.00e-04 train_loss=0.3086 train_corr=0.034 val_loss=0.2435 val_corr=0.032
[epoch 2] lr=5.00e-04 train_loss=0.1909 train_corr=0.080 val_loss=0.1523 val_corr=0.076
[epoch 3] lr=5.00e-04 train_loss=0.1215 train_corr=0.146 val_loss=0.1026 val_corr=0.124
[epoch 4] lr=5.00e-04 train_loss=0.0866 train_corr=0.201 val_loss=0.0754 val_corr=0.140
[epoch 5] lr=5.00e-04 train_loss=0.0690 train_corr=0.225 val_loss=0.0654 val_corr=0.148
[epoch 6] lr=5.00e-04 train_loss=0.0592 train_corr=0.241 val_loss=0.0607 val_corr=0.134
[epoch 7] lr=5.00e-04 train_loss=0.0531 train_corr=0.256 val_loss=0.0540 val_corr=0.133
[epoch 8] lr=5.00e-04 train_loss=0.0491 train_corr=0.269 val_loss=0.0527 val_corr=0.118
[epoch 9] lr=5.00e-04 train_loss=0.0461 train_corr=0.286 val_loss=0.0533 val_corr=0.135
[epoch 10] lr=5.00e-04 train_loss=0.0440 train_corr=0.297 val_loss=0.0521 val_corr=0.131
[epoch 11] lr=5.00e-04 train_loss=0.0424 train_corr=0.308 val_loss=0.0496 val_corr=0.126
[epoch 12] lr=5.00e-04 train_loss=0.0410 train_corr=0.318 val_loss=0.0498 val_corr=0.114
[epoch 13] lr=5.00e-04 train_loss=0.0399 train_corr=0.326 val_loss=0.0496 val_corr=0.122
[epoch 14] lr=5.00e-04 train_loss=0.0389 train_corr=0.338 val_loss=0.0488 val_corr=0.137
[epoch 15] lr=5.00e-04 train_loss=0.0382 train_corr=0.342 val_loss=0.0498 val_corr=0.128
[epoch 16] lr=5.00e-04 train_loss=0.0372 train_corr=0.354 val_loss=0.0493 val_corr=0.131
[epoch 17] lr=5.00e-04 train_loss=0.0367 train_corr=0.360 val_loss=0.0507 val_corr=0.120
[epoch 18] lr=5.00e-04 train_loss=0.0359 train_corr=0.372 val_loss=0.0500 val_corr=0.129
[epoch 19] lr=5.00e-04 train_loss=0.0353 train_corr=0.379 val_loss=0.0523 val_corr=0.107
[epoch 20] lr=5.00e-04 train_loss=0.0348 train_corr=0.386 val_loss=0.0521 val_corr=0.103
[epoch 21] lr=5.00e-04 train_loss=0.0342 train_corr=0.393 val_loss=0.0527 val_corr=0.102
[epoch 22] lr=5.00e-04 train_loss=0.0339 train_corr=0.399 val_loss=0.0535 val_corr=0.086
[epoch 23] lr=5.00e-04 train_loss=0.0333 train_corr=0.408 val_loss=0.0520 val_corr=0.112
[epoch 24] lr=5.00e-04 train_loss=0.0329 train_corr=0.418 val_loss=0.0534 val_corr=0.109
[epoch 25] lr=5.00e-04 train_loss=0.0327 train_corr=0.420 val_loss=0.0535 val_corr=0.100
[epoch 26] lr=5.00e-04 train_loss=0.0323 train_corr=0.426 val_loss=0.0559 val_corr=0.083
[epoch 27] lr=5.00e-04 train_loss=0.0322 train_corr=0.426 val_loss=0.0540 val_corr=0.111
[epoch 28] lr=5.00e-04 train_loss=0.0320 train_corr=0.429 val_loss=0.0582 val_corr=0.075
[epoch 29] lr=5.00e-04 train_loss=0.0315 train_corr=0.441 val_loss=0.0569 val_corr=0.072
[epoch 30] lr=5.00e-04 train_loss=0.0311 train_corr=0.447 val_loss=0.0553 val_corr=0.122
[epoch 31] lr=5.00e-04 train_loss=0.0310 train_corr=0.448 val_loss=0.0586 val_corr=0.063
[epoch 32] lr=5.00e-04 train_loss=0.0307 train_corr=0.455 val_loss=0.0569 val_corr=0.084
[epoch 33] lr=5.00e-04 train_loss=0.0305 train_corr=0.457 val_loss=0.0563 val_corr=0.100
[epoch 34] lr=5.00e-04 train_loss=0.0303 train_corr=0.464 val_loss=0.0559 val_corr=0.115
[epoch 35] lr=5.00e-04 train_loss=0.0301 train_corr=0.469 val_loss=0.0575 val_corr=0.088
[epoch 36] lr=5.00e-04 train_loss=0.0299 train_corr=0.472 val_loss=0.0568 val_corr=0.117
[epoch 37] lr=5.00e-04 train_loss=0.0297 train_corr=0.476 val_loss=0.0600 val_corr=0.077
[epoch 38] lr=5.00e-04 train_loss=0.0295 train_corr=0.481 val_loss=0.0565 val_corr=0.093
[epoch 39] lr=5.00e-04 train_loss=0.0294 train_corr=0.484 val_loss=0.0574 val_corr=0.106
[epoch 40] lr=5.00e-04 train_loss=0.0293 train_corr=0.489 val_loss=0.0594 val_corr=0.086
[epoch 41] lr=5.00e-04 train_loss=0.0291 train_corr=0.491 val_loss=0.0600 val_corr=0.083
[epoch 42] lr=5.00e-04 train_loss=0.0289 train_corr=0.496 val_loss=0.0599 val_corr=0.083
[epoch 43] lr=5.00e-04 train_loss=0.0288 train_corr=0.496 val_loss=0.0598 val_corr=0.083
[epoch 44] lr=5.00e-04 train_loss=0.0288 train_corr=0.499 val_loss=0.0598 val_corr=0.085
[epoch 45] lr=5.00e-04 train_loss=0.0286 train_corr=0.505 val_loss=0.0615 val_corr=0.083
[epoch 46] lr=5.00e-04 train_loss=0.0286 train_corr=0.506 val_loss=0.0608 val_corr=0.089
[epoch 47] lr=5.00e-04 train_loss=0.0285 train_corr=0.507 val_loss=0.0597 val_corr=0.086
[epoch 48] lr=5.00e-04 train_loss=0.0284 train_corr=0.512 val_loss=0.0623 val_corr=0.079
Traceback (most recent call last):
  File "<string>", line 18, in <module>
TypeError: unsupported operand type(s) for +: 'int' and 'NoneType'
[epoch 49] lr=5.00e-04 train_loss=0.0280 train_corr=0.520 val_loss=0.0580 val_corr=0.123
run_dir /home/shunya/research/dog-radar-vitals/runs/20260828-000412_ecg_rpeak_spatial_gnn_314_mmecg_rpeak_spatial_gnn_nearest_peak_target_full
comparisons_full done
