 subj   RR-MAE    E|Δe|   std(e)   1.128σ    lag1相関      跨ぎなし      見逃し跨ぎ      跨ぎ割合
    1     9.99     9.99    10.78    12.16    -0.000      9.78      11.12     0.159
    2     8.29     8.29     7.85     8.86     0.132      7.92       9.14     0.305
    5    10.31    10.31    31.00    34.97     0.881     10.55       9.81     0.326
    9    15.55    15.55    22.67    25.58     0.570     11.20      16.38     0.841
   10    12.14    12.14    17.76    20.03     0.542      9.83      16.97     0.323
   13    10.94    10.94    18.98    21.40     0.707     10.17      14.19     0.193
   14    10.05    10.05    13.33    15.04     0.469      9.33      11.58     0.320
   16     9.35     9.35    17.67    19.93     0.737      8.75      10.56     0.330
   17     9.34     9.34    28.22    31.83     0.884      9.09      11.29     0.114
   29     8.94     8.94    27.15    30.63     0.896      8.68       9.54     0.299
   30    12.15    12.15    27.56    31.09     0.796     12.04      12.77     0.146

=== 全体 ===
  RR間隔MAE = E|Δe|            10.180
  位置誤差 std(e)                24.029
  位置誤差の lag-1 相関              0.759
  見逃しを跨がないペア                  9.766
  見逃しを跨ぐペア                   11.437
  跨ぐペアの割合                     0.240

保存: /home/shunya/research/dog-radar-vitals/reports/rr_error_source_h0.30.json
