########## heatmap_sigma_ms=0 (0/1 スパイク教師) ##########
run_dir: /home/shunya/research/dog-radar-vitals/runs/20260827-001802_ecg_rpeak_spatial_gnn_sigma0
[epoch 0] lr=5.00e-04 train_loss=0.5551 train_corr=0.057 val_loss=0.4668 val_corr=0.083
[epoch 1] lr=5.00e-04 train_loss=0.3799 train_corr=0.135 val_loss=0.3228 val_corr=0.100
[epoch 2] lr=5.00e-04 train_loss=0.2755 train_corr=0.182 val_loss=0.2703 val_corr=0.094
[epoch 3] lr=5.00e-04 train_loss=0.2064 train_corr=0.219 val_loss=0.2282 val_corr=0.076
[epoch 4] lr=5.00e-04 train_loss=0.1657 train_corr=0.255 val_loss=0.2161 val_corr=0.092
[epoch 5] lr=5.00e-04 train_loss=0.1413 train_corr=0.284 val_loss=0.2117 val_corr=0.108
[epoch 6] lr=5.00e-04 train_loss=0.1257 train_corr=0.306 val_loss=0.2168 val_corr=0.097
[epoch 7] lr=5.00e-04 train_loss=0.1140 train_corr=0.327 val_loss=0.2139 val_corr=0.107
[epoch 8] lr=5.00e-04 train_loss=0.1044 train_corr=0.347 val_loss=0.2222 val_corr=0.097
[epoch 9] lr=5.00e-04 train_loss=0.0957 train_corr=0.369 val_loss=0.2216 val_corr=0.108
run_dir: /home/shunya/research/dog-radar-vitals/runs/20260827-001802_ecg_rpeak_spatial_gnn_sigma0
===== sigma=0 しきい値 0.2 =====
======================================================================
mean F1: 0.631
RR-interval MAE (mean over 43 trials): 11.18 ms
--- radarODE の指標定義に揃えた値 (振幅条件は未実装、我々に有利な側) ---
MDR (規則1+2, 許容0.15s): 14.62 %
R波タイミング誤差 (許容0.15sで対応づいた拍): 平均|誤差| 35.76 ms / 中央値|誤差| 35.04 ms / 符号つき平均(bias) +13.56 ms
R波タイミング誤差 (許容±0.05sで対応づいた拍のみ): 29.17 ms
F1 (許容0.15s): 0.812
--- Chen ら (IEEE T-MC 2024) の指標定義に揃えた値 ---
R波 正規化タイミング誤差 中央値: 4.30 %  (Chen ら報告値: 0.4-0.7 %)
R波 絶対タイミング誤差 中央値 35.04 ms / 90パーセンタイル 50.75 ms  (Chen ら報告値: 中央値 3 ms / 90パーセンタイル 9 ms)
--- mmHRV (Wang ら, IEEE IoT-J 2021) の指標定義に揃えた HRV 成績 ---
指標                       我々     一定RRのみ     mmHRV報告値
平均IBI誤差[ms]          134.01          -         3.89
RMSSD誤差[ms]           19.77      25.10         6.43
SDNN誤差[ms]             9.05      36.80         6.44
pNN50誤差[%]            17.14       6.72         2.52
  ※ mmHRV は自前データセット(11名, LOS/NLOS)であり MMECG ではない。指標定義のみを揃えた参考値。
  ※「一定RRのみ」= 入力を見ずに一定間隔で拍を置くモデル。RMSSD も pNN50 も 0 になるので誤差は正解値そのもの。この列を下回らない限り、変動を捉えられているとは言えない。
HRV usable: 44/44, RMSSD MAE: 19.77 ms, SDNN MAE: 9.05 ms
===== sigma=0 しきい値 0.3 =====
======================================================================
mean F1: 0.586
RR-interval MAE (mean over 43 trials): 10.36 ms
--- radarODE の指標定義に揃えた値 (振幅条件は未実装、我々に有利な側) ---
MDR (規則1+2, 許容0.15s): 28.58 %
R波タイミング誤差 (許容0.15sで対応づいた拍): 平均|誤差| 36.05 ms / 中央値|誤差| 35.68 ms / 符号つき平均(bias) +13.95 ms
R波タイミング誤差 (許容±0.05sで対応づいた拍のみ): 29.66 ms
F1 (許容0.15s): 0.753
--- Chen ら (IEEE T-MC 2024) の指標定義に揃えた値 ---
R波 正規化タイミング誤差 中央値: 4.38 %  (Chen ら報告値: 0.4-0.7 %)
R波 絶対タイミング誤差 中央値 35.68 ms / 90パーセンタイル 49.95 ms  (Chen ら報告値: 中央値 3 ms / 90パーセンタイル 9 ms)
--- mmHRV (Wang ら, IEEE IoT-J 2021) の指標定義に揃えた HRV 成績 ---
指標                       我々     一定RRのみ     mmHRV報告値
平均IBI誤差[ms]           71.37          -         3.89
RMSSD誤差[ms]           18.11      25.10         6.43
SDNN誤差[ms]             7.07      36.80         6.44
pNN50誤差[%]            14.24       6.72         2.52
  ※ mmHRV は自前データセット(11名, LOS/NLOS)であり MMECG ではない。指標定義のみを揃えた参考値。
  ※「一定RRのみ」= 入力を見ずに一定間隔で拍を置くモデル。RMSSD も pNN50 も 0 になるので誤差は正解値そのもの。この列を下回らない限り、変動を捉えられているとは言えない。
HRV usable: 44/44, RMSSD MAE: 18.11 ms, SDNN MAE: 7.07 ms
===== sigma=0 しきい値 0.5 =====
======================================================================
mean F1: 0.375
RR-interval MAE (mean over 41 trials): 10.06 ms
--- radarODE の指標定義に揃えた値 (振幅条件は未実装、我々に有利な側) ---
MDR (規則1+2, 許容0.15s): 63.44 %
R波タイミング誤差 (許容0.15sで対応づいた拍): 平均|誤差| 36.56 ms / 中央値|誤差| 36.20 ms / 符号つき平均(bias) +13.65 ms
R波タイミング誤差 (許容±0.05sで対応づいた拍のみ): 29.70 ms
F1 (許容0.15s): 0.469
--- Chen ら (IEEE T-MC 2024) の指標定義に揃えた値 ---
R波 正規化タイミング誤差 中央値: 4.45 %  (Chen ら報告値: 0.4-0.7 %)
R波 絶対タイミング誤差 中央値 36.20 ms / 90パーセンタイル 48.88 ms  (Chen ら報告値: 中央値 3 ms / 90パーセンタイル 9 ms)
--- mmHRV (Wang ら, IEEE IoT-J 2021) の指標定義に揃えた HRV 成績 ---
指標                       我々     一定RRのみ     mmHRV報告値
平均IBI誤差[ms]           56.33          -         3.89
RMSSD誤差[ms]           16.83      25.60         6.43
SDNN誤差[ms]             8.59      37.79         6.44
pNN50誤差[%]            17.80       7.41         2.52
  ※ mmHRV は自前データセット(11名, LOS/NLOS)であり MMECG ではない。指標定義のみを揃えた参考値。
  ※「一定RRのみ」= 入力を見ずに一定間隔で拍を置くモデル。RMSSD も pNN50 も 0 になるので誤差は正解値そのもの。この列を下回らない限り、変動を捉えられているとは言えない。
HRV usable: 39/44, RMSSD MAE: 16.83 ms, SDNN MAE: 8.59 ms
===== sigma=0 しきい値 0.7 =====
======================================================================
mean F1: 0.165
RR-interval MAE (mean over 28 trials): 6.13 ms
--- radarODE の指標定義に揃えた値 (振幅条件は未実装、我々に有利な側) ---
MDR (規則1+2, 許容0.15s): 87.55 %
R波タイミング誤差 (許容0.15sで対応づいた拍): 平均|誤差| 35.82 ms / 中央値|誤差| 35.11 ms / 符号つき平均(bias) +14.46 ms
R波タイミング誤差 (許容±0.05sで対応づいた拍のみ): 28.33 ms
F1 (許容0.15s): 0.180
--- Chen ら (IEEE T-MC 2024) の指標定義に揃えた値 ---
R波 正規化タイミング誤差 中央値: 4.10 %  (Chen ら報告値: 0.4-0.7 %)
R波 絶対タイミング誤差 中央値 35.11 ms / 90パーセンタイル 43.72 ms  (Chen ら報告値: 中央値 3 ms / 90パーセンタイル 9 ms)
--- mmHRV (Wang ら, IEEE IoT-J 2021) の指標定義に揃えた HRV 成績 ---
指標                       我々     一定RRのみ     mmHRV報告値
平均IBI誤差[ms]           19.71          -         3.89
RMSSD誤差[ms]            5.62      40.35         6.43
SDNN誤差[ms]            10.75      48.23         6.44
pNN50誤差[%]             5.83      19.94         2.52
  ※ mmHRV は自前データセット(11名, LOS/NLOS)であり MMECG ではない。指標定義のみを揃えた参考値。
  ※「一定RRのみ」= 入力を見ずに一定間隔で拍を置くモデル。RMSSD も pNN50 も 0 になるので誤差は正解値そのもの。この列を下回らない限り、変動を捉えられているとは言えない。
HRV usable: 12/44, RMSSD MAE: 5.62 ms, SDNN MAE: 10.75 ms
########## 完了 ##########
