
=== fold 0: test_subject=1 val_subject=2 ===
train_subjects=[5, 9, 10, 13, 14, 16, 17, 29, 30]
[epoch 0] lr=5.00e-04 train_loss=0.4113 train_corr=0.320 val_loss=0.2927 val_corr=0.200
[epoch 1] lr=5.00e-04 train_loss=0.2014 train_corr=0.498 val_loss=0.2140 val_corr=0.214
[epoch 2] lr=5.00e-04 train_loss=0.1407 train_corr=0.570 val_loss=0.1946 val_corr=0.168
[epoch 3] lr=5.00e-04 train_loss=0.1194 train_corr=0.627 val_loss=0.2235 val_corr=0.116
[epoch 4] lr=5.00e-04 train_loss=0.1085 train_corr=0.667 val_loss=0.2361 val_corr=0.029
[epoch 5] lr=5.00e-04 train_loss=0.1008 train_corr=0.702 val_loss=0.2383 val_corr=0.062
[epoch 6] lr=5.00e-04 train_loss=0.0959 train_corr=0.725 val_loss=0.2480 val_corr=0.057
[epoch 7] lr=5.00e-04 train_loss=0.0915 train_corr=0.747 val_loss=0.2513 val_corr=0.033
[epoch 8] lr=5.00e-04 train_loss=0.0874 train_corr=0.769 val_loss=0.2502 val_corr=0.056
[epoch 9] lr=5.00e-04 train_loss=0.0835 train_corr=0.790 val_loss=0.2381 val_corr=0.101
[epoch 10] lr=5.00e-04 train_loss=0.0802 train_corr=0.809 val_loss=0.2599 val_corr=0.033
[epoch 11] lr=5.00e-04 train_loss=0.0772 train_corr=0.825 val_loss=0.2480 val_corr=0.048
[epoch 12] lr=5.00e-04 train_loss=0.0750 train_corr=0.837 val_loss=0.2619 val_corr=0.046
[epoch 13] lr=5.00e-04 train_loss=0.0731 train_corr=0.847 val_loss=0.2397 val_corr=0.091
[epoch 14] lr=5.00e-04 train_loss=0.0713 train_corr=0.857 val_loss=0.2751 val_corr=0.010
[epoch 15] lr=5.00e-04 train_loss=0.0697 train_corr=0.866 val_loss=0.2780 val_corr=0.025
[epoch 16] lr=5.00e-04 train_loss=0.0684 train_corr=0.873 val_loss=0.2967 val_corr=0.016
[epoch 17] lr=5.00e-04 train_loss=0.0672 train_corr=0.880 val_loss=0.2806 val_corr=0.016
[epoch 18] lr=5.00e-04 train_loss=0.0659 train_corr=0.886 val_loss=0.2738 val_corr=0.049
[epoch 19] lr=5.00e-04 train_loss=0.0654 train_corr=0.889 val_loss=0.2830 val_corr=0.025
[epoch 20] lr=5.00e-04 train_loss=0.0638 train_corr=0.898 val_loss=0.2888 val_corr=0.024
[epoch 21] lr=5.00e-04 train_loss=0.0630 train_corr=0.902 val_loss=0.3129 val_corr=-0.012
[epoch 22] lr=5.00e-04 train_loss=0.0624 train_corr=0.906 val_loss=0.2959 val_corr=0.042
[epoch 23] lr=5.00e-04 train_loss=0.0620 train_corr=0.908 val_loss=0.2833 val_corr=0.045
[epoch 24] lr=5.00e-04 train_loss=0.0617 train_corr=0.910 val_loss=0.2998 val_corr=0.031
[epoch 25] lr=5.00e-04 train_loss=0.0608 train_corr=0.914 val_loss=0.3233 val_corr=0.011
[epoch 26] lr=5.00e-04 train_loss=0.0608 train_corr=0.915 val_loss=0.3190 val_corr=0.006
[epoch 27] lr=5.00e-04 train_loss=0.0599 train_corr=0.919 val_loss=0.3108 val_corr=0.017
[epoch 28] lr=5.00e-04 train_loss=0.0599 train_corr=0.919 val_loss=0.3215 val_corr=0.011
[epoch 29] lr=5.00e-04 train_loss=0.0592 train_corr=0.923 val_loss=0.2992 val_corr=0.020
[epoch 30] lr=5.00e-04 train_loss=0.0591 train_corr=0.923 val_loss=0.3062 val_corr=0.045
[epoch 31] lr=5.00e-04 train_loss=0.0586 train_corr=0.926 val_loss=0.3188 val_corr=0.013
[epoch 32] lr=5.00e-04 train_loss=0.0581 train_corr=0.928 val_loss=0.3350 val_corr=0.007
[epoch 33] lr=5.00e-04 train_loss=0.0579 train_corr=0.930 val_loss=0.2921 val_corr=0.054
[epoch 34] lr=5.00e-04 train_loss=0.0577 train_corr=0.930 val_loss=0.3120 val_corr=0.050
[epoch 35] lr=5.00e-04 train_loss=0.0579 train_corr=0.929 val_loss=0.3159 val_corr=0.022
[epoch 36] lr=5.00e-04 train_loss=0.0575 train_corr=0.932 val_loss=0.3446 val_corr=-0.012
[epoch 37] lr=5.00e-04 train_loss=0.0568 train_corr=0.935 val_loss=0.3333 val_corr=0.014
[epoch 38] lr=5.00e-04 train_loss=0.0569 train_corr=0.935 val_loss=0.3127 val_corr=0.036
[epoch 39] lr=5.00e-04 train_loss=0.0565 train_corr=0.937 val_loss=0.3292 val_corr=0.010
[epoch 40] lr=5.00e-04 train_loss=0.0565 train_corr=0.936 val_loss=0.3333 val_corr=0.017
[epoch 41] lr=5.00e-04 train_loss=0.0562 train_corr=0.938 val_loss=0.3036 val_corr=0.042
[epoch 42] lr=5.00e-04 train_loss=0.0560 train_corr=0.939 val_loss=0.3286 val_corr=0.022
[epoch 43] lr=5.00e-04 train_loss=0.0557 train_corr=0.941 val_loss=0.3340 val_corr=0.014
[epoch 44] lr=5.00e-04 train_loss=0.0557 train_corr=0.941 val_loss=0.3664 val_corr=-0.010
[epoch 45] lr=5.00e-04 train_loss=0.0554 train_corr=0.942 val_loss=0.3370 val_corr=0.013
[epoch 46] lr=5.00e-04 train_loss=0.0552 train_corr=0.943 val_loss=0.3002 val_corr=0.060
[epoch 47] lr=5.00e-04 train_loss=0.0552 train_corr=0.943 val_loss=0.3655 val_corr=-0.001
[epoch 48] lr=5.00e-04 train_loss=0.0551 train_corr=0.943 val_loss=0.3420 val_corr=0.009
[epoch 49] lr=5.00e-04 train_loss=0.0548 train_corr=0.945 val_loss=0.3525 val_corr=0.011
fold 0 done. checkpoint exists: True -> /home/shunya/research/dog-radar-vitals/runs/20260822-043535_ecg_rpeak_spatial_gnn_lodo284_fold0_test1/epoch_004.pt

=== fold 1: test_subject=2 val_subject=5 ===
train_subjects=[1, 9, 10, 13, 14, 16, 17, 29, 30]
[epoch 0] lr=5.00e-04 train_loss=0.4290 train_corr=0.328 val_loss=0.3189 val_corr=0.112
[epoch 1] lr=5.00e-04 train_loss=0.2131 train_corr=0.529 val_loss=0.2212 val_corr=0.032
[epoch 2] lr=5.00e-04 train_loss=0.1420 train_corr=0.587 val_loss=0.2023 val_corr=0.075
[epoch 3] lr=5.00e-04 train_loss=0.1182 train_corr=0.633 val_loss=0.2016 val_corr=0.102
[epoch 4] lr=5.00e-04 train_loss=0.1068 train_corr=0.672 val_loss=0.2228 val_corr=0.056
[epoch 5] lr=5.00e-04 train_loss=0.0997 train_corr=0.702 val_loss=0.2382 val_corr=0.043
[epoch 6] lr=5.00e-04 train_loss=0.0938 train_corr=0.730 val_loss=0.2323 val_corr=0.053
[epoch 7] lr=5.00e-04 train_loss=0.0893 train_corr=0.751 val_loss=0.2362 val_corr=0.068
[epoch 8] lr=5.00e-04 train_loss=0.0849 train_corr=0.774 val_loss=0.2484 val_corr=0.069
[epoch 9] lr=5.00e-04 train_loss=0.0814 train_corr=0.794 val_loss=0.2618 val_corr=0.047
[epoch 10] lr=5.00e-04 train_loss=0.0781 train_corr=0.813 val_loss=0.2715 val_corr=0.045
[epoch 11] lr=5.00e-04 train_loss=0.0747 train_corr=0.832 val_loss=0.2654 val_corr=0.043
[epoch 12] lr=5.00e-04 train_loss=0.0723 train_corr=0.846 val_loss=0.2863 val_corr=0.039
[epoch 13] lr=5.00e-04 train_loss=0.0704 train_corr=0.856 val_loss=0.2978 val_corr=0.038
[epoch 14] lr=5.00e-04 train_loss=0.0684 train_corr=0.867 val_loss=0.2752 val_corr=0.054
[epoch 15] lr=5.00e-04 train_loss=0.0667 train_corr=0.877 val_loss=0.2849 val_corr=0.047
[epoch 16] lr=5.00e-04 train_loss=0.0653 train_corr=0.884 val_loss=0.3173 val_corr=0.040
[epoch 17] lr=5.00e-04 train_loss=0.0640 train_corr=0.891 val_loss=0.3081 val_corr=0.058
[epoch 18] lr=5.00e-04 train_loss=0.0629 train_corr=0.897 val_loss=0.3636 val_corr=0.017
[epoch 19] lr=5.00e-04 train_loss=0.0618 train_corr=0.902 val_loss=0.3291 val_corr=0.049
[epoch 20] lr=5.00e-04 train_loss=0.0616 train_corr=0.904 val_loss=0.3278 val_corr=0.055
[epoch 21] lr=5.00e-04 train_loss=0.0604 train_corr=0.910 val_loss=0.3183 val_corr=0.058
[epoch 22] lr=5.00e-04 train_loss=0.0596 train_corr=0.915 val_loss=0.3423 val_corr=0.034
[epoch 23] lr=5.00e-04 train_loss=0.0593 train_corr=0.916 val_loss=0.3339 val_corr=0.044
[epoch 24] lr=5.00e-04 train_loss=0.0587 train_corr=0.919 val_loss=0.3294 val_corr=0.068
[epoch 25] lr=5.00e-04 train_loss=0.0582 train_corr=0.921 val_loss=0.3290 val_corr=0.047
[epoch 26] lr=5.00e-04 train_loss=0.0576 train_corr=0.924 val_loss=0.3481 val_corr=0.061
[epoch 27] lr=5.00e-04 train_loss=0.0571 train_corr=0.928 val_loss=0.3570 val_corr=0.046
[epoch 28] lr=5.00e-04 train_loss=0.0568 train_corr=0.929 val_loss=0.3542 val_corr=0.041
[epoch 29] lr=5.00e-04 train_loss=0.0565 train_corr=0.930 val_loss=0.3501 val_corr=0.060
[epoch 30] lr=5.00e-04 train_loss=0.0561 train_corr=0.933 val_loss=0.3590 val_corr=0.061
[epoch 31] lr=5.00e-04 train_loss=0.0558 train_corr=0.934 val_loss=0.3708 val_corr=0.038
[epoch 32] lr=5.00e-04 train_loss=0.0556 train_corr=0.935 val_loss=0.3791 val_corr=0.042
[epoch 33] lr=5.00e-04 train_loss=0.0553 train_corr=0.936 val_loss=0.3778 val_corr=0.039
[epoch 34] lr=5.00e-04 train_loss=0.0550 train_corr=0.938 val_loss=0.3569 val_corr=0.058
[epoch 35] lr=5.00e-04 train_loss=0.0545 train_corr=0.941 val_loss=0.3648 val_corr=0.061
[epoch 36] lr=5.00e-04 train_loss=0.0544 train_corr=0.942 val_loss=0.3322 val_corr=0.066
[epoch 37] lr=5.00e-04 train_loss=0.0543 train_corr=0.942 val_loss=0.3566 val_corr=0.049
[epoch 38] lr=5.00e-04 train_loss=0.0540 train_corr=0.943 val_loss=0.3648 val_corr=0.050
[epoch 39] lr=5.00e-04 train_loss=0.0541 train_corr=0.943 val_loss=0.3728 val_corr=0.025
[epoch 40] lr=5.00e-04 train_loss=0.0536 train_corr=0.945 val_loss=0.3621 val_corr=0.045
[epoch 41] lr=5.00e-04 train_loss=0.0536 train_corr=0.946 val_loss=0.3842 val_corr=0.046
[epoch 42] lr=5.00e-04 train_loss=0.0533 train_corr=0.947 val_loss=0.3825 val_corr=0.041
[epoch 43] lr=5.00e-04 train_loss=0.0533 train_corr=0.947 val_loss=0.3701 val_corr=0.050
[epoch 44] lr=5.00e-04 train_loss=0.0530 train_corr=0.948 val_loss=0.3729 val_corr=0.042
[epoch 45] lr=5.00e-04 train_loss=0.0530 train_corr=0.948 val_loss=0.4026 val_corr=0.043
[epoch 46] lr=5.00e-04 train_loss=0.0527 train_corr=0.950 val_loss=0.3900 val_corr=0.053
[epoch 47] lr=5.00e-04 train_loss=0.0531 train_corr=0.948 val_loss=0.3925 val_corr=0.058
[epoch 48] lr=5.00e-04 train_loss=0.0524 train_corr=0.951 val_loss=0.3898 val_corr=0.033
[epoch 49] lr=5.00e-04 train_loss=0.0523 train_corr=0.952 val_loss=0.3353 val_corr=0.077
fold 1 done. checkpoint exists: True -> /home/shunya/research/dog-radar-vitals/runs/20260822-045703_ecg_rpeak_spatial_gnn_lodo284_fold1_test2/epoch_004.pt

=== fold 2: test_subject=5 val_subject=9 ===
train_subjects=[1, 2, 10, 13, 14, 16, 17, 29, 30]
[epoch 0] lr=5.00e-04 train_loss=0.4370 train_corr=0.310 val_loss=0.3193 val_corr=0.304
[epoch 1] lr=5.00e-04 train_loss=0.2209 train_corr=0.529 val_loss=0.1842 val_corr=0.363
[epoch 2] lr=5.00e-04 train_loss=0.1464 train_corr=0.587 val_loss=0.1465 val_corr=0.417
[epoch 3] lr=5.00e-04 train_loss=0.1210 train_corr=0.635 val_loss=0.1447 val_corr=0.376
[epoch 4] lr=5.00e-04 train_loss=0.1084 train_corr=0.672 val_loss=0.1370 val_corr=0.455
[epoch 5] lr=5.00e-04 train_loss=0.1001 train_corr=0.706 val_loss=0.1343 val_corr=0.446
[epoch 6] lr=5.00e-04 train_loss=0.0945 train_corr=0.729 val_loss=0.1370 val_corr=0.447
[epoch 7] lr=5.00e-04 train_loss=0.0897 train_corr=0.753 val_loss=0.1475 val_corr=0.431
[epoch 8] lr=5.00e-04 train_loss=0.0860 train_corr=0.772 val_loss=0.1595 val_corr=0.320
[epoch 9] lr=5.00e-04 train_loss=0.0829 train_corr=0.789 val_loss=0.1477 val_corr=0.397
[epoch 10] lr=5.00e-04 train_loss=0.0800 train_corr=0.804 val_loss=0.1509 val_corr=0.389
[epoch 11] lr=5.00e-04 train_loss=0.0773 train_corr=0.819 val_loss=0.1548 val_corr=0.384
[epoch 12] lr=5.00e-04 train_loss=0.0752 train_corr=0.831 val_loss=0.1539 val_corr=0.409
[epoch 13] lr=5.00e-04 train_loss=0.0726 train_corr=0.846 val_loss=0.1461 val_corr=0.423
[epoch 14] lr=5.00e-04 train_loss=0.0710 train_corr=0.855 val_loss=0.1353 val_corr=0.448
[epoch 15] lr=5.00e-04 train_loss=0.0694 train_corr=0.863 val_loss=0.1610 val_corr=0.402
[epoch 16] lr=5.00e-04 train_loss=0.0679 train_corr=0.872 val_loss=0.1392 val_corr=0.457
[epoch 17] lr=5.00e-04 train_loss=0.0664 train_corr=0.880 val_loss=0.1533 val_corr=0.421
[epoch 18] lr=5.00e-04 train_loss=0.0655 train_corr=0.884 val_loss=0.1638 val_corr=0.399
[epoch 19] lr=5.00e-04 train_loss=0.0642 train_corr=0.891 val_loss=0.1502 val_corr=0.446
[epoch 20] lr=5.00e-04 train_loss=0.0637 train_corr=0.894 val_loss=0.1536 val_corr=0.409
[epoch 21] lr=5.00e-04 train_loss=0.0629 train_corr=0.898 val_loss=0.1352 val_corr=0.481
[epoch 22] lr=5.00e-04 train_loss=0.0617 train_corr=0.905 val_loss=0.1759 val_corr=0.368
[epoch 23] lr=5.00e-04 train_loss=0.0611 train_corr=0.908 val_loss=0.1504 val_corr=0.398
[epoch 24] lr=5.00e-04 train_loss=0.0602 train_corr=0.912 val_loss=0.1645 val_corr=0.389
[epoch 25] lr=5.00e-04 train_loss=0.0602 train_corr=0.913 val_loss=0.1578 val_corr=0.412
[epoch 26] lr=5.00e-04 train_loss=0.0593 train_corr=0.918 val_loss=0.1498 val_corr=0.430
[epoch 27] lr=5.00e-04 train_loss=0.0586 train_corr=0.921 val_loss=0.1571 val_corr=0.427
[epoch 28] lr=5.00e-04 train_loss=0.0582 train_corr=0.923 val_loss=0.1502 val_corr=0.445
[epoch 29] lr=5.00e-04 train_loss=0.0579 train_corr=0.925 val_loss=0.1695 val_corr=0.387
[epoch 30] lr=5.00e-04 train_loss=0.0574 train_corr=0.927 val_loss=0.1595 val_corr=0.427
[epoch 31] lr=5.00e-04 train_loss=0.0573 train_corr=0.928 val_loss=0.1708 val_corr=0.387
[epoch 32] lr=5.00e-04 train_loss=0.0568 train_corr=0.931 val_loss=0.1688 val_corr=0.374
[epoch 33] lr=5.00e-04 train_loss=0.0565 train_corr=0.932 val_loss=0.1511 val_corr=0.436
[epoch 34] lr=5.00e-04 train_loss=0.0562 train_corr=0.934 val_loss=0.1431 val_corr=0.455
[epoch 35] lr=5.00e-04 train_loss=0.0558 train_corr=0.935 val_loss=0.1467 val_corr=0.445
[epoch 36] lr=5.00e-04 train_loss=0.0558 train_corr=0.935 val_loss=0.1528 val_corr=0.428
[epoch 37] lr=5.00e-04 train_loss=0.0555 train_corr=0.937 val_loss=0.1896 val_corr=0.360
[epoch 38] lr=5.00e-04 train_loss=0.0552 train_corr=0.938 val_loss=0.1763 val_corr=0.388
[epoch 39] lr=5.00e-04 train_loss=0.0549 train_corr=0.941 val_loss=0.1745 val_corr=0.396
[epoch 40] lr=5.00e-04 train_loss=0.0546 train_corr=0.942 val_loss=0.1915 val_corr=0.344
[epoch 41] lr=5.00e-04 train_loss=0.0547 train_corr=0.941 val_loss=0.1834 val_corr=0.328
[epoch 42] lr=5.00e-04 train_loss=0.0546 train_corr=0.942 val_loss=0.1789 val_corr=0.384
[epoch 43] lr=5.00e-04 train_loss=0.0542 train_corr=0.944 val_loss=0.2082 val_corr=0.330
[epoch 44] lr=5.00e-04 train_loss=0.0542 train_corr=0.944 val_loss=0.1819 val_corr=0.377
[epoch 45] lr=5.00e-04 train_loss=0.0541 train_corr=0.944 val_loss=0.1702 val_corr=0.392
[epoch 46] lr=5.00e-04 train_loss=0.0539 train_corr=0.945 val_loss=0.1799 val_corr=0.379
[epoch 47] lr=5.00e-04 train_loss=0.0536 train_corr=0.947 val_loss=0.1546 val_corr=0.415
[epoch 48] lr=5.00e-04 train_loss=0.0538 train_corr=0.946 val_loss=0.1731 val_corr=0.414
[epoch 49] lr=5.00e-04 train_loss=0.0534 train_corr=0.948 val_loss=0.1887 val_corr=0.363
fold 2 done. checkpoint exists: True -> /home/shunya/research/dog-radar-vitals/runs/20260822-051743_ecg_rpeak_spatial_gnn_lodo284_fold2_test5/epoch_004.pt

=== fold 3: test_subject=9 val_subject=10 ===
train_subjects=[1, 2, 5, 13, 14, 16, 17, 29, 30]
[epoch 0] lr=5.00e-04 train_loss=0.4222 train_corr=0.283 val_loss=0.2904 val_corr=0.499
[epoch 1] lr=5.00e-04 train_loss=0.2106 train_corr=0.485 val_loss=0.1581 val_corr=0.579
[epoch 2] lr=5.00e-04 train_loss=0.1451 train_corr=0.568 val_loss=0.1326 val_corr=0.571
[epoch 3] lr=5.00e-04 train_loss=0.1228 train_corr=0.620 val_loss=0.1271 val_corr=0.539
[epoch 4] lr=5.00e-04 train_loss=0.1119 train_corr=0.655 val_loss=0.1188 val_corr=0.598
[epoch 5] lr=5.00e-04 train_loss=0.1041 train_corr=0.690 val_loss=0.1168 val_corr=0.576
[epoch 6] lr=5.00e-04 train_loss=0.0980 train_corr=0.718 val_loss=0.1127 val_corr=0.592
[epoch 7] lr=5.00e-04 train_loss=0.0935 train_corr=0.740 val_loss=0.1181 val_corr=0.539
[epoch 8] lr=5.00e-04 train_loss=0.0895 train_corr=0.762 val_loss=0.1162 val_corr=0.580
[epoch 9] lr=5.00e-04 train_loss=0.0862 train_corr=0.778 val_loss=0.1115 val_corr=0.604
[epoch 10] lr=5.00e-04 train_loss=0.0826 train_corr=0.798 val_loss=0.1119 val_corr=0.596
[epoch 11] lr=5.00e-04 train_loss=0.0799 train_corr=0.812 val_loss=0.1252 val_corr=0.503
[epoch 12] lr=5.00e-04 train_loss=0.0775 train_corr=0.825 val_loss=0.1275 val_corr=0.508
[epoch 13] lr=5.00e-04 train_loss=0.0752 train_corr=0.838 val_loss=0.1177 val_corr=0.548
[epoch 14] lr=5.00e-04 train_loss=0.0732 train_corr=0.849 val_loss=0.1240 val_corr=0.534
[epoch 15] lr=5.00e-04 train_loss=0.0716 train_corr=0.857 val_loss=0.1208 val_corr=0.534
[epoch 16] lr=5.00e-04 train_loss=0.0704 train_corr=0.864 val_loss=0.1265 val_corr=0.498
[epoch 17] lr=5.00e-04 train_loss=0.0689 train_corr=0.872 val_loss=0.1234 val_corr=0.537
[epoch 18] lr=5.00e-04 train_loss=0.0676 train_corr=0.880 val_loss=0.1198 val_corr=0.561
[epoch 19] lr=5.00e-04 train_loss=0.0662 train_corr=0.887 val_loss=0.1182 val_corr=0.568
[epoch 20] lr=5.00e-04 train_loss=0.0657 train_corr=0.890 val_loss=0.1189 val_corr=0.562
[epoch 21] lr=5.00e-04 train_loss=0.0647 train_corr=0.895 val_loss=0.1208 val_corr=0.550
[epoch 22] lr=5.00e-04 train_loss=0.0641 train_corr=0.898 val_loss=0.1190 val_corr=0.562
[epoch 23] lr=5.00e-04 train_loss=0.0631 train_corr=0.904 val_loss=0.1237 val_corr=0.533
[epoch 24] lr=5.00e-04 train_loss=0.0629 train_corr=0.905 val_loss=0.1171 val_corr=0.570
[epoch 25] lr=5.00e-04 train_loss=0.0615 train_corr=0.912 val_loss=0.1292 val_corr=0.527
[epoch 26] lr=5.00e-04 train_loss=0.0613 train_corr=0.913 val_loss=0.1245 val_corr=0.548
[epoch 27] lr=5.00e-04 train_loss=0.0611 train_corr=0.914 val_loss=0.1220 val_corr=0.551
[epoch 28] lr=5.00e-04 train_loss=0.0607 train_corr=0.916 val_loss=0.1225 val_corr=0.545
[epoch 29] lr=5.00e-04 train_loss=0.0602 train_corr=0.919 val_loss=0.1238 val_corr=0.547
[epoch 30] lr=5.00e-04 train_loss=0.0595 train_corr=0.923 val_loss=0.1301 val_corr=0.527
[epoch 31] lr=5.00e-04 train_loss=0.0591 train_corr=0.924 val_loss=0.1314 val_corr=0.520
[epoch 32] lr=5.00e-04 train_loss=0.0589 train_corr=0.926 val_loss=0.1260 val_corr=0.540
[epoch 33] lr=5.00e-04 train_loss=0.0582 train_corr=0.929 val_loss=0.1342 val_corr=0.504
[epoch 34] lr=5.00e-04 train_loss=0.0581 train_corr=0.930 val_loss=0.1303 val_corr=0.518
[epoch 35] lr=5.00e-04 train_loss=0.0579 train_corr=0.931 val_loss=0.1421 val_corr=0.482
[epoch 36] lr=5.00e-04 train_loss=0.0577 train_corr=0.932 val_loss=0.1311 val_corr=0.510
[epoch 37] lr=5.00e-04 train_loss=0.0573 train_corr=0.934 val_loss=0.1254 val_corr=0.535
[epoch 38] lr=5.00e-04 train_loss=0.0568 train_corr=0.936 val_loss=0.1286 val_corr=0.525
[epoch 39] lr=5.00e-04 train_loss=0.0571 train_corr=0.935 val_loss=0.1378 val_corr=0.477
[epoch 40] lr=5.00e-04 train_loss=0.0566 train_corr=0.937 val_loss=0.1250 val_corr=0.548
[epoch 41] lr=5.00e-04 train_loss=0.0562 train_corr=0.939 val_loss=0.1423 val_corr=0.449
[epoch 42] lr=5.00e-04 train_loss=0.0561 train_corr=0.939 val_loss=0.1325 val_corr=0.521
[epoch 43] lr=5.00e-04 train_loss=0.0561 train_corr=0.940 val_loss=0.1274 val_corr=0.521
[epoch 44] lr=5.00e-04 train_loss=0.0561 train_corr=0.940 val_loss=0.1374 val_corr=0.495
[epoch 45] lr=5.00e-04 train_loss=0.0559 train_corr=0.941 val_loss=0.1341 val_corr=0.504
[epoch 46] lr=5.00e-04 train_loss=0.0555 train_corr=0.943 val_loss=0.1342 val_corr=0.496
[epoch 47] lr=5.00e-04 train_loss=0.0552 train_corr=0.944 val_loss=0.1404 val_corr=0.478
[epoch 48] lr=5.00e-04 train_loss=0.0551 train_corr=0.944 val_loss=0.1449 val_corr=0.460
[epoch 49] lr=5.00e-04 train_loss=0.0551 train_corr=0.945 val_loss=0.1422 val_corr=0.486
fold 3 done. checkpoint exists: True -> /home/shunya/research/dog-radar-vitals/runs/20260822-053633_ecg_rpeak_spatial_gnn_lodo284_fold3_test9/epoch_004.pt

=== fold 4: test_subject=10 val_subject=13 ===
train_subjects=[1, 2, 5, 9, 14, 16, 17, 29, 30]
[epoch 0] lr=5.00e-04 train_loss=0.4223 train_corr=0.282 val_loss=0.2827 val_corr=0.487
[epoch 1] lr=5.00e-04 train_loss=0.2114 train_corr=0.478 val_loss=0.1543 val_corr=0.549
[epoch 2] lr=5.00e-04 train_loss=0.1460 train_corr=0.563 val_loss=0.1198 val_corr=0.551
[epoch 3] lr=5.00e-04 train_loss=0.1232 train_corr=0.617 val_loss=0.1113 val_corr=0.533
[epoch 4] lr=5.00e-04 train_loss=0.1134 train_corr=0.646 val_loss=0.1068 val_corr=0.558
[epoch 5] lr=5.00e-04 train_loss=0.1057 train_corr=0.680 val_loss=0.0993 val_corr=0.588
[epoch 6] lr=5.00e-04 train_loss=0.1000 train_corr=0.707 val_loss=0.1036 val_corr=0.566
[epoch 7] lr=5.00e-04 train_loss=0.0953 train_corr=0.732 val_loss=0.1041 val_corr=0.520
[epoch 8] lr=5.00e-04 train_loss=0.0910 train_corr=0.756 val_loss=0.1017 val_corr=0.567
[epoch 9] lr=5.00e-04 train_loss=0.0872 train_corr=0.776 val_loss=0.1013 val_corr=0.563
[epoch 10] lr=5.00e-04 train_loss=0.0836 train_corr=0.797 val_loss=0.0998 val_corr=0.571
[epoch 11] lr=5.00e-04 train_loss=0.0801 train_corr=0.816 val_loss=0.1048 val_corr=0.548
[epoch 12] lr=5.00e-04 train_loss=0.0774 train_corr=0.831 val_loss=0.1205 val_corr=0.484
[epoch 13] lr=5.00e-04 train_loss=0.0750 train_corr=0.844 val_loss=0.1050 val_corr=0.552
[epoch 14] lr=5.00e-04 train_loss=0.0728 train_corr=0.855 val_loss=0.1129 val_corr=0.509
[epoch 15] lr=5.00e-04 train_loss=0.0712 train_corr=0.863 val_loss=0.1084 val_corr=0.540
[epoch 16] lr=5.00e-04 train_loss=0.0697 train_corr=0.872 val_loss=0.1114 val_corr=0.522
[epoch 17] lr=5.00e-04 train_loss=0.0686 train_corr=0.877 val_loss=0.1179 val_corr=0.495
[epoch 18] lr=5.00e-04 train_loss=0.0670 train_corr=0.885 val_loss=0.1092 val_corr=0.531
[epoch 19] lr=5.00e-04 train_loss=0.0659 train_corr=0.891 val_loss=0.1116 val_corr=0.544
[epoch 20] lr=5.00e-04 train_loss=0.0650 train_corr=0.896 val_loss=0.1183 val_corr=0.481
[epoch 21] lr=5.00e-04 train_loss=0.0644 train_corr=0.899 val_loss=0.1135 val_corr=0.481
[epoch 22] lr=5.00e-04 train_loss=0.0636 train_corr=0.903 val_loss=0.1133 val_corr=0.502
[epoch 23] lr=5.00e-04 train_loss=0.0629 train_corr=0.907 val_loss=0.1197 val_corr=0.478
[epoch 24] lr=5.00e-04 train_loss=0.0622 train_corr=0.910 val_loss=0.1099 val_corr=0.523
[epoch 25] lr=5.00e-04 train_loss=0.0613 train_corr=0.915 val_loss=0.1229 val_corr=0.467
[epoch 26] lr=5.00e-04 train_loss=0.0609 train_corr=0.917 val_loss=0.1247 val_corr=0.491
[epoch 27] lr=5.00e-04 train_loss=0.0606 train_corr=0.919 val_loss=0.1159 val_corr=0.509
[epoch 28] lr=5.00e-04 train_loss=0.0602 train_corr=0.921 val_loss=0.1163 val_corr=0.492
[epoch 29] lr=5.00e-04 train_loss=0.0601 train_corr=0.922 val_loss=0.1110 val_corr=0.538
[epoch 30] lr=5.00e-04 train_loss=0.0593 train_corr=0.925 val_loss=0.1164 val_corr=0.518
[epoch 31] lr=5.00e-04 train_loss=0.0592 train_corr=0.926 val_loss=0.1222 val_corr=0.486
[epoch 32] lr=5.00e-04 train_loss=0.0588 train_corr=0.928 val_loss=0.1228 val_corr=0.461
[epoch 33] lr=5.00e-04 train_loss=0.0583 train_corr=0.930 val_loss=0.1285 val_corr=0.488
[epoch 34] lr=5.00e-04 train_loss=0.0579 train_corr=0.932 val_loss=0.1194 val_corr=0.478
[epoch 35] lr=5.00e-04 train_loss=0.0578 train_corr=0.933 val_loss=0.1252 val_corr=0.488
[epoch 36] lr=5.00e-04 train_loss=0.0576 train_corr=0.934 val_loss=0.1204 val_corr=0.490
[epoch 37] lr=5.00e-04 train_loss=0.0572 train_corr=0.935 val_loss=0.1174 val_corr=0.484
[epoch 38] lr=5.00e-04 train_loss=0.0570 train_corr=0.937 val_loss=0.1183 val_corr=0.476
[epoch 39] lr=5.00e-04 train_loss=0.0568 train_corr=0.938 val_loss=0.1193 val_corr=0.466
[epoch 40] lr=5.00e-04 train_loss=0.0565 train_corr=0.939 val_loss=0.1125 val_corr=0.539
[epoch 41] lr=5.00e-04 train_loss=0.0563 train_corr=0.940 val_loss=0.1219 val_corr=0.496
[epoch 42] lr=5.00e-04 train_loss=0.0562 train_corr=0.941 val_loss=0.1205 val_corr=0.471
[epoch 43] lr=5.00e-04 train_loss=0.0559 train_corr=0.942 val_loss=0.1179 val_corr=0.479
[epoch 44] lr=5.00e-04 train_loss=0.0560 train_corr=0.941 val_loss=0.1212 val_corr=0.501
[epoch 45] lr=5.00e-04 train_loss=0.0558 train_corr=0.943 val_loss=0.1180 val_corr=0.483
[epoch 46] lr=5.00e-04 train_loss=0.0558 train_corr=0.943 val_loss=0.1171 val_corr=0.495
[epoch 47] lr=5.00e-04 train_loss=0.0554 train_corr=0.945 val_loss=0.1308 val_corr=0.471
[epoch 48] lr=5.00e-04 train_loss=0.0553 train_corr=0.945 val_loss=0.1285 val_corr=0.458
[epoch 49] lr=5.00e-04 train_loss=0.0555 train_corr=0.944 val_loss=0.1387 val_corr=0.437
fold 4 done. checkpoint exists: True -> /home/shunya/research/dog-radar-vitals/runs/20260822-055700_ecg_rpeak_spatial_gnn_lodo284_fold4_test10/epoch_004.pt

=== fold 5: test_subject=13 val_subject=14 ===
train_subjects=[1, 2, 5, 9, 10, 16, 17, 29, 30]
[epoch 0] lr=5.00e-04 train_loss=0.4321 train_corr=0.299 val_loss=0.2956 val_corr=0.330
[epoch 1] lr=5.00e-04 train_loss=0.2220 train_corr=0.482 val_loss=0.1759 val_corr=0.404
[epoch 2] lr=5.00e-04 train_loss=0.1517 train_corr=0.558 val_loss=0.1532 val_corr=0.370
[epoch 3] lr=5.00e-04 train_loss=0.1266 train_corr=0.612 val_loss=0.1380 val_corr=0.469
[epoch 4] lr=5.00e-04 train_loss=0.1142 train_corr=0.648 val_loss=0.1362 val_corr=0.482
[epoch 5] lr=5.00e-04 train_loss=0.1070 train_corr=0.678 val_loss=0.1405 val_corr=0.433
[epoch 6] lr=5.00e-04 train_loss=0.1009 train_corr=0.706 val_loss=0.1392 val_corr=0.478
[epoch 7] lr=5.00e-04 train_loss=0.0955 train_corr=0.733 val_loss=0.1414 val_corr=0.471
[epoch 8] lr=5.00e-04 train_loss=0.0920 train_corr=0.752 val_loss=0.1448 val_corr=0.484
[epoch 9] lr=5.00e-04 train_loss=0.0881 train_corr=0.772 val_loss=0.1517 val_corr=0.462
[epoch 10] lr=5.00e-04 train_loss=0.0851 train_corr=0.788 val_loss=0.1456 val_corr=0.482
[epoch 11] lr=5.00e-04 train_loss=0.0815 train_corr=0.809 val_loss=0.1457 val_corr=0.467
[epoch 12] lr=5.00e-04 train_loss=0.0791 train_corr=0.822 val_loss=0.1508 val_corr=0.492
[epoch 13] lr=5.00e-04 train_loss=0.0769 train_corr=0.835 val_loss=0.1511 val_corr=0.474
[epoch 14] lr=5.00e-04 train_loss=0.0754 train_corr=0.842 val_loss=0.1518 val_corr=0.483
[epoch 15] lr=5.00e-04 train_loss=0.0731 train_corr=0.856 val_loss=0.1534 val_corr=0.477
[epoch 16] lr=5.00e-04 train_loss=0.0715 train_corr=0.864 val_loss=0.1559 val_corr=0.466
[epoch 17] lr=5.00e-04 train_loss=0.0702 train_corr=0.871 val_loss=0.1561 val_corr=0.499
[epoch 18] lr=5.00e-04 train_loss=0.0692 train_corr=0.877 val_loss=0.1607 val_corr=0.492
[epoch 19] lr=5.00e-04 train_loss=0.0678 train_corr=0.884 val_loss=0.1599 val_corr=0.466
[epoch 20] lr=5.00e-04 train_loss=0.0669 train_corr=0.888 val_loss=0.1632 val_corr=0.452
[epoch 21] lr=5.00e-04 train_loss=0.0659 train_corr=0.894 val_loss=0.1663 val_corr=0.476
[epoch 22] lr=5.00e-04 train_loss=0.0650 train_corr=0.899 val_loss=0.1635 val_corr=0.487
[epoch 23] lr=5.00e-04 train_loss=0.0644 train_corr=0.901 val_loss=0.1697 val_corr=0.477
[epoch 24] lr=5.00e-04 train_loss=0.0635 train_corr=0.907 val_loss=0.1607 val_corr=0.488
[epoch 25] lr=5.00e-04 train_loss=0.0629 train_corr=0.910 val_loss=0.1676 val_corr=0.469
[epoch 26] lr=5.00e-04 train_loss=0.0622 train_corr=0.913 val_loss=0.1605 val_corr=0.487
[epoch 27] lr=5.00e-04 train_loss=0.0619 train_corr=0.915 val_loss=0.1688 val_corr=0.469
[epoch 28] lr=5.00e-04 train_loss=0.0613 train_corr=0.918 val_loss=0.1648 val_corr=0.473
[epoch 29] lr=5.00e-04 train_loss=0.0610 train_corr=0.919 val_loss=0.1666 val_corr=0.495
[epoch 30] lr=5.00e-04 train_loss=0.0602 train_corr=0.923 val_loss=0.1698 val_corr=0.458
[epoch 31] lr=5.00e-04 train_loss=0.0599 train_corr=0.925 val_loss=0.1644 val_corr=0.486
[epoch 32] lr=5.00e-04 train_loss=0.0596 train_corr=0.927 val_loss=0.1658 val_corr=0.484
[epoch 33] lr=5.00e-04 train_loss=0.0593 train_corr=0.929 val_loss=0.1665 val_corr=0.478
[epoch 34] lr=5.00e-04 train_loss=0.0589 train_corr=0.930 val_loss=0.1663 val_corr=0.472
[epoch 35] lr=5.00e-04 train_loss=0.0584 train_corr=0.932 val_loss=0.1719 val_corr=0.485
[epoch 36] lr=5.00e-04 train_loss=0.0584 train_corr=0.932 val_loss=0.1687 val_corr=0.446
[epoch 37] lr=5.00e-04 train_loss=0.0579 train_corr=0.935 val_loss=0.1720 val_corr=0.448
[epoch 38] lr=5.00e-04 train_loss=0.0578 train_corr=0.935 val_loss=0.1645 val_corr=0.475
[epoch 39] lr=5.00e-04 train_loss=0.0578 train_corr=0.936 val_loss=0.1731 val_corr=0.477
[epoch 40] lr=5.00e-04 train_loss=0.0571 train_corr=0.939 val_loss=0.1756 val_corr=0.423
[epoch 41] lr=5.00e-04 train_loss=0.0570 train_corr=0.939 val_loss=0.1735 val_corr=0.462
[epoch 42] lr=5.00e-04 train_loss=0.0572 train_corr=0.939 val_loss=0.1703 val_corr=0.441
[epoch 43] lr=5.00e-04 train_loss=0.0564 train_corr=0.942 val_loss=0.1728 val_corr=0.475
[epoch 44] lr=5.00e-04 train_loss=0.0562 train_corr=0.943 val_loss=0.1703 val_corr=0.446
[epoch 45] lr=5.00e-04 train_loss=0.0564 train_corr=0.942 val_loss=0.1754 val_corr=0.448
[epoch 46] lr=5.00e-04 train_loss=0.0560 train_corr=0.944 val_loss=0.1772 val_corr=0.463
[epoch 47] lr=5.00e-04 train_loss=0.0556 train_corr=0.946 val_loss=0.1732 val_corr=0.456
[epoch 48] lr=5.00e-04 train_loss=0.0558 train_corr=0.946 val_loss=0.1694 val_corr=0.473
[epoch 49] lr=5.00e-04 train_loss=0.0557 train_corr=0.946 val_loss=0.1705 val_corr=0.458
fold 5 done. checkpoint exists: True -> /home/shunya/research/dog-radar-vitals/runs/20260822-061802_ecg_rpeak_spatial_gnn_lodo284_fold5_test13/epoch_004.pt

=== fold 6: test_subject=14 val_subject=16 ===
train_subjects=[1, 2, 5, 9, 10, 13, 17, 29, 30]
[epoch 0] lr=5.00e-04 train_loss=0.4353 train_corr=0.287 val_loss=0.3063 val_corr=0.239
[epoch 1] lr=5.00e-04 train_loss=0.2224 train_corr=0.498 val_loss=0.1890 val_corr=0.329
[epoch 2] lr=5.00e-04 train_loss=0.1494 train_corr=0.568 val_loss=0.1750 val_corr=0.241
[epoch 3] lr=5.00e-04 train_loss=0.1228 train_corr=0.624 val_loss=0.1753 val_corr=0.248
[epoch 4] lr=5.00e-04 train_loss=0.1099 train_corr=0.665 val_loss=0.1736 val_corr=0.267
[epoch 5] lr=5.00e-04 train_loss=0.1015 train_corr=0.700 val_loss=0.1815 val_corr=0.217
[epoch 6] lr=5.00e-04 train_loss=0.0949 train_corr=0.733 val_loss=0.1797 val_corr=0.252
[epoch 7] lr=5.00e-04 train_loss=0.0903 train_corr=0.756 val_loss=0.1789 val_corr=0.276
[epoch 8] lr=5.00e-04 train_loss=0.0864 train_corr=0.776 val_loss=0.1850 val_corr=0.288
[epoch 9] lr=5.00e-04 train_loss=0.0834 train_corr=0.792 val_loss=0.1875 val_corr=0.259
[epoch 10] lr=5.00e-04 train_loss=0.0803 train_corr=0.808 val_loss=0.1902 val_corr=0.269
[epoch 11] lr=5.00e-04 train_loss=0.0779 train_corr=0.822 val_loss=0.1933 val_corr=0.271
[epoch 12] lr=5.00e-04 train_loss=0.0761 train_corr=0.831 val_loss=0.1944 val_corr=0.292
[epoch 13] lr=5.00e-04 train_loss=0.0745 train_corr=0.841 val_loss=0.1920 val_corr=0.256
[epoch 14] lr=5.00e-04 train_loss=0.0726 train_corr=0.850 val_loss=0.1990 val_corr=0.236
[epoch 15] lr=5.00e-04 train_loss=0.0710 train_corr=0.858 val_loss=0.2115 val_corr=0.243
[epoch 16] lr=5.00e-04 train_loss=0.0696 train_corr=0.867 val_loss=0.2089 val_corr=0.229
[epoch 17] lr=5.00e-04 train_loss=0.0691 train_corr=0.870 val_loss=0.2116 val_corr=0.267
[epoch 18] lr=5.00e-04 train_loss=0.0675 train_corr=0.879 val_loss=0.2244 val_corr=0.225
[epoch 19] lr=5.00e-04 train_loss=0.0663 train_corr=0.885 val_loss=0.2268 val_corr=0.249
[epoch 20] lr=5.00e-04 train_loss=0.0654 train_corr=0.890 val_loss=0.2272 val_corr=0.233
[epoch 21] lr=5.00e-04 train_loss=0.0645 train_corr=0.895 val_loss=0.2276 val_corr=0.249
[epoch 22] lr=5.00e-04 train_loss=0.0638 train_corr=0.899 val_loss=0.2219 val_corr=0.218
[epoch 23] lr=5.00e-04 train_loss=0.0630 train_corr=0.904 val_loss=0.2336 val_corr=0.257
[epoch 24] lr=5.00e-04 train_loss=0.0622 train_corr=0.908 val_loss=0.2401 val_corr=0.206
[epoch 25] lr=5.00e-04 train_loss=0.0619 train_corr=0.909 val_loss=0.2428 val_corr=0.242
[epoch 26] lr=5.00e-04 train_loss=0.0612 train_corr=0.914 val_loss=0.2165 val_corr=0.272
[epoch 27] lr=5.00e-04 train_loss=0.0607 train_corr=0.916 val_loss=0.2394 val_corr=0.256
[epoch 28] lr=5.00e-04 train_loss=0.0602 train_corr=0.918 val_loss=0.2467 val_corr=0.261
[epoch 29] lr=5.00e-04 train_loss=0.0599 train_corr=0.920 val_loss=0.2260 val_corr=0.269
[epoch 30] lr=5.00e-04 train_loss=0.0593 train_corr=0.923 val_loss=0.2496 val_corr=0.210
[epoch 31] lr=5.00e-04 train_loss=0.0591 train_corr=0.924 val_loss=0.2479 val_corr=0.243
[epoch 32] lr=5.00e-04 train_loss=0.0586 train_corr=0.927 val_loss=0.2387 val_corr=0.275
[epoch 33] lr=5.00e-04 train_loss=0.0582 train_corr=0.929 val_loss=0.2242 val_corr=0.270
[epoch 34] lr=5.00e-04 train_loss=0.0579 train_corr=0.931 val_loss=0.2508 val_corr=0.273
[epoch 35] lr=5.00e-04 train_loss=0.0577 train_corr=0.932 val_loss=0.2512 val_corr=0.254
[epoch 36] lr=5.00e-04 train_loss=0.0578 train_corr=0.931 val_loss=0.2361 val_corr=0.289
[epoch 37] lr=5.00e-04 train_loss=0.0572 train_corr=0.934 val_loss=0.2413 val_corr=0.232
[epoch 38] lr=5.00e-04 train_loss=0.0566 train_corr=0.937 val_loss=0.2428 val_corr=0.242
[epoch 39] lr=5.00e-04 train_loss=0.0566 train_corr=0.937 val_loss=0.2520 val_corr=0.255
[epoch 40] lr=5.00e-04 train_loss=0.0561 train_corr=0.940 val_loss=0.2524 val_corr=0.257
[epoch 41] lr=5.00e-04 train_loss=0.0562 train_corr=0.939 val_loss=0.2460 val_corr=0.213
[epoch 42] lr=5.00e-04 train_loss=0.0559 train_corr=0.941 val_loss=0.2389 val_corr=0.270
[epoch 43] lr=5.00e-04 train_loss=0.0558 train_corr=0.941 val_loss=0.2470 val_corr=0.297
[epoch 44] lr=5.00e-04 train_loss=0.0555 train_corr=0.942 val_loss=0.2583 val_corr=0.272
[epoch 45] lr=5.00e-04 train_loss=0.0558 train_corr=0.942 val_loss=0.3000 val_corr=0.228
[epoch 46] lr=5.00e-04 train_loss=0.0554 train_corr=0.943 val_loss=0.2515 val_corr=0.243
[epoch 47] lr=5.00e-04 train_loss=0.0551 train_corr=0.945 val_loss=0.2638 val_corr=0.279
[epoch 48] lr=5.00e-04 train_loss=0.0550 train_corr=0.945 val_loss=0.2583 val_corr=0.285
[epoch 49] lr=5.00e-04 train_loss=0.0547 train_corr=0.947 val_loss=0.2687 val_corr=0.237
fold 6 done. checkpoint exists: True -> /home/shunya/research/dog-radar-vitals/runs/20260822-063802_ecg_rpeak_spatial_gnn_lodo284_fold6_test14/epoch_004.pt

=== fold 7: test_subject=16 val_subject=17 ===
train_subjects=[1, 2, 5, 9, 10, 13, 14, 29, 30]
[epoch 0] lr=5.00e-04 train_loss=0.4374 train_corr=0.272 val_loss=0.3009 val_corr=0.495
[epoch 1] lr=5.00e-04 train_loss=0.2281 train_corr=0.472 val_loss=0.1677 val_corr=0.565
[epoch 2] lr=5.00e-04 train_loss=0.1525 train_corr=0.567 val_loss=0.1270 val_corr=0.536
[epoch 3] lr=5.00e-04 train_loss=0.1262 train_corr=0.621 val_loss=0.1204 val_corr=0.522
[epoch 4] lr=5.00e-04 train_loss=0.1142 train_corr=0.653 val_loss=0.1160 val_corr=0.501
[epoch 5] lr=5.00e-04 train_loss=0.1064 train_corr=0.682 val_loss=0.1244 val_corr=0.418
[epoch 6] lr=5.00e-04 train_loss=0.1005 train_corr=0.708 val_loss=0.1196 val_corr=0.446
[epoch 7] lr=5.00e-04 train_loss=0.0956 train_corr=0.733 val_loss=0.1348 val_corr=0.356
[epoch 8] lr=5.00e-04 train_loss=0.0912 train_corr=0.758 val_loss=0.1263 val_corr=0.412
[epoch 9] lr=5.00e-04 train_loss=0.0874 train_corr=0.779 val_loss=0.1242 val_corr=0.415
[epoch 10] lr=5.00e-04 train_loss=0.0841 train_corr=0.796 val_loss=0.1271 val_corr=0.421
[epoch 11] lr=5.00e-04 train_loss=0.0810 train_corr=0.813 val_loss=0.1393 val_corr=0.361
[epoch 12] lr=5.00e-04 train_loss=0.0780 train_corr=0.829 val_loss=0.1408 val_corr=0.366
[epoch 13] lr=5.00e-04 train_loss=0.0760 train_corr=0.841 val_loss=0.1367 val_corr=0.387
[epoch 14] lr=5.00e-04 train_loss=0.0739 train_corr=0.852 val_loss=0.1405 val_corr=0.361
[epoch 15] lr=5.00e-04 train_loss=0.0720 train_corr=0.861 val_loss=0.1415 val_corr=0.369
[epoch 16] lr=5.00e-04 train_loss=0.0703 train_corr=0.869 val_loss=0.1411 val_corr=0.371
[epoch 17] lr=5.00e-04 train_loss=0.0691 train_corr=0.876 val_loss=0.1459 val_corr=0.369
[epoch 18] lr=5.00e-04 train_loss=0.0680 train_corr=0.882 val_loss=0.1506 val_corr=0.364
[epoch 19] lr=5.00e-04 train_loss=0.0665 train_corr=0.890 val_loss=0.1484 val_corr=0.393
[epoch 20] lr=5.00e-04 train_loss=0.0655 train_corr=0.895 val_loss=0.1489 val_corr=0.391
[epoch 21] lr=5.00e-04 train_loss=0.0653 train_corr=0.896 val_loss=0.1481 val_corr=0.394
[epoch 22] lr=5.00e-04 train_loss=0.0641 train_corr=0.902 val_loss=0.1433 val_corr=0.428
[epoch 23] lr=5.00e-04 train_loss=0.0632 train_corr=0.907 val_loss=0.1459 val_corr=0.416
[epoch 24] lr=5.00e-04 train_loss=0.0625 train_corr=0.910 val_loss=0.1570 val_corr=0.398
[epoch 25] lr=5.00e-04 train_loss=0.0617 train_corr=0.914 val_loss=0.1477 val_corr=0.420
[epoch 26] lr=5.00e-04 train_loss=0.0620 train_corr=0.914 val_loss=0.1467 val_corr=0.422
[epoch 27] lr=5.00e-04 train_loss=0.0608 train_corr=0.919 val_loss=0.1613 val_corr=0.407
[epoch 28] lr=5.00e-04 train_loss=0.0604 train_corr=0.921 val_loss=0.1507 val_corr=0.423
[epoch 29] lr=5.00e-04 train_loss=0.0604 train_corr=0.921 val_loss=0.1568 val_corr=0.434
[epoch 30] lr=5.00e-04 train_loss=0.0599 train_corr=0.924 val_loss=0.1486 val_corr=0.421
[epoch 31] lr=5.00e-04 train_loss=0.0590 train_corr=0.928 val_loss=0.1479 val_corr=0.440
[epoch 32] lr=5.00e-04 train_loss=0.0586 train_corr=0.930 val_loss=0.1463 val_corr=0.421
[epoch 33] lr=5.00e-04 train_loss=0.0584 train_corr=0.931 val_loss=0.1430 val_corr=0.451
[epoch 34] lr=5.00e-04 train_loss=0.0582 train_corr=0.932 val_loss=0.1504 val_corr=0.454
[epoch 35] lr=5.00e-04 train_loss=0.0579 train_corr=0.934 val_loss=0.1422 val_corr=0.458
[epoch 36] lr=5.00e-04 train_loss=0.0576 train_corr=0.935 val_loss=0.1437 val_corr=0.458
[epoch 37] lr=5.00e-04 train_loss=0.0574 train_corr=0.936 val_loss=0.1525 val_corr=0.431
[epoch 38] lr=5.00e-04 train_loss=0.0572 train_corr=0.937 val_loss=0.1538 val_corr=0.443
[epoch 39] lr=5.00e-04 train_loss=0.0570 train_corr=0.938 val_loss=0.1496 val_corr=0.454
[epoch 40] lr=5.00e-04 train_loss=0.0566 train_corr=0.940 val_loss=0.1639 val_corr=0.401
[epoch 41] lr=5.00e-04 train_loss=0.0569 train_corr=0.939 val_loss=0.1391 val_corr=0.479
[epoch 42] lr=5.00e-04 train_loss=0.0562 train_corr=0.942 val_loss=0.1436 val_corr=0.455
[epoch 43] lr=5.00e-04 train_loss=0.0559 train_corr=0.944 val_loss=0.1484 val_corr=0.466
[epoch 44] lr=5.00e-04 train_loss=0.0561 train_corr=0.943 val_loss=0.1458 val_corr=0.455
[epoch 45] lr=5.00e-04 train_loss=0.0559 train_corr=0.944 val_loss=0.1486 val_corr=0.475
[epoch 46] lr=5.00e-04 train_loss=0.0554 train_corr=0.946 val_loss=0.1535 val_corr=0.438
[epoch 47] lr=5.00e-04 train_loss=0.0556 train_corr=0.945 val_loss=0.1494 val_corr=0.447
[epoch 48] lr=5.00e-04 train_loss=0.0553 train_corr=0.946 val_loss=0.1593 val_corr=0.426
[epoch 49] lr=5.00e-04 train_loss=0.0552 train_corr=0.947 val_loss=0.1501 val_corr=0.453
fold 7 done. checkpoint exists: True -> /home/shunya/research/dog-radar-vitals/runs/20260822-065727_ecg_rpeak_spatial_gnn_lodo284_fold7_test16/epoch_004.pt

=== fold 8: test_subject=17 val_subject=29 ===
train_subjects=[1, 2, 5, 9, 10, 13, 14, 16, 30]
[epoch 0] lr=5.00e-04 train_loss=0.4639 train_corr=0.235 val_loss=0.3594 val_corr=0.363
[epoch 1] lr=5.00e-04 train_loss=0.2670 train_corr=0.447 val_loss=0.2310 val_corr=0.415
[epoch 2] lr=5.00e-04 train_loss=0.1786 train_corr=0.529 val_loss=0.1724 val_corr=0.435
[epoch 3] lr=5.00e-04 train_loss=0.1423 train_corr=0.586 val_loss=0.1536 val_corr=0.445
[epoch 4] lr=5.00e-04 train_loss=0.1243 train_corr=0.632 val_loss=0.1564 val_corr=0.423
[epoch 5] lr=5.00e-04 train_loss=0.1129 train_corr=0.672 val_loss=0.1544 val_corr=0.401
[epoch 6] lr=5.00e-04 train_loss=0.1044 train_corr=0.708 val_loss=0.1544 val_corr=0.394
[epoch 7] lr=5.00e-04 train_loss=0.0990 train_corr=0.729 val_loss=0.1523 val_corr=0.405
[epoch 8] lr=5.00e-04 train_loss=0.0926 train_corr=0.761 val_loss=0.1554 val_corr=0.379
[epoch 9] lr=5.00e-04 train_loss=0.0887 train_corr=0.780 val_loss=0.1626 val_corr=0.351
[epoch 10] lr=5.00e-04 train_loss=0.0848 train_corr=0.800 val_loss=0.1719 val_corr=0.324
[epoch 11] lr=5.00e-04 train_loss=0.0813 train_corr=0.817 val_loss=0.1605 val_corr=0.372
[epoch 12] lr=5.00e-04 train_loss=0.0785 train_corr=0.830 val_loss=0.1600 val_corr=0.373
[epoch 13] lr=5.00e-04 train_loss=0.0762 train_corr=0.840 val_loss=0.1707 val_corr=0.341
[epoch 14] lr=5.00e-04 train_loss=0.0744 train_corr=0.849 val_loss=0.1679 val_corr=0.348
[epoch 15] lr=5.00e-04 train_loss=0.0730 train_corr=0.857 val_loss=0.1699 val_corr=0.354
[epoch 16] lr=5.00e-04 train_loss=0.0712 train_corr=0.865 val_loss=0.1684 val_corr=0.359
[epoch 17] lr=5.00e-04 train_loss=0.0700 train_corr=0.871 val_loss=0.1672 val_corr=0.374
[epoch 18] lr=5.00e-04 train_loss=0.0686 train_corr=0.878 val_loss=0.1668 val_corr=0.362
[epoch 19] lr=5.00e-04 train_loss=0.0675 train_corr=0.883 val_loss=0.1708 val_corr=0.366
[epoch 20] lr=5.00e-04 train_loss=0.0664 train_corr=0.888 val_loss=0.1731 val_corr=0.352
[epoch 21] lr=5.00e-04 train_loss=0.0657 train_corr=0.892 val_loss=0.1725 val_corr=0.358
[epoch 22] lr=5.00e-04 train_loss=0.0649 train_corr=0.896 val_loss=0.1758 val_corr=0.365
[epoch 23] lr=5.00e-04 train_loss=0.0637 train_corr=0.901 val_loss=0.1731 val_corr=0.360
[epoch 24] lr=5.00e-04 train_loss=0.0629 train_corr=0.905 val_loss=0.1873 val_corr=0.344
[epoch 25] lr=5.00e-04 train_loss=0.0623 train_corr=0.908 val_loss=0.1782 val_corr=0.352
[epoch 26] lr=5.00e-04 train_loss=0.0616 train_corr=0.912 val_loss=0.1879 val_corr=0.350
[epoch 27] lr=5.00e-04 train_loss=0.0612 train_corr=0.913 val_loss=0.1898 val_corr=0.334
[epoch 28] lr=5.00e-04 train_loss=0.0606 train_corr=0.916 val_loss=0.1779 val_corr=0.363
[epoch 29] lr=5.00e-04 train_loss=0.0604 train_corr=0.917 val_loss=0.1808 val_corr=0.345
[epoch 30] lr=5.00e-04 train_loss=0.0592 train_corr=0.923 val_loss=0.1962 val_corr=0.333
[epoch 31] lr=5.00e-04 train_loss=0.0591 train_corr=0.924 val_loss=0.1907 val_corr=0.331
[epoch 32] lr=5.00e-04 train_loss=0.0587 train_corr=0.926 val_loss=0.1794 val_corr=0.365
[epoch 33] lr=5.00e-04 train_loss=0.0586 train_corr=0.926 val_loss=0.1886 val_corr=0.362
[epoch 34] lr=5.00e-04 train_loss=0.0587 train_corr=0.925 val_loss=0.1943 val_corr=0.339
[epoch 35] lr=5.00e-04 train_loss=0.0574 train_corr=0.932 val_loss=0.2045 val_corr=0.313
[epoch 36] lr=5.00e-04 train_loss=0.0575 train_corr=0.931 val_loss=0.1905 val_corr=0.331
[epoch 37] lr=5.00e-04 train_loss=0.0571 train_corr=0.933 val_loss=0.1823 val_corr=0.362
[epoch 38] lr=5.00e-04 train_loss=0.0569 train_corr=0.935 val_loss=0.1980 val_corr=0.328
[epoch 39] lr=5.00e-04 train_loss=0.0564 train_corr=0.937 val_loss=0.1925 val_corr=0.347
[epoch 40] lr=5.00e-04 train_loss=0.0567 train_corr=0.936 val_loss=0.2095 val_corr=0.310
[epoch 41] lr=5.00e-04 train_loss=0.0562 train_corr=0.938 val_loss=0.2000 val_corr=0.319
[epoch 42] lr=5.00e-04 train_loss=0.0559 train_corr=0.939 val_loss=0.1915 val_corr=0.345
[epoch 43] lr=5.00e-04 train_loss=0.0559 train_corr=0.939 val_loss=0.1997 val_corr=0.345
[epoch 44] lr=5.00e-04 train_loss=0.0556 train_corr=0.941 val_loss=0.1926 val_corr=0.344
[epoch 45] lr=5.00e-04 train_loss=0.0556 train_corr=0.941 val_loss=0.2316 val_corr=0.297
[epoch 46] lr=5.00e-04 train_loss=0.0553 train_corr=0.942 val_loss=0.2030 val_corr=0.332
[epoch 47] lr=5.00e-04 train_loss=0.0550 train_corr=0.944 val_loss=0.2152 val_corr=0.307
[epoch 48] lr=5.00e-04 train_loss=0.0548 train_corr=0.944 val_loss=0.2161 val_corr=0.316
[epoch 49] lr=5.00e-04 train_loss=0.0548 train_corr=0.944 val_loss=0.2105 val_corr=0.312
fold 8 done. checkpoint exists: True -> /home/shunya/research/dog-radar-vitals/runs/20260822-071721_ecg_rpeak_spatial_gnn_lodo284_fold8_test17/epoch_004.pt

=== fold 9: test_subject=29 val_subject=30 ===
train_subjects=[1, 2, 5, 9, 10, 13, 14, 16, 17]
[epoch 0] lr=5.00e-04 train_loss=0.4690 train_corr=0.236 val_loss=0.3797 val_corr=0.412
[epoch 1] lr=5.00e-04 train_loss=0.2764 train_corr=0.437 val_loss=0.2270 val_corr=0.467
[epoch 2] lr=5.00e-04 train_loss=0.1824 train_corr=0.526 val_loss=0.1764 val_corr=0.518
[epoch 3] lr=5.00e-04 train_loss=0.1418 train_corr=0.595 val_loss=0.1683 val_corr=0.492
[epoch 4] lr=5.00e-04 train_loss=0.1218 train_corr=0.647 val_loss=0.1486 val_corr=0.448
[epoch 5] lr=5.00e-04 train_loss=0.1102 train_corr=0.684 val_loss=0.1424 val_corr=0.477
[epoch 6] lr=5.00e-04 train_loss=0.1022 train_corr=0.714 val_loss=0.1497 val_corr=0.444
[epoch 7] lr=5.00e-04 train_loss=0.0953 train_corr=0.744 val_loss=0.1452 val_corr=0.451
[epoch 8] lr=5.00e-04 train_loss=0.0908 train_corr=0.763 val_loss=0.1512 val_corr=0.420
[epoch 9] lr=5.00e-04 train_loss=0.0859 train_corr=0.787 val_loss=0.1568 val_corr=0.391
[epoch 10] lr=5.00e-04 train_loss=0.0822 train_corr=0.806 val_loss=0.1498 val_corr=0.414
[epoch 11] lr=5.00e-04 train_loss=0.0790 train_corr=0.822 val_loss=0.1586 val_corr=0.390
[epoch 12] lr=5.00e-04 train_loss=0.0765 train_corr=0.833 val_loss=0.1584 val_corr=0.373
[epoch 13] lr=5.00e-04 train_loss=0.0738 train_corr=0.846 val_loss=0.1569 val_corr=0.401
[epoch 14] lr=5.00e-04 train_loss=0.0714 train_corr=0.858 val_loss=0.1609 val_corr=0.379
[epoch 15] lr=5.00e-04 train_loss=0.0696 train_corr=0.867 val_loss=0.1665 val_corr=0.366
[epoch 16] lr=5.00e-04 train_loss=0.0686 train_corr=0.872 val_loss=0.1665 val_corr=0.359
[epoch 17] lr=5.00e-04 train_loss=0.0671 train_corr=0.878 val_loss=0.1599 val_corr=0.394
[epoch 18] lr=5.00e-04 train_loss=0.0660 train_corr=0.883 val_loss=0.1582 val_corr=0.404
[epoch 19] lr=5.00e-04 train_loss=0.0645 train_corr=0.891 val_loss=0.1597 val_corr=0.415
[epoch 20] lr=5.00e-04 train_loss=0.0637 train_corr=0.895 val_loss=0.1693 val_corr=0.366
[epoch 21] lr=5.00e-04 train_loss=0.0624 train_corr=0.902 val_loss=0.1598 val_corr=0.418
[epoch 22] lr=5.00e-04 train_loss=0.0622 train_corr=0.902 val_loss=0.1674 val_corr=0.403
[epoch 23] lr=5.00e-04 train_loss=0.0612 train_corr=0.907 val_loss=0.1710 val_corr=0.382
[epoch 24] lr=5.00e-04 train_loss=0.0606 train_corr=0.910 val_loss=0.1747 val_corr=0.393
[epoch 25] lr=5.00e-04 train_loss=0.0596 train_corr=0.914 val_loss=0.1722 val_corr=0.395
[epoch 26] lr=5.00e-04 train_loss=0.0593 train_corr=0.916 val_loss=0.1698 val_corr=0.397
[epoch 27] lr=5.00e-04 train_loss=0.0588 train_corr=0.919 val_loss=0.1886 val_corr=0.347
[epoch 28] lr=5.00e-04 train_loss=0.0582 train_corr=0.922 val_loss=0.1714 val_corr=0.399
[epoch 29] lr=5.00e-04 train_loss=0.0578 train_corr=0.923 val_loss=0.1699 val_corr=0.406
[epoch 30] lr=5.00e-04 train_loss=0.0568 train_corr=0.928 val_loss=0.1684 val_corr=0.412
[epoch 31] lr=5.00e-04 train_loss=0.0568 train_corr=0.929 val_loss=0.1796 val_corr=0.377
[epoch 32] lr=5.00e-04 train_loss=0.0568 train_corr=0.929 val_loss=0.1715 val_corr=0.400
[epoch 33] lr=5.00e-04 train_loss=0.0558 train_corr=0.933 val_loss=0.1852 val_corr=0.368
[epoch 34] lr=5.00e-04 train_loss=0.0556 train_corr=0.934 val_loss=0.1665 val_corr=0.427
[epoch 35] lr=5.00e-04 train_loss=0.0555 train_corr=0.935 val_loss=0.1832 val_corr=0.381
[epoch 36] lr=5.00e-04 train_loss=0.0549 train_corr=0.938 val_loss=0.1825 val_corr=0.389
[epoch 37] lr=5.00e-04 train_loss=0.0549 train_corr=0.937 val_loss=0.1863 val_corr=0.373
[epoch 38] lr=5.00e-04 train_loss=0.0544 train_corr=0.940 val_loss=0.1837 val_corr=0.383
[epoch 39] lr=5.00e-04 train_loss=0.0540 train_corr=0.942 val_loss=0.1781 val_corr=0.395
[epoch 40] lr=5.00e-04 train_loss=0.0542 train_corr=0.941 val_loss=0.1850 val_corr=0.379
[epoch 41] lr=5.00e-04 train_loss=0.0539 train_corr=0.943 val_loss=0.1762 val_corr=0.401
[epoch 42] lr=5.00e-04 train_loss=0.0533 train_corr=0.945 val_loss=0.1835 val_corr=0.373
[epoch 43] lr=5.00e-04 train_loss=0.0536 train_corr=0.944 val_loss=0.1931 val_corr=0.357
[epoch 44] lr=5.00e-04 train_loss=0.0543 train_corr=0.940 val_loss=0.1804 val_corr=0.410
[epoch 45] lr=5.00e-04 train_loss=0.0532 train_corr=0.946 val_loss=0.1814 val_corr=0.407
[epoch 46] lr=5.00e-04 train_loss=0.0532 train_corr=0.946 val_loss=0.1790 val_corr=0.418
[epoch 47] lr=5.00e-04 train_loss=0.0531 train_corr=0.946 val_loss=0.1806 val_corr=0.397
[epoch 48] lr=5.00e-04 train_loss=0.0529 train_corr=0.947 val_loss=0.1831 val_corr=0.394
[epoch 49] lr=5.00e-04 train_loss=0.0523 train_corr=0.950 val_loss=0.1843 val_corr=0.389
fold 9 done. checkpoint exists: True -> /home/shunya/research/dog-radar-vitals/runs/20260822-073534_ecg_rpeak_spatial_gnn_lodo284_fold9_test29/epoch_004.pt

=== fold 10: test_subject=30 val_subject=1 ===
train_subjects=[2, 5, 9, 10, 13, 14, 16, 17, 29]
[epoch 0] lr=5.00e-04 train_loss=0.4305 train_corr=0.275 val_loss=0.2980 val_corr=0.486
[epoch 1] lr=5.00e-04 train_loss=0.2215 train_corr=0.477 val_loss=0.1848 val_corr=0.351
[epoch 2] lr=5.00e-04 train_loss=0.1514 train_corr=0.548 val_loss=0.1447 val_corr=0.366
[epoch 3] lr=5.00e-04 train_loss=0.1257 train_corr=0.609 val_loss=0.1555 val_corr=0.262
[epoch 4] lr=5.00e-04 train_loss=0.1123 train_corr=0.655 val_loss=0.1408 val_corr=0.334
[epoch 5] lr=5.00e-04 train_loss=0.1039 train_corr=0.689 val_loss=0.1633 val_corr=0.194
[epoch 6] lr=5.00e-04 train_loss=0.0978 train_corr=0.717 val_loss=0.1598 val_corr=0.244
[epoch 7] lr=5.00e-04 train_loss=0.0926 train_corr=0.745 val_loss=0.1619 val_corr=0.232
[epoch 8] lr=5.00e-04 train_loss=0.0881 train_corr=0.769 val_loss=0.1630 val_corr=0.224
[epoch 9] lr=5.00e-04 train_loss=0.0840 train_corr=0.791 val_loss=0.1668 val_corr=0.239
[epoch 10] lr=5.00e-04 train_loss=0.0808 train_corr=0.808 val_loss=0.1716 val_corr=0.215
[epoch 11] lr=5.00e-04 train_loss=0.0787 train_corr=0.818 val_loss=0.1884 val_corr=0.133
[epoch 12] lr=5.00e-04 train_loss=0.0763 train_corr=0.832 val_loss=0.1830 val_corr=0.176
[epoch 13] lr=5.00e-04 train_loss=0.0735 train_corr=0.846 val_loss=0.1990 val_corr=0.102
[epoch 14] lr=5.00e-04 train_loss=0.0714 train_corr=0.858 val_loss=0.1996 val_corr=0.113
[epoch 15] lr=5.00e-04 train_loss=0.0701 train_corr=0.865 val_loss=0.2092 val_corr=0.119
[epoch 16] lr=5.00e-04 train_loss=0.0688 train_corr=0.872 val_loss=0.2084 val_corr=0.099
[epoch 17] lr=5.00e-04 train_loss=0.0679 train_corr=0.877 val_loss=0.2324 val_corr=0.086
[epoch 18] lr=5.00e-04 train_loss=0.0666 train_corr=0.883 val_loss=0.2212 val_corr=0.076
[epoch 19] lr=5.00e-04 train_loss=0.0655 train_corr=0.889 val_loss=0.2187 val_corr=0.056
[epoch 20] lr=5.00e-04 train_loss=0.0647 train_corr=0.894 val_loss=0.2280 val_corr=0.061
[epoch 21] lr=5.00e-04 train_loss=0.0635 train_corr=0.900 val_loss=0.2366 val_corr=0.072
[epoch 22] lr=5.00e-04 train_loss=0.0629 train_corr=0.903 val_loss=0.2331 val_corr=0.047
[epoch 23] lr=5.00e-04 train_loss=0.0622 train_corr=0.907 val_loss=0.2266 val_corr=0.060
[epoch 24] lr=5.00e-04 train_loss=0.0619 train_corr=0.908 val_loss=0.2429 val_corr=0.048
[epoch 25] lr=5.00e-04 train_loss=0.0612 train_corr=0.912 val_loss=0.2659 val_corr=0.030
[epoch 26] lr=5.00e-04 train_loss=0.0610 train_corr=0.913 val_loss=0.2383 val_corr=0.054
[epoch 27] lr=5.00e-04 train_loss=0.0601 train_corr=0.918 val_loss=0.2431 val_corr=0.065
[epoch 28] lr=5.00e-04 train_loss=0.0594 train_corr=0.921 val_loss=0.2376 val_corr=0.055
[epoch 29] lr=5.00e-04 train_loss=0.0592 train_corr=0.922 val_loss=0.2353 val_corr=0.068
[epoch 30] lr=5.00e-04 train_loss=0.0584 train_corr=0.926 val_loss=0.2597 val_corr=0.037
[epoch 31] lr=5.00e-04 train_loss=0.0586 train_corr=0.925 val_loss=0.2225 val_corr=0.097
[epoch 32] lr=5.00e-04 train_loss=0.0579 train_corr=0.929 val_loss=0.2090 val_corr=0.115
[epoch 33] lr=5.00e-04 train_loss=0.0577 train_corr=0.930 val_loss=0.2335 val_corr=0.078
[epoch 34] lr=5.00e-04 train_loss=0.0574 train_corr=0.931 val_loss=0.2183 val_corr=0.090
[epoch 35] lr=5.00e-04 train_loss=0.0569 train_corr=0.933 val_loss=0.2363 val_corr=0.081
[epoch 36] lr=5.00e-04 train_loss=0.0564 train_corr=0.936 val_loss=0.2373 val_corr=0.068
[epoch 37] lr=5.00e-04 train_loss=0.0564 train_corr=0.936 val_loss=0.2528 val_corr=0.025
[epoch 38] lr=5.00e-04 train_loss=0.0564 train_corr=0.936 val_loss=0.2383 val_corr=0.079
[epoch 39] lr=5.00e-04 train_loss=0.0559 train_corr=0.938 val_loss=0.2438 val_corr=0.059
[epoch 40] lr=5.00e-04 train_loss=0.0556 train_corr=0.940 val_loss=0.2400 val_corr=0.071
[epoch 41] lr=5.00e-04 train_loss=0.0557 train_corr=0.939 val_loss=0.2291 val_corr=0.083
[epoch 42] lr=5.00e-04 train_loss=0.0551 train_corr=0.942 val_loss=0.2172 val_corr=0.112
[epoch 43] lr=5.00e-04 train_loss=0.0554 train_corr=0.941 val_loss=0.2103 val_corr=0.129
[epoch 44] lr=5.00e-04 train_loss=0.0553 train_corr=0.942 val_loss=0.2196 val_corr=0.095
[epoch 45] lr=5.00e-04 train_loss=0.0548 train_corr=0.944 val_loss=0.2309 val_corr=0.059
[epoch 46] lr=5.00e-04 train_loss=0.0546 train_corr=0.945 val_loss=0.2309 val_corr=0.078
[epoch 47] lr=5.00e-04 train_loss=0.0544 train_corr=0.946 val_loss=0.2267 val_corr=0.092
[epoch 48] lr=5.00e-04 train_loss=0.0542 train_corr=0.946 val_loss=0.2226 val_corr=0.095
[epoch 49] lr=5.00e-04 train_loss=0.0541 train_corr=0.947 val_loss=0.2269 val_corr=0.070
fold 10 done. checkpoint exists: True -> /home/shunya/research/dog-radar-vitals/runs/20260822-075119_ecg_rpeak_spatial_gnn_lodo284_fold10_test30/epoch_004.pt

=== LOSO 学習完了: 11 fold ===
run 一覧: /home/shunya/research/dog-radar-vitals/reports/spatial_gnn_lodo_cv_runs.json
次は evaluate_spatial_gnn_hrv.py を fold ごとに --test_subjects つきで回す(キュー014)
