=== 見逃しの内訳 (h=0.3, 許容150ms, 11分割) ===
  正解拍                                19674
  見逃し                                 6903  (35.1%)
  (b1) 正解位置に山はあるが h 未満         6903  (100.0% of 見逃し)
  (b2) 正解位置に極大点がない                 0  (0.0% of 見逃し)

=== (b1) の山の高さ（これを拾えれば取り返せる） ===
  10 パーセンタイル: 0.0289
  25 パーセンタイル: 0.0720
  50 パーセンタイル: 0.1543
  75 パーセンタイル: 0.2347
  90 パーセンタイル: 0.2789
  h=0.3 未満のものが 98.2%

=== 正解から離れた極大点（下げると増える偽陽性）の高さ ===
  50 パーセンタイル: 0.0156
  75 パーセンタイル: 0.0224
  90 パーセンタイル: 0.0305
  95 パーセンタイル: 0.0414
  99 パーセンタイル: 0.1226
  総数 746,939 個

=== しきい値を h' まで下げたときの損得（後段の制約なしの場合） ===
      h*       取り返せる拍       増える偽陽性        比
    0.25        1,401          773     1.81
    0.20        2,508        1,921     1.31
    0.15        3,554        3,925     0.91
    0.10        4,593        8,115     0.57
    0.05        5,679       25,026     0.23
    0.02        6,502      247,634     0.03
    0.01        6,902      614,320     0.01

  比が 1 を大きく下回るなら、単純にしきい値を下げるのは損である。
  **拍間隔の制約で「ここに拍があるはず」と絞った場所だけ下げれば、
    増える偽陽性はこの表よりずっと少なくなる**（それが後段アルゴリズムの狙い）。

保存: /home/shunya/research/dog-radar-vitals/reports/subthreshold_peaks_h0.30_284.json
