subject   1: val(subj 2) で選んだ h=0.40 → test F1=0.958 R=0.921 RR=10.04 ms RMSSD誤差=2.51 (一定RR 36.90) pNN50誤差=7.05 平均IBI誤差=4.13
subject   2: val(subj 5) で選んだ h=0.05 → test F1=0.820 R=0.979 RR=12.50 ms RMSSD誤差=46.16 (一定RR 13.71) pNN50誤差=61.48 平均IBI誤差=359.70
subject   5: val(subj 9) で選んだ h=0.05 → test F1=0.805 R=0.760 RR=19.23 ms RMSSD誤差=18.01 (一定RR 26.67) pNN50誤差=18.28 平均IBI誤差=6.14
subject   9: val(subj 10) で選んだ h=0.10 → test F1=0.782 R=0.714 RR=22.90 ms RMSSD誤差=25.31 (一定RR 36.98) pNN50誤差=23.01 平均IBI誤差=17.70
subject  10: val(subj 13) で選んだ h=0.10 → test F1=0.952 R=0.968 RR=14.79 ms RMSSD誤差=6.71 (一定RR 72.31) pNN50誤差=3.09 平均IBI誤差=14.63
subject  13: val(subj 14) で選んだ h=0.15 → test F1=0.877 R=0.906 RR=14.64 ms RMSSD誤差=9.90 (一定RR 47.70) pNN50誤差=10.03 平均IBI誤差=9.55
subject  14: val(subj 16) で選んだ h=0.10 → test F1=0.901 R=0.925 RR=16.09 ms RMSSD誤差=5.39 (一定RR 72.77) pNN50誤差=4.83 平均IBI誤差=5.64
subject  16: val(subj 17) で選んだ h=0.15 → test F1=0.811 R=0.824 RR=34.82 ms RMSSD誤差=23.50 (一定RR 59.21) pNN50誤差=14.30 平均IBI誤差=17.19
subject  17: val(subj 29) で選んだ h=0.15 → test F1=0.869 R=0.990 RR=13.17 ms RMSSD誤差=11.66 (一定RR 47.57) pNN50誤差=10.29 平均IBI誤差=194.46
subject  29: val(subj 30) で選んだ h=0.15 → test F1=0.866 R=0.906 RR=16.89 ms RMSSD誤差=24.28 (一定RR 16.81) pNN50誤差=17.46 平均IBI誤差=31.98
subject  30: val(subj 1) で選んだ h=0.10 → test F1=0.959 R=0.994 RR=17.61 ms RMSSD誤差=19.86 (一定RR 24.13) pNN50誤差=19.17 平均IBI誤差=2.80
  RMSSD誤差 17.57 ± 12.45 ms   (一定RRのみ: 41.34 ms)
  pNN50誤差 17.18 ± 16.01 %   (一定RRのみ: 19.60 %)
  平均IBI誤差 60.36 ± 113.65 ms

=== val でしきい値を選んだ場合の正式値 (n=11 fold) ===
  F1 0.873 ± 0.064   RR間隔MAE 17.52 ms
  選ばれたしきい値: subj1:0.40, subj2:0.05, subj5:0.05, subj9:0.10, subj10:0.10, subj13:0.15, subj14:0.10, subj16:0.15, subj17:0.15, subj29:0.15, subj30:0.10

=== 全被験者平均 (しきい値を全員共通にした場合) ===
  h=0.05: F1 0.841  precision 0.779  recall 0.939  RR間隔MAE 19.07 ms  RMSSD誤差 22.54 ms  pNN50誤差 20.11 %  平均IBI誤差 116.74 ms
  h=0.10: F1 0.857  precision 0.846  recall 0.896  RR間隔MAE 17.96 ms  RMSSD誤差 14.57 ms  pNN50誤差 11.65 %  平均IBI誤差 56.23 ms
  h=0.15: F1 0.853  precision 0.885  recall 0.857  RR間隔MAE 17.36 ms  RMSSD誤差 13.50 ms  pNN50誤差 11.17 %  平均IBI誤差 26.95 ms
  h=0.20: F1 0.838  precision 0.909  recall 0.816  RR間隔MAE 17.40 ms  RMSSD誤差 13.95 ms  pNN50誤差 11.55 %  平均IBI誤差 8.26 ms
  h=0.30: F1 0.774  precision 0.935  recall 0.709  RR間隔MAE 17.93 ms  RMSSD誤差 13.32 ms  pNN50誤差 12.58 %  平均IBI誤差 11.32 ms
  h=0.40: F1 0.654  precision 0.941  recall 0.558  RR間隔MAE 15.60 ms  RMSSD誤差 11.71 ms  pNN50誤差 10.69 %  平均IBI誤差 10.81 ms
  h=0.50: F1 0.466  precision 0.940  recall 0.356  RR間隔MAE 13.14 ms  RMSSD誤差 10.20 ms  pNN50誤差 9.43 %  平均IBI誤差 19.55 ms
  h=0.60: F1 0.203  precision 0.880  recall 0.128  RR間隔MAE 11.27 ms  RMSSD誤差 15.19 ms  pNN50誤差 12.21 %  平均IBI誤差 31.74 ms
  (参考) 入力を見ずに一定RRを出すだけのモデル: RMSSD誤差 41.34 ms  pNN50誤差 19.60 %

=== 被験者ごとに最良しきい値を選んだ場合 (上限の目安、テストを見て選ぶので楽観的) ===
  F1 0.895   選ばれたしきい値: subj1:0.10, subj2:0.20, subj5:0.05, subj9:0.05, subj10:0.10, subj13:0.20, subj14:0.10, subj16:0.15, subj17:0.30, subj29:0.15, subj30:0.15

保存: /home/shunya/research/dog-radar-vitals/reports/height_sweep_loso.json
