subject   1: val(subj 2) で選んだ h=0.60 → test F1=0.916 R=0.873 RR=14.25 ms RMSSD誤差=17.67 (一定RR 36.90) pNN50誤差=13.44 平均IBI誤差=1.65
subject   2: val(subj 5) で選んだ h=0.15 → test F1=0.831 R=1.000 RR=9.67 ms RMSSD誤差=44.63 (一定RR 13.71) pNN50誤差=62.82 平均IBI誤差=356.37
subject   5: val(subj 9) で選んだ h=0.10 → test F1=0.865 R=0.866 RR=16.76 ms RMSSD誤差=16.01 (一定RR 26.60) pNN50誤差=14.94 平均IBI誤差=3.87
subject   9: val(subj 10) で選んだ h=0.50 → test F1=0.838 R=0.783 RR=21.10 ms RMSSD誤差=23.51 (一定RR 36.98) pNN50誤差=18.86 平均IBI誤差=19.13
subject  10: val(subj 13) で選んだ h=0.50 → test F1=0.935 R=0.939 RR=14.06 ms RMSSD誤差=8.44 (一定RR 72.31) pNN50誤差=6.38 平均IBI誤差=7.04
subject  13: val(subj 14) で選んだ h=0.60 → test F1=0.893 R=0.964 RR=12.09 ms RMSSD誤差=6.23 (一定RR 47.70) pNN50誤差=5.95 平均IBI誤差=53.80
subject  14: val(subj 16) で選んだ h=0.50 → test F1=0.917 R=0.951 RR=12.72 ms RMSSD誤差=5.02 (一定RR 72.77) pNN50誤差=5.40 平均IBI誤差=22.93
subject  16: val(subj 17) で選んだ h=0.50 → test F1=0.734 R=0.724 RR=30.82 ms RMSSD誤差=28.37 (一定RR 59.21) pNN50誤差=19.25 平均IBI誤差=20.21
subject  17: val(subj 29) で選んだ h=0.30 → test F1=0.860 R=0.983 RR=12.52 ms RMSSD誤差=11.48 (一定RR 47.57) pNN50誤差=10.12 平均IBI誤差=235.57
subject  29: val(subj 30) で選んだ h=0.50 → test F1=0.920 R=0.927 RR=14.48 ms RMSSD誤差=19.24 (一定RR 16.81) pNN50誤差=15.03 平均IBI誤差=2.55
subject  30: val(subj 1) で選んだ h=0.40 → test F1=0.943 R=0.976 RR=17.61 ms RMSSD誤差=29.28 (一定RR 24.13) pNN50誤差=22.11 平均IBI誤差=39.91
  RMSSD誤差 19.08 ± 11.86 ms   (一定RRのみ: 41.34 ms)
  pNN50誤差 17.66 ± 16.02 %   (一定RRのみ: 19.59 %)
  平均IBI誤差 69.37 ± 116.37 ms

=== val でしきい値を選んだ場合の正式値 (n=11 fold) ===
  F1 0.877 ± 0.061   RR間隔MAE 16.01 ms
  選ばれたしきい値: subj1:0.60, subj2:0.15, subj5:0.10, subj9:0.50, subj10:0.50, subj13:0.60, subj14:0.50, subj16:0.50, subj17:0.30, subj29:0.50, subj30:0.40

=== 全被験者平均 (しきい値を全員共通にした場合) ===
  h=0.05: F1 0.787  precision 0.675  recall 0.964  RR間隔MAE 18.22 ms  RMSSD誤差 34.37 ms  pNN50誤差 31.84 %  平均IBI誤差 232.99 ms
  h=0.10: F1 0.834  precision 0.750  recall 0.957  RR間隔MAE 17.43 ms  RMSSD誤差 23.67 ms  pNN50誤差 21.98 %  平均IBI誤差 144.82 ms
  h=0.15: F1 0.852  precision 0.783  recall 0.950  RR間隔MAE 17.01 ms  RMSSD誤差 25.03 ms  pNN50誤差 21.99 %  平均IBI誤差 120.14 ms
  h=0.20: F1 0.863  precision 0.806  recall 0.945  RR間隔MAE 16.75 ms  RMSSD誤差 20.03 ms  pNN50誤差 18.01 %  平均IBI誤差 84.44 ms
  h=0.30: F1 0.875  precision 0.837  recall 0.931  RR間隔MAE 16.45 ms  RMSSD誤差 18.60 ms  pNN50誤差 13.51 %  平均IBI誤差 69.90 ms
  h=0.40: F1 0.882  precision 0.864  recall 0.915  RR間隔MAE 15.89 ms  RMSSD誤差 16.46 ms  pNN50誤差 12.76 %  平均IBI誤差 32.35 ms
  h=0.50: F1 0.879  precision 0.883  recall 0.891  RR間隔MAE 15.68 ms  RMSSD誤差 15.92 ms  pNN50誤差 11.74 %  平均IBI誤差 16.81 ms
  h=0.60: F1 0.867  precision 0.902  recall 0.855  RR間隔MAE 15.64 ms  RMSSD誤差 14.98 ms  pNN50誤差 11.16 %  平均IBI誤差 13.71 ms
  (参考) 入力を見ずに一定RRを出すだけのモデル: RMSSD誤差 41.34 ms  pNN50誤差 19.59 %

=== 被験者ごとに最良しきい値を選んだ場合 (上限の目安、テストを見て選ぶので楽観的) ===
  F1 0.907   選ばれたしきい値: subj1:0.30, subj2:0.60, subj5:0.10, subj9:0.10, subj10:0.40, subj13:0.60, subj14:0.60, subj16:0.30, subj17:0.60, subj29:0.40, subj30:0.60

保存: /home/shunya/research/dog-radar-vitals/reports/height_sweep_loso.json

- F1 >= 0.80 を保てる範囲での最小 RMSSD 誤差: 14.98 ms (しきい値 0.60, F1 0.867)
- RMSSD 誤差 <= 15.0 ms を保てる範囲での最大 F1: 0.867 (しきい値 0.60, RMSSD 誤差 14.98 ms)
- 理想点からの正規化距離が最小の動作点: しきい値 0.50 (F1 0.879, RMSSD 誤差 15.92 ms)
- F1 が最大の動作点: しきい値 0.40 (F1 0.882, RMSSD 誤差 16.46 ms)
- RMSSD 誤差が最小の動作点: しきい値 0.60 (F1 0.867, RMSSD 誤差 14.98 ms)
- → **2 つの動作点は一致しない。同じしきい値で両方を最良にはできない。**
- 参考: 入力を見ずに一定 RR を出すだけのモデルの RMSSD 誤差 41.34 ms (この値を下回らない限り、変動を捉えたとは言えない)

## 図

- `fig1_operating_characteristic.png` しきい値を回したときの 2 指標の動き
- `fig2_pareto.png` パレート境界（多目的最適化でトレードオフを示す標準的な図法）
- `fig3_bland_altman.png` RMSSD の一致性（Bland & Altman, Lancet, 1986）　※ 個票データが要るので `--bland_altman_log` を渡したときだけ作る

保存先: /home/shunya/research/dog-radar-vitals/reports/tradeoff_masked_combined
