########## subject 9  vit_candidate_height=0.02 ##########
MDR (規則1+2, 許容0.15s): 45.06 %
R波タイミング誤差 (許容0.15sで対応づいた拍): 平均|誤差| 26.66 ms / 中央値|誤差| 23.15 ms / 符号つき平均(bias) +5.95 ms
R波タイミング誤差 (許容±0.05sで対応づいた拍のみ): 19.47 ms
F1 (許容0.15s): 0.636
--- Chen ら (IEEE T-MC 2024) の指標定義に揃えた値 ---
R波 正規化タイミング誤差 中央値: 2.64 %  (Chen ら報告値: 0.4-0.7 %)
R波 絶対タイミング誤差 中央値 23.15 ms / 90パーセンタイル 51.50 ms  (Chen ら報告値: 中央値 3 ms / 90パーセンタイル 9 ms)
--- mmHRV (Wang ら, IEEE IoT-J 2021) の指標定義に揃えた HRV 成績 ---
指標                       我々     一定RRのみ     mmHRV報告値
平均IBI誤差[ms]           80.39          -         3.89
RMSSD誤差[ms]           31.20      36.99         6.43
SDNN誤差[ms]             9.11      41.65         6.44
pNN50誤差[%]            25.49      14.83         2.52
  ※ mmHRV は自前データセット(11名, LOS/NLOS)であり MMECG ではない。指標定義のみを揃えた参考値。
  ※「一定RRのみ」= 入力を見ずに一定間隔で拍を置くモデル。RMSSD も pNN50 も 0 になるので誤差は正解値そのもの。この列を下回らない限り、変動を捉えられているとは言えない。
HRV usable: 6/6, RMSSD MAE: 31.20 ms, SDNN MAE: 9.11 ms

########## subject 9  vit_candidate_height=0.05 ##########
MDR (規則1+2, 許容0.15s): 74.76 %
R波タイミング誤差 (許容0.15sで対応づいた拍): 平均|誤差| 25.71 ms / 中央値|誤差| 23.54 ms / 符号つき平均(bias) +6.82 ms
R波タイミング誤差 (許容±0.05sで対応づいた拍のみ): 20.61 ms
F1 (許容0.15s): 0.314
--- Chen ら (IEEE T-MC 2024) の指標定義に揃えた値 ---
R波 正規化タイミング誤差 中央値: 2.70 %  (Chen ら報告値: 0.4-0.7 %)
R波 絶対タイミング誤差 中央値 23.54 ms / 90パーセンタイル 45.93 ms  (Chen ら報告値: 中央値 3 ms / 90パーセンタイル 9 ms)
--- mmHRV (Wang ら, IEEE IoT-J 2021) の指標定義に揃えた HRV 成績 ---
指標                       我々     一定RRのみ     mmHRV報告値
平均IBI誤差[ms]           71.56          -         3.89
RMSSD誤差[ms]           29.66      36.99         6.43
SDNN誤差[ms]            10.71      41.65         6.44
pNN50誤差[%]            22.07      14.83         2.52
  ※ mmHRV は自前データセット(11名, LOS/NLOS)であり MMECG ではない。指標定義のみを揃えた参考値。
  ※「一定RRのみ」= 入力を見ずに一定間隔で拍を置くモデル。RMSSD も pNN50 も 0 になるので誤差は正解値そのもの。この列を下回らない限り、変動を捉えられているとは言えない。
HRV usable: 6/6, RMSSD MAE: 29.66 ms, SDNN MAE: 10.71 ms

########## subject 9  vit_candidate_height=0.10 ##########
MDR (規則1+2, 許容0.15s): 94.35 %
R波タイミング誤差 (許容0.15sで対応づいた拍): 平均|誤差| 23.36 ms / 中央値|誤差| 20.68 ms / 符号つき平均(bias) -0.93 ms
R波タイミング誤差 (許容±0.05sで対応づいた拍のみ): 16.41 ms
F1 (許容0.15s): 0.100
--- Chen ら (IEEE T-MC 2024) の指標定義に揃えた値 ---
R波 正規化タイミング誤差 中央値: 2.36 %  (Chen ら報告値: 0.4-0.7 %)
R波 絶対タイミング誤差 中央値 20.68 ms / 90パーセンタイル 39.65 ms  (Chen ら報告値: 中央値 3 ms / 90パーセンタイル 9 ms)
--- mmHRV (Wang ら, IEEE IoT-J 2021) の指標定義に揃えた HRV 成績 ---
指標                       我々     一定RRのみ     mmHRV報告値
平均IBI誤差[ms]           89.03          -         3.89
RMSSD誤差[ms]           20.97      37.60         6.43
SDNN誤差[ms]            19.11      42.14         6.44
pNN50誤差[%]            24.07      15.47         2.52
  ※ mmHRV は自前データセット(11名, LOS/NLOS)であり MMECG ではない。指標定義のみを揃えた参考値。
  ※「一定RRのみ」= 入力を見ずに一定間隔で拍を置くモデル。RMSSD も pNN50 も 0 になるので誤差は正解値そのもの。この列を下回らない限り、変動を捉えられているとは言えない。
HRV usable: 5/6, RMSSD MAE: 20.97 ms, SDNN MAE: 19.11 ms

########## subject 9  vit_candidate_height=0.20 ##########
MDR (規則1+2, 許容0.15s): 98.27 %
R波タイミング誤差 (許容0.15sで対応づいた拍): 平均|誤差| 25.54 ms / 中央値|誤差| 24.39 ms / 符号つき平均(bias) -8.89 ms
R波タイミング誤差 (許容±0.05sで対応づいた拍のみ): 17.90 ms
F1 (許容0.15s): 0.034
--- Chen ら (IEEE T-MC 2024) の指標定義に揃えた値 ---
R波 正規化タイミング誤差 中央値: 2.85 %  (Chen ら報告値: 0.4-0.7 %)
R波 絶対タイミング誤差 中央値 24.39 ms / 90パーセンタイル 35.65 ms  (Chen ら報告値: 中央値 3 ms / 90パーセンタイル 9 ms)
--- mmHRV (Wang ら, IEEE IoT-J 2021) の指標定義に揃えた HRV 成績 ---
指標                       我々     一定RRのみ     mmHRV報告値
平均IBI誤差[ms]          146.30          -         3.89
RMSSD誤差[ms]           61.00      37.91         6.43
SDNN誤差[ms]            26.62      41.20         6.44
pNN50誤差[%]            31.60      16.09         2.52
  ※ mmHRV は自前データセット(11名, LOS/NLOS)であり MMECG ではない。指標定義のみを揃えた参考値。
  ※「一定RRのみ」= 入力を見ずに一定間隔で拍を置くモデル。RMSSD も pNN50 も 0 になるので誤差は正解値そのもの。この列を下回らない限り、変動を捉えられているとは言えない。
HRV usable: 4/6, RMSSD MAE: 61.00 ms, SDNN MAE: 26.62 ms

########## subject 9  しきい値0.3 (基準) ##########
MDR (規則1+2, 許容0.15s): 92.64 %
R波タイミング誤差 (許容0.15sで対応づいた拍): 平均|誤差| 19.81 ms / 中央値|誤差| 15.25 ms / 符号つき平均(bias) -5.61 ms
R波タイミング誤差 (許容±0.05sで対応づいた拍のみ): 15.02 ms
F1 (許容0.15s): 0.132
--- Chen ら (IEEE T-MC 2024) の指標定義に揃えた値 ---
R波 正規化タイミング誤差 中央値: 1.76 %  (Chen ら報告値: 0.4-0.7 %)
R波 絶対タイミング誤差 中央値 15.25 ms / 90パーセンタイル 36.40 ms  (Chen ら報告値: 中央値 3 ms / 90パーセンタイル 9 ms)
--- mmHRV (Wang ら, IEEE IoT-J 2021) の指標定義に揃えた HRV 成績 ---
指標                       我々     一定RRのみ     mmHRV報告値
平均IBI誤差[ms]           42.64          -         3.89
RMSSD誤差[ms]           59.57      37.53         6.43
SDNN誤差[ms]            37.51      32.75         6.44
pNN50誤差[%]            30.73      16.79         2.52
  ※ mmHRV は自前データセット(11名, LOS/NLOS)であり MMECG ではない。指標定義のみを揃えた参考値。
  ※「一定RRのみ」= 入力を見ずに一定間隔で拍を置くモデル。RMSSD も pNN50 も 0 になるので誤差は正解値そのもの。この列を下回らない限り、変動を捉えられているとは言えない。
HRV usable: 3/6, RMSSD MAE: 59.57 ms, SDNN MAE: 37.51 ms

########## subject 16  vit_candidate_height=0.02 ##########
MDR (規則1+2, 許容0.15s): 81.49 %
R波タイミング誤差 (許容0.15sで対応づいた拍): 平均|誤差| 48.13 ms / 中央値|誤差| 51.66 ms / 符号つき平均(bias) -24.95 ms
R波タイミング誤差 (許容±0.05sで対応づいた拍のみ): 26.75 ms
F1 (許容0.15s): 0.225
--- Chen ら (IEEE T-MC 2024) の指標定義に揃えた値 ---
R波 正規化タイミング誤差 中央値: 6.30 %  (Chen ら報告値: 0.4-0.7 %)
R波 絶対タイミング誤差 中央値 51.66 ms / 90パーセンタイル 61.28 ms  (Chen ら報告値: 中央値 3 ms / 90パーセンタイル 9 ms)
--- mmHRV (Wang ら, IEEE IoT-J 2021) の指標定義に揃えた HRV 成績 ---
指標                       我々     一定RRのみ     mmHRV報告値
平均IBI誤差[ms]          263.63          -         3.89
RMSSD誤差[ms]           20.82      57.27         6.43
SDNN誤差[ms]             9.97      51.93         6.44
pNN50誤差[%]            21.27      38.55         2.52
  ※ mmHRV は自前データセット(11名, LOS/NLOS)であり MMECG ではない。指標定義のみを揃えた参考値。
  ※「一定RRのみ」= 入力を見ずに一定間隔で拍を置くモデル。RMSSD も pNN50 も 0 になるので誤差は正解値そのもの。この列を下回らない限り、変動を捉えられているとは言えない。
HRV usable: 6/7, RMSSD MAE: 20.82 ms, SDNN MAE: 9.97 ms

########## subject 16  vit_candidate_height=0.05 ##########
MDR (規則1+2, 許容0.15s): 48.77 %
R波タイミング誤差 (許容0.15sで対応づいた拍): 平均|誤差| 51.91 ms / 中央値|誤差| 52.34 ms / 符号つき平均(bias) -8.71 ms
R波タイミング誤差 (許容±0.05sで対応づいた拍のみ): 24.90 ms
F1 (許容0.15s): 0.560
--- Chen ら (IEEE T-MC 2024) の指標定義に揃えた値 ---
R波 正規化タイミング誤差 中央値: 6.60 %  (Chen ら報告値: 0.4-0.7 %)
R波 絶対タイミング誤差 中央値 52.34 ms / 90パーセンタイル 75.33 ms  (Chen ら報告値: 中央値 3 ms / 90パーセンタイル 9 ms)
--- mmHRV (Wang ら, IEEE IoT-J 2021) の指標定義に揃えた HRV 成績 ---
指標                       我々     一定RRのみ     mmHRV報告値
平均IBI誤差[ms]            9.53          -         3.89
RMSSD誤差[ms]           27.02      59.25         6.43
SDNN誤差[ms]             9.91      53.15         6.44
pNN50誤差[%]            16.31      39.82         2.52
  ※ mmHRV は自前データセット(11名, LOS/NLOS)であり MMECG ではない。指標定義のみを揃えた参考値。
  ※「一定RRのみ」= 入力を見ずに一定間隔で拍を置くモデル。RMSSD も pNN50 も 0 になるので誤差は正解値そのもの。この列を下回らない限り、変動を捉えられているとは言えない。
HRV usable: 7/7, RMSSD MAE: 27.02 ms, SDNN MAE: 9.91 ms

########## subject 16  vit_candidate_height=0.10 ##########
MDR (規則1+2, 許容0.15s): 47.31 %
R波タイミング誤差 (許容0.15sで対応づいた拍): 平均|誤差| 49.64 ms / 中央値|誤差| 50.01 ms / 符号つき平均(bias) -22.55 ms
R波タイミング誤差 (許容±0.05sで対応づいた拍のみ): 22.46 ms
F1 (許容0.15s): 0.556
--- Chen ら (IEEE T-MC 2024) の指標定義に揃えた値 ---
R波 正規化タイミング誤差 中央値: 6.41 %  (Chen ら報告値: 0.4-0.7 %)
R波 絶対タイミング誤差 中央値 50.01 ms / 90パーセンタイル 69.43 ms  (Chen ら報告値: 中央値 3 ms / 90パーセンタイル 9 ms)
--- mmHRV (Wang ら, IEEE IoT-J 2021) の指標定義に揃えた HRV 成績 ---
指標                       我々     一定RRのみ     mmHRV報告値
平均IBI誤差[ms]            4.17          -         3.89
RMSSD誤差[ms]           24.24      57.27         6.43
SDNN誤差[ms]            12.06      51.93         6.44
pNN50誤差[%]            18.23      38.55         2.52
  ※ mmHRV は自前データセット(11名, LOS/NLOS)であり MMECG ではない。指標定義のみを揃えた参考値。
  ※「一定RRのみ」= 入力を見ずに一定間隔で拍を置くモデル。RMSSD も pNN50 も 0 になるので誤差は正解値そのもの。この列を下回らない限り、変動を捉えられているとは言えない。
HRV usable: 6/7, RMSSD MAE: 24.24 ms, SDNN MAE: 12.06 ms

########## subject 16  vit_candidate_height=0.20 ##########
MDR (規則1+2, 許容0.15s): 78.49 %
R波タイミング誤差 (許容0.15sで対応づいた拍): 平均|誤差| 49.37 ms / 中央値|誤差| 50.63 ms / 符号つき平均(bias) -29.19 ms
R波タイミング誤差 (許容±0.05sで対応づいた拍のみ): 22.98 ms
F1 (許容0.15s): 0.284
--- Chen ら (IEEE T-MC 2024) の指標定義に揃えた値 ---
R波 正規化タイミング誤差 中央値: 6.46 %  (Chen ら報告値: 0.4-0.7 %)
R波 絶対タイミング誤差 中央値 50.63 ms / 90パーセンタイル 61.21 ms  (Chen ら報告値: 中央値 3 ms / 90パーセンタイル 9 ms)
--- mmHRV (Wang ら, IEEE IoT-J 2021) の指標定義に揃えた HRV 成績 ---
指標                       我々     一定RRのみ     mmHRV報告値
平均IBI誤差[ms]            4.24          -         3.89
RMSSD誤差[ms]           17.75      57.27         6.43
SDNN誤差[ms]             9.41      51.93         6.44
pNN50誤差[%]            13.30      38.55         2.52
  ※ mmHRV は自前データセット(11名, LOS/NLOS)であり MMECG ではない。指標定義のみを揃えた参考値。
  ※「一定RRのみ」= 入力を見ずに一定間隔で拍を置くモデル。RMSSD も pNN50 も 0 になるので誤差は正解値そのもの。この列を下回らない限り、変動を捉えられているとは言えない。
HRV usable: 6/7, RMSSD MAE: 17.75 ms, SDNN MAE: 9.41 ms

########## subject 16  しきい値0.3 (基準) ##########
MDR (規則1+2, 許容0.15s): 50.91 %
R波タイミング誤差 (許容0.15sで対応づいた拍): 平均|誤差| 50.55 ms / 中央値|誤差| 51.64 ms / 符号つき平均(bias) -25.42 ms
R波タイミング誤差 (許容±0.05sで対応づいた拍のみ): 22.63 ms
F1 (許容0.15s): 0.585
--- Chen ら (IEEE T-MC 2024) の指標定義に揃えた値 ---
R波 正規化タイミング誤差 中央値: 6.61 %  (Chen ら報告値: 0.4-0.7 %)
R波 絶対タイミング誤差 中央値 51.64 ms / 90パーセンタイル 69.17 ms  (Chen ら報告値: 中央値 3 ms / 90パーセンタイル 9 ms)
--- mmHRV (Wang ら, IEEE IoT-J 2021) の指標定義に揃えた HRV 成績 ---
指標                       我々     一定RRのみ     mmHRV報告値
平均IBI誤差[ms]            5.76          -         3.89
RMSSD誤差[ms]           20.29      57.27         6.43
SDNN誤差[ms]             8.00      51.93         6.44
pNN50誤差[%]            12.09      38.55         2.52
  ※ mmHRV は自前データセット(11名, LOS/NLOS)であり MMECG ではない。指標定義のみを揃えた参考値。
  ※「一定RRのみ」= 入力を見ずに一定間隔で拍を置くモデル。RMSSD も pNN50 も 0 になるので誤差は正解値そのもの。この列を下回らない限り、変動を捉えられているとは言えない。
HRV usable: 6/7, RMSSD MAE: 20.29 ms, SDNN MAE: 8.00 ms

########## subject 17  vit_candidate_height=0.02 ##########
MDR (規則1+2, 許容0.15s): 8.19 %
R波タイミング誤差 (許容0.15sで対応づいた拍): 平均|誤差| 28.25 ms / 中央値|誤差| 27.62 ms / 符号つき平均(bias) +9.52 ms
R波タイミング誤差 (許容±0.05sで対応づいた拍のみ): 26.65 ms
F1 (許容0.15s): 0.634
--- Chen ら (IEEE T-MC 2024) の指標定義に揃えた値 ---
R波 正規化タイミング誤差 中央値: 2.98 %  (Chen ら報告値: 0.4-0.7 %)
R波 絶対タイミング誤差 中央値 27.62 ms / 90パーセンタイル 39.50 ms  (Chen ら報告値: 中央値 3 ms / 90パーセンタイル 9 ms)
--- mmHRV (Wang ら, IEEE IoT-J 2021) の指標定義に揃えた HRV 成績 ---
指標                       我々     一定RRのみ     mmHRV報告値
平均IBI誤差[ms]          498.05          -         3.89
RMSSD誤差[ms]           23.53      47.88         6.43
SDNN誤差[ms]            14.48      52.63         6.44
pNN50誤差[%]            22.04      25.98         2.52
  ※ mmHRV は自前データセット(11名, LOS/NLOS)であり MMECG ではない。指標定義のみを揃えた参考値。
  ※「一定RRのみ」= 入力を見ずに一定間隔で拍を置くモデル。RMSSD も pNN50 も 0 になるので誤差は正解値そのもの。この列を下回らない限り、変動を捉えられているとは言えない。
HRV usable: 9/9, RMSSD MAE: 23.53 ms, SDNN MAE: 14.48 ms

########## subject 17  vit_candidate_height=0.05 ##########
MDR (規則1+2, 許容0.15s): 38.58 %
R波タイミング誤差 (許容0.15sで対応づいた拍): 平均|誤差| 27.96 ms / 中央値|誤差| 27.86 ms / 符号つき平均(bias) +10.00 ms
R波タイミング誤差 (許容±0.05sで対応づいた拍のみ): 26.78 ms
F1 (許容0.15s): 0.538
--- Chen ら (IEEE T-MC 2024) の指標定義に揃えた値 ---
R波 正規化タイミング誤差 中央値: 3.05 %  (Chen ら報告値: 0.4-0.7 %)
R波 絶対タイミング誤差 中央値 27.86 ms / 90パーセンタイル 38.14 ms  (Chen ら報告値: 中央値 3 ms / 90パーセンタイル 9 ms)
--- mmHRV (Wang ら, IEEE IoT-J 2021) の指標定義に揃えた HRV 成績 ---
指標                       我々     一定RRのみ     mmHRV報告値
平均IBI誤差[ms]          412.29          -         3.89
RMSSD誤差[ms]           22.62      47.88         6.43
SDNN誤差[ms]            15.06      52.63         6.44
pNN50誤差[%]            21.54      25.98         2.52
  ※ mmHRV は自前データセット(11名, LOS/NLOS)であり MMECG ではない。指標定義のみを揃えた参考値。
  ※「一定RRのみ」= 入力を見ずに一定間隔で拍を置くモデル。RMSSD も pNN50 も 0 になるので誤差は正解値そのもの。この列を下回らない限り、変動を捉えられているとは言えない。
HRV usable: 9/9, RMSSD MAE: 22.62 ms, SDNN MAE: 15.06 ms

########## subject 17  vit_candidate_height=0.10 ##########
MDR (規則1+2, 許容0.15s): 25.52 %
R波タイミング誤差 (許容0.15sで対応づいた拍): 平均|誤差| 28.03 ms / 中央値|誤差| 27.74 ms / 符号つき平均(bias) +9.47 ms
R波タイミング誤差 (許容±0.05sで対応づいた拍のみ): 26.61 ms
F1 (許容0.15s): 0.777
--- Chen ら (IEEE T-MC 2024) の指標定義に揃えた値 ---
R波 正規化タイミング誤差 中央値: 3.00 %  (Chen ら報告値: 0.4-0.7 %)
R波 絶対タイミング誤差 中央値 27.74 ms / 90パーセンタイル 38.00 ms  (Chen ら報告値: 中央値 3 ms / 90パーセンタイル 9 ms)
--- mmHRV (Wang ら, IEEE IoT-J 2021) の指標定義に揃えた HRV 成績 ---
指標                       我々     一定RRのみ     mmHRV報告値
平均IBI誤差[ms]           56.39          -         3.89
RMSSD誤差[ms]           13.42      47.88         6.43
SDNN誤差[ms]             3.64      52.63         6.44
pNN50誤差[%]            14.63      25.98         2.52
  ※ mmHRV は自前データセット(11名, LOS/NLOS)であり MMECG ではない。指標定義のみを揃えた参考値。
  ※「一定RRのみ」= 入力を見ずに一定間隔で拍を置くモデル。RMSSD も pNN50 も 0 になるので誤差は正解値そのもの。この列を下回らない限り、変動を捉えられているとは言えない。
HRV usable: 9/9, RMSSD MAE: 13.42 ms, SDNN MAE: 3.64 ms

########## subject 17  vit_candidate_height=0.20 ##########
MDR (規則1+2, 許容0.15s): 15.66 %
R波タイミング誤差 (許容0.15sで対応づいた拍): 平均|誤差| 27.61 ms / 中央値|誤差| 27.38 ms / 符号つき平均(bias) +7.53 ms
R波タイミング誤差 (許容±0.05sで対応づいた拍のみ): 26.72 ms
F1 (許容0.15s): 0.879
--- Chen ら (IEEE T-MC 2024) の指標定義に揃えた値 ---
R波 正規化タイミング誤差 中央値: 2.94 %  (Chen ら報告値: 0.4-0.7 %)
R波 絶対タイミング誤差 中央値 27.38 ms / 90パーセンタイル 37.41 ms  (Chen ら報告値: 中央値 3 ms / 90パーセンタイル 9 ms)
--- mmHRV (Wang ら, IEEE IoT-J 2021) の指標定義に揃えた HRV 成績 ---
指標                       我々     一定RRのみ     mmHRV報告値
平均IBI誤差[ms]            7.12          -         3.89
RMSSD誤差[ms]            5.08      47.88         6.43
SDNN誤差[ms]             5.28      52.63         6.44
pNN50誤差[%]             6.91      25.98         2.52
  ※ mmHRV は自前データセット(11名, LOS/NLOS)であり MMECG ではない。指標定義のみを揃えた参考値。
  ※「一定RRのみ」= 入力を見ずに一定間隔で拍を置くモデル。RMSSD も pNN50 も 0 になるので誤差は正解値そのもの。この列を下回らない限り、変動を捉えられているとは言えない。
HRV usable: 9/9, RMSSD MAE: 5.08 ms, SDNN MAE: 5.28 ms

########## subject 17  しきい値0.3 (基準) ##########
MDR (規則1+2, 許容0.15s): 8.09 %
R波タイミング誤差 (許容0.15sで対応づいた拍): 平均|誤差| 27.68 ms / 中央値|誤差| 27.38 ms / 符号つき平均(bias) +8.36 ms
R波タイミング誤差 (許容±0.05sで対応づいた拍のみ): 26.69 ms
F1 (許容0.15s): 0.950
--- Chen ら (IEEE T-MC 2024) の指標定義に揃えた値 ---
R波 正規化タイミング誤差 中央値: 2.96 %  (Chen ら報告値: 0.4-0.7 %)
R波 絶対タイミング誤差 中央値 27.38 ms / 90パーセンタイル 38.47 ms  (Chen ら報告値: 中央値 3 ms / 90パーセンタイル 9 ms)
--- mmHRV (Wang ら, IEEE IoT-J 2021) の指標定義に揃えた HRV 成績 ---
指標                       我々     一定RRのみ     mmHRV報告値
平均IBI誤差[ms]            4.13          -         3.89
RMSSD誤差[ms]            8.10      47.88         6.43
SDNN誤差[ms]             2.35      52.63         6.44
pNN50誤差[%]             7.86      25.98         2.52
  ※ mmHRV は自前データセット(11名, LOS/NLOS)であり MMECG ではない。指標定義のみを揃えた参考値。
  ※「一定RRのみ」= 入力を見ずに一定間隔で拍を置くモデル。RMSSD も pNN50 も 0 になるので誤差は正解値そのもの。この列を下回らない限り、変動を捉えられているとは言えない。
HRV usable: 9/9, RMSSD MAE: 8.10 ms, SDNN MAE: 2.35 ms

